Archive member included because of file (symbol)

.\externals\libs\libstm32f4xx_peripherals.a(misc.o)
                              obj\.\src\usb_bsp.o (NVIC_PriorityGroupConfig)
.\externals\libs\libstm32f4xx_peripherals.a(stm32f4xx_dma.o)
                              obj\.\src\Init_DMA.o (DMA_DeInit)
.\externals\libs\libstm32f4xx_peripherals.a(stm32f4xx_exti.o)
                              obj\.\src\Encoder_1.o (EXTI_Init)
.\externals\libs\libstm32f4xx_peripherals.a(stm32f4xx_fsmc.o)
                              obj\.\src\TFT_Display.o (FSMC_NORSRAMInit)
.\externals\libs\libstm32f4xx_peripherals.a(stm32f4xx_gpio.o)
                              obj\.\src\CW_Mod.o (GPIO_Init)
.\externals\libs\libstm32f4xx_peripherals.a(stm32f4xx_i2c.o)
                              obj\.\src\Init_I2C.o (I2C_DeInit)
.\externals\libs\libstm32f4xx_peripherals.a(stm32f4xx_rcc.o)
                              .\externals\libs\libstm32f4xx_peripherals.a(stm32f4xx_i2c.o) (RCC_GetClocksFreq)
.\externals\libs\libstm32f4xx_peripherals.a(stm32f4xx_spi.o)
                              obj\.\src\touch_pad.o (SPI_I2S_DeInit)
.\externals\libs\libstm32f4xx_peripherals.a(stm32f4xx_syscfg.o)
                              obj\.\src\Encoder_1.o (SYSCFG_EXTILineConfig)
.\externals\libs\libstm32f4xx_peripherals.a(stm32f4xx_tim.o)
                              obj\.\src\TFT_Display.o (TIM_TimeBaseInit)
.\externals\libs\libstm32f4xx_peripherals.a(stm32f4xx_usart.o)
                              obj\.\src\uart.o (USART_Init)
.\externals\libs\libstm32f4xx_math.a(arm_cmplx_mag_squared_q15.o)
                              obj\.\src\DSP_Processing.o (arm_cmplx_mag_squared_q15)
.\externals\libs\libstm32f4xx_math.a(arm_shift_q15.o)
                              obj\.\src\DSP_Processing.o (arm_shift_q15)
.\externals\libs\libstm32f4xx_math.a(arm_fir_decimate_q15.o)
                              obj\.\src\PSK_Det.o (arm_fir_decimate_q15)
.\externals\libs\libstm32f4xx_math.a(arm_fir_q15.o)
                              obj\.\src\DSP_Processing.o (arm_fir_q15)
.\externals\libs\libstm32f4xx_math.a(arm_cfft_radix4_q15.o)
                              obj\.\src\DSP_Processing.o (arm_cfft_radix4_q15)
.\externals\libs\libstm32f4xx_math.a(arm_cfft_radix4_init_q15.o)
                              obj\.\src\DSP_Processing.o (arm_cfft_radix4_init_q15)
.\externals\libs\libstm32f4xx_math.a(arm_common_tables.o)
                              .\externals\libs\libstm32f4xx_math.a(arm_cfft_radix4_init_q15.o) (armBitRevTable)
d:/program files (x86)/gnu tools arm embedded/4.6 2012q4/bin/../lib/gcc/arm-none-eabi/4.6.2/../../../../arm-none-eabi/lib/armv7e-m/fpu\libm.a(lib_a-w_atan2.o)
                              obj\.\src\PSK_Det.o (atan2)
d:/program files (x86)/gnu tools arm embedded/4.6 2012q4/bin/../lib/gcc/arm-none-eabi/4.6.2/../../../../arm-none-eabi/lib/armv7e-m/fpu\libm.a(lib_a-w_fmod.o)
                              obj\.\src\PSK_Det.o (fmod)
d:/program files (x86)/gnu tools arm embedded/4.6 2012q4/bin/../lib/gcc/arm-none-eabi/4.6.2/../../../../arm-none-eabi/lib/armv7e-m/fpu\libm.a(lib_a-w_log.o)
                              obj\.\src\main.o (log)
d:/program files (x86)/gnu tools arm embedded/4.6 2012q4/bin/../lib/gcc/arm-none-eabi/4.6.2/../../../../arm-none-eabi/lib/armv7e-m/fpu\libm.a(lib_a-w_sqrt.o)
                              obj\.\src\PSK_Det.o (sqrt)
d:/program files (x86)/gnu tools arm embedded/4.6 2012q4/bin/../lib/gcc/arm-none-eabi/4.6.2/../../../../arm-none-eabi/lib/armv7e-m/fpu\libm.a(lib_a-e_atan2.o)
                              d:/program files (x86)/gnu tools arm embedded/4.6 2012q4/bin/../lib/gcc/arm-none-eabi/4.6.2/../../../../arm-none-eabi/lib/armv7e-m/fpu\libm.a(lib_a-w_atan2.o) (__ieee754_atan2)
d:/program files (x86)/gnu tools arm embedded/4.6 2012q4/bin/../lib/gcc/arm-none-eabi/4.6.2/../../../../arm-none-eabi/lib/armv7e-m/fpu\libm.a(lib_a-e_fmod.o)
                              d:/program files (x86)/gnu tools arm embedded/4.6 2012q4/bin/../lib/gcc/arm-none-eabi/4.6.2/../../../../arm-none-eabi/lib/armv7e-m/fpu\libm.a(lib_a-w_fmod.o) (__ieee754_fmod)
d:/program files (x86)/gnu tools arm embedded/4.6 2012q4/bin/../lib/gcc/arm-none-eabi/4.6.2/../../../../arm-none-eabi/lib/armv7e-m/fpu\libm.a(lib_a-e_log.o)
                              d:/program files (x86)/gnu tools arm embedded/4.6 2012q4/bin/../lib/gcc/arm-none-eabi/4.6.2/../../../../arm-none-eabi/lib/armv7e-m/fpu\libm.a(lib_a-w_log.o) (__ieee754_log)
d:/program files (x86)/gnu tools arm embedded/4.6 2012q4/bin/../lib/gcc/arm-none-eabi/4.6.2/../../../../arm-none-eabi/lib/armv7e-m/fpu\libm.a(lib_a-e_sqrt.o)
                              d:/program files (x86)/gnu tools arm embedded/4.6 2012q4/bin/../lib/gcc/arm-none-eabi/4.6.2/../../../../arm-none-eabi/lib/armv7e-m/fpu\libm.a(lib_a-w_sqrt.o) (__ieee754_sqrt)
[...]
Memory Configuration

Name             Origin             Length             Attributes
FLASH            0x08000000         0x00100000         xr
RAMCCM           0x10000000         0x00010000         xrw
RAM              0x20000000         0x00020000         xrw
*default*        0x00000000         0xffffffff

Linker script and memory map

LOAD obj\.\startup\startup_stm32f4xx.o
LOAD obj\.\src\AsciiLib.o
LOAD obj\.\src\CW_Mod.o
LOAD obj\.\src\ChangeOver.o
LOAD obj\.\src\Codec_Gains.o
LOAD obj\.\src\DMA_IRQ_Handler.o
LOAD obj\.\src\DMA_Test_Pins.o
LOAD obj\.\src\DSP_Processing.o
LOAD obj\.\src\Encoder_1.o
LOAD obj\.\src\Encoder_2.o
LOAD obj\.\src\FIR_Coefficients.o
LOAD obj\.\src\Init_Codec.o
LOAD obj\.\src\Init_DMA.o
LOAD obj\.\src\Init_I2C.o
LOAD obj\.\src\Init_I2S.o
LOAD obj\.\src\ModeSelect.o
LOAD obj\.\src\PSKMod.o
LOAD obj\.\src\PSK_Det.o
LOAD obj\.\src\Si570.o
LOAD obj\.\src\Sine_table.o
LOAD obj\.\src\TFT_Display.o
LOAD obj\.\src\User_Button.o
LOAD obj\.\src\eeprom.o
LOAD obj\.\src\main.o
LOAD obj\.\src\stm32f4_discovery.o
LOAD obj\.\src\stm32f4xx_it.o
LOAD obj\.\src\system_stm32f4xx.o
LOAD obj\.\src\touch_pad.o
LOAD obj\.\src\uart.o
LOAD obj\.\src\usb_bsp.o
LOAD obj\.\src\usbh_usr.o
LOAD obj\.\src\usbh_usr_lcd.o
LOAD obj\.\src\xprintf.o
LOAD .\externals\libs\libstm32f4xx_peripherals.a
LOAD .\externals\libs\libstm32f4xx_math.a
LOAD d:/program files (x86)/gnu tools arm embedded/4.6 2012q4/bin/../lib/gcc/arm-none-eabi/4.6.2/../../../../arm-none-eabi/lib/armv7e-m/fpu\libm.a
START GROUP
LOAD d:/program files (x86)/gnu tools arm embedded/4.6 2012q4/bin/../lib/gcc/arm-none-eabi/4.6.2/armv7e-m/fpu\libgcc.a
LOAD d:/program files (x86)/gnu tools arm embedded/4.6 2012q4/bin/../lib/gcc/arm-none-eabi/4.6.2/../../../../arm-none-eabi/lib/armv7e-m/fpu\libc.a
END GROUP
                0x20020000                top_of_stack = (ORIGIN (RAM) + 0x20000)
                0x00000000                Heap_Size = 0x0
                0x00000400                Stack_Size = 0x400

.Vector_Table   0x08000000      0x188
                0x08000000                . = ALIGN (0x4)
 *(.Vector_Table)
 .Vector_Table  0x08000000      0x188 obj\.\startup\startup_stm32f4xx.o
                0x08000000                Vector_Table
                0x08000188                . = ALIGN (0x4)

.text           0x08000188    0x16bc0
                0x08000188                . = ALIGN (0x4)
 *(.text)
 .text          0x08000188       0x14 obj\.\startup\startup_stm32f4xx.o
 .text          0x0800019c       0x64 obj\.\src\AsciiLib.o
                0x0800019c                GetASCIICode1
                0x080001b0                GetASCIICode2
                0x080001c4                GetASCIICode3
                0x080001d8                GetASCIICode4
                0x080001ec                GetASCIICode5
 .text          0x08000200       0x38 obj\.\src\CW_Mod.o
                0x08000200                Init_CW_GPIO
 .text          0x08000238      0x1ac obj\.\src\ChangeOver.o
                0x08000238                Receive_Sequence
                0x08000288                Xmit_SSB_Sequence
                0x080002e0                Xmit_CW_Sequence
                0x08000338                Xmit_PSK_Sequence
                0x08000388                Init_PTT_IO
 .text          0x080003e4      0x24c obj\.\src\Codec_Gains.o
                0x080003e4                Set_HP_Gain
                0x0800041e                Set_LO_Gain
                0x08000458                Set_PGA_Gain
                0x080004a0                Set_DAC_DVC
                0x080004f6                Set_ADC_DVC
                0x0800054a                Turn_On_Bias
                0x08000570                Turn_Off_Bias
                0x08000596                Disconnect_PGA
                0x080005cc                Mute_HP
                0x080005d0                Mute_LO
                0x080005d4                Connect_IQ_Inputs
                0x0800060a                Connect_Microphone_Input
 .text          0x08000630      0xb18 obj\.\src\DMA_IRQ_Handler.o
                0x08000630                Rcvr_DSP
                0x08000814                Xmit_SSB
                0x080009dc                Xmit_CW
                0x08000cdc                Xmit_PSK
                0x08001078                DMA1_Stream0_IRQHandler
 .text          0x08001148       0x34 obj\.\src\DMA_Test_Pins.o
                0x08001148                TEST_GPIO_Init
 .text          0x0800117c       0xd0 obj\.\src\DSP_Processing.o
                0x0800117c                Process_FIR_I
                0x08001198                Process_FIR_Q
                0x080011b4                Sideband_Demod
                0x080011f4                Process_FFT
 *fill*         0x0800124c        0x4 00
 .text          0x08001250      0xa18 obj\.\src\Encoder_1.o
                0x08001250                Encoder1_GPIO_Config
                0x080012ec                Set_Initial_SI570_Data
                0x08001370                check_SS1
                0x0800138c                process_encoder1
                0x0800176c                process_SS1
                0x08001ae8                init_encoder1
                0x08001bd8                Increase_Step
                0x08001c1c                Decrease_Step
 .text          0x08001c68      0x990 obj\.\src\Encoder_2.o
                0x08001c68                Encoder2_GPIO_Config
                0x08001ce8                Set_Initial_IQ_Data
                0x08001d18                Set_Minimums
                0x08001d50                Set_Maximums
                0x08001d88                Set_IQ_Units
                0x08001db8                check_SS2
                0x08001dd4                process_encoder2
                0x08002350                process_SS2
                0x080024b4                init_encoder2
                0x080025b8                Store_Defaults
 .text          0x080025f8        0x0 obj\.\src\FIR_Coefficients.o
 .text          0x080025f8      0x334 obj\.\src\Init_Codec.o
                0x080025f8                Codec_GPIO_Init
                0x08002628                Codec_Reset
                0x08002650                Codec_Init
 .text          0x0800292c      0x154 obj\.\src\Init_DMA.o
                0x0800292c                Audio_DMA_Init
                0x08002a70                Audio_DMA_Start
 .text          0x08002a80      0x7c8 obj\.\src\Init_I2C.o
                0x08002a80                I2C_GPIO_Init
                0x08002acc                I2C_Cntrl_Init
                0x08002b2c                I2C_WriteRegister
                0x08002c4c                I2C_WriteRegister_N
                0x08002d78                I2C_ReadSlave
                0x08002f20                I2C_ReadEEProm
                0x080030f4                Delay
                0x08003110                I2C_WriteEEProm
 .text          0x08003248       0xd4 obj\.\src\Init_I2S.o
                0x08003248                I2S_GPIO_Init
                0x080032b8                Codec_AudioInterface_Init
 .text          0x0800331c       0xa0 obj\.\src\ModeSelect.o
                0x0800331c                Init_Mode
                0x08003380                Set_Mode_Display
 *fill*         0x080033bc        0x4 00
 .text          0x080033c0      0x140 obj\.\src\PSKMod.o
                0x080033c0                InitPSKModulator
                0x0800341c                GetTxChar
                0x0800343c                GetNextBPSKSymbol
                0x08003484                Update_PSK
 .text          0x08003500     0x1648 obj\.\src\PSK_Det.o
                0x08003500                SetSampleClkAdj
                0x080035a0                CPSKInitDet
                0x08003648                SetRXFrequency
                0x08003720                SetAFCLimit
                0x080037f4                ResetDetector
                0x0800385c                InitPSK
                0x080039e4                ResetModem
                0x08003a24                CalcFFreqError
                0x08003c5c                CalcFreqError
                0x08003ebc                CalcAGC
                0x08003ff8                SymbSync
                0x08004228                CalcQuality
                0x08004608                DecodeSymb
                0x08004870                ProcPSKDet
 .text          0x08004b48      0x4f8 obj\.\src\Si570.o
                0x08004b48                Recall_F0
                0x08004b76                Set_HS_DIV_N1
                0x08004c7c                Pack_Si570_registers
                0x08004d60                Unpack_Si570_registers
                0x08004e0c                Check_SI570
                0x08004e20                Read_Si570_registers
                0x08004e3c                Compute_FXTAL
                0x08004ea4                Large_RFREQ_Change
                0x08004f18                Write_Si570_registers
                0x08004f7c                Output_Frequency
                0x08005004                Si570_StartUp
 .text          0x08005040        0x0 obj\.\src\Sine_table.o
 .text          0x08005040     0x1198 obj\.\src\TFT_Display.o
                0x08005040                LCD_WriteRAM_Prepare
                0x0800504a                LCD_WriteRAM
                0x08005054                LCD_WriteReg
                0x08005062                LCD_DisplayOn
                0x08005076                LCD_DisplayOff
                0x08005088                LCD_SetColors
                0x080050b4                LCD_GetColors
                0x080050d0                LCD_SetTextColor
                0x080050e8                LCD_SetBackColor
                0x08005100                LCD_CharSize
                0x08005118                LCD_SetCursor
                0x08005130                PutPixel
                0x08005164                Pixel
                0x0800518e                LCD_PutChar
                0x080053a4                LCD_StringLine
                0x080053fc                LCD_DrawFFT
                0x080054b8                LCD_DrawLine
                0x08005528                LCD_DrawRect
                0x08005594                LCD_DrawSquare
                0x080055fe                LCD_DrawCircle
                0x080056c8                LCD_DrawFullRect
                0x0800570c                LCD_DrawFullSquare
                0x08005748                LCD_DrawUniLine
                0x08005896                LCD_DrawFullCircle
                0x0800592a                LCD_CtrlLinesConfig
                0x08005a84                LCD_FSMCConfig
                0x08005aee                LCD_PolyLine
                0x08005b1a                LCD_ClosedPolyLine
                0x08005b3a                LCD_PolyLineRelative
                0x08005b3e                LCD_ClosedPolyLineRelative
                0x08005b42                LCD_FillPolyLine
                0x08005d18                LCD_BackLight
                0x08005d54                TIM_Config
                0x08005e28                LCD_SetDisplayWindow
                0x08005e80                TFT_Delay
                0x08005e9c                LCD_Clear
                0x08005ec8                LCD_Reset
                0x08005ef0                LCD_Init
                0x080060dc                Plot_String
                0x080060fc                Plot_Integer
                0x0800617c                Plot_Freq
 .text          0x080061d8       0xb8 obj\.\src\User_Button.o
                0x080061d8                User_Button_Config
                0x08006214                BT_Flag_Config
                0x0800624c                Check_BT_Flag
                0x08006268                EXTI0_IRQHandler
 .text          0x08006290      0x124 obj\.\src\eeprom.o
                0x08006290                Write_Int_EEProm
                0x080062ac                Read_Int_EEProm
                0x080062ca                Write_Long_EEProm
                0x080062fc                Read_Long_EEProm
                0x08006334                Store_SI570_Data
                0x08006354                Read_SI570_Data
                0x08006374                Store_IQ_Data
                0x08006394                Read_IQ_Data
 *fill*         0x080063b4        0x4 00
 .text          0x080063b8      0x1a0 obj\.\src\main.o
                0x080063b8                hackUsbTogether
                0x080063ba                main_delay
                0x080063d6                displaySplashScreen
                0x08006410                initializeHardware
 .text          0x08006558      0x130 obj\.\src\stm32f4_discovery.o
                0x08006558                STM_EVAL_LEDInit
                0x0800659c                STM_EVAL_LEDOn
                0x080065b8                STM_EVAL_LEDOff
                0x080065d4                STM_EVAL_LEDToggle
                0x080065f4                STM_EVAL_PBInit
                0x08006670                STM_EVAL_PBGetState
 .text          0x08006688       0x12 obj\.\src\stm32f4xx_it.o
                0x08006688                NMI_Handler
                0x0800668a                HardFault_Handler
                0x0800668c                MemManage_Handler
                0x0800668e                BusFault_Handler
                0x08006690                UsageFault_Handler
                0x08006692                SVC_Handler
                0x08006694                DebugMon_Handler
                0x08006696                PendSV_Handler
                0x08006698                SysTick_Handler
 *fill*         0x0800669a        0x2 00
 .text          0x0800669c      0x198 obj\.\src\system_stm32f4xx.o
                0x0800669c                SystemInit
                0x080067c0                SystemCoreClockUpdate
 *fill*         0x08006834        0x4 00
 .text          0x08006838      0x740 obj\.\src\touch_pad.o
                0x080068e4                touch_init
                0x080069e8                touch_interrupt_init
                0x08006a34                Read_X
                0x08006a6c                Read_Y
                0x08006aa4                TP_GetAdXY
                0x08006ac0                Read_Ads7846
                0x08006c04                Draw_Touch_Point
                0x08006c80                GetTouchPoint
                0x08006ef8                EXTI9_5_IRQHandler
                0x08006f70                TouchPanel_Calibrate
 .text          0x08006f78      0x178 obj\.\src\uart.o
                0x08006f78                uart_putc
                0x08006f94                uart_init
                0x08007088                uart_deinit
                0x08007098                USART2_IRQHandler
 .text          0x080070f0      0x22c obj\.\src\usb_bsp.o
                0x0800717c                BSP_Init
                0x08007184                USB_OTG_BSP_Init
                0x08007248                USB_OTG_BSP_EnableInterrupt
                0x08007288                USB_OTG_BSP_DriveVBUS
                0x0800729c                USB_OTG_BSP_uDelay
                0x080072a0                USB_OTG_BSP_mDelay
                0x080072a4                USB_OTG_BSP_ConfigVBUS
                0x080072e4                USB_OTG_BSP_TimerIRQ
 .text          0x0800731c       0x84 obj\.\src\usbh_usr.o
                0x0800731c                USBH_USR_DeviceAttached
                0x0800731e                USBH_USR_UnrecoveredError
                0x08007320                USBH_USR_DeviceDisconnected
                0x08007322                USBH_USR_ResetDevice
                0x08007324                USBH_USR_DeviceSpeedDetected
                0x08007326                USBH_USR_Device_DescAvailable
                0x08007328                USBH_USR_DeviceAddressAssigned
                0x0800732a                USBH_USR_Configuration_DescAvailable
                0x0800732c                USBH_USR_Manufacturer_String
                0x0800732e                USBH_USR_Product_String
                0x08007330                USBH_USR_SerialNum_String
                0x08007332                USBH_USR_EnumerationDone
                0x08007334                USBH_USR_DeviceNotSupported
                0x08007336                USBH_USR_OverCurrentDetected
                0x08007338                USBH_USR_DeInit
                0x0800733a                USBH_USR_UserInput
                0x08007346                USBH_USR_Init
                0x08007394                USR_MOUSE_Init
                0x08007396                USR_MOUSE_ProcessData
                0x08007398                USR_KEYBRD_Init
                0x0800739a                USR_KEYBRD_ProcessData
 .text          0x080073a0       0x84 obj\.\src\usbh_usr_lcd.o
                0x080073a0                HID_MOUSE_UpdatePosition
                0x08007404                HID_MOUSE_ButtonPressed
                0x08007420                HID_MOUSE_ButtonReleased
 .text          0x08007424      0x300 obj\.\src\xprintf.o
                0x08007424                xputc
                0x08007454                xputs
                0x08007610                xfputs
                0x08007630                xprintf
                0x08007648                xsprintf
                0x08007674                xfprintf
                0x0800769c                put_dump
 .text          0x08007724       0xc4 .\externals\libs\libstm32f4xx_peripherals.a(misc.o)
                0x08007724                NVIC_PriorityGroupConfig
                0x08007738                NVIC_Init
                0x080077a4                NVIC_SetVectorTable
                0x080077b8                NVIC_SystemLPConfig
                0x080077d0                SysTick_CLKSourceConfig
 .text          0x080077e8      0x330 .\externals\libs\libstm32f4xx_peripherals.a(stm32f4xx_dma.o)
                0x080077e8                DMA_DeInit
                0x08007900                DMA_Init
                0x08007954                DMA_StructInit
                0x08007976                DMA_Cmd
                0x08007988                DMA_PeriphIncOffsetSizeConfig
                0x0800799a                DMA_FlowControllerConfig
                0x080079ac                DMA_SetCurrDataCounter
                0x080079b0                DMA_GetCurrDataCounter
                0x080079b6                DMA_DoubleBufferModeConfig
                0x080079ca                DMA_DoubleBufferModeCmd
                0x080079dc                DMA_MemoryTargetConfig
                0x080079e6                DMA_GetCurrentMemoryTarget
                0x080079ee                DMA_GetCmdStatus
                0x080079f6                DMA_GetFIFOStatus
                0x080079fe                DMA_GetFlagStatus
                0x08007a34                DMA_ClearFlag
                0x08007a64                DMA_ITConfig
                0x08007a92                DMA_GetITStatus
                0x08007ae8                DMA_ClearITPendingBit
 .text          0x08007b18       0xf8 .\externals\libs\libstm32f4xx_peripherals.a(stm32f4xx_exti.o)
                0x08007b18                EXTI_DeInit
                0x08007b34                EXTI_Init
                0x08007bac                EXTI_StructInit
                0x08007bba                EXTI_GenerateSWInterrupt
                0x08007bc8                EXTI_GetFlagStatus
                0x08007bdc                EXTI_ClearFlag
                0x08007be8                EXTI_GetITStatus
                0x08007c04                EXTI_ClearITPendingBit
 .text          0x08007c10      0x464 .\externals\libs\libstm32f4xx_peripherals.a(stm32f4xx_fsmc.o)
                0x08007c10                FSMC_NORSRAMDeInit
                0x08007c3e                FSMC_NORSRAMInit
                0x08007cf0                FSMC_NORSRAMStructInit
                0x08007d3e                FSMC_NORSRAMCmd
                0x08007d60                FSMC_NANDDeInit
                0x08007d88                FSMC_NANDInit
                0x08007df0                FSMC_NANDStructInit
                0x08007e1a                FSMC_NANDCmd
                0x08007e4c                FSMC_NANDECCCmd
                0x08007e80                FSMC_GetECC
                0x08007e98                FSMC_PCCARDDeInit
                0x08007eb4                FSMC_PCCARDInit
                0x08007f1c                FSMC_PCCARDStructInit
                0x08007f46                FSMC_PCCARDCmd
                0x08007f64                FSMC_ITConfig
                0x08007fb0                FSMC_GetFlagStatus
                0x08007fdc                FSMC_ClearFlag
                0x0800800c                FSMC_GetITStatus
                0x08008040                FSMC_ClearITPendingBit
 .text          0x08008074      0x204 .\externals\libs\libstm32f4xx_peripherals.a(stm32f4xx_gpio.o)
                0x08008074                GPIO_DeInit
                0x0800814c                GPIO_Init
                0x080081d4                GPIO_StructInit
                0x080081e6                GPIO_PinLockConfig
                0x0800820a                GPIO_ReadInputDataBit
                0x08008216                GPIO_ReadInputData
                0x0800821c                GPIO_ReadOutputDataBit
                0x08008228                GPIO_ReadOutputData
                0x0800822e                GPIO_SetBits
                0x08008232                GPIO_ResetBits
                0x08008236                GPIO_WriteBit
                0x08008240                GPIO_Write
                0x08008244                GPIO_ToggleBits
                0x0800824c                GPIO_PinAFConfig
 .text          0x08008278      0x3d4 .\externals\libs\libstm32f4xx_peripherals.a(stm32f4xx_i2c.o)
                0x08008278                I2C_DeInit
                0x080082d4                I2C_Init
                0x080083a0                I2C_StructInit
                0x080083bc                I2C_Cmd
                0x080083d4                I2C_GenerateSTART
                0x080083ec                I2C_GenerateSTOP
                0x08008404                I2C_Send7bitAddress
                0x08008414                I2C_AcknowledgeConfig
                0x0800842c                I2C_OwnAddress2Config
                0x0800843e                I2C_DualAddressCmd
                0x08008456                I2C_GeneralCallCmd
                0x0800846e                I2C_SoftwareResetCmd
                0x08008486                I2C_StretchClockCmd
                0x0800849e                I2C_FastModeDutyCycleConfig
                0x080084ba                I2C_NACKPositionConfig
                0x080084d6                I2C_SMBusAlertConfig
                0x080084f2                I2C_ARPCmd
                0x0800850a                I2C_SendData
                0x0800850e                I2C_ReceiveData
                0x08008514                I2C_TransmitPEC
                0x0800852c                I2C_PECPositionConfig
                0x08008548                I2C_CalculatePEC
                0x08008560                I2C_GetPEC
                0x08008568                I2C_DMACmd
                0x08008580                I2C_DMALastTransferCmd
                0x08008598                I2C_ReadRegister
                0x080085b0                I2C_ITConfig
                0x080085c2                I2C_CheckEvent
                0x080085dc                I2C_GetLastEvent
                0x080085ec                I2C_GetFlagStatus
                0x08008620                I2C_ClearFlag
                0x08008628                I2C_GetITStatus
                0x08008644                I2C_ClearITPendingBit
 .text          0x0800864c      0x454 .\externals\libs\libstm32f4xx_peripherals.a(stm32f4xx_rcc.o)
                0x0800864c                RCC_DeInit
                0x08008680                RCC_HSEConfig
                0x08008690                RCC_AdjustHSICalibrationValue
                0x080086a4                RCC_HSICmd
                0x080086b0                RCC_LSEConfig
                0x080086d0                RCC_LSICmd
                0x080086dc                RCC_PLLConfig
                0x080086fc                RCC_PLLCmd
                0x08008708                RCC_PLLI2SConfig
                0x0800871c                RCC_PLLI2SCmd
                0x08008728                RCC_ClockSecuritySystemCmd
                0x08008734                RCC_MCO1Config
                0x08008748                RCC_MCO2Config
                0x0800875c                RCC_SYSCLKConfig
                0x08008770                RCC_GetSYSCLKSource
                0x08008780                RCC_HCLKConfig
                0x08008794                RCC_PCLK1Config
                0x080087a8                RCC_PCLK2Config
                0x080087bc                RCC_GetClocksFreq
                0x08008848                RCC_RTCCLKConfig
                0x08008878                RCC_RTCCLKCmd
                0x08008884                RCC_BackupResetCmd
                0x08008890                RCC_I2SCLKConfig
                0x0800889c                RCC_AHB1PeriphClockCmd
                0x080088b4                RCC_AHB2PeriphClockCmd
                0x080088cc                RCC_AHB3PeriphClockCmd
                0x080088e4                RCC_APB1PeriphClockCmd
                0x080088fc                RCC_APB2PeriphClockCmd
                0x08008914                RCC_AHB1PeriphResetCmd
                0x0800892c                RCC_AHB2PeriphResetCmd
                0x08008944                RCC_AHB3PeriphResetCmd
                0x0800895c                RCC_APB1PeriphResetCmd
                0x08008974                RCC_APB2PeriphResetCmd
                0x0800898c                RCC_AHB1PeriphClockLPModeCmd
                0x080089a4                RCC_AHB2PeriphClockLPModeCmd
                0x080089bc                RCC_AHB3PeriphClockLPModeCmd
                0x080089d4                RCC_APB1PeriphClockLPModeCmd
                0x080089ec                RCC_APB2PeriphClockLPModeCmd
                0x08008a04                RCC_ITConfig
                0x08008a1c                RCC_GetFlagStatus
                0x08008a44                RCC_WaitForHSEStartUp
                0x08008a70                RCC_ClearFlag
                0x08008a80                RCC_GetITStatus
                0x08008a94                RCC_ClearITPendingBit
 .text          0x08008aa0      0x354 .\externals\libs\libstm32f4xx_peripherals.a(stm32f4xx_spi.o)
                0x08008aa0                SPI_I2S_DeInit
                0x08008b04                SPI_Init
                0x08008b42                I2S_Init
                0x08008c10                SPI_StructInit
                0x08008c28                I2S_StructInit
                0x08008c3a                SPI_Cmd
                0x08008c52                I2S_Cmd
                0x08008c6a                SPI_DataSizeConfig
                0x08008c80                SPI_BiDirectionalLineConfig
                0x08008c9c                SPI_NSSInternalSoftwareConfig
                0x08008cba                SPI_SSOutputCmd
                0x08008cd2                SPI_TIModeCmd
                0x08008cea                I2S_FullDuplexConfig
                0x08008d34                SPI_I2S_ReceiveData
                0x08008d3a                SPI_I2S_SendData
                0x08008d3e                SPI_CalculateCRC
                0x08008d56                SPI_TransmitCRC
                0x08008d62                SPI_GetCRC
                0x08008d72                SPI_GetCRCPolynomial
                0x08008d78                SPI_I2S_DMACmd
                0x08008d8a                SPI_I2S_ITConfig
                0x08008da8                SPI_I2S_GetFlagStatus
                0x08008db4                SPI_I2S_ClearFlag
                0x08008dbc                SPI_I2S_GetITStatus
                0x08008de2                SPI_I2S_ClearITPendingBit
 .text          0x08008df4       0x80 .\externals\libs\libstm32f4xx_peripherals.a(stm32f4xx_syscfg.o)
                0x08008df4                SYSCFG_DeInit
                0x08008e0e                SYSCFG_MemoryRemapConfig
                0x08008e18                SYSCFG_EXTILineConfig
                0x08008e4c                SYSCFG_ETH_MediaInterfaceConfig
                0x08008e58                SYSCFG_CompensationCellCmd
                0x08008e64                SYSCFG_GetCompensationCellStatus
 .text          0x08008e74      0xb0c .\externals\libs\libstm32f4xx_peripherals.a(stm32f4xx_tim.o)
                0x08008ee0                TIM_DeInit
                0x08009034                TIM_TimeBaseInit
                0x080090b0                TIM_TimeBaseStructInit
                0x080090c2                TIM_PrescalerConfig
                0x080090c8                TIM_CounterModeConfig
                0x080090d8                TIM_SetCounter
                0x080090dc                TIM_SetAutoreload
                0x080090e0                TIM_GetCounter
                0x080090e4                TIM_GetPrescaler
                0x080090ea                TIM_UpdateDisableConfig
                0x08009102                TIM_UpdateRequestConfig
                0x0800911a                TIM_ARRPreloadConfig
                0x08009132                TIM_SelectOnePulseMode
                0x08009148                TIM_SetClockDivision
                0x0800915e                TIM_Cmd
                0x08009176                TIM_OC1Init
                0x080091e8                TIM_OC2Init
                0x08009270                TIM_OC3Init
                0x080092f4                TIM_OC4Init
                0x0800935c                TIM_OCStructInit
                0x08009370                TIM_SelectOCxM
                0x080093b6                TIM_SetCompare1
                0x080093ba                TIM_SetCompare2
                0x080093be                TIM_SetCompare3
                0x080093c2                TIM_SetCompare4
                0x080093c6                TIM_ForcedOC1Config
                0x080093d6                TIM_ForcedOC2Config
                0x080093ea                TIM_ForcedOC3Config
                0x080093fa                TIM_ForcedOC4Config
                0x0800940e                TIM_OC1PreloadConfig
                0x0800941e                TIM_OC2PreloadConfig
                0x08009432                TIM_OC3PreloadConfig
                0x08009442                TIM_OC4PreloadConfig
                0x08009456                TIM_OC1FastConfig
                0x08009466                TIM_OC2FastConfig
                0x0800947a                TIM_OC3FastConfig
                0x0800948a                TIM_OC4FastConfig
                0x0800949e                TIM_ClearOC1Ref
                0x080094ae                TIM_ClearOC2Ref
                0x080094be                TIM_ClearOC3Ref
                0x080094ce                TIM_ClearOC4Ref
                0x080094de                TIM_OC1PolarityConfig
                0x080094ee                TIM_OC1NPolarityConfig
                0x080094fe                TIM_OC2PolarityConfig
                0x08009512                TIM_OC2NPolarityConfig
                0x08009526                TIM_OC3PolarityConfig
                0x0800953a                TIM_OC3NPolarityConfig
                0x0800954e                TIM_OC4PolarityConfig
                0x08009562                TIM_CCxCmd
                0x08009580                TIM_CCxNCmd
                0x0800959e                TIM_ICStructInit
                0x080095ae                TIM_GetCapture1
                0x080095b2                TIM_GetCapture2
                0x080095b6                TIM_GetCapture3
                0x080095ba                TIM_GetCapture4
                0x080095be                TIM_SetIC1Prescaler
                0x080095d4                TIM_SetIC2Prescaler
                0x080095ee                TIM_PWMIConfig
                0x08009658                TIM_SetIC3Prescaler
                0x0800966e                TIM_SetIC4Prescaler
                0x08009688                TIM_ICInit
                0x0800973e                TIM_BDTRConfig
                0x08009760                TIM_BDTRStructInit
                0x08009772                TIM_CtrlPWMOutputs
                0x0800978e                TIM_SelectCOM
                0x080097a6                TIM_CCPreloadControl
                0x080097be                TIM_ITConfig
                0x080097d0                TIM_GenerateEvent
                0x080097d4                TIM_GetFlagStatus
                0x080097e0                TIM_ClearFlag
                0x080097e8                TIM_GetITStatus
                0x080097fe                TIM_ClearITPendingBit
                0x08009806                TIM_DMAConfig
                0x0800980e                TIM_DMACmd
                0x08009820                TIM_SelectCCDMA
                0x08009838                TIM_InternalClockConfig
                0x08009846                TIM_ITRxExternalClockConfig
                0x08009860                TIM_TIxExternalClockConfig
                0x08009892                TIM_SelectInputTrigger
                0x080098a2                TIM_SelectOutputTrigger
                0x080098b8                TIM_SelectSlaveMode
                0x080098ce                TIM_SelectMasterSlaveMode
                0x080098e4                TIM_ETRConfig
                0x080098f8                TIM_ETRClockMode2Config
                0x0800990c                TIM_ETRClockMode1Config
                0x08009926                TIM_EncoderInterfaceConfig
                0x08009962                TIM_SelectHallSensor
                0x0800997a                TIM_RemapConfig
 .text          0x08009980      0x3b8 .\externals\libs\libstm32f4xx_peripherals.a(stm32f4xx_usart.o)
                0x08009980                USART_DeInit
                0x08009a28                USART_Init
                0x08009ae0                USART_StructInit
                0x08009af6                USART_ClockInit
                0x08009b16                USART_ClockStructInit
                0x08009b22                USART_Cmd
                0x08009b3a                USART_SetPrescaler
                0x08009b4c                USART_OverSampling8Cmd
                0x08009b64                USART_OneBitMethodCmd
                0x08009b7c                USART_SendData
                0x08009b84                USART_ReceiveData
                0x08009b8c                USART_SetAddress
                0x08009ba2                USART_ReceiverWakeUpCmd
                0x08009bba                USART_WakeUpConfig
                0x08009bd0                USART_LINBreakDetectLengthConfig
                0x08009be6                USART_LINCmd
                0x08009bfe                USART_SendBreak
                0x08009c0a                USART_HalfDuplexCmd
                0x08009c22                USART_SetGuardTime
                0x08009c34                USART_SmartCardCmd
                0x08009c4c                USART_SmartCardNACKCmd
                0x08009c64                USART_IrDAConfig
                0x08009c7a                USART_IrDACmd
                0x08009c92                USART_DMACmd
                0x08009ca4                USART_ITConfig
                0x08009cd6                USART_GetFlagStatus
                0x08009ce2                USART_ClearFlag
                0x08009cea                USART_GetITStatus
                0x08009d28                USART_ClearITPendingBit
 .text          0x08009d38       0xdc .\externals\libs\libstm32f4xx_math.a(arm_cmplx_mag_squared_q15.o)
                0x08009d38                arm_cmplx_mag_squared_q15
 .text          0x08009e14      0x100 .\externals\libs\libstm32f4xx_math.a(arm_shift_q15.o)
                0x08009e14                arm_shift_q15
 .text          0x08009f14      0x164 .\externals\libs\libstm32f4xx_math.a(arm_fir_decimate_q15.o)
                0x08009f14                arm_fir_decimate_q15
 .text          0x0800a078      0x376 .\externals\libs\libstm32f4xx_math.a(arm_fir_q15.o)
                0x0800a078                arm_fir_q15
 .text          0x0800a3ee      0x7be .\externals\libs\libstm32f4xx_math.a(arm_cfft_radix4_q15.o)
                0x0800a3ee                arm_radix4_butterfly_q15
                0x0800a782                arm_radix4_butterfly_inverse_q15
                0x0800ab16                arm_bitreversal_q15
                0x0800ab78                arm_cfft_radix4_q15
 .text          0x0800abac       0x6c .\externals\libs\libstm32f4xx_math.a(arm_cfft_radix4_init_q15.o)
                0x0800abac                arm_cfft_radix4_init_q15
 .text          0x0800ac18        0x0 .\externals\libs\libstm32f4xx_math.a(arm_common_tables.o)
 .text          0x0800ac18        0x0 d:/program files (x86)/gnu tools arm embedded/4.6 2012q4/bin/../lib/gcc/arm-none-eabi/4.6.2/../../../../arm-none-eabi/lib/armv7e-m/fpu\libm.a(lib_a-w_atan2.o)
 .text          0x0800ac18        0x0 d:/program files (x86)/gnu tools arm embedded/4.6 2012q4/bin/../lib/gcc/arm-none-eabi/4.6.2/../../../../arm-none-eabi/lib/armv7e-m/fpu\libm.a(lib_a-w_fmod.o)
 .text          0x0800ac18        0x0 d:/program files (x86)/gnu tools arm embedded/4.6 2012q4/bin/../lib/gcc/arm-none-eabi/4.6.2/../../../../arm-none-eabi/lib/armv7e-m/fpu\libm.a(lib_a-w_log.o)
 .text          0x0800ac18        0x0 d:/program files (x86)/gnu tools arm embedded/4.6 2012q4/bin/../lib/gcc/arm-none-eabi/4.6.2/../../../../arm-none-eabi/lib/armv7e-m/fpu\libm.a(lib_a-w_sqrt.o)
 .text          0x0800ac18        0x0 d:/program files (x86)/gnu tools arm embedded/4.6 2012q4/bin/../lib/gcc/arm-none-eabi/4.6.2/../../../../arm-none-eabi/lib/armv7e-m/fpu\libm.a(lib_a-e_atan2.o)
 .text          0x0800ac18        0x0 d:/program files (x86)/gnu tools arm embedded/4.6 2012q4/bin/../lib/gcc/arm-none-eabi/4.6.2/../../../../arm-none-eabi/lib/armv7e-m/fpu\libm.a(lib_a-e_fmod.o)
 .text          0x0800ac18        0x0 d:/program files (x86)/gnu tools arm embedded/4.6 2012q4/bin/../lib/gcc/arm-none-eabi/4.6.2/../../../../arm-none-eabi/lib/armv7e-m/fpu\libm.a(lib_a-e_log.o)
 .text          0x0800ac18        0x0 d:/program files (x86)/gnu tools arm embedded/4.6 2012q4/bin/../lib/gcc/arm-none-eabi/4.6.2/../../../../arm-none-eabi/lib/armv7e-m/fpu\libm.a(lib_a-e_sqrt.o)
 .text          0x0800ac18        0x0 d:/program files (x86)/gnu tools arm embedded/4.6 2012q4/bin/../lib/gcc/arm-none-eabi/4.6.2/../../../../arm-none-eabi/lib/armv7e-m/fpu\libm.a(lib_a-s_atan.o)
 .text          0x0800ac18        0x0 d:/program files (x86)/gnu tools arm embedded/4.6 2012q4/bin/../lib/gcc/arm-none-eabi/4.6.2/../../../../arm-none-eabi/lib/armv7e-m/fpu\libm.a(lib_a-s_fabs.o)
 .text          0x0800ac18        0x0 d:/program files (x86)/gnu tools arm embedded/4.6 2012q4/bin/../lib/gcc/arm-none-eabi/4.6.2/../../../../arm-none-eabi/lib/armv7e-m/fpu\libm.a(lib_a-s_fpclassify.o)
 .text          0x0800ac18        0x0 d:/program files (x86)/gnu tools arm embedded/4.6 2012q4/bin/../lib/gcc/arm-none-eabi/4.6.2/../../../../arm-none-eabi/lib/armv7e-m/fpu\libm.a(lib_a-s_lib_ver.o)
 .text          0x0800ac18        0x0 d:/program files (x86)/gnu tools arm embedded/4.6 2012q4/bin/../lib/gcc/arm-none-eabi/4.6.2/../../../../arm-none-eabi/lib/armv7e-m/fpu\libm.a(lib_a-s_matherr.o)
 .text          0x0800ac18        0x0 d:/program files (x86)/gnu tools arm embedded/4.6 2012q4/bin/../lib/gcc/arm-none-eabi/4.6.2/../../../../arm-none-eabi/lib/armv7e-m/fpu\libm.a(lib_a-s_nan.o)
 .text          0x0800ac18      0x370 d:/program files (x86)/gnu tools arm embedded/4.6 2012q4/bin/../lib/gcc/arm-none-eabi/4.6.2/armv7e-m/fpu\libgcc.a(_arm_addsubdf3.o)
                0x0800ac18                __aeabi_drsub
                0x0800ac20                __aeabi_dsub
                0x0800ac20                __subdf3
                0x0800ac24                __aeabi_dadd
                0x0800ac24                __adddf3
                0x0800ae9c                __floatunsidf
                0x0800ae9c                __aeabi_ui2d
                0x0800aebc                __floatsidf
                0x0800aebc                __aeabi_i2d
                0x0800aee0                __aeabi_f2d
                0x0800aee0                __extendsfdf2
                0x0800af1c                __floatundidf
                0x0800af1c                __aeabi_ul2d
                0x0800af2c                __floatdidf
                0x0800af2c                __aeabi_l2d
 .text          0x0800af88      0x424 d:/program files (x86)/gnu tools arm embedded/4.6 2012q4/bin/../lib/gcc/arm-none-eabi/4.6.2/armv7e-m/fpu\libgcc.a(_arm_muldivdf3.o)
                0x0800af88                __aeabi_dmul
                0x0800af88                __muldf3
                0x0800b1dc                __divdf3
                0x0800b1dc                __aeabi_ddiv
 .text          0x0800b3ac      0x110 d:/program files (x86)/gnu tools arm embedded/4.6 2012q4/bin/../lib/gcc/arm-none-eabi/4.6.2/armv7e-m/fpu\libgcc.a(_arm_cmpdf2.o)
                0x0800b3ac                __gtdf2
                0x0800b3ac                __gedf2
                0x0800b3b4                __ltdf2
                0x0800b3b4                __ledf2
                0x0800b3bc                __nedf2
                0x0800b3bc                __eqdf2
                0x0800b3bc                __cmpdf2
                0x0800b438                __aeabi_cdrcmple
                0x0800b448                __aeabi_cdcmpeq
                0x0800b448                __aeabi_cdcmple
                0x0800b458                __aeabi_dcmpeq
                0x0800b46c                __aeabi_dcmplt
                0x0800b480                __aeabi_dcmple
                0x0800b494                __aeabi_dcmpge
                0x0800b4a8                __aeabi_dcmpgt
 .text          0x0800b4bc       0x50 d:/program files (x86)/gnu tools arm embedded/4.6 2012q4/bin/../lib/gcc/arm-none-eabi/4.6.2/armv7e-m/fpu\libgcc.a(_arm_fixdfsi.o)
                0x0800b4bc                __aeabi_d2iz
                0x0800b4bc                __fixdfsi
 .text          0x0800b50c       0x40 d:/program files (x86)/gnu tools arm embedded/4.6 2012q4/bin/../lib/gcc/arm-none-eabi/4.6.2/armv7e-m/fpu\libgcc.a(_arm_fixunsdfsi.o)
                0x0800b50c                __aeabi_d2uiz
                0x0800b50c                __fixunsdfsi
 .text          0x0800b54c       0xa0 d:/program files (x86)/gnu tools arm embedded/4.6 2012q4/bin/../lib/gcc/arm-none-eabi/4.6.2/armv7e-m/fpu\libgcc.a(_arm_truncdfsf2.o)
                0x0800b54c                __truncdfsf2
                0x0800b54c                __aeabi_d2f
 .text          0x0800b5ec        0x0 d:/program files (x86)/gnu tools arm embedded/4.6 2012q4/bin/../lib/gcc/arm-none-eabi/4.6.2/../../../../arm-none-eabi/lib/armv7e-m/fpu\libc.a(lib_a-errno.o)
 .text          0x0800b5ec        0x0 d:/program files (x86)/gnu tools arm embedded/4.6 2012q4/bin/../lib/gcc/arm-none-eabi/4.6.2/../../../../arm-none-eabi/lib/armv7e-m/fpu\libc.a(lib_a-impure.o)
 .text          0x0800b5ec        0x0 d:/program files (x86)/gnu tools arm embedded/4.6 2012q4/bin/../lib/gcc/arm-none-eabi/4.6.2/../../../../arm-none-eabi/lib/armv7e-m/fpu\libc.a(lib_a-memcpy.o)
 .text          0x0800b5ec        0x0 d:/program files (x86)/gnu tools arm embedded/4.6 2012q4/bin/../lib/gcc/arm-none-eabi/4.6.2/../../../../arm-none-eabi/lib/armv7e-m/fpu\libc.a(lib_a-memset.o)
 *(.text*)
 .text.Reset_Vector
                0x0800b5ec       0x44 obj\.\startup\startup_stm32f4xx.o
                0x0800b5ec                Reset_Vector
 .text.Default_Handler
                0x0800b630        0x2 obj\.\startup\startup_stm32f4xx.o
                0x0800b630                RTC_Alarm_IRQHandler
                0x0800b630                HASH_RNG_IRQHandler
                0x0800b630                EXTI2_IRQHandler
                0x0800b630                TIM8_CC_IRQHandler
                0x0800b630                TIM1_CC_IRQHandler
                0x0800b630                DMA2_Stream5_IRQHandler
                0x0800b630                DMA1_Stream5_IRQHandler
                0x0800b630                PVD_IRQHandler
                0x0800b630                SDIO_IRQHandler
                0x0800b630                TAMP_STAMP_IRQHandler
                0x0800b630                CAN2_RX1_IRQHandler
                0x0800b630                EXTI3_IRQHandler
                0x0800b630                TIM8_TRG_COM_TIM14_IRQHandler
                0x0800b630                TIM1_UP_TIM10_IRQHandler
                0x0800b630                TIM8_UP_TIM13_IRQHandler
                0x0800b630                I2C3_ER_IRQHandler
                0x0800b630                I2C2_EV_IRQHandler
                0x0800b630                DMA1_Stream2_IRQHandler
                0x0800b630                CAN1_RX0_IRQHandler
                0x0800b630                FPU_IRQHandler
                0x0800b630                OTG_HS_WKUP_IRQHandler
                0x0800b630                CAN2_SCE_IRQHandler
                0x0800b630                DMA2_Stream2_IRQHandler
                0x0800b630                SPI1_IRQHandler
                0x0800b630                TIM6_DAC_IRQHandler
                0x0800b630                TIM1_BRK_TIM9_IRQHandler
                0x0800b630                DCMI_IRQHandler
                0x0800b630                CAN2_RX0_IRQHandler
                0x0800b630                DMA2_Stream3_IRQHandler
                0x0800b630                USART6_IRQHandler
                0x0800b630                USART3_IRQHandler
                0x0800b630                CRYP_IRQHandler
                0x0800b630                CAN1_RX1_IRQHandler
                0x0800b630                UART5_IRQHandler
                0x0800b630                DMA2_Stream0_IRQHandler
                0x0800b630                TIM4_IRQHandler
                0x0800b630                I2C1_EV_IRQHandler
                0x0800b630                DMA1_Stream6_IRQHandler
                0x0800b630                DMA1_Stream1_IRQHandler
                0x0800b630                UART4_IRQHandler
                0x0800b630                TIM3_IRQHandler
                0x0800b630                RCC_IRQHandler
                0x0800b630                TIM8_BRK_TIM12_IRQHandler
                0x0800b630                EXTI15_10_IRQHandler
                0x0800b630                ADC_IRQHandler
                0x0800b630                DMA1_Stream7_IRQHandler
                0x0800b630                TIM7_IRQHandler
                0x0800b630                CAN2_TX_IRQHandler
                0x0800b630                TIM5_IRQHandler
                0x0800b630                DMA2_Stream7_IRQHandler
                0x0800b630                I2C3_EV_IRQHandler
                0x0800b630                RTC_WKUP_IRQHandler
                0x0800b630                ETH_WKUP_IRQHandler
                0x0800b630                SPI2_IRQHandler
                0x0800b630                OTG_HS_EP1_IN_IRQHandler
                0x0800b630                CAN1_TX_IRQHandler
                0x0800b630                EXTI4_IRQHandler
                0x0800b630                FSMC_IRQHandler
                0x0800b630                ETH_IRQHandler
                0x0800b630                OTG_HS_EP1_OUT_IRQHandler
                0x0800b630                WWDG_IRQHandler
                0x0800b630                TIM2_IRQHandler
                0x0800b630                OTG_FS_WKUP_IRQHandler
                0x0800b630                TIM1_TRG_COM_TIM11_IRQHandler
                0x0800b630                OTG_HS_IRQHandler
                0x0800b630                EXTI1_IRQHandler
                0x0800b630                I2C2_ER_IRQHandler
                0x0800b630                DMA2_Stream1_IRQHandler
                0x0800b630                CAN1_SCE_IRQHandler
                0x0800b630                FLASH_IRQHandler
                0x0800b630                DMA2_Stream4_IRQHandler
                0x0800b630                USART1_IRQHandler
                0x0800b630                OTG_FS_IRQHandler
                0x0800b630                SPI3_IRQHandler
                0x0800b630                DMA1_Stream4_IRQHandler
                0x0800b630                I2C1_ER_IRQHandler
                0x0800b630                DMA2_Stream6_IRQHandler
                0x0800b630                DMA1_Stream3_IRQHandler
 *fill*         0x0800b632        0x2 00
 .text.startup  0x0800b634      0x15c obj\.\src\main.o
                0x0800b634                main
 .text.atan2    0x0800b790        0x4 d:/program files (x86)/gnu tools arm embedded/4.6 2012q4/bin/../lib/gcc/arm-none-eabi/4.6.2/../../../../arm-none-eabi/lib/armv7e-m/fpu\libm.a(lib_a-w_atan2.o)
                0x0800b790                atan2
 .text.fmod     0x0800b794       0xd0 d:/program files (x86)/gnu tools arm embedded/4.6 2012q4/bin/../lib/gcc/arm-none-eabi/4.6.2/../../../../arm-none-eabi/lib/armv7e-m/fpu\libm.a(lib_a-w_fmod.o)
                0x0800b794                fmod
 .text.log      0x0800b864      0x10c d:/program files (x86)/gnu tools arm embedded/4.6 2012q4/bin/../lib/gcc/arm-none-eabi/4.6.2/../../../../arm-none-eabi/lib/armv7e-m/fpu\libm.a(lib_a-w_log.o)
                0x0800b864                log
 .text.sqrt     0x0800b970       0xbc d:/program files (x86)/gnu tools arm embedded/4.6 2012q4/bin/../lib/gcc/arm-none-eabi/4.6.2/../../../../arm-none-eabi/lib/armv7e-m/fpu\libm.a(lib_a-w_sqrt.o)
                0x0800b970                sqrt
 *fill*         0x0800ba2c        0x4 00
 .text.__ieee754_atan2
                0x0800ba30      0x200 d:/program files (x86)/gnu tools arm embedded/4.6 2012q4/bin/../lib/gcc/arm-none-eabi/4.6.2/../../../../arm-none-eabi/lib/armv7e-m/fpu\libm.a(lib_a-e_atan2.o)
                0x0800ba30                __ieee754_atan2
 .text.__ieee754_fmod
                0x0800bc30      0x2b8 d:/program files (x86)/gnu tools arm embedded/4.6 2012q4/bin/../lib/gcc/arm-none-eabi/4.6.2/../../../../arm-none-eabi/lib/armv7e-m/fpu\libm.a(lib_a-e_fmod.o)
                0x0800bc30                __ieee754_fmod
 .text.__ieee754_log
                0x0800bee8      0x428 d:/program files (x86)/gnu tools arm embedded/4.6 2012q4/bin/../lib/gcc/arm-none-eabi/4.6.2/../../../../arm-none-eabi/lib/armv7e-m/fpu\libm.a(lib_a-e_log.o)
                0x0800bee8                __ieee754_log
 .text.__ieee754_sqrt
                0x0800c310      0x1c4 d:/program files (x86)/gnu tools arm embedded/4.6 2012q4/bin/../lib/gcc/arm-none-eabi/4.6.2/../../../../arm-none-eabi/lib/armv7e-m/fpu\libm.a(lib_a-e_sqrt.o)
                0x0800c310                __ieee754_sqrt
 *fill*         0x0800c4d4        0x4 00
 .text.atan     0x0800c4d8      0x388 d:/program files (x86)/gnu tools arm embedded/4.6 2012q4/bin/../lib/gcc/arm-none-eabi/4.6.2/../../../../arm-none-eabi/lib/armv7e-m/fpu\libm.a(lib_a-s_atan.o)
                0x0800c4d8                atan
 .text.fabs     0x0800c860       0x14 d:/program files (x86)/gnu tools arm embedded/4.6 2012q4/bin/../lib/gcc/arm-none-eabi/4.6.2/../../../../arm-none-eabi/lib/armv7e-m/fpu\libm.a(lib_a-s_fabs.o)
                0x0800c860                fabs
 .text.__fpclassifyd
                0x0800c874       0x70 d:/program files (x86)/gnu tools arm embedded/4.6 2012q4/bin/../lib/gcc/arm-none-eabi/4.6.2/../../../../arm-none-eabi/lib/armv7e-m/fpu\libm.a(lib_a-s_fpclassify.o)
                0x0800c874                __fpclassifyd
 .text.matherr  0x0800c8e4        0x4 d:/program files (x86)/gnu tools arm embedded/4.6 2012q4/bin/../lib/gcc/arm-none-eabi/4.6.2/../../../../arm-none-eabi/lib/armv7e-m/fpu\libm.a(lib_a-s_matherr.o)
                0x0800c8e4                matherr
 .text.nan      0x0800c8e8       0x10 d:/program files (x86)/gnu tools arm embedded/4.6 2012q4/bin/../lib/gcc/arm-none-eabi/4.6.2/../../../../arm-none-eabi/lib/armv7e-m/fpu\libm.a(lib_a-s_nan.o)
                0x0800c8e8                nan
 .text.__errno  0x0800c8f8        0xc d:/program files (x86)/gnu tools arm embedded/4.6 2012q4/bin/../lib/gcc/arm-none-eabi/4.6.2/../../../../arm-none-eabi/lib/armv7e-m/fpu\libc.a(lib_a-errno.o)
                0x0800c8f8                __errno
 .text.memcpy   0x0800c904       0x84 d:/program files (x86)/gnu tools arm embedded/4.6 2012q4/bin/../lib/gcc/arm-none-eabi/4.6.2/../../../../arm-none-eabi/lib/armv7e-m/fpu\libc.a(lib_a-memcpy.o)
                0x0800c904                memcpy
 .text.memset   0x0800c988       0x90 d:/program files (x86)/gnu tools arm embedded/4.6 2012q4/bin/../lib/gcc/arm-none-eabi/4.6.2/../../../../arm-none-eabi/lib/armv7e-m/fpu\libc.a(lib_a-memset.o)
                0x0800c988                memset
 *(.rodata)
 .rodata        0x0800ca18     0x2814 obj\.\src\AsciiLib.o
                0x0800d184                ASCII12x12
                0x0800e05c                ASCII16x24
 .rodata        0x0800f22c        0xc obj\.\src\DMA_IRQ_Handler.o
                0x0800f22c                B
                0x0800f230                A
                0x0800f234                Amp0
 .rodata        0x0800f238       0x10 obj\.\src\Encoder_1.o
 .rodata        0x0800f248       0x10 obj\.\src\Encoder_2.o
 .rodata        0x0800f258     0x207c obj\.\src\PSKMod.o
                0x0800f258                PSKShapeTbl
                0x0801125c                PSKPhaseLookupTable
 .rodata        0x080112d4      0x440 obj\.\src\PSK_Det.o
                0x080112d4                VARICODE_TABLE
                0x080116d4                HALF_TBL
 .rodata        0x08011714        0x8 obj\.\src\Si570.o
                0x08011714                HS_DIV_VALUE_char
                0x0801171a                N1_VALUE_char
 .rodata        0x0801171c     0x4000 obj\.\src\Sine_table.o
                0x0801171c                Sine_table
 .rodata        0x0801571c       0x28 obj\.\src\stm32f4_discovery.o
                0x0801571c                GPIO_CLK
                0x0801572c                GPIO_PIN
                0x08015734                BUTTON_IRQn
                0x08015735                BUTTON_PIN_SOURCE
                0x08015736                BUTTON_PORT_SOURCE
                0x08015738                BUTTON_EXTI_LINE
                0x0801573c                BUTTON_CLK
                0x08015740                BUTTON_PIN
 .rodata        0x08015744       0x18 obj\.\src\uart.o
                0x08015744                COM_RX_AF
                0x08015746                COM_TX_AF
                0x08015748                COM_RX_PIN_SOURCE
                0x0801574a                COM_TX_PIN_SOURCE
                0x0801574c                COM_RX_PIN
                0x0801574e                COM_TX_PIN
                0x08015750                COM_RX_PORT_CLK
                0x08015754                COM_TX_PORT_CLK
                0x08015758                COM_USART_CLK
 .rodata        0x0801575c     0x1000 .\externals\libs\libstm32f4xx_math.a(arm_cfft_radix4_init_q15.o)
 .rodata        0x0801675c      0x380 .\externals\libs\libstm32f4xx_math.a(arm_common_tables.o)
                0x0801675c                armRecipTableQ31
                0x0801685c                armRecipTableQ15
                0x080168dc                armBitRevTable
 *(.rodata*)
 .rodata.str1.1
                0x08016adc       0xbb obj\.\src\Encoder_1.o
 .rodata.str1.1
                0x08016b97       0xc2 obj\.\src\Encoder_2.o
 .rodata.str1.1
                0x08016c59        0xd obj\.\src\ModeSelect.o
                                 0x1d (size before relaxing)
 .rodata.str1.1
                0x08016c66        0xb obj\.\src\TFT_Display.o
 .rodata.str1.1
                0x08016c71       0x32 obj\.\src\main.o
 .rodata.str1.1
                0x08016ca3       0x1d obj\.\src\touch_pad.o
                                 0x24 (size before relaxing)
 .rodata.str1.1
                0x08016cc0       0x1a obj\.\src\xprintf.o
 *fill*         0x08016cda        0x2 00
 .rodata.str1.4
                0x08016cdc        0x5 d:/program files (x86)/gnu tools arm embedded/4.6 2012q4/bin/../lib/gcc/arm-none-eabi/4.6.2/../../../../arm-none-eabi/lib/armv7e-m/fpu\libm.a(lib_a-w_fmod.o)
                                  0x8 (size before relaxing)
 *fill*         0x08016ce1        0x3 00
 .rodata.str1.4
                0x08016ce4        0x4 d:/program files (x86)/gnu tools arm embedded/4.6 2012q4/bin/../lib/gcc/arm-none-eabi/4.6.2/../../../../arm-none-eabi/lib/armv7e-m/fpu\libm.a(lib_a-w_log.o)
                                  0x8 (size before relaxing)
 .rodata.str1.4
                0x08016ce8        0x5 d:/program files (x86)/gnu tools arm embedded/4.6 2012q4/bin/../lib/gcc/arm-none-eabi/4.6.2/../../../../arm-none-eabi/lib/armv7e-m/fpu\libm.a(lib_a-w_sqrt.o)
                                  0x8 (size before relaxing)
 *fill*         0x08016ced        0x3 00
 .rodata.Zero   0x08016cf0       0x10 d:/program files (x86)/gnu tools arm embedded/4.6 2012q4/bin/../lib/gcc/arm-none-eabi/4.6.2/../../../../arm-none-eabi/lib/armv7e-m/fpu\libm.a(lib_a-e_fmod.o)
 .rodata.atanlo
                0x08016d00       0x20 d:/program files (x86)/gnu tools arm embedded/4.6 2012q4/bin/../lib/gcc/arm-none-eabi/4.6.2/../../../../arm-none-eabi/lib/armv7e-m/fpu\libm.a(lib_a-s_atan.o)
 .rodata.atanhi
                0x08016d20       0x20 d:/program files (x86)/gnu tools arm embedded/4.6 2012q4/bin/../lib/gcc/arm-none-eabi/4.6.2/../../../../arm-none-eabi/lib/armv7e-m/fpu\libm.a(lib_a-s_atan.o)
 .rodata.str1.4
                0x08016d40        0x4 d:/program files (x86)/gnu tools arm embedded/4.6 2012q4/bin/../lib/gcc/arm-none-eabi/4.6.2/../../../../arm-none-eabi/lib/armv7e-m/fpu\libc.a(lib_a-impure.o)
 .rodata._global_impure_ptr
                0x08016d44        0x4 d:/program files (x86)/gnu tools arm embedded/4.6 2012q4/bin/../lib/gcc/arm-none-eabi/4.6.2/../../../../arm-none-eabi/lib/armv7e-m/fpu\libc.a(lib_a-impure.o)
                0x08016d44                _global_impure_ptr
 *(.glue_7)
 .glue_7        0x00000000        0x0 linker stubs
 *(.glue_7t)
 .glue_7t       0x00000000        0x0 linker stubs
 *(.eh_frame)
 *(.init)
 *(.fini)
                0x08016d48                . = ALIGN (0x4)
                0x08016d48                _end_of_code = .

.vfp11_veneer   0x08016d48        0x0
 .vfp11_veneer  0x00000000        0x0 linker stubs

.v4_bx          0x08016d48        0x0
 .v4_bx         0x00000000        0x0 linker stubs

.ARM.extab
 *(.ARM.extab* .gnu.linkonce.armextab.*)

.ARM            0x08016d48        0x0
                0x08016d48                __exidx_start = .
 *(.ARM.exidx*)
                0x08016d48                __exidx_end = .

.preinit_array  0x08016d48        0x0
                0x08016d48                PROVIDE (__preinit_array_start, .)
 *(.preinit_array*)
                0x08016d48                PROVIDE (__preinit_array_end, .)

.init_array     0x08016d48        0x0
                0x08016d48                PROVIDE (__init_array_start, .)
 *(SORT(.init_array.*))
 *(.init_array*)
                0x08016d48                PROVIDE (__init_array_end, .)

.fini_array     0x08016d48        0x0
                0x08016d48                PROVIDE (__fini_array_start, .)
 *(.fini_array*)
 *(SORT(.fini_array.*))
                0x08016d48                PROVIDE (__fini_array_end, .)
                0x08016d48                _sidata = .

.data           0x20000000      0x894 load address 0x08016d48
                0x20000000                . = ALIGN (0x4)
                0x20000000                _sdata = .
 *(.data)
 .data          0x20000000        0x0 obj\.\startup\startup_stm32f4xx.o
 .data          0x20000000        0x0 obj\.\src\AsciiLib.o
 .data          0x20000000        0x0 obj\.\src\CW_Mod.o
 .data          0x20000000        0x0 obj\.\src\ChangeOver.o
 .data          0x20000000        0x0 obj\.\src\Codec_Gains.o
 .data          0x20000000        0x0 obj\.\src\DMA_IRQ_Handler.o
 .data          0x20000000        0x0 obj\.\src\DMA_Test_Pins.o
 .data          0x20000000       0x7c obj\.\src\DSP_Processing.o
                0x20000000                S_FIR_I
                0x2000000c                S_FIR_Q
                0x20000018                FFT_Size
                0x2000001c                Filter_Q4
                0x20000028                Filter_Q3
                0x20000034                Filter_Q2
                0x20000040                Filter_Q1
                0x2000004c                Filter_I4
                0x20000058                Filter_I3
                0x20000064                Filter_I2
                0x20000070                Filter_I1
 .data          0x2000007c        0x0 obj\.\src\Encoder_1.o
 .data          0x2000007c        0x0 obj\.\src\Encoder_2.o
 .data          0x2000007c      0x34a obj\.\src\FIR_Coefficients.o
                0x2000007c                FIRFreqCoef
                0x200000fe                FIRBitCoef
                0x20000180                Dec4LPCoef
                0x200001c6                coeff_fir_Q
                0x200002c6                coeff_fir_I
 .data          0x200003c6        0x0 obj\.\src\Init_Codec.o
 .data          0x200003c6        0x0 obj\.\src\Init_DMA.o
 *fill*         0x200003c6        0x2 00
 .data          0x200003c8        0x4 obj\.\src\Init_I2C.o
                0x200003c8                Timeout
 .data          0x200003cc        0x0 obj\.\src\Init_I2S.o
 .data          0x200003cc        0x0 obj\.\src\ModeSelect.o
 .data          0x200003cc        0x0 obj\.\src\PSKMod.o
 .data          0x200003cc        0x0 obj\.\src\PSK_Det.o
 .data          0x200003cc        0x0 obj\.\src\Si570.o
 .data          0x200003cc        0x0 obj\.\src\Sine_table.o
 .data          0x200003cc        0x4 obj\.\src\TFT_Display.o
                0x200003cc                BackColor
                0x200003ce                asciisize
 .data          0x200003d0        0x0 obj\.\src\User_Button.o
 .data          0x200003d0        0x0 obj\.\src\eeprom.o
 .data          0x200003d0        0x8 obj\.\src\main.o
                0x200003d0                CodecFreq
                0x200003d4                Stop
                0x200003d5                Start
 .data          0x200003d8       0x14 obj\.\src\stm32f4_discovery.o
                0x200003d8                GPIO_PORT
                0x200003e8                BUTTON_PORT
 .data          0x200003ec        0x0 obj\.\src\stm32f4xx_it.o
 .data          0x200003ec       0x14 obj\.\src\system_stm32f4xx.o
                0x200003ec                SystemCoreClock
                0x200003f0                AHBPrescTable
 .data          0x20000400        0x0 obj\.\src\touch_pad.o
 .data          0x20000400        0xc obj\.\src\uart.o
                0x20000400                COM_TX_PORT
                0x20000404                COM_RX_PORT
                0x20000408                COM_USART
 .data          0x2000040c        0x0 obj\.\src\usb_bsp.o
 .data          0x2000040c       0x48 obj\.\src\usbh_usr.o
                0x2000040c                USR_Callbacks
 .data          0x20000454        0x0 obj\.\src\usbh_usr_lcd.o
 .data          0x20000454        0x0 obj\.\src\xprintf.o
 .data          0x20000454        0x0 .\externals\libs\libstm32f4xx_peripherals.a(misc.o)
 .data          0x20000454        0x0 .\externals\libs\libstm32f4xx_peripherals.a(stm32f4xx_dma.o)
 .data          0x20000454        0x0 .\externals\libs\libstm32f4xx_peripherals.a(stm32f4xx_exti.o)
 .data          0x20000454        0x0 .\externals\libs\libstm32f4xx_peripherals.a(stm32f4xx_fsmc.o)
 .data          0x20000454        0x0 .\externals\libs\libstm32f4xx_peripherals.a(stm32f4xx_gpio.o)
 .data          0x20000454        0x0 .\externals\libs\libstm32f4xx_peripherals.a(stm32f4xx_i2c.o)
 .data          0x20000454       0x10 .\externals\libs\libstm32f4xx_peripherals.a(stm32f4xx_rcc.o)
 .data          0x20000464        0x0 .\externals\libs\libstm32f4xx_peripherals.a(stm32f4xx_spi.o)
 .data          0x20000464        0x0 .\externals\libs\libstm32f4xx_peripherals.a(stm32f4xx_syscfg.o)
 .data          0x20000464        0x0 .\externals\libs\libstm32f4xx_peripherals.a(stm32f4xx_tim.o)
 .data          0x20000464        0x0 .\externals\libs\libstm32f4xx_peripherals.a(stm32f4xx_usart.o)
 .data          0x20000464        0x0 .\externals\libs\libstm32f4xx_math.a(arm_cmplx_mag_squared_q15.o)
 .data          0x20000464        0x0 .\externals\libs\libstm32f4xx_math.a(arm_shift_q15.o)
 .data          0x20000464        0x0 .\externals\libs\libstm32f4xx_math.a(arm_fir_decimate_q15.o)
 .data          0x20000464        0x0 .\externals\libs\libstm32f4xx_math.a(arm_fir_q15.o)
 .data          0x20000464        0x0 .\externals\libs\libstm32f4xx_math.a(arm_cfft_radix4_q15.o)
 .data          0x20000464        0x0 .\externals\libs\libstm32f4xx_math.a(arm_cfft_radix4_init_q15.o)
 .data          0x20000464        0x0 .\externals\libs\libstm32f4xx_math.a(arm_common_tables.o)
 .data          0x20000464        0x0 d:/program files (x86)/gnu tools arm embedded/4.6 2012q4/bin/../lib/gcc/arm-none-eabi/4.6.2/../../../../arm-none-eabi/lib/armv7e-m/fpu\libm.a(lib_a-w_atan2.o)
 .data          0x20000464        0x0 d:/program files (x86)/gnu tools arm embedded/4.6 2012q4/bin/../lib/gcc/arm-none-eabi/4.6.2/../../../../arm-none-eabi/lib/armv7e-m/fpu\libm.a(lib_a-w_fmod.o)
 .data          0x20000464        0x0 d:/program files (x86)/gnu tools arm embedded/4.6 2012q4/bin/../lib/gcc/arm-none-eabi/4.6.2/../../../../arm-none-eabi/lib/armv7e-m/fpu\libm.a(lib_a-w_log.o)
 .data          0x20000464        0x0 d:/program files (x86)/gnu tools arm embedded/4.6 2012q4/bin/../lib/gcc/arm-none-eabi/4.6.2/../../../../arm-none-eabi/lib/armv7e-m/fpu\libm.a(lib_a-w_sqrt.o)
 .data          0x20000464        0x0 d:/program files (x86)/gnu tools arm embedded/4.6 2012q4/bin/../lib/gcc/arm-none-eabi/4.6.2/../../../../arm-none-eabi/lib/armv7e-m/fpu\libm.a(lib_a-e_atan2.o)
 .data          0x20000464        0x0 d:/program files (x86)/gnu tools arm embedded/4.6 2012q4/bin/../lib/gcc/arm-none-eabi/4.6.2/../../../../arm-none-eabi/lib/armv7e-m/fpu\libm.a(lib_a-e_fmod.o)
 .data          0x20000464        0x0 d:/program files (x86)/gnu tools arm embedded/4.6 2012q4/bin/../lib/gcc/arm-none-eabi/4.6.2/../../../../arm-none-eabi/lib/armv7e-m/fpu\libm.a(lib_a-e_log.o)
 .data          0x20000464        0x0 d:/program files (x86)/gnu tools arm embedded/4.6 2012q4/bin/../lib/gcc/arm-none-eabi/4.6.2/../../../../arm-none-eabi/lib/armv7e-m/fpu\libm.a(lib_a-e_sqrt.o)
 .data          0x20000464        0x0 d:/program files (x86)/gnu tools arm embedded/4.6 2012q4/bin/../lib/gcc/arm-none-eabi/4.6.2/../../../../arm-none-eabi/lib/armv7e-m/fpu\libm.a(lib_a-s_atan.o)
 .data          0x20000464        0x0 d:/program files (x86)/gnu tools arm embedded/4.6 2012q4/bin/../lib/gcc/arm-none-eabi/4.6.2/../../../../arm-none-eabi/lib/armv7e-m/fpu\libm.a(lib_a-s_fabs.o)
 .data          0x20000464        0x0 d:/program files (x86)/gnu tools arm embedded/4.6 2012q4/bin/../lib/gcc/arm-none-eabi/4.6.2/../../../../arm-none-eabi/lib/armv7e-m/fpu\libm.a(lib_a-s_fpclassify.o)
 .data          0x20000464        0x0 d:/program files (x86)/gnu tools arm embedded/4.6 2012q4/bin/../lib/gcc/arm-none-eabi/4.6.2/../../../../arm-none-eabi/lib/armv7e-m/fpu\libm.a(lib_a-s_lib_ver.o)
 .data          0x20000464        0x0 d:/program files (x86)/gnu tools arm embedded/4.6 2012q4/bin/../lib/gcc/arm-none-eabi/4.6.2/../../../../arm-none-eabi/lib/armv7e-m/fpu\libm.a(lib_a-s_matherr.o)
 .data          0x20000464        0x0 d:/program files (x86)/gnu tools arm embedded/4.6 2012q4/bin/../lib/gcc/arm-none-eabi/4.6.2/../../../../arm-none-eabi/lib/armv7e-m/fpu\libm.a(lib_a-s_nan.o)
 .data          0x20000464        0x0 d:/program files (x86)/gnu tools arm embedded/4.6 2012q4/bin/../lib/gcc/arm-none-eabi/4.6.2/armv7e-m/fpu\libgcc.a(_arm_addsubdf3.o)
 .data          0x20000464        0x0 d:/program files (x86)/gnu tools arm embedded/4.6 2012q4/bin/../lib/gcc/arm-none-eabi/4.6.2/armv7e-m/fpu\libgcc.a(_arm_muldivdf3.o)
 .data          0x20000464        0x0 d:/program files (x86)/gnu tools arm embedded/4.6 2012q4/bin/../lib/gcc/arm-none-eabi/4.6.2/armv7e-m/fpu\libgcc.a(_arm_cmpdf2.o)
 .data          0x20000464        0x0 d:/program files (x86)/gnu tools arm embedded/4.6 2012q4/bin/../lib/gcc/arm-none-eabi/4.6.2/armv7e-m/fpu\libgcc.a(_arm_fixdfsi.o)
 .data          0x20000464        0x0 d:/program files (x86)/gnu tools arm embedded/4.6 2012q4/bin/../lib/gcc/arm-none-eabi/4.6.2/armv7e-m/fpu\libgcc.a(_arm_fixunsdfsi.o)
 .data          0x20000464        0x0 d:/program files (x86)/gnu tools arm embedded/4.6 2012q4/bin/../lib/gcc/arm-none-eabi/4.6.2/armv7e-m/fpu\libgcc.a(_arm_truncdfsf2.o)
 .data          0x20000464        0x0 d:/program files (x86)/gnu tools arm embedded/4.6 2012q4/bin/../lib/gcc/arm-none-eabi/4.6.2/../../../../arm-none-eabi/lib/armv7e-m/fpu\libc.a(lib_a-errno.o)
 .data          0x20000464        0x0 d:/program files (x86)/gnu tools arm embedded/4.6 2012q4/bin/../lib/gcc/arm-none-eabi/4.6.2/../../../../arm-none-eabi/lib/armv7e-m/fpu\libc.a(lib_a-impure.o)
 .data          0x20000464        0x0 d:/program files (x86)/gnu tools arm embedded/4.6 2012q4/bin/../lib/gcc/arm-none-eabi/4.6.2/../../../../arm-none-eabi/lib/armv7e-m/fpu\libc.a(lib_a-memcpy.o)
 .data          0x20000464        0x0 d:/program files (x86)/gnu tools arm embedded/4.6 2012q4/bin/../lib/gcc/arm-none-eabi/4.6.2/../../../../arm-none-eabi/lib/armv7e-m/fpu\libc.a(lib_a-memset.o)
 *(.data*)
 .data.__fdlib_version
                0x20000464        0x1 d:/program files (x86)/gnu tools arm embedded/4.6 2012q4/bin/../lib/gcc/arm-none-eabi/4.6.2/../../../../arm-none-eabi/lib/armv7e-m/fpu\libm.a(lib_a-s_lib_ver.o)
                0x20000464                __fdlib_version
 *fill*         0x20000465        0x3 00
 .data.impure_data
                0x20000468      0x428 d:/program files (x86)/gnu tools arm embedded/4.6 2012q4/bin/../lib/gcc/arm-none-eabi/4.6.2/../../../../arm-none-eabi/lib/armv7e-m/fpu\libc.a(lib_a-impure.o)
 .data._impure_ptr
                0x20000890        0x4 d:/program files (x86)/gnu tools arm embedded/4.6 2012q4/bin/../lib/gcc/arm-none-eabi/4.6.2/../../../../arm-none-eabi/lib/armv7e-m/fpu\libc.a(lib_a-impure.o)
                0x20000890                _impure_ptr
                0x20000894                . = ALIGN (0x4)
                0x20000894                _edata = .
                0x20000894                . = ALIGN (0x4)

.bss            0x20000898     0x66ec load address 0x080175e0
                0x20000898                _sbss = .
                0x20000898                __bss_start__ = _sbss
 *(.bss)
 .bss           0x20000898        0x0 obj\.\startup\startup_stm32f4xx.o
 .bss           0x20000898        0x0 obj\.\src\AsciiLib.o
 .bss           0x20000898        0x0 obj\.\src\CW_Mod.o
 .bss           0x20000898        0x0 obj\.\src\ChangeOver.o
 .bss           0x20000898        0x0 obj\.\src\Codec_Gains.o
 .bss           0x20000898       0x18 obj\.\src\DMA_IRQ_Handler.o
 .bss           0x200008b0        0x0 obj\.\src\DMA_Test_Pins.o
 .bss           0x200008b0        0x0 obj\.\src\DSP_Processing.o
 .bss           0x200008b0        0x2 obj\.\src\Encoder_1.o
 .bss           0x200008b2        0x2 obj\.\src\Encoder_2.o
 .bss           0x200008b4        0x0 obj\.\src\FIR_Coefficients.o
 .bss           0x200008b4        0x0 obj\.\src\Init_Codec.o
 .bss           0x200008b4        0x0 obj\.\src\Init_DMA.o
 .bss           0x200008b4        0x0 obj\.\src\Init_I2C.o
 .bss           0x200008b4        0x0 obj\.\src\Init_I2S.o
 .bss           0x200008b4        0x0 obj\.\src\ModeSelect.o
 .bss           0x200008b4       0x10 obj\.\src\PSKMod.o
 .bss           0x200008c4       0x34 obj\.\src\PSK_Det.o
 .bss           0x200008f8        0x0 obj\.\src\Si570.o
 .bss           0x200008f8        0x0 obj\.\src\Sine_table.o
 .bss           0x200008f8        0xc obj\.\src\TFT_Display.o
                0x200008f8                TextColor
                0x200008fa                TimerPeriod
                0x200008fc                Channel1Pulse
 .bss           0x20000904        0x0 obj\.\src\User_Button.o
 .bss           0x20000904        0x0 obj\.\src\eeprom.o
 .bss           0x20000904        0x0 obj\.\src\main.o
 .bss           0x20000904        0x0 obj\.\src\stm32f4_discovery.o
 .bss           0x20000904        0x0 obj\.\src\stm32f4xx_it.o
 .bss           0x20000904        0x0 obj\.\src\system_stm32f4xx.o
 .bss           0x20000904        0x6 obj\.\src\touch_pad.o
                0x20000904                TouchCount
                0x20000906                Mode_Test
                0x20000908                DebounceCount
 .bss           0x2000090a        0x1 obj\.\src\uart.o
 *fill*         0x2000090b        0x1 00
 .bss           0x2000090c        0x4 obj\.\src\usb_bsp.o
                0x2000090c                BSP_delay
 .bss           0x20000910        0x1 obj\.\src\usbh_usr.o
 *fill*         0x20000911        0x1 00
 .bss           0x20000912        0x8 obj\.\src\usbh_usr_lcd.o
                0x20000912                x_loc
                0x20000914                y_loc
                0x20000916                prev_x
                0x20000918                prev_y
 *fill*         0x2000091a        0x2 00
 .bss           0x2000091c        0x4 obj\.\src\xprintf.o
 .bss           0x20000920        0x0 .\externals\libs\libstm32f4xx_peripherals.a(misc.o)
 .bss           0x20000920        0x0 .\externals\libs\libstm32f4xx_peripherals.a(stm32f4xx_dma.o)
 .bss           0x20000920        0x0 .\externals\libs\libstm32f4xx_peripherals.a(stm32f4xx_exti.o)
 .bss           0x20000920        0x0 .\externals\libs\libstm32f4xx_peripherals.a(stm32f4xx_fsmc.o)
 .bss           0x20000920        0x0 .\externals\libs\libstm32f4xx_peripherals.a(stm32f4xx_gpio.o)
 .bss           0x20000920        0x0 .\externals\libs\libstm32f4xx_peripherals.a(stm32f4xx_i2c.o)
 .bss           0x20000920        0x0 .\externals\libs\libstm32f4xx_peripherals.a(stm32f4xx_rcc.o)
 .bss           0x20000920        0x0 .\externals\libs\libstm32f4xx_peripherals.a(stm32f4xx_spi.o)
 .bss           0x20000920        0x0 .\externals\libs\libstm32f4xx_peripherals.a(stm32f4xx_syscfg.o)
 .bss           0x20000920        0x0 .\externals\libs\libstm32f4xx_peripherals.a(stm32f4xx_tim.o)
 .bss           0x20000920        0x0 .\externals\libs\libstm32f4xx_peripherals.a(stm32f4xx_usart.o)
 .bss           0x20000920        0x0 .\externals\libs\libstm32f4xx_math.a(arm_cmplx_mag_squared_q15.o)
 .bss           0x20000920        0x0 .\externals\libs\libstm32f4xx_math.a(arm_shift_q15.o)
 .bss           0x20000920        0x0 .\externals\libs\libstm32f4xx_math.a(arm_fir_decimate_q15.o)
 .bss           0x20000920        0x0 .\externals\libs\libstm32f4xx_math.a(arm_fir_q15.o)
 .bss           0x20000920        0x0 .\externals\libs\libstm32f4xx_math.a(arm_cfft_radix4_q15.o)
 .bss           0x20000920        0x0 .\externals\libs\libstm32f4xx_math.a(arm_cfft_radix4_init_q15.o)
 .bss           0x20000920        0x0 .\externals\libs\libstm32f4xx_math.a(arm_common_tables.o)
 .bss           0x20000920        0x0 d:/program files (x86)/gnu tools arm embedded/4.6 2012q4/bin/../lib/gcc/arm-none-eabi/4.6.2/../../../../arm-none-eabi/lib/armv7e-m/fpu\libm.a(lib_a-w_atan2.o)
 .bss           0x20000920        0x0 d:/program files (x86)/gnu tools arm embedded/4.6 2012q4/bin/../lib/gcc/arm-none-eabi/4.6.2/../../../../arm-none-eabi/lib/armv7e-m/fpu\libm.a(lib_a-w_fmod.o)
 .bss           0x20000920        0x0 d:/program files (x86)/gnu tools arm embedded/4.6 2012q4/bin/../lib/gcc/arm-none-eabi/4.6.2/../../../../arm-none-eabi/lib/armv7e-m/fpu\libm.a(lib_a-w_log.o)
 .bss           0x20000920        0x0 d:/program files (x86)/gnu tools arm embedded/4.6 2012q4/bin/../lib/gcc/arm-none-eabi/4.6.2/../../../../arm-none-eabi/lib/armv7e-m/fpu\libm.a(lib_a-w_sqrt.o)
 .bss           0x20000920        0x0 d:/program files (x86)/gnu tools arm embedded/4.6 2012q4/bin/../lib/gcc/arm-none-eabi/4.6.2/../../../../arm-none-eabi/lib/armv7e-m/fpu\libm.a(lib_a-e_atan2.o)
 .bss           0x20000920        0x0 d:/program files (x86)/gnu tools arm embedded/4.6 2012q4/bin/../lib/gcc/arm-none-eabi/4.6.2/../../../../arm-none-eabi/lib/armv7e-m/fpu\libm.a(lib_a-e_fmod.o)
 .bss           0x20000920        0x0 d:/program files (x86)/gnu tools arm embedded/4.6 2012q4/bin/../lib/gcc/arm-none-eabi/4.6.2/../../../../arm-none-eabi/lib/armv7e-m/fpu\libm.a(lib_a-e_log.o)
 .bss           0x20000920        0x0 d:/program files (x86)/gnu tools arm embedded/4.6 2012q4/bin/../lib/gcc/arm-none-eabi/4.6.2/../../../../arm-none-eabi/lib/armv7e-m/fpu\libm.a(lib_a-e_sqrt.o)
 .bss           0x20000920        0x0 d:/program files (x86)/gnu tools arm embedded/4.6 2012q4/bin/../lib/gcc/arm-none-eabi/4.6.2/../../../../arm-none-eabi/lib/armv7e-m/fpu\libm.a(lib_a-s_atan.o)
 .bss           0x20000920        0x0 d:/program files (x86)/gnu tools arm embedded/4.6 2012q4/bin/../lib/gcc/arm-none-eabi/4.6.2/../../../../arm-none-eabi/lib/armv7e-m/fpu\libm.a(lib_a-s_fabs.o)
 .bss           0x20000920        0x0 d:/program files (x86)/gnu tools arm embedded/4.6 2012q4/bin/../lib/gcc/arm-none-eabi/4.6.2/../../../../arm-none-eabi/lib/armv7e-m/fpu\libm.a(lib_a-s_fpclassify.o)
 .bss           0x20000920        0x0 d:/program files (x86)/gnu tools arm embedded/4.6 2012q4/bin/../lib/gcc/arm-none-eabi/4.6.2/../../../../arm-none-eabi/lib/armv7e-m/fpu\libm.a(lib_a-s_lib_ver.o)
 .bss           0x20000920        0x0 d:/program files (x86)/gnu tools arm embedded/4.6 2012q4/bin/../lib/gcc/arm-none-eabi/4.6.2/../../../../arm-none-eabi/lib/armv7e-m/fpu\libm.a(lib_a-s_matherr.o)
 .bss           0x20000920        0x0 d:/program files (x86)/gnu tools arm embedded/4.6 2012q4/bin/../lib/gcc/arm-none-eabi/4.6.2/../../../../arm-none-eabi/lib/armv7e-m/fpu\libm.a(lib_a-s_nan.o)
 .bss           0x20000920        0x0 d:/program files (x86)/gnu tools arm embedded/4.6 2012q4/bin/../lib/gcc/arm-none-eabi/4.6.2/armv7e-m/fpu\libgcc.a(_arm_addsubdf3.o)
 .bss           0x20000920        0x0 d:/program files (x86)/gnu tools arm embedded/4.6 2012q4/bin/../lib/gcc/arm-none-eabi/4.6.2/armv7e-m/fpu\libgcc.a(_arm_muldivdf3.o)
 .bss           0x20000920        0x0 d:/program files (x86)/gnu tools arm embedded/4.6 2012q4/bin/../lib/gcc/arm-none-eabi/4.6.2/armv7e-m/fpu\libgcc.a(_arm_cmpdf2.o)
 .bss           0x20000920        0x0 d:/program files (x86)/gnu tools arm embedded/4.6 2012q4/bin/../lib/gcc/arm-none-eabi/4.6.2/armv7e-m/fpu\libgcc.a(_arm_fixdfsi.o)
 .bss           0x20000920        0x0 d:/program files (x86)/gnu tools arm embedded/4.6 2012q4/bin/../lib/gcc/arm-none-eabi/4.6.2/armv7e-m/fpu\libgcc.a(_arm_fixunsdfsi.o)
 .bss           0x20000920        0x0 d:/program files (x86)/gnu tools arm embedded/4.6 2012q4/bin/../lib/gcc/arm-none-eabi/4.6.2/armv7e-m/fpu\libgcc.a(_arm_truncdfsf2.o)
 .bss           0x20000920        0x0 d:/program files (x86)/gnu tools arm embedded/4.6 2012q4/bin/../lib/gcc/arm-none-eabi/4.6.2/../../../../arm-none-eabi/lib/armv7e-m/fpu\libc.a(lib_a-errno.o)
 .bss           0x20000920        0x0 d:/program files (x86)/gnu tools arm embedded/4.6 2012q4/bin/../lib/gcc/arm-none-eabi/4.6.2/../../../../arm-none-eabi/lib/armv7e-m/fpu\libc.a(lib_a-impure.o)
 .bss           0x20000920        0x0 d:/program files (x86)/gnu tools arm embedded/4.6 2012q4/bin/../lib/gcc/arm-none-eabi/4.6.2/../../../../arm-none-eabi/lib/armv7e-m/fpu\libc.a(lib_a-memcpy.o)
 .bss           0x20000920        0x0 d:/program files (x86)/gnu tools arm embedded/4.6 2012q4/bin/../lib/gcc/arm-none-eabi/4.6.2/../../../../arm-none-eabi/lib/armv7e-m/fpu\libc.a(lib_a-memset.o)
 *(.bss*)
 *(COMMON)
 COMMON         0x20000920      0x104 obj\.\src\ChangeOver.o
                0x20000920                rgain
                0x20000924                DataMax
                0x20000944                phase_adjust
                0x20000948                m_pTail
                0x2000094c                m_pHead
                0x20000950                Tx_Flag
                0x20000954                m_Ramp
                0x20000958                IQ_Unit
                0x20000978                S1
                0x2000097c                CW_Gain
                0x20000980                T_lgain
                0x20000988                m_SymbolRate
                0x20000990                x_NCOphzinc
                0x20000998                m_2PI
                0x200009a0                DSP_Flag
                0x200009a4                m_AddEndingZero
                0x200009a8                IQ_Disp
                0x200009ac                m_RMSConstant
                0x200009b0                R_lgain
                0x200009b4                DataMin
                0x200009d4                R_xgain
                0x200009d8                EEProm_Value2
                0x200009da                read_SS2
                0x200009dc                S2
                0x200009e0                Key_Down
                0x200009e4                T_xgain
                0x200009e8                IQData
                0x20000a08                XmitBuffer
                0x20000a22                m_TxShiftReg
 *fill*         0x20000a24        0x4 00
 COMMON         0x20000a28     0x508c obj\.\src\DMA_IRQ_Handler.o
                0x20000a28                Filter_delay_I4
                0x20000ab0                m_FreqSignal
                0x20000ac0                Filter_delay_Q3
                0x20000b48                m_z2
                0x20000b58                FIR_I_Out
                0x20000f58                m_z1
                0x20000f68                Sample_Frequency
                0x20000f6c                m_IQPhzIndex
                0x20000f70                LCD_buffer
                0x20000f98                ADC_Buffer
                0x20001398                m_PSKmode
                0x2000139c                m_ClkErrCounter
                0x200013a0                m_BitPhaseInc
                0x200013a8                FFT_Magnitude
                0x200015a8                m_VcoPhz
                0x200015b0                m_BitSignal
                0x200015c0                Filter_delay_I3
                0x20001644                m_IMDValid
                0x20001648                NCO_Frequency
                0x20001650                m_SquelchSpeed
                0x20001654                USB_Out
                0x20001a54                FIR_I_In
                0x20001e54                m_AFCCaptureOn
                0x20001e58                PSK_Gain
                0x20001e60                m_SyncAve
                0x20001f08                m_SQThresh
                0x20001f10                IQ
                0x20001f20                m_VaricodeDecTbl
                0x20002720                DMA_RX_Memory
                0x20002724                LSB_Out
                0x20002b24                m_OffCount
                0x20002b28                PSK_Tx
                0x20002b2c                m_LastPkPos
                0x20002b30                m_PkPos
                0x20002b38                m_NCOphzinc
                0x20002b40                m_AFClimit
                0x20002b48                m_FastAFCMode
                0x20002b4c                Mode
                0x20002b50                Samp
                0x20002b60                m_SampleFreq
                0x20002b68                i
                0x20002b6a                FIR_Q_In
                0x20002f6c                m_SampCnt
                0x20002f70                m_LastBitZero
                0x20002f74                m_SQLevel
                0x20002f78                m_IQPhaseArray
                0x20002fc8                Filter_delay_I2
                0x20003014                DMA_TX_Memory
                0x20003018                m_BitAcc
                0x2000301c                Tx1BufferDMA
                0x2000381c                Rx1BufferDMA
                0x20004020                m_I1
                0x20004028                Filter_delay_Q4
                0x200040b0                m_QFreqError
                0x200040b8                Tx0BufferDMA
                0x200048b8                m_I0
                0x200048c0                m_OnCount
                0x200048c4                FIR_Q_Out
                0x20004cc8                newsamp
                0x20004cd8                m_AGCave
                0x20004ce0                key
                0x20004ce4                m_Pcnt
                0x20004ce8                m_AFCmode
                0x20004cec                Filter_delay_Q2
                0x20004d38                m_FperrAve
                0x20004d40                m_Ncnt
                0x20004d48                m_FferrAve
                0x20004d50                m_SQOpen
                0x20004d58                m_Q0
                0x20004d60                m_NLPk
                0x20004d68                m_DevAve
                0x20004d70                m_AFCTimer
                0x20004d74                Filter_delay_Q1
                0x20004dc0                m_NewPkPos
                0x20004dc8                m_AFCmin
                0x20004dd0                m_BitPos
                0x20004dd4                m_SampleClkAdj
                0x20004dd8                m_BitPhasePos
                0x20004de0                m_AFCmax
                0x20004de8                Filter_delay_I1
                0x20004e34                m_ClkErrTimer
                0x20004e38                m_Q1
                0x20004e40                m_SyncArray
                0x20004e90                Rx0BufferDMA
                0x20005690                sample
                0x200056a0                m_ClkError
                0x200056a4                FFT_Input
                0x20005aa8                m_FreqError
                0x20005ab0                Flag
 COMMON         0x20005ab4     0x1210 obj\.\src\DSP_Processing.o
                0x20005ab4                FFT_Test
                0x20005eb4                FIR_State_I
                0x200063b2                FFT_Scale
                0x200067b2                FFT_status
                0x200067b4                FIR_State_Q
                0x20006cb4                S_CFFT
 *fill*         0x20006cc4        0x4 00
 COMMON         0x20006cc8       0xb5 obj\.\src\Encoder_1.o
                0x20006cc8                RFREQ_FRAC
                0x20006ccc                Freq_Max
                0x20006cd0                si570_read
                0x20006cd8                Freq_Disp
                0x20006cdc                EEProm_Value1
                0x20006ce0                N1
                0x20006ce8                FXTAL
                0x20006cf0                RFREQ
                0x20006cf8                FOUT
                0x20006d00                F0
                0x20006d08                HS_DIV
                0x20006d0c                EEProm_Value
                0x20006d10                SI570_Chk
                0x20006d14                RFREQ_INT
                0x20006d18                ENC_Sens1
                0x20006d1a                EEProm_Chk
                0x20006d1c                read_SS1
                0x20006d20                Old_RFREQ
                0x20006d28                Freq_Min
                0x20006d2c                Freq_Set
                0x20006d6c                F_Mult
                0x20006d70                EXTI_InitStructure
                0x20006d78                F_Unit
                0x20006d7c                DIR1
 *fill*         0x20006d7d        0x1 00
 COMMON         0x20006d7e        0x4 obj\.\src\Encoder_2.o
                0x20006d7e                DIR2
                0x20006d80                ENC_Sens2
 *fill*         0x20006d82        0x6 00
 COMMON         0x20006d88       0x3c obj\.\src\PSK_Det.o
                0x20006d88                m_PSKPeriodUpdate
                0x20006d90                BT_Flag
                0x20006d94                char_count
                0x20006d98                count
                0x20006d9c                received_string
 COMMON         0x20006dc4      0x126 obj\.\src\TFT_Display.o
                0x20006dc4                TIM_TimeBaseStructure
                0x20006dd0                Y_Point
                0x20006dd2                X_Point
                0x20006dd4                TIM_OCInitStructure
                0x20006de8                FFT_Display
                0x20006ee8                TouchFlag
 COMMON         0x20006eea        0x1 obj\.\src\User_Button.o
                0x20006eea                PB_State
 *fill*         0x20006eeb        0x1 00
 COMMON         0x20006eec       0x88 obj\.\src\main.o
                0x20006eec                old_SS2_position
                0x20006eee                j
                0x20006ef0                FFT_Output
                0x20006f70                old_SS1_position
                0x20006f72                Display_Flag
 COMMON         0x20006f74        0x4 obj\.\src\stm32f4_discovery.o
                0x20006f74                NVIC_InitStructure
 COMMON         0x20006f78        0x4 obj\.\src\touch_pad.o
                0x20006f78                screen
 COMMON         0x20006f7c        0x1 obj\.\src\usb_bsp.o
                0x20006f7c                HSEStartUpStatus
 *fill*         0x20006f7d        0x3 00
 COMMON         0x20006f80        0x4 obj\.\src\xprintf.o
                0x20006f80                xfunc_out
                0x20006f84                . = ALIGN (0x4)
                0x20006f84                _ebss = .
                0x20006f84                __bss_end__ = _ebss

._user_heap_stack
                0x20006f84      0x400 load address 0x0801dccc
                0x20006f84                . = ALIGN (0x4)
                0x20006f84                PROVIDE (end, .)
                0x20006f84                PROVIDE (_end, .)
                0x20006f84                . = (. + Heap_Size)
                0x20007384                . = (. + Stack_Size)
 *fill*         0x20006f84      0x400 00
                0x20007384                . = ALIGN (0x4)

.ramccm
 *(.ccmtext)
 *(.ccmtext*)
 *(.ccmrodata)
 *(.ccmrodata*)

/DISCARD/
 libc.a(*)
 libm.a(*)
 libgcc.a(*)

.ARM.attributes
                0x00000000       0x37
 *(.ARM.attributes)
 .ARM.attributes
                0x00000000       0x27 obj\.\startup\startup_stm32f4xx.o
 .ARM.attributes
                0x00000027       0x3b obj\.\src\AsciiLib.o
 .ARM.attributes
                0x00000062       0x3b obj\.\src\CW_Mod.o
 .ARM.attributes
                0x0000009d       0x3b obj\.\src\ChangeOver.o
 .ARM.attributes
                0x000000d8       0x3b obj\.\src\Codec_Gains.o
 .ARM.attributes
                0x00000113       0x3b obj\.\src\DMA_IRQ_Handler.o
 .ARM.attributes
                0x0000014e       0x3b obj\.\src\DMA_Test_Pins.o
 .ARM.attributes
                0x00000189       0x3b obj\.\src\DSP_Processing.o
 .ARM.attributes
                0x000001c4       0x3b obj\.\src\Encoder_1.o
 .ARM.attributes
                0x000001ff       0x3b obj\.\src\Encoder_2.o
 .ARM.attributes
                0x0000023a       0x3b obj\.\src\FIR_Coefficients.o
 .ARM.attributes
                0x00000275       0x3b obj\.\src\Init_Codec.o
 .ARM.attributes
                0x000002b0       0x3b obj\.\src\Init_DMA.o
 .ARM.attributes
                0x000002eb       0x3b obj\.\src\Init_I2C.o
 .ARM.attributes
                0x00000326       0x3b obj\.\src\Init_I2S.o
 .ARM.attributes
                0x00000361       0x3b obj\.\src\ModeSelect.o
 .ARM.attributes
                0x0000039c       0x3b obj\.\src\PSKMod.o
 .ARM.attributes
                0x000003d7       0x3b obj\.\src\PSK_Det.o
 .ARM.attributes
                0x00000412       0x3b obj\.\src\Si570.o
 .ARM.attributes
                0x0000044d       0x3b obj\.\src\Sine_table.o
 .ARM.attributes
                0x00000488       0x3b obj\.\src\TFT_Display.o
 .ARM.attributes
                0x000004c3       0x3b obj\.\src\User_Button.o
 .ARM.attributes
                0x000004fe       0x3b obj\.\src\eeprom.o
 .ARM.attributes
                0x00000539       0x3b obj\.\src\main.o
 .ARM.attributes
                0x00000574       0x3b obj\.\src\stm32f4_discovery.o
 .ARM.attributes
                0x000005af       0x3b obj\.\src\stm32f4xx_it.o
 .ARM.attributes
                0x000005ea       0x3b obj\.\src\system_stm32f4xx.o
 .ARM.attributes
                0x00000625       0x3b obj\.\src\touch_pad.o
 .ARM.attributes