Archive member included because of file (symbol)

.\externals\libs\libstm32f4xx_peripherals.a(misc.o)
                              obj\.\src\Encoder_1.o (NVIC_Init)
.\externals\libs\libstm32f4xx_peripherals.a(stm32f4xx_dma.o)
                              obj\.\src\Init_DMA.o (DMA_DeInit)
.\externals\libs\libstm32f4xx_peripherals.a(stm32f4xx_exti.o)
                              obj\.\src\Encoder_1.o (EXTI_Init)
.\externals\libs\libstm32f4xx_peripherals.a(stm32f4xx_fsmc.o)
                              obj\.\src\TFT_Display.o (FSMC_NORSRAMInit)
.\externals\libs\libstm32f4xx_peripherals.a(stm32f4xx_gpio.o)
                              obj\.\src\ChangeOver.o (GPIO_Init)
.\externals\libs\libstm32f4xx_peripherals.a(stm32f4xx_i2c.o)
                              obj\.\src\Init_I2C.o (I2C_DeInit)
.\externals\libs\libstm32f4xx_peripherals.a(stm32f4xx_rcc.o)
                              .\externals\libs\libstm32f4xx_peripherals.a(stm32f4xx_i2c.o) (RCC_GetClocksFreq)
.\externals\libs\libstm32f4xx_peripherals.a(stm32f4xx_spi.o)
                              obj\.\src\touch_pad.o (SPI_I2S_DeInit)
.\externals\libs\libstm32f4xx_peripherals.a(stm32f4xx_syscfg.o)
                              obj\.\src\Encoder_1.o (SYSCFG_EXTILineConfig)
.\externals\libs\libstm32f4xx_peripherals.a(stm32f4xx_tim.o)
                              obj\.\src\TFT_Display.o (TIM_TimeBaseInit)
.\externals\libs\libstm32f4xx_peripherals.a(stm32f4xx_usart.o)
                              obj\.\src\uart.o (USART_Init)
.\externals\libs\libstm32f4xx_math.a(arm_cmplx_mag_squared_q15.o)
                              obj\.\src\DSP_Processing.o (arm_cmplx_mag_squared_q15)
.\externals\libs\libstm32f4xx_math.a(arm_shift_q15.o)
                              obj\.\src\DSP_Processing.o (arm_shift_q15)
.\externals\libs\libstm32f4xx_math.a(arm_fir_decimate_q15.o)
                              obj\.\src\PSK_Det.o (arm_fir_decimate_q15)
.\externals\libs\libstm32f4xx_math.a(arm_fir_q15.o)
                              obj\.\src\DSP_Processing.o (arm_fir_q15)
.\externals\libs\libstm32f4xx_math.a(arm_cfft_radix4_q15.o)
                              obj\.\src\DSP_Processing.o (arm_cfft_radix4_q15)
.\externals\libs\libstm32f4xx_math.a(arm_cfft_radix4_init_q15.o)
                              obj\.\src\DSP_Processing.o (arm_cfft_radix4_init_q15)
.\externals\libs\libstm32f4xx_math.a(arm_common_tables.o)
                              .\externals\libs\libstm32f4xx_math.a(arm_cfft_radix4_init_q15.o) (armBitRevTable)
c:/program files/gnu tools arm embedded/4.6 2012q2/bin/../lib/gcc/arm-none-eabi/4.6.2/../../../../arm-none-eabi/lib/armv7e-m/fpu\libm.a(lib_a-w_atan2.o)
                              obj\.\src\PSK_Det.o (atan2)
c:/program files/gnu tools arm embedded/4.6 2012q2/bin/../lib/gcc/arm-none-eabi/4.6.2/../../../../arm-none-eabi/lib/armv7e-m/fpu\libm.a(lib_a-w_fmod.o)
                              obj\.\src\PSK_Det.o (fmod)
c:/program files/gnu tools arm embedded/4.6 2012q2/bin/../lib/gcc/arm-none-eabi/4.6.2/../../../../arm-none-eabi/lib/armv7e-m/fpu\libm.a(lib_a-w_log.o)
                              obj\.\src\main.o (log)
c:/program files/gnu tools arm embedded/4.6 2012q2/bin/../lib/gcc/arm-none-eabi/4.6.2/../../../../arm-none-eabi/lib/armv7e-m/fpu\libm.a(lib_a-w_sqrt.o)
                              obj\.\src\PSK_Det.o (sqrt)
c:/program files/gnu tools arm embedded/4.6 2012q2/bin/../lib/gcc/arm-none-eabi/4.6.2/../../../../arm-none-eabi/lib/armv7e-m/fpu\libm.a(lib_a-e_atan2.o)
                              c:/program files/gnu tools arm embedded/4.6 2012q2/bin/../lib/gcc/arm-none-eabi/4.6.2/../../../../arm-none-eabi/lib/armv7e-m/fpu\libm.a(lib_a-w_atan2.o) (__ieee754_atan2)
c:/program files/gnu tools arm embedded/4.6 2012q2/bin/../lib/gcc/arm-none-eabi/4.6.2/../../../../arm-none-eabi/lib/armv7e-m/fpu\libm.a(lib_a-e_fmod.o)
                              c:/program files/gnu tools arm embedded/4.6 2012q2/bin/../lib/gcc/arm-none-eabi/4.6.2/../../../../arm-none-eabi/lib/armv7e-m/fpu\libm.a(lib_a-w_fmod.o) (__ieee754_fmod)
c:/program files/gnu tools arm embedded/4.6 2012q2/bin/../lib/gcc/arm-none-eabi/4.6.2/../../../../arm-none-eabi/lib/armv7e-m/fpu\libm.a(lib_a-e_log.o)
                              c:/program files/gnu tools arm embedded/4.6 2012q2/bin/../lib/gcc/arm-none-eabi/4.6.2/../../../../arm-none-eabi/lib/armv7e-m/fpu\libm.a(lib_a-w_log.o) (__ieee754_log)
c:/program files/gnu tools arm embedded/4.6 2012q2/bin/../lib/gcc/arm-none-eabi/4.6.2/../../../../arm-none-eabi/lib/armv7e-m/fpu\libm.a(lib_a-e_sqrt.o)
                              c:/program files/gnu tools arm embedded/4.6 2012q2/bin/../lib/gcc/arm-none-eabi/4.6.2/../../../../arm-none-eabi/lib/armv7e-m/fpu\libm.a(lib_a-w_sqrt.o) (__ieee754_sqrt)
c:/program files/gnu tools arm embedded/4.6 2012q2/bin/../lib/gcc/arm-none-eabi/4.6.2/../../../../arm-none-eabi/lib/armv7e-m/fpu\libm.a(lib_a-s_atan.o)
[...]
Memory Configuration

Name             Origin             Length             Attributes
FLASH            0x08000000         0x00100000         xr
RAMCCM           0x10000000         0x00010000         xrw
RAM              0x20000000         0x00020000         xrw
*default*        0x00000000         0xffffffff

Linker script and memory map

LOAD obj\.\startup\startup_stm32f4xx.o
LOAD obj\.\src\AsciiLib.o
LOAD obj\.\src\ChangeOver.o
LOAD obj\.\src\Codec_Gains.o
LOAD obj\.\src\CW_Mod.o
LOAD obj\.\src\DMA_IRQ_Handler.o
LOAD obj\.\src\DMA_Test_Pins.o
LOAD obj\.\src\DSP_Processing.o
LOAD obj\.\src\eeprom.o
LOAD obj\.\src\Encoder_1.o
LOAD obj\.\src\Encoder_2.o
LOAD obj\.\src\FIR_Coefficients.o
LOAD obj\.\src\Init_Codec.o
LOAD obj\.\src\Init_DMA.o
LOAD obj\.\src\Init_I2C.o
LOAD obj\.\src\Init_I2S.o
LOAD obj\.\src\main.o
LOAD obj\.\src\ModeSelect.o
LOAD obj\.\src\PSK_Det.o
LOAD obj\.\src\PSKMod.o
LOAD obj\.\src\Si570.o
LOAD obj\.\src\Sine_table.o
LOAD obj\.\src\stm32f4xx_it.o
LOAD obj\.\src\system_stm32f4xx.o
LOAD obj\.\src\TFT_Display.o
LOAD obj\.\src\touch_pad.o
LOAD obj\.\src\uart.o
LOAD obj\.\src\User_Button.o
LOAD obj\.\src\xprintf.o
LOAD .\externals\libs\libstm32f4xx_peripherals.a
LOAD .\externals\libs\libstm32f4xx_math.a
LOAD c:/program files/gnu tools arm embedded/4.6 2012q2/bin/../lib/gcc/arm-none-eabi/4.6.2/../../../../arm-none-eabi/lib/armv7e-m/fpu\libm.a
START GROUP
LOAD c:/program files/gnu tools arm embedded/4.6 2012q2/bin/../lib/gcc/arm-none-eabi/4.6.2/armv7e-m/fpu\libgcc.a
LOAD c:/program files/gnu tools arm embedded/4.6 2012q2/bin/../lib/gcc/arm-none-eabi/4.6.2/../../../../arm-none-eabi/lib/armv7e-m/fpu\libc.a
END GROUP
                0x20020000                top_of_stack = (ORIGIN (RAM) + 0x20000)
                0x00000000                Heap_Size = 0x0
                0x00000400                Stack_Size = 0x400

.Vector_Table   0x08000000      0x188
                0x08000000                . = ALIGN (0x4)
 *(.Vector_Table)
 .Vector_Table  0x08000000      0x188 obj\.\startup\startup_stm32f4xx.o
                0x08000000                Vector_Table
                0x08000188                . = ALIGN (0x4)

.text           0x08000188    0x16718
                0x08000188                . = ALIGN (0x4)
 *(.text)
 .text          0x08000188       0x14 obj\.\startup\startup_stm32f4xx.o
 .text          0x0800019c       0x64 obj\.\src\AsciiLib.o
                0x0800019c                GetASCIICode1
                0x080001b0                GetASCIICode2
                0x080001c4                GetASCIICode3
                0x080001d8                GetASCIICode4
                0x080001ec                GetASCIICode5
 .text          0x08000200      0x1ac obj\.\src\ChangeOver.o
                0x08000200                Receive_Sequence
                0x08000250                Xmit_SSB_Sequence
                0x080002a8                Xmit_CW_Sequence
                0x08000300                Xmit_PSK_Sequence
                0x08000350                Init_PTT_IO
 .text          0x080003ac      0x24c obj\.\src\Codec_Gains.o
                0x080003ac                Set_HP_Gain
                0x080003e6                Set_LO_Gain
                0x08000420                Set_PGA_Gain
                0x08000468                Set_DAC_DVC
                0x080004be                Set_ADC_DVC
                0x08000512                Turn_On_Bias
                0x08000538                Turn_Off_Bias
                0x0800055e                Disconnect_PGA
                0x08000594                Mute_HP
                0x08000598                Mute_LO
                0x0800059c                Connect_IQ_Inputs
                0x080005d2                Connect_Microphone_Input
 .text          0x080005f8       0x38 obj\.\src\CW_Mod.o
                0x080005f8                Init_CW_GPIO
 .text          0x08000630      0xb18 obj\.\src\DMA_IRQ_Handler.o
                0x08000630                Rcvr_DSP
                0x08000814                Xmit_SSB
                0x080009dc                Xmit_CW
                0x08000cdc                Xmit_PSK
                0x08001078                DMA1_Stream0_IRQHandler
 .text          0x08001148       0x34 obj\.\src\DMA_Test_Pins.o
                0x08001148                TEST_GPIO_Init
 .text          0x0800117c       0xd0 obj\.\src\DSP_Processing.o
                0x0800117c                Process_FIR_I
                0x08001198                Process_FIR_Q
                0x080011b4                Sideband_Demod
                0x080011f4                Process_FFT
 .text          0x0800124c      0x124 obj\.\src\eeprom.o
                0x0800124c                Write_Int_EEProm
                0x08001268                Read_Int_EEProm
                0x08001286                Write_Long_EEProm
                0x080012b8                Read_Long_EEProm
                0x080012f0                Store_SI570_Data
                0x08001310                Read_SI570_Data
                0x08001330                Store_IQ_Data
                0x08001350                Read_IQ_Data
 .text          0x08001370      0xa18 obj\.\src\Encoder_1.o
                0x08001370                Encoder1_GPIO_Config
                0x0800140c                Set_Initial_SI570_Data
                0x08001490                check_SS1
                0x080014ac                process_encoder1
                0x0800188c                process_SS1
                0x08001c08                init_encoder1
                0x08001cf8                Increase_Step
                0x08001d3c                Decrease_Step
 .text          0x08001d88      0x990 obj\.\src\Encoder_2.o
                0x08001d88                Encoder2_GPIO_Config
                0x08001e08                Set_Initial_IQ_Data
                0x08001e38                Set_Minimums
                0x08001e70                Set_Maximums
                0x08001ea8                Set_IQ_Units
                0x08001ed8                check_SS2
                0x08001ef4                process_encoder2
                0x08002470                process_SS2
                0x080025d4                init_encoder2
                0x080026d8                Store_Defaults
 .text          0x08002718        0x0 obj\.\src\FIR_Coefficients.o
 .text          0x08002718      0x334 obj\.\src\Init_Codec.o
                0x08002718                Codec_GPIO_Init
                0x08002748                Codec_Reset
                0x08002770                Codec_Init
 .text          0x08002a4c      0x154 obj\.\src\Init_DMA.o
                0x08002a4c                Audio_DMA_Init
                0x08002b90                Audio_DMA_Start
 .text          0x08002ba0      0x7c4 obj\.\src\Init_I2C.o
                0x08002ba0                I2C_GPIO_Init
                0x08002bec                I2C_Cntrl_Init
                0x08002c4c                I2C_WriteRegister
                0x08002d6c                I2C_WriteRegister_N
                0x08002e98                I2C_ReadSlave
                0x08003040                I2C_ReadEEProm
                0x08003214                Delay
                0x08003230                I2C_WriteEEProm
 .text          0x08003364       0xd4 obj\.\src\Init_I2S.o
                0x08003364                I2S_GPIO_Init
                0x080033d4                Codec_AudioInterface_Init
 .text          0x08003438      0x1a0 obj\.\src\main.o
                0x08003438                main_delay
                0x08003454                displaySplashScreen
                0x0800348c                initializeHardware
 .text          0x080035d8       0xa0 obj\.\src\ModeSelect.o
                0x080035d8                Init_Mode
                0x0800363c                Set_Mode_Display
 .text          0x08003678     0x1648 obj\.\src\PSK_Det.o
                0x08003678                SetSampleClkAdj
                0x08003718                CPSKInitDet
                0x080037c0                SetRXFrequency
                0x08003898                SetAFCLimit
                0x0800396c                ResetDetector
                0x080039d4                InitPSK
                0x08003b5c                ResetModem
                0x08003b9c                CalcFFreqError
                0x08003dd4                CalcFreqError
                0x08004034                CalcAGC
                0x08004170                SymbSync
                0x080043a0                CalcQuality
                0x08004780                DecodeSymb
                0x080049e8                ProcPSKDet
 .text          0x08004cc0      0x140 obj\.\src\PSKMod.o
                0x08004cc0                InitPSKModulator
                0x08004d1c                GetTxChar
                0x08004d3c                GetNextBPSKSymbol
                0x08004d84                Update_PSK
 .text          0x08004e00      0x4f0 obj\.\src\Si570.o
                0x08004e00                Recall_F0
                0x08004e26                Set_HS_DIV_N1
                0x08004f2c                Pack_Si570_registers
                0x08005010                Unpack_Si570_registers
                0x080050bc                Check_SI570
                0x080050d0                Read_Si570_registers
                0x080050ec                Compute_FXTAL
                0x08005154                Large_RFREQ_Change
                0x080051c8                Write_Si570_registers
                0x0800522c                Output_Frequency
                0x080052b4                Si570_StartUp
 .text          0x080052f0        0x0 obj\.\src\Sine_table.o
 .text          0x080052f0       0x12 obj\.\src\stm32f4xx_it.o
                0x080052f0                NMI_Handler
                0x080052f2                HardFault_Handler
                0x080052f4                MemManage_Handler
                0x080052f6                BusFault_Handler
                0x080052f8                UsageFault_Handler
                0x080052fa                SVC_Handler
                0x080052fc                DebugMon_Handler
                0x080052fe                PendSV_Handler
                0x08005300                SysTick_Handler
 *fill*         0x08005302        0x2 00
 .text          0x08005304      0x198 obj\.\src\system_stm32f4xx.o
                0x08005304                SystemInit
                0x08005428                SystemCoreClockUpdate
 *fill*         0x0800549c        0x4 00
 .text          0x080054a0     0x1198 obj\.\src\TFT_Display.o
                0x080054a0                LCD_WriteRAM_Prepare
                0x080054aa                LCD_WriteRAM
                0x080054b4                LCD_WriteReg
                0x080054c2                LCD_DisplayOn
                0x080054d6                LCD_DisplayOff
                0x080054e8                LCD_SetColors
                0x08005514                LCD_GetColors
                0x08005530                LCD_SetTextColor
                0x08005548                LCD_SetBackColor
                0x08005560                LCD_CharSize
                0x08005578                LCD_SetCursor
                0x08005590                PutPixel
                0x080055c4                Pixel
                0x080055ee                LCD_PutChar
                0x08005804                LCD_StringLine
                0x0800585c                LCD_DrawFFT
                0x08005918                LCD_DrawLine
                0x08005988                LCD_DrawRect
                0x080059f4                LCD_DrawSquare
                0x08005a5e                LCD_DrawCircle
                0x08005b28                LCD_DrawFullRect
                0x08005b6c                LCD_DrawFullSquare
                0x08005ba8                LCD_DrawUniLine
                0x08005cf6                LCD_DrawFullCircle
                0x08005d8a                LCD_CtrlLinesConfig
                0x08005ee4                LCD_FSMCConfig
                0x08005f4e                LCD_PolyLine
                0x08005f7a                LCD_ClosedPolyLine
                0x08005f9a                LCD_PolyLineRelative
                0x08005f9e                LCD_ClosedPolyLineRelative
                0x08005fa2                LCD_FillPolyLine
                0x08006178                LCD_BackLight
                0x080061b4                TIM_Config
                0x08006288                LCD_SetDisplayWindow
                0x080062e0                TFT_Delay
                0x080062fc                LCD_Clear
                0x08006328                LCD_Reset
                0x08006350                LCD_Init
                0x0800653c                Plot_String
                0x0800655c                Plot_Integer
                0x080065dc                Plot_Freq
 .text          0x08006638      0x740 obj\.\src\touch_pad.o
                0x080066e4                touch_init
                0x080067e8                touch_interrupt_init
                0x08006834                Read_X
                0x0800686c                Read_Y
                0x080068a4                TP_GetAdXY
                0x080068c0                Read_Ads7846
                0x08006a04                Draw_Touch_Point
                0x08006a80                GetTouchPoint
                0x08006cf8                EXTI9_5_IRQHandler
                0x08006d70                TouchPanel_Calibrate
 .text          0x08006d78      0x178 obj\.\src\uart.o
                0x08006d78                uart_putc
                0x08006d94                uart_init
                0x08006e88                uart_deinit
                0x08006e98                USART2_IRQHandler
 .text          0x08006ef0       0xb8 obj\.\src\User_Button.o
                0x08006ef0                User_Button_Config
                0x08006f2c                BT_Flag_Config
                0x08006f64                Check_BT_Flag
                0x08006f80                EXTI0_IRQHandler
 .text          0x08006fa8      0x300 obj\.\src\xprintf.o
                0x08006fa8                xputc
                0x08006fd8                xputs
                0x08007194                xfputs
                0x080071b4                xprintf
                0x080071cc                xsprintf
                0x080071f8                xfprintf
                0x08007220                put_dump
 .text          0x080072a8       0xc4 .\externals\libs\libstm32f4xx_peripherals.a(misc.o)
                0x080072a8                NVIC_PriorityGroupConfig
                0x080072bc                NVIC_Init
                0x08007328                NVIC_SetVectorTable
                0x0800733c                NVIC_SystemLPConfig
                0x08007354                SysTick_CLKSourceConfig
 .text          0x0800736c      0x330 .\externals\libs\libstm32f4xx_peripherals.a(stm32f4xx_dma.o)
                0x0800736c                DMA_DeInit
                0x08007484                DMA_Init
                0x080074d8                DMA_StructInit
                0x080074fa                DMA_Cmd
                0x0800750c                DMA_PeriphIncOffsetSizeConfig
                0x0800751e                DMA_FlowControllerConfig
                0x08007530                DMA_SetCurrDataCounter
                0x08007534                DMA_GetCurrDataCounter
                0x0800753a                DMA_DoubleBufferModeConfig
                0x0800754e                DMA_DoubleBufferModeCmd
                0x08007560                DMA_MemoryTargetConfig
                0x0800756a                DMA_GetCurrentMemoryTarget
                0x08007572                DMA_GetCmdStatus
                0x0800757a                DMA_GetFIFOStatus
                0x08007582                DMA_GetFlagStatus
                0x080075b8                DMA_ClearFlag
                0x080075e8                DMA_ITConfig
                0x08007616                DMA_GetITStatus
                0x0800766c                DMA_ClearITPendingBit
 .text          0x0800769c       0xf8 .\externals\libs\libstm32f4xx_peripherals.a(stm32f4xx_exti.o)
                0x0800769c                EXTI_DeInit
                0x080076b8                EXTI_Init
                0x08007730                EXTI_StructInit
                0x0800773e                EXTI_GenerateSWInterrupt
                0x0800774c                EXTI_GetFlagStatus
                0x08007760                EXTI_ClearFlag
                0x0800776c                EXTI_GetITStatus
                0x08007788                EXTI_ClearITPendingBit
 .text          0x08007794      0x464 .\externals\libs\libstm32f4xx_peripherals.a(stm32f4xx_fsmc.o)
                0x08007794                FSMC_NORSRAMDeInit
                0x080077c2                FSMC_NORSRAMInit
                0x08007874                FSMC_NORSRAMStructInit
                0x080078c2                FSMC_NORSRAMCmd
                0x080078e4                FSMC_NANDDeInit
                0x0800790c                FSMC_NANDInit
                0x08007974                FSMC_NANDStructInit
                0x0800799e                FSMC_NANDCmd
                0x080079d0                FSMC_NANDECCCmd
                0x08007a04                FSMC_GetECC
                0x08007a1c                FSMC_PCCARDDeInit
                0x08007a38                FSMC_PCCARDInit
                0x08007aa0                FSMC_PCCARDStructInit
                0x08007aca                FSMC_PCCARDCmd
                0x08007ae8                FSMC_ITConfig
                0x08007b34                FSMC_GetFlagStatus
                0x08007b60                FSMC_ClearFlag
                0x08007b90                FSMC_GetITStatus
                0x08007bc4                FSMC_ClearITPendingBit
 .text          0x08007bf8      0x204 .\externals\libs\libstm32f4xx_peripherals.a(stm32f4xx_gpio.o)
                0x08007bf8                GPIO_DeInit
                0x08007cd0                GPIO_Init
                0x08007d58                GPIO_StructInit
                0x08007d6a                GPIO_PinLockConfig
                0x08007d8e                GPIO_ReadInputDataBit
                0x08007d9a                GPIO_ReadInputData
                0x08007da0                GPIO_ReadOutputDataBit
                0x08007dac                GPIO_ReadOutputData
                0x08007db2                GPIO_SetBits
                0x08007db6                GPIO_ResetBits
                0x08007dba                GPIO_WriteBit
                0x08007dc4                GPIO_Write
                0x08007dc8                GPIO_ToggleBits
                0x08007dd0                GPIO_PinAFConfig
 .text          0x08007dfc      0x3d4 .\externals\libs\libstm32f4xx_peripherals.a(stm32f4xx_i2c.o)
                0x08007dfc                I2C_DeInit
                0x08007e58                I2C_Init
                0x08007f24                I2C_StructInit
                0x08007f40                I2C_Cmd
                0x08007f58                I2C_GenerateSTART
                0x08007f70                I2C_GenerateSTOP
                0x08007f88                I2C_Send7bitAddress
                0x08007f98                I2C_AcknowledgeConfig
                0x08007fb0                I2C_OwnAddress2Config
                0x08007fc2                I2C_DualAddressCmd
                0x08007fda                I2C_GeneralCallCmd
                0x08007ff2                I2C_SoftwareResetCmd
                0x0800800a                I2C_StretchClockCmd
                0x08008022                I2C_FastModeDutyCycleConfig
                0x0800803e                I2C_NACKPositionConfig
                0x0800805a                I2C_SMBusAlertConfig
                0x08008076                I2C_ARPCmd
                0x0800808e                I2C_SendData
                0x08008092                I2C_ReceiveData
                0x08008098                I2C_TransmitPEC
                0x080080b0                I2C_PECPositionConfig
                0x080080cc                I2C_CalculatePEC
                0x080080e4                I2C_GetPEC
                0x080080ec                I2C_DMACmd
                0x08008104                I2C_DMALastTransferCmd
                0x0800811c                I2C_ReadRegister
                0x08008134                I2C_ITConfig
                0x08008146                I2C_CheckEvent
                0x08008160                I2C_GetLastEvent
                0x08008170                I2C_GetFlagStatus
                0x080081a4                I2C_ClearFlag
                0x080081ac                I2C_GetITStatus
                0x080081c8                I2C_ClearITPendingBit
 .text          0x080081d0      0x454 .\externals\libs\libstm32f4xx_peripherals.a(stm32f4xx_rcc.o)
                0x080081d0                RCC_DeInit
                0x08008204                RCC_HSEConfig
                0x08008214                RCC_AdjustHSICalibrationValue
                0x08008228                RCC_HSICmd
                0x08008234                RCC_LSEConfig
                0x08008254                RCC_LSICmd
                0x08008260                RCC_PLLConfig
                0x08008280                RCC_PLLCmd
                0x0800828c                RCC_PLLI2SConfig
                0x080082a0                RCC_PLLI2SCmd
                0x080082ac                RCC_ClockSecuritySystemCmd
                0x080082b8                RCC_MCO1Config
                0x080082cc                RCC_MCO2Config
                0x080082e0                RCC_SYSCLKConfig
                0x080082f4                RCC_GetSYSCLKSource
                0x08008304                RCC_HCLKConfig
                0x08008318                RCC_PCLK1Config
                0x0800832c                RCC_PCLK2Config
                0x08008340                RCC_GetClocksFreq
                0x080083cc                RCC_RTCCLKConfig
                0x080083fc                RCC_RTCCLKCmd
                0x08008408                RCC_BackupResetCmd
                0x08008414                RCC_I2SCLKConfig
                0x08008420                RCC_AHB1PeriphClockCmd
                0x08008438                RCC_AHB2PeriphClockCmd
                0x08008450                RCC_AHB3PeriphClockCmd
                0x08008468                RCC_APB1PeriphClockCmd
                0x08008480                RCC_APB2PeriphClockCmd
                0x08008498                RCC_AHB1PeriphResetCmd
                0x080084b0                RCC_AHB2PeriphResetCmd
                0x080084c8                RCC_AHB3PeriphResetCmd
                0x080084e0                RCC_APB1PeriphResetCmd
                0x080084f8                RCC_APB2PeriphResetCmd
                0x08008510                RCC_AHB1PeriphClockLPModeCmd
                0x08008528                RCC_AHB2PeriphClockLPModeCmd
                0x08008540                RCC_AHB3PeriphClockLPModeCmd
                0x08008558                RCC_APB1PeriphClockLPModeCmd
                0x08008570                RCC_APB2PeriphClockLPModeCmd
                0x08008588                RCC_ITConfig
                0x080085a0                RCC_GetFlagStatus
                0x080085c8                RCC_WaitForHSEStartUp
                0x080085f4                RCC_ClearFlag
                0x08008604                RCC_GetITStatus
                0x08008618                RCC_ClearITPendingBit
 .text          0x08008624      0x354 .\externals\libs\libstm32f4xx_peripherals.a(stm32f4xx_spi.o)
                0x08008624                SPI_I2S_DeInit
                0x08008688                SPI_Init
                0x080086c6                I2S_Init
                0x08008794                SPI_StructInit
                0x080087ac                I2S_StructInit
                0x080087be                SPI_Cmd
                0x080087d6                I2S_Cmd
                0x080087ee                SPI_DataSizeConfig
                0x08008804                SPI_BiDirectionalLineConfig
                0x08008820                SPI_NSSInternalSoftwareConfig
                0x0800883e                SPI_SSOutputCmd
                0x08008856                SPI_TIModeCmd
                0x0800886e                I2S_FullDuplexConfig
                0x080088b8                SPI_I2S_ReceiveData
                0x080088be                SPI_I2S_SendData
                0x080088c2                SPI_CalculateCRC
                0x080088da                SPI_TransmitCRC
                0x080088e6                SPI_GetCRC
                0x080088f6                SPI_GetCRCPolynomial
                0x080088fc                SPI_I2S_DMACmd
                0x0800890e                SPI_I2S_ITConfig
                0x0800892c                SPI_I2S_GetFlagStatus
                0x08008938                SPI_I2S_ClearFlag
                0x08008940                SPI_I2S_GetITStatus
                0x08008966                SPI_I2S_ClearITPendingBit
 .text          0x08008978       0x80 .\externals\libs\libstm32f4xx_peripherals.a(stm32f4xx_syscfg.o)
                0x08008978                SYSCFG_DeInit
                0x08008992                SYSCFG_MemoryRemapConfig
                0x0800899c                SYSCFG_EXTILineConfig
                0x080089d0                SYSCFG_ETH_MediaInterfaceConfig
                0x080089dc                SYSCFG_CompensationCellCmd
                0x080089e8                SYSCFG_GetCompensationCellStatus
 .text          0x080089f8      0xb0c .\externals\libs\libstm32f4xx_peripherals.a(stm32f4xx_tim.o)
                0x08008a64                TIM_DeInit
                0x08008bb8                TIM_TimeBaseInit
                0x08008c34                TIM_TimeBaseStructInit
                0x08008c46                TIM_PrescalerConfig
                0x08008c4c                TIM_CounterModeConfig
                0x08008c5c                TIM_SetCounter
                0x08008c60                TIM_SetAutoreload
                0x08008c64                TIM_GetCounter
                0x08008c68                TIM_GetPrescaler
                0x08008c6e                TIM_UpdateDisableConfig
                0x08008c86                TIM_UpdateRequestConfig
                0x08008c9e                TIM_ARRPreloadConfig
                0x08008cb6                TIM_SelectOnePulseMode
                0x08008ccc                TIM_SetClockDivision
                0x08008ce2                TIM_Cmd
                0x08008cfa                TIM_OC1Init
                0x08008d6c                TIM_OC2Init
                0x08008df4                TIM_OC3Init
                0x08008e78                TIM_OC4Init
                0x08008ee0                TIM_OCStructInit
                0x08008ef4                TIM_SelectOCxM
                0x08008f3a                TIM_SetCompare1
                0x08008f3e                TIM_SetCompare2
                0x08008f42                TIM_SetCompare3
                0x08008f46                TIM_SetCompare4
                0x08008f4a                TIM_ForcedOC1Config
                0x08008f5a                TIM_ForcedOC2Config
                0x08008f6e                TIM_ForcedOC3Config
                0x08008f7e                TIM_ForcedOC4Config
                0x08008f92                TIM_OC1PreloadConfig
                0x08008fa2                TIM_OC2PreloadConfig
                0x08008fb6                TIM_OC3PreloadConfig
                0x08008fc6                TIM_OC4PreloadConfig
                0x08008fda                TIM_OC1FastConfig
                0x08008fea                TIM_OC2FastConfig
                0x08008ffe                TIM_OC3FastConfig
                0x0800900e                TIM_OC4FastConfig
                0x08009022                TIM_ClearOC1Ref
                0x08009032                TIM_ClearOC2Ref
                0x08009042                TIM_ClearOC3Ref
                0x08009052                TIM_ClearOC4Ref
                0x08009062                TIM_OC1PolarityConfig
                0x08009072                TIM_OC1NPolarityConfig
                0x08009082                TIM_OC2PolarityConfig
                0x08009096                TIM_OC2NPolarityConfig
                0x080090aa                TIM_OC3PolarityConfig
                0x080090be                TIM_OC3NPolarityConfig
                0x080090d2                TIM_OC4PolarityConfig
                0x080090e6                TIM_CCxCmd
                0x08009104                TIM_CCxNCmd
                0x08009122                TIM_ICStructInit
                0x08009132                TIM_GetCapture1
                0x08009136                TIM_GetCapture2
                0x0800913a                TIM_GetCapture3
                0x0800913e                TIM_GetCapture4
                0x08009142                TIM_SetIC1Prescaler
                0x08009158                TIM_SetIC2Prescaler
                0x08009172                TIM_PWMIConfig
                0x080091dc                TIM_SetIC3Prescaler
                0x080091f2                TIM_SetIC4Prescaler
                0x0800920c                TIM_ICInit
                0x080092c2                TIM_BDTRConfig
                0x080092e4                TIM_BDTRStructInit
                0x080092f6                TIM_CtrlPWMOutputs
                0x08009312                TIM_SelectCOM
                0x0800932a                TIM_CCPreloadControl
                0x08009342                TIM_ITConfig
                0x08009354                TIM_GenerateEvent
                0x08009358                TIM_GetFlagStatus
                0x08009364                TIM_ClearFlag
                0x0800936c                TIM_GetITStatus
                0x08009382                TIM_ClearITPendingBit
                0x0800938a                TIM_DMAConfig
                0x08009392                TIM_DMACmd
                0x080093a4                TIM_SelectCCDMA
                0x080093bc                TIM_InternalClockConfig
                0x080093ca                TIM_ITRxExternalClockConfig
                0x080093e4                TIM_TIxExternalClockConfig
                0x08009416                TIM_SelectInputTrigger
                0x08009426                TIM_SelectOutputTrigger
                0x0800943c                TIM_SelectSlaveMode
                0x08009452                TIM_SelectMasterSlaveMode
                0x08009468                TIM_ETRConfig
                0x0800947c                TIM_ETRClockMode2Config
                0x08009490                TIM_ETRClockMode1Config
                0x080094aa                TIM_EncoderInterfaceConfig
                0x080094e6                TIM_SelectHallSensor
                0x080094fe                TIM_RemapConfig
 .text          0x08009504      0x3b8 .\externals\libs\libstm32f4xx_peripherals.a(stm32f4xx_usart.o)
                0x08009504                USART_DeInit
                0x080095ac                USART_Init
                0x08009664                USART_StructInit
                0x0800967a                USART_ClockInit
                0x0800969a                USART_ClockStructInit
                0x080096a6                USART_Cmd
                0x080096be                USART_SetPrescaler
                0x080096d0                USART_OverSampling8Cmd
                0x080096e8                USART_OneBitMethodCmd
                0x08009700                USART_SendData
                0x08009708                USART_ReceiveData
                0x08009710                USART_SetAddress
                0x08009726                USART_ReceiverWakeUpCmd
                0x0800973e                USART_WakeUpConfig
                0x08009754                USART_LINBreakDetectLengthConfig
                0x0800976a                USART_LINCmd
                0x08009782                USART_SendBreak
                0x0800978e                USART_HalfDuplexCmd
                0x080097a6                USART_SetGuardTime
                0x080097b8                USART_SmartCardCmd
                0x080097d0                USART_SmartCardNACKCmd
                0x080097e8                USART_IrDAConfig
                0x080097fe                USART_IrDACmd
                0x08009816                USART_DMACmd
                0x08009828                USART_ITConfig
                0x0800985a                USART_GetFlagStatus
                0x08009866                USART_ClearFlag
                0x0800986e                USART_GetITStatus
                0x080098ac                USART_ClearITPendingBit
 .text          0x080098bc       0xdc .\externals\libs\libstm32f4xx_math.a(arm_cmplx_mag_squared_q15.o)
                0x080098bc                arm_cmplx_mag_squared_q15
 .text          0x08009998      0x100 .\externals\libs\libstm32f4xx_math.a(arm_shift_q15.o)
                0x08009998                arm_shift_q15
 .text          0x08009a98      0x164 .\externals\libs\libstm32f4xx_math.a(arm_fir_decimate_q15.o)
                0x08009a98                arm_fir_decimate_q15
 .text          0x08009bfc      0x376 .\externals\libs\libstm32f4xx_math.a(arm_fir_q15.o)
                0x08009bfc                arm_fir_q15
 .text          0x08009f72      0x7be .\externals\libs\libstm32f4xx_math.a(arm_cfft_radix4_q15.o)
                0x08009f72                arm_radix4_butterfly_q15
                0x0800a306                arm_radix4_butterfly_inverse_q15
                0x0800a69a                arm_bitreversal_q15
                0x0800a6fc                arm_cfft_radix4_q15
 .text          0x0800a730       0x6c .\externals\libs\libstm32f4xx_math.a(arm_cfft_radix4_init_q15.o)
                0x0800a730                arm_cfft_radix4_init_q15
 .text          0x0800a79c        0x0 .\externals\libs\libstm32f4xx_math.a(arm_common_tables.o)
 .text          0x0800a79c        0x0 c:/program files/gnu tools arm embedded/4.6 2012q2/bin/../lib/gcc/arm-none-eabi/4.6.2/../../../../arm-none-eabi/lib/armv7e-m/fpu\libm.a(lib_a-w_atan2.o)
 .text          0x0800a79c        0x0 c:/program files/gnu tools arm embedded/4.6 2012q2/bin/../lib/gcc/arm-none-eabi/4.6.2/../../../../arm-none-eabi/lib/armv7e-m/fpu\libm.a(lib_a-w_fmod.o)
 .text          0x0800a79c        0x0 c:/program files/gnu tools arm embedded/4.6 2012q2/bin/../lib/gcc/arm-none-eabi/4.6.2/../../../../arm-none-eabi/lib/armv7e-m/fpu\libm.a(lib_a-w_log.o)
 .text          0x0800a79c        0x0 c:/program files/gnu tools arm embedded/4.6 2012q2/bin/../lib/gcc/arm-none-eabi/4.6.2/../../../../arm-none-eabi/lib/armv7e-m/fpu\libm.a(lib_a-w_sqrt.o)
 .text          0x0800a79c        0x0 c:/program files/gnu tools arm embedded/4.6 2012q2/bin/../lib/gcc/arm-none-eabi/4.6.2/../../../../arm-none-eabi/lib/armv7e-m/fpu\libm.a(lib_a-e_atan2.o)
 .text          0x0800a79c        0x0 c:/program files/gnu tools arm embedded/4.6 2012q2/bin/../lib/gcc/arm-none-eabi/4.6.2/../../../../arm-none-eabi/lib/armv7e-m/fpu\libm.a(lib_a-e_fmod.o)
 .text          0x0800a79c        0x0 c:/program files/gnu tools arm embedded/4.6 2012q2/bin/../lib/gcc/arm-none-eabi/4.6.2/../../../../arm-none-eabi/lib/armv7e-m/fpu\libm.a(lib_a-e_log.o)
 .text          0x0800a79c        0x0 c:/program files/gnu tools arm embedded/4.6 2012q2/bin/../lib/gcc/arm-none-eabi/4.6.2/../../../../arm-none-eabi/lib/armv7e-m/fpu\libm.a(lib_a-e_sqrt.o)
 .text          0x0800a79c        0x0 c:/program files/gnu tools arm embedded/4.6 2012q2/bin/../lib/gcc/arm-none-eabi/4.6.2/../../../../arm-none-eabi/lib/armv7e-m/fpu\libm.a(lib_a-s_atan.o)
 .text          0x0800a79c        0x0 c:/program files/gnu tools arm embedded/4.6 2012q2/bin/../lib/gcc/arm-none-eabi/4.6.2/../../../../arm-none-eabi/lib/armv7e-m/fpu\libm.a(lib_a-s_fabs.o)
 .text          0x0800a79c        0x0 c:/program files/gnu tools arm embedded/4.6 2012q2/bin/../lib/gcc/arm-none-eabi/4.6.2/../../../../arm-none-eabi/lib/armv7e-m/fpu\libm.a(lib_a-s_fpclassify.o)
 .text          0x0800a79c        0x0 c:/program files/gnu tools arm embedded/4.6 2012q2/bin/../lib/gcc/arm-none-eabi/4.6.2/../../../../arm-none-eabi/lib/armv7e-m/fpu\libm.a(lib_a-s_lib_ver.o)
 .text          0x0800a79c        0x0 c:/program files/gnu tools arm embedded/4.6 2012q2/bin/../lib/gcc/arm-none-eabi/4.6.2/../../../../arm-none-eabi/lib/armv7e-m/fpu\libm.a(lib_a-s_matherr.o)
 .text          0x0800a79c        0x0 c:/program files/gnu tools arm embedded/4.6 2012q2/bin/../lib/gcc/arm-none-eabi/4.6.2/../../../../arm-none-eabi/lib/armv7e-m/fpu\libm.a(lib_a-s_nan.o)
 .text          0x0800a79c      0x370 c:/program files/gnu tools arm embedded/4.6 2012q2/bin/../lib/gcc/arm-none-eabi/4.6.2/armv7e-m/fpu\libgcc.a(_arm_addsubdf3.o)
                0x0800a79c                __aeabi_drsub
                0x0800a7a4                __aeabi_dsub
                0x0800a7a4                __subdf3
                0x0800a7a8                __aeabi_dadd
                0x0800a7a8                __adddf3
                0x0800aa20                __floatunsidf
                0x0800aa20                __aeabi_ui2d
                0x0800aa40                __floatsidf
                0x0800aa40                __aeabi_i2d
                0x0800aa64                __aeabi_f2d
                0x0800aa64                __extendsfdf2
                0x0800aaa0                __floatundidf
                0x0800aaa0                __aeabi_ul2d
                0x0800aab0                __floatdidf
                0x0800aab0                __aeabi_l2d
 .text          0x0800ab0c      0x424 c:/program files/gnu tools arm embedded/4.6 2012q2/bin/../lib/gcc/arm-none-eabi/4.6.2/armv7e-m/fpu\libgcc.a(_arm_muldivdf3.o)
                0x0800ab0c                __aeabi_dmul
                0x0800ab0c                __muldf3
                0x0800ad60                __divdf3
                0x0800ad60                __aeabi_ddiv
 .text          0x0800af30      0x110 c:/program files/gnu tools arm embedded/4.6 2012q2/bin/../lib/gcc/arm-none-eabi/4.6.2/armv7e-m/fpu\libgcc.a(_arm_cmpdf2.o)
                0x0800af30                __gtdf2
                0x0800af30                __gedf2
                0x0800af38                __ltdf2
                0x0800af38                __ledf2
                0x0800af40                __nedf2
                0x0800af40                __eqdf2
                0x0800af40                __cmpdf2
                0x0800afbc                __aeabi_cdrcmple
                0x0800afcc                __aeabi_cdcmpeq
                0x0800afcc                __aeabi_cdcmple
                0x0800afdc                __aeabi_dcmpeq
                0x0800aff0                __aeabi_dcmplt
                0x0800b004                __aeabi_dcmple
                0x0800b018                __aeabi_dcmpge
                0x0800b02c                __aeabi_dcmpgt
 .text          0x0800b040       0x50 c:/program files/gnu tools arm embedded/4.6 2012q2/bin/../lib/gcc/arm-none-eabi/4.6.2/armv7e-m/fpu\libgcc.a(_arm_fixdfsi.o)
                0x0800b040                __aeabi_d2iz
                0x0800b040                __fixdfsi
 .text          0x0800b090       0x40 c:/program files/gnu tools arm embedded/4.6 2012q2/bin/../lib/gcc/arm-none-eabi/4.6.2/armv7e-m/fpu\libgcc.a(_arm_fixunsdfsi.o)
                0x0800b090                __aeabi_d2uiz
                0x0800b090                __fixunsdfsi
 .text          0x0800b0d0       0xa0 c:/program files/gnu tools arm embedded/4.6 2012q2/bin/../lib/gcc/arm-none-eabi/4.6.2/armv7e-m/fpu\libgcc.a(_arm_truncdfsf2.o)
                0x0800b0d0                __truncdfsf2
                0x0800b0d0                __aeabi_d2f
 .text          0x0800b170        0x0 c:/program files/gnu tools arm embedded/4.6 2012q2/bin/../lib/gcc/arm-none-eabi/4.6.2/../../../../arm-none-eabi/lib/armv7e-m/fpu\libc.a(lib_a-errno.o)
 .text          0x0800b170        0x0 c:/program files/gnu tools arm embedded/4.6 2012q2/bin/../lib/gcc/arm-none-eabi/4.6.2/../../../../arm-none-eabi/lib/armv7e-m/fpu\libc.a(lib_a-impure.o)
 .text          0x0800b170        0x0 c:/program files/gnu tools arm embedded/4.6 2012q2/bin/../lib/gcc/arm-none-eabi/4.6.2/../../../../arm-none-eabi/lib/armv7e-m/fpu\libc.a(lib_a-memcpy.o)
 .text          0x0800b170        0x0 c:/program files/gnu tools arm embedded/4.6 2012q2/bin/../lib/gcc/arm-none-eabi/4.6.2/../../../../arm-none-eabi/lib/armv7e-m/fpu\libc.a(lib_a-memset.o)
 *(.text*)
 .text.Reset_Vector
                0x0800b170       0x44 obj\.\startup\startup_stm32f4xx.o
                0x0800b170                Reset_Vector
 .text.Default_Handler
                0x0800b1b4        0x2 obj\.\startup\startup_stm32f4xx.o
                0x0800b1b4                RTC_Alarm_IRQHandler
                0x0800b1b4                HASH_RNG_IRQHandler
                0x0800b1b4                EXTI2_IRQHandler
                0x0800b1b4                TIM8_CC_IRQHandler
                0x0800b1b4                TIM1_CC_IRQHandler
                0x0800b1b4                DMA2_Stream5_IRQHandler
                0x0800b1b4                DMA1_Stream5_IRQHandler
                0x0800b1b4                PVD_IRQHandler
                0x0800b1b4                SDIO_IRQHandler
                0x0800b1b4                TAMP_STAMP_IRQHandler
                0x0800b1b4                CAN2_RX1_IRQHandler
                0x0800b1b4                EXTI3_IRQHandler
                0x0800b1b4                TIM8_TRG_COM_TIM14_IRQHandler
                0x0800b1b4                TIM1_UP_TIM10_IRQHandler
                0x0800b1b4                TIM8_UP_TIM13_IRQHandler
                0x0800b1b4                I2C3_ER_IRQHandler
                0x0800b1b4                I2C2_EV_IRQHandler
                0x0800b1b4                DMA1_Stream2_IRQHandler
                0x0800b1b4                CAN1_RX0_IRQHandler
                0x0800b1b4                FPU_IRQHandler
                0x0800b1b4                OTG_HS_WKUP_IRQHandler
                0x0800b1b4                CAN2_SCE_IRQHandler
                0x0800b1b4                DMA2_Stream2_IRQHandler
                0x0800b1b4                SPI1_IRQHandler
                0x0800b1b4                TIM6_DAC_IRQHandler
                0x0800b1b4                TIM1_BRK_TIM9_IRQHandler
                0x0800b1b4                DCMI_IRQHandler
                0x0800b1b4                CAN2_RX0_IRQHandler
                0x0800b1b4                DMA2_Stream3_IRQHandler
                0x0800b1b4                USART6_IRQHandler
                0x0800b1b4                USART3_IRQHandler
                0x0800b1b4                CRYP_IRQHandler
                0x0800b1b4                CAN1_RX1_IRQHandler
                0x0800b1b4                UART5_IRQHandler
                0x0800b1b4                DMA2_Stream0_IRQHandler
                0x0800b1b4                TIM4_IRQHandler
                0x0800b1b4                I2C1_EV_IRQHandler
                0x0800b1b4                DMA1_Stream6_IRQHandler
                0x0800b1b4                DMA1_Stream1_IRQHandler
                0x0800b1b4                UART4_IRQHandler
                0x0800b1b4                TIM3_IRQHandler
                0x0800b1b4                RCC_IRQHandler
                0x0800b1b4                TIM8_BRK_TIM12_IRQHandler
                0x0800b1b4                EXTI15_10_IRQHandler
                0x0800b1b4                ADC_IRQHandler
                0x0800b1b4                DMA1_Stream7_IRQHandler
                0x0800b1b4                TIM7_IRQHandler
                0x0800b1b4                CAN2_TX_IRQHandler
                0x0800b1b4                TIM5_IRQHandler
                0x0800b1b4                DMA2_Stream7_IRQHandler
                0x0800b1b4                I2C3_EV_IRQHandler
                0x0800b1b4                RTC_WKUP_IRQHandler
                0x0800b1b4                ETH_WKUP_IRQHandler
                0x0800b1b4                SPI2_IRQHandler
                0x0800b1b4                OTG_HS_EP1_IN_IRQHandler
                0x0800b1b4                CAN1_TX_IRQHandler
                0x0800b1b4                EXTI4_IRQHandler
                0x0800b1b4                FSMC_IRQHandler
                0x0800b1b4                ETH_IRQHandler
                0x0800b1b4                OTG_HS_EP1_OUT_IRQHandler
                0x0800b1b4                WWDG_IRQHandler
                0x0800b1b4                TIM2_IRQHandler
                0x0800b1b4                OTG_FS_WKUP_IRQHandler
                0x0800b1b4                TIM1_TRG_COM_TIM11_IRQHandler
                0x0800b1b4                OTG_HS_IRQHandler
                0x0800b1b4                EXTI1_IRQHandler
                0x0800b1b4                I2C2_ER_IRQHandler
                0x0800b1b4                DMA2_Stream1_IRQHandler
                0x0800b1b4                CAN1_SCE_IRQHandler
                0x0800b1b4                FLASH_IRQHandler
                0x0800b1b4                DMA2_Stream4_IRQHandler
                0x0800b1b4                USART1_IRQHandler
                0x0800b1b4                OTG_FS_IRQHandler
                0x0800b1b4                SPI3_IRQHandler
                0x0800b1b4                DMA1_Stream4_IRQHandler
                0x0800b1b4                I2C1_ER_IRQHandler
                0x0800b1b4                DMA2_Stream6_IRQHandler
                0x0800b1b4                DMA1_Stream3_IRQHandler
 *fill*         0x0800b1b6        0x2 00
 .text.startup  0x0800b1b8      0x15c obj\.\src\main.o
                0x0800b1b8                main
 .text.atan2    0x0800b314        0x4 c:/program files/gnu tools arm embedded/4.6 2012q2/bin/../lib/gcc/arm-none-eabi/4.6.2/../../../../arm-none-eabi/lib/armv7e-m/fpu\libm.a(lib_a-w_atan2.o)
                0x0800b314                atan2
 .text.fmod     0x0800b318       0xd0 c:/program files/gnu tools arm embedded/4.6 2012q2/bin/../lib/gcc/arm-none-eabi/4.6.2/../../../../arm-none-eabi/lib/armv7e-m/fpu\libm.a(lib_a-w_fmod.o)
                0x0800b318                fmod
 .text.log      0x0800b3e8      0x10c c:/program files/gnu tools arm embedded/4.6 2012q2/bin/../lib/gcc/arm-none-eabi/4.6.2/../../../../arm-none-eabi/lib/armv7e-m/fpu\libm.a(lib_a-w_log.o)
                0x0800b3e8                log
 .text.sqrt     0x0800b4f4       0xbc c:/program files/gnu tools arm embedded/4.6 2012q2/bin/../lib/gcc/arm-none-eabi/4.6.2/../../../../arm-none-eabi/lib/armv7e-m/fpu\libm.a(lib_a-w_sqrt.o)
                0x0800b4f4                sqrt
 .text.__ieee754_atan2
                0x0800b5b0      0x200 c:/program files/gnu tools arm embedded/4.6 2012q2/bin/../lib/gcc/arm-none-eabi/4.6.2/../../../../arm-none-eabi/lib/armv7e-m/fpu\libm.a(lib_a-e_atan2.o)
                0x0800b5b0                __ieee754_atan2
 .text.__ieee754_fmod
                0x0800b7b0      0x2b8 c:/program files/gnu tools arm embedded/4.6 2012q2/bin/../lib/gcc/arm-none-eabi/4.6.2/../../../../arm-none-eabi/lib/armv7e-m/fpu\libm.a(lib_a-e_fmod.o)
                0x0800b7b0                __ieee754_fmod
 .text.__ieee754_log
                0x0800ba68      0x428 c:/program files/gnu tools arm embedded/4.6 2012q2/bin/../lib/gcc/arm-none-eabi/4.6.2/../../../../arm-none-eabi/lib/armv7e-m/fpu\libm.a(lib_a-e_log.o)
                0x0800ba68                __ieee754_log
 .text.__ieee754_sqrt
                0x0800be90      0x1c4 c:/program files/gnu tools arm embedded/4.6 2012q2/bin/../lib/gcc/arm-none-eabi/4.6.2/../../../../arm-none-eabi/lib/armv7e-m/fpu\libm.a(lib_a-e_sqrt.o)
                0x0800be90                __ieee754_sqrt
 *fill*         0x0800c054        0x4 00
 .text.atan     0x0800c058      0x388 c:/program files/gnu tools arm embedded/4.6 2012q2/bin/../lib/gcc/arm-none-eabi/4.6.2/../../../../arm-none-eabi/lib/armv7e-m/fpu\libm.a(lib_a-s_atan.o)
                0x0800c058                atan
 .text.fabs     0x0800c3e0       0x14 c:/program files/gnu tools arm embedded/4.6 2012q2/bin/../lib/gcc/arm-none-eabi/4.6.2/../../../../arm-none-eabi/lib/armv7e-m/fpu\libm.a(lib_a-s_fabs.o)
                0x0800c3e0                fabs
 .text.__fpclassifyd
                0x0800c3f4       0x70 c:/program files/gnu tools arm embedded/4.6 2012q2/bin/../lib/gcc/arm-none-eabi/4.6.2/../../../../arm-none-eabi/lib/armv7e-m/fpu\libm.a(lib_a-s_fpclassify.o)
                0x0800c3f4                __fpclassifyd
 .text.matherr  0x0800c464        0x4 c:/program files/gnu tools arm embedded/4.6 2012q2/bin/../lib/gcc/arm-none-eabi/4.6.2/../../../../arm-none-eabi/lib/armv7e-m/fpu\libm.a(lib_a-s_matherr.o)
                0x0800c464                matherr
 .text.nan      0x0800c468       0x10 c:/program files/gnu tools arm embedded/4.6 2012q2/bin/../lib/gcc/arm-none-eabi/4.6.2/../../../../arm-none-eabi/lib/armv7e-m/fpu\libm.a(lib_a-s_nan.o)
                0x0800c468                nan
 .text.__errno  0x0800c478        0xc c:/program files/gnu tools arm embedded/4.6 2012q2/bin/../lib/gcc/arm-none-eabi/4.6.2/../../../../arm-none-eabi/lib/armv7e-m/fpu\libc.a(lib_a-errno.o)
                0x0800c478                __errno
 .text.memcpy   0x0800c484       0x84 c:/program files/gnu tools arm embedded/4.6 2012q2/bin/../lib/gcc/arm-none-eabi/4.6.2/../../../../arm-none-eabi/lib/armv7e-m/fpu\libc.a(lib_a-memcpy.o)
                0x0800c484                memcpy
 .text.memset   0x0800c508       0x90 c:/program files/gnu tools arm embedded/4.6 2012q2/bin/../lib/gcc/arm-none-eabi/4.6.2/../../../../arm-none-eabi/lib/armv7e-m/fpu\libc.a(lib_a-memset.o)
                0x0800c508                memset
 *(.rodata)
 .rodata        0x0800c598     0x2814 obj\.\src\AsciiLib.o
                0x0800cd04                ASCII12x12
                0x0800dbdc                ASCII16x24
 .rodata        0x0800edac        0xc obj\.\src\DMA_IRQ_Handler.o
                0x0800edac                B
                0x0800edb0                A
                0x0800edb4                Amp0
 .rodata        0x0800edb8       0x10 obj\.\src\Encoder_1.o
 .rodata        0x0800edc8       0x10 obj\.\src\Encoder_2.o
 .rodata        0x0800edd8      0x440 obj\.\src\PSK_Det.o
                0x0800edd8                VARICODE_TABLE
                0x0800f1d8                HALF_TBL
 .rodata        0x0800f218     0x207c obj\.\src\PSKMod.o
                0x0800f218                PSKShapeTbl
                0x0801121c                PSKPhaseLookupTable
 .rodata        0x08011294        0x8 obj\.\src\Si570.o
                0x08011294                HS_DIV_VALUE_char
                0x0801129a                N1_VALUE_char
 .rodata        0x0801129c     0x4000 obj\.\src\Sine_table.o
                0x0801129c                Sine_table
 .rodata        0x0801529c       0x18 obj\.\src\uart.o
                0x0801529c                COM_RX_AF
                0x0801529e                COM_TX_AF
                0x080152a0                COM_RX_PIN_SOURCE
                0x080152a2                COM_TX_PIN_SOURCE
                0x080152a4                COM_RX_PIN
                0x080152a6                COM_TX_PIN
                0x080152a8                COM_RX_PORT_CLK
                0x080152ac                COM_TX_PORT_CLK
                0x080152b0                COM_USART_CLK
 .rodata        0x080152b4     0x1000 .\externals\libs\libstm32f4xx_math.a(arm_cfft_radix4_init_q15.o)
 .rodata        0x080162b4      0x380 .\externals\libs\libstm32f4xx_math.a(arm_common_tables.o)
                0x080162b4                armRecipTableQ31
                0x080163b4                armRecipTableQ15
                0x08016434                armBitRevTable
 *(.rodata*)
 .rodata.str1.1
                0x08016634       0xbb obj\.\src\Encoder_1.o
 .rodata.str1.1
                0x080166ef       0xc2 obj\.\src\Encoder_2.o
 .rodata.str1.1
                0x080167b1       0x32 obj\.\src\main.o
 .rodata.str1.1
                0x080167e3        0xd obj\.\src\ModeSelect.o
                                 0x1d (size before relaxing)
 .rodata.str1.1
                0x080167f0        0xb obj\.\src\TFT_Display.o
 .rodata.str1.1
                0x080167fb       0x1d obj\.\src\touch_pad.o
                                 0x24 (size before relaxing)
 .rodata.str1.1
                0x08016818       0x1a obj\.\src\xprintf.o
 *fill*         0x08016832        0x2 00
 .rodata.str1.4
                0x08016834        0x5 c:/program files/gnu tools arm embedded/4.6 2012q2/bin/../lib/gcc/arm-none-eabi/4.6.2/../../../../arm-none-eabi/lib/armv7e-m/fpu\libm.a(lib_a-w_fmod.o)
                                  0x8 (size before relaxing)
 *fill*         0x08016839        0x3 00
 .rodata.str1.4
                0x0801683c        0x4 c:/program files/gnu tools arm embedded/4.6 2012q2/bin/../lib/gcc/arm-none-eabi/4.6.2/../../../../arm-none-eabi/lib/armv7e-m/fpu\libm.a(lib_a-w_log.o)
                                  0x8 (size before relaxing)
 .rodata.str1.4
                0x08016840        0x5 c:/program files/gnu tools arm embedded/4.6 2012q2/bin/../lib/gcc/arm-none-eabi/4.6.2/../../../../arm-none-eabi/lib/armv7e-m/fpu\libm.a(lib_a-w_sqrt.o)
                                  0x8 (size before relaxing)
 *fill*         0x08016845        0x3 00
 .rodata.Zero   0x08016848       0x10 c:/program files/gnu tools arm embedded/4.6 2012q2/bin/../lib/gcc/arm-none-eabi/4.6.2/../../../../arm-none-eabi/lib/armv7e-m/fpu\libm.a(lib_a-e_fmod.o)
 .rodata.atanlo
                0x08016858       0x20 c:/program files/gnu tools arm embedded/4.6 2012q2/bin/../lib/gcc/arm-none-eabi/4.6.2/../../../../arm-none-eabi/lib/armv7e-m/fpu\libm.a(lib_a-s_atan.o)
 .rodata.atanhi
                0x08016878       0x20 c:/program files/gnu tools arm embedded/4.6 2012q2/bin/../lib/gcc/arm-none-eabi/4.6.2/../../../../arm-none-eabi/lib/armv7e-m/fpu\libm.a(lib_a-s_atan.o)
 .rodata.str1.4
                0x08016898        0x4 c:/program files/gnu tools arm embedded/4.6 2012q2/bin/../lib/gcc/arm-none-eabi/4.6.2/../../../../arm-none-eabi/lib/armv7e-m/fpu\libc.a(lib_a-impure.o)
 .rodata._global_impure_ptr
                0x0801689c        0x4 c:/program files/gnu tools arm embedded/4.6 2012q2/bin/../lib/gcc/arm-none-eabi/4.6.2/../../../../arm-none-eabi/lib/armv7e-m/fpu\libc.a(lib_a-impure.o)
                0x0801689c                _global_impure_ptr
 *(.glue_7)
 .glue_7        0x00000000        0x0 linker stubs
 *(.glue_7t)
 .glue_7t       0x00000000        0x0 linker stubs
 *(.eh_frame)
 *(.init)
 *(.fini)
                0x080168a0                . = ALIGN (0x4)
                0x080168a0                _end_of_code = .

.vfp11_veneer   0x080168a0        0x0
 .vfp11_veneer  0x00000000        0x0 linker stubs

.v4_bx          0x080168a0        0x0
 .v4_bx         0x00000000        0x0 linker stubs

.ARM.extab
 *(.ARM.extab* .gnu.linkonce.armextab.*)

.ARM            0x080168a0        0x0
                0x080168a0                __exidx_start = .
 *(.ARM.exidx*)
                0x080168a0                __exidx_end = .

.preinit_array  0x080168a0        0x0
                0x080168a0                PROVIDE (__preinit_array_start, .)
 *(.preinit_array*)
                0x080168a0                PROVIDE (__preinit_array_end, .)

.init_array     0x080168a0        0x0
                0x080168a0                PROVIDE (__init_array_start, .)
 *(SORT(.init_array.*))
 *(.init_array*)
                0x080168a0                PROVIDE (__init_array_end, .)

.fini_array     0x080168a0        0x0
                0x080168a0                PROVIDE (__fini_array_start, .)
 *(.fini_array*)
 *(SORT(.fini_array.*))
                0x080168a0                PROVIDE (__fini_array_end, .)
                0x080168a0                _sidata = .

.data           0x20000000      0x83c load address 0x080168a0
                0x20000000                . = ALIGN (0x4)
                0x20000000                _sdata = .
 *(.data)
 .data          0x20000000        0x0 obj\.\startup\startup_stm32f4xx.o
 .data          0x20000000        0x0 obj\.\src\AsciiLib.o
 .data          0x20000000        0x0 obj\.\src\ChangeOver.o
 .data          0x20000000        0x0 obj\.\src\Codec_Gains.o
 .data          0x20000000        0x0 obj\.\src\CW_Mod.o
 .data          0x20000000        0x0 obj\.\src\DMA_IRQ_Handler.o
 .data          0x20000000        0x0 obj\.\src\DMA_Test_Pins.o
 .data          0x20000000       0x7c obj\.\src\DSP_Processing.o
                0x20000000                S_FIR_I
                0x2000000c                S_FIR_Q
                0x20000018                FFT_Size
                0x2000001c                Filter_Q4
                0x20000028                Filter_Q3
                0x20000034                Filter_Q2
                0x20000040                Filter_Q1
                0x2000004c                Filter_I4
                0x20000058                Filter_I3
                0x20000064                Filter_I2
                0x20000070                Filter_I1
 .data          0x2000007c        0x0 obj\.\src\eeprom.o
 .data          0x2000007c        0x0 obj\.\src\Encoder_1.o
 .data          0x2000007c        0x0 obj\.\src\Encoder_2.o
 .data          0x2000007c      0x34a obj\.\src\FIR_Coefficients.o
                0x2000007c                FIRFreqCoef
                0x200000fe                FIRBitCoef
                0x20000180                Dec4LPCoef
                0x200001c6                coeff_fir_Q
                0x200002c6                coeff_fir_I
 .data          0x200003c6        0x0 obj\.\src\Init_Codec.o
 .data          0x200003c6        0x0 obj\.\src\Init_DMA.o
 *fill*         0x200003c6        0x2 00
 .data          0x200003c8        0x4 obj\.\src\Init_I2C.o
                0x200003c8                Timeout
 .data          0x200003cc        0x0 obj\.\src\Init_I2S.o
 .data          0x200003cc        0x8 obj\.\src\main.o
                0x200003cc                CodecFreq
                0x200003d0                Stop
                0x200003d1                Start
 .data          0x200003d4        0x0 obj\.\src\ModeSelect.o
 .data          0x200003d4        0x0 obj\.\src\PSK_Det.o
 .data          0x200003d4        0x0 obj\.\src\PSKMod.o
 .data          0x200003d4        0x0 obj\.\src\Si570.o
 .data          0x200003d4        0x0 obj\.\src\Sine_table.o
 .data          0x200003d4        0x0 obj\.\src\stm32f4xx_it.o
 .data          0x200003d4       0x14 obj\.\src\system_stm32f4xx.o
                0x200003d4                SystemCoreClock
                0x200003d8                AHBPrescTable
 .data          0x200003e8        0x4 obj\.\src\TFT_Display.o
                0x200003e8                BackColor
                0x200003ea                asciisize
 .data          0x200003ec        0x0 obj\.\src\touch_pad.o
 .data          0x200003ec        0xc obj\.\src\uart.o
                0x200003ec                COM_TX_PORT
                0x200003f0                COM_RX_PORT
                0x200003f4                COM_USART
 .data          0x200003f8        0x0 obj\.\src\User_Button.o
 .data          0x200003f8        0x0 obj\.\src\xprintf.o
 .data          0x200003f8        0x0 .\externals\libs\libstm32f4xx_peripherals.a(misc.o)
 .data          0x200003f8        0x0 .\externals\libs\libstm32f4xx_peripherals.a(stm32f4xx_dma.o)
 .data          0x200003f8        0x0 .\externals\libs\libstm32f4xx_peripherals.a(stm32f4xx_exti.o)
 .data          0x200003f8        0x0 .\externals\libs\libstm32f4xx_peripherals.a(stm32f4xx_fsmc.o)
 .data          0x200003f8        0x0 .\externals\libs\libstm32f4xx_peripherals.a(stm32f4xx_gpio.o)
 .data          0x200003f8        0x0 .\externals\libs\libstm32f4xx_peripherals.a(stm32f4xx_i2c.o)
 .data          0x200003f8       0x10 .\externals\libs\libstm32f4xx_peripherals.a(stm32f4xx_rcc.o)
 .data          0x20000408        0x0 .\externals\libs\libstm32f4xx_peripherals.a(stm32f4xx_spi.o)
 .data          0x20000408        0x0 .\externals\libs\libstm32f4xx_peripherals.a(stm32f4xx_syscfg.o)
 .data          0x20000408        0x0 .\externals\libs\libstm32f4xx_peripherals.a(stm32f4xx_tim.o)
 .data          0x20000408        0x0 .\externals\libs\libstm32f4xx_peripherals.a(stm32f4xx_usart.o)
 .data          0x20000408        0x0 .\externals\libs\libstm32f4xx_math.a(arm_cmplx_mag_squared_q15.o)
 .data          0x20000408        0x0 .\externals\libs\libstm32f4xx_math.a(arm_shift_q15.o)
 .data          0x20000408        0x0 .\externals\libs\libstm32f4xx_math.a(arm_fir_decimate_q15.o)
 .data          0x20000408        0x0 .\externals\libs\libstm32f4xx_math.a(arm_fir_q15.o)
 .data          0x20000408        0x0 .\externals\libs\libstm32f4xx_math.a(arm_cfft_radix4_q15.o)
 .data          0x20000408        0x0 .\externals\libs\libstm32f4xx_math.a(arm_cfft_radix4_init_q15.o)
 .data          0x20000408        0x0 .\externals\libs\libstm32f4xx_math.a(arm_common_tables.o)
 .data          0x20000408        0x0 c:/program files/gnu tools arm embedded/4.6 2012q2/bin/../lib/gcc/arm-none-eabi/4.6.2/../../../../arm-none-eabi/lib/armv7e-m/fpu\libm.a(lib_a-w_atan2.o)
 .data          0x20000408        0x0 c:/program files/gnu tools arm embedded/4.6 2012q2/bin/../lib/gcc/arm-none-eabi/4.6.2/../../../../arm-none-eabi/lib/armv7e-m/fpu\libm.a(lib_a-w_fmod.o)
 .data          0x20000408        0x0 c:/program files/gnu tools arm embedded/4.6 2012q2/bin/../lib/gcc/arm-none-eabi/4.6.2/../../../../arm-none-eabi/lib/armv7e-m/fpu\libm.a(lib_a-w_log.o)
 .data          0x20000408        0x0 c:/program files/gnu tools arm embedded/4.6 2012q2/bin/../lib/gcc/arm-none-eabi/4.6.2/../../../../arm-none-eabi/lib/armv7e-m/fpu\libm.a(lib_a-w_sqrt.o)
 .data          0x20000408        0x0 c:/program files/gnu tools arm embedded/4.6 2012q2/bin/../lib/gcc/arm-none-eabi/4.6.2/../../../../arm-none-eabi/lib/armv7e-m/fpu\libm.a(lib_a-e_atan2.o)
 .data          0x20000408        0x0 c:/program files/gnu tools arm embedded/4.6 2012q2/bin/../lib/gcc/arm-none-eabi/4.6.2/../../../../arm-none-eabi/lib/armv7e-m/fpu\libm.a(lib_a-e_fmod.o)
 .data          0x20000408        0x0 c:/program files/gnu tools arm embedded/4.6 2012q2/bin/../lib/gcc/arm-none-eabi/4.6.2/../../../../arm-none-eabi/lib/armv7e-m/fpu\libm.a(lib_a-e_log.o)
 .data          0x20000408        0x0 c:/program files/gnu tools arm embedded/4.6 2012q2/bin/../lib/gcc/arm-none-eabi/4.6.2/../../../../arm-none-eabi/lib/armv7e-m/fpu\libm.a(lib_a-e_sqrt.o)
 .data          0x20000408        0x0 c:/program files/gnu tools arm embedded/4.6 2012q2/bin/../lib/gcc/arm-none-eabi/4.6.2/../../../../arm-none-eabi/lib/armv7e-m/fpu\libm.a(lib_a-s_atan.o)
 .data          0x20000408        0x0 c:/program files/gnu tools arm embedded/4.6 2012q2/bin/../lib/gcc/arm-none-eabi/4.6.2/../../../../arm-none-eabi/lib/armv7e-m/fpu\libm.a(lib_a-s_fabs.o)
 .data          0x20000408        0x0 c:/program files/gnu tools arm embedded/4.6 2012q2/bin/../lib/gcc/arm-none-eabi/4.6.2/../../../../arm-none-eabi/lib/armv7e-m/fpu\libm.a(lib_a-s_fpclassify.o)
 .data          0x20000408        0x0 c:/program files/gnu tools arm embedded/4.6 2012q2/bin/../lib/gcc/arm-none-eabi/4.6.2/../../../../arm-none-eabi/lib/armv7e-m/fpu\libm.a(lib_a-s_lib_ver.o)
 .data          0x20000408        0x0 c:/program files/gnu tools arm embedded/4.6 2012q2/bin/../lib/gcc/arm-none-eabi/4.6.2/../../../../arm-none-eabi/lib/armv7e-m/fpu\libm.a(lib_a-s_matherr.o)
 .data          0x20000408        0x0 c:/program files/gnu tools arm embedded/4.6 2012q2/bin/../lib/gcc/arm-none-eabi/4.6.2/../../../../arm-none-eabi/lib/armv7e-m/fpu\libm.a(lib_a-s_nan.o)
 .data          0x20000408        0x0 c:/program files/gnu tools arm embedded/4.6 2012q2/bin/../lib/gcc/arm-none-eabi/4.6.2/armv7e-m/fpu\libgcc.a(_arm_addsubdf3.o)
 .data          0x20000408        0x0 c:/program files/gnu tools arm embedded/4.6 2012q2/bin/../lib/gcc/arm-none-eabi/4.6.2/armv7e-m/fpu\libgcc.a(_arm_muldivdf3.o)
 .data          0x20000408        0x0 c:/program files/gnu tools arm embedded/4.6 2012q2/bin/../lib/gcc/arm-none-eabi/4.6.2/armv7e-m/fpu\libgcc.a(_arm_cmpdf2.o)
 .data          0x20000408        0x0 c:/program files/gnu tools arm embedded/4.6 2012q2/bin/../lib/gcc/arm-none-eabi/4.6.2/armv7e-m/fpu\libgcc.a(_arm_fixdfsi.o)
 .data          0x20000408        0x0 c:/program files/gnu tools arm embedded/4.6 2012q2/bin/../lib/gcc/arm-none-eabi/4.6.2/armv7e-m/fpu\libgcc.a(_arm_fixunsdfsi.o)
 .data          0x20000408        0x0 c:/program files/gnu tools arm embedded/4.6 2012q2/bin/../lib/gcc/arm-none-eabi/4.6.2/armv7e-m/fpu\libgcc.a(_arm_truncdfsf2.o)
 .data          0x20000408        0x0 c:/program files/gnu tools arm embedded/4.6 2012q2/bin/../lib/gcc/arm-none-eabi/4.6.2/../../../../arm-none-eabi/lib/armv7e-m/fpu\libc.a(lib_a-errno.o)
 .data          0x20000408        0x0 c:/program files/gnu tools arm embedded/4.6 2012q2/bin/../lib/gcc/arm-none-eabi/4.6.2/../../../../arm-none-eabi/lib/armv7e-m/fpu\libc.a(lib_a-impure.o)
 .data          0x20000408        0x0 c:/program files/gnu tools arm embedded/4.6 2012q2/bin/../lib/gcc/arm-none-eabi/4.6.2/../../../../arm-none-eabi/lib/armv7e-m/fpu\libc.a(lib_a-memcpy.o)
 .data          0x20000408        0x0 c:/program files/gnu tools arm embedded/4.6 2012q2/bin/../lib/gcc/arm-none-eabi/4.6.2/../../../../arm-none-eabi/lib/armv7e-m/fpu\libc.a(lib_a-memset.o)
 *(.data*)
 .data.__fdlib_version
                0x20000408        0x1 c:/program files/gnu tools arm embedded/4.6 2012q2/bin/../lib/gcc/arm-none-eabi/4.6.2/../../../../arm-none-eabi/lib/armv7e-m/fpu\libm.a(lib_a-s_lib_ver.o)
                0x20000408                __fdlib_version
 *fill*         0x20000409        0x7 00
 .data.impure_data
                0x20000410      0x428 c:/program files/gnu tools arm embedded/4.6 2012q2/bin/../lib/gcc/arm-none-eabi/4.6.2/../../../../arm-none-eabi/lib/armv7e-m/fpu\libc.a(lib_a-impure.o)
 .data._impure_ptr
                0x20000838        0x4 c:/program files/gnu tools arm embedded/4.6 2012q2/bin/../lib/gcc/arm-none-eabi/4.6.2/../../../../arm-none-eabi/lib/armv7e-m/fpu\libc.a(lib_a-impure.o)
                0x20000838                _impure_ptr
                0x2000083c                . = ALIGN (0x4)
                0x2000083c                _edata = .
                0x2000083c                . = ALIGN (0x4)

.bss            0x20000840     0x66d4 load address 0x080170e0
                0x20000840                _sbss = .
                0x20000840                __bss_start__ = _sbss
 *(.bss)
 .bss           0x20000840        0x0 obj\.\startup\startup_stm32f4xx.o
 .bss           0x20000840        0x0 obj\.\src\AsciiLib.o
 .bss           0x20000840        0x0 obj\.\src\ChangeOver.o
 .bss           0x20000840        0x0 obj\.\src\Codec_Gains.o
 .bss           0x20000840        0x0 obj\.\src\CW_Mod.o
 .bss           0x20000840       0x18 obj\.\src\DMA_IRQ_Handler.o
 .bss           0x20000858        0x0 obj\.\src\DMA_Test_Pins.o
 .bss           0x20000858        0x0 obj\.\src\DSP_Processing.o
 .bss           0x20000858        0x0 obj\.\src\eeprom.o
 .bss           0x20000858        0x2 obj\.\src\Encoder_1.o
 .bss           0x2000085a        0x2 obj\.\src\Encoder_2.o
 .bss           0x2000085c        0x0 obj\.\src\FIR_Coefficients.o
 .bss           0x2000085c        0x0 obj\.\src\Init_Codec.o
 .bss           0x2000085c        0x0 obj\.\src\Init_DMA.o
 .bss           0x2000085c        0x0 obj\.\src\Init_I2C.o
 .bss           0x2000085c        0x0 obj\.\src\Init_I2S.o
 .bss           0x2000085c        0x0 obj\.\src\main.o
 .bss           0x2000085c        0x0 obj\.\src\ModeSelect.o
 .bss           0x2000085c       0x34 obj\.\src\PSK_Det.o
 .bss           0x20000890       0x10 obj\.\src\PSKMod.o
 .bss           0x200008a0        0x0 obj\.\src\Si570.o
 .bss           0x200008a0        0x0 obj\.\src\Sine_table.o
 .bss           0x200008a0        0x0 obj\.\src\stm32f4xx_it.o
 .bss           0x200008a0        0x0 obj\.\src\system_stm32f4xx.o
 .bss           0x200008a0        0xc obj\.\src\TFT_Display.o
                0x200008a0                TextColor
                0x200008a2                TimerPeriod
                0x200008a4                Channel1Pulse
 .bss           0x200008ac        0x6 obj\.\src\touch_pad.o
                0x200008ac                TouchCount
                0x200008ae                Mode_Test
                0x200008b0                DebounceCount
 .bss           0x200008b2        0x1 obj\.\src\uart.o
 .bss           0x200008b3        0x0 obj\.\src\User_Button.o
 *fill*         0x200008b3        0x1 00
 .bss           0x200008b4        0x4 obj\.\src\xprintf.o
 .bss           0x200008b8        0x0 .\externals\libs\libstm32f4xx_peripherals.a(misc.o)
 .bss           0x200008b8        0x0 .\externals\libs\libstm32f4xx_peripherals.a(stm32f4xx_dma.o)
 .bss           0x200008b8        0x0 .\externals\libs\libstm32f4xx_peripherals.a(stm32f4xx_exti.o)
 .bss           0x200008b8        0x0 .\externals\libs\libstm32f4xx_peripherals.a(stm32f4xx_fsmc.o)
 .bss           0x200008b8        0x0 .\externals\libs\libstm32f4xx_peripherals.a(stm32f4xx_gpio.o)
 .bss           0x200008b8        0x0 .\externals\libs\libstm32f4xx_peripherals.a(stm32f4xx_i2c.o)
 .bss           0x200008b8        0x0 .\externals\libs\libstm32f4xx_peripherals.a(stm32f4xx_rcc.o)
 .bss           0x200008b8        0x0 .\externals\libs\libstm32f4xx_peripherals.a(stm32f4xx_spi.o)
 .bss           0x200008b8        0x0 .\externals\libs\libstm32f4xx_peripherals.a(stm32f4xx_syscfg.o)
 .bss           0x200008b8        0x0 .\externals\libs\libstm32f4xx_peripherals.a(stm32f4xx_tim.o)
 .bss           0x200008b8        0x0 .\externals\libs\libstm32f4xx_peripherals.a(stm32f4xx_usart.o)
 .bss           0x200008b8        0x0 .\externals\libs\libstm32f4xx_math.a(arm_cmplx_mag_squared_q15.o)
 .bss           0x200008b8        0x0 .\externals\libs\libstm32f4xx_math.a(arm_shift_q15.o)
 .bss           0x200008b8        0x0 .\externals\libs\libstm32f4xx_math.a(arm_fir_decimate_q15.o)
 .bss           0x200008b8        0x0 .\externals\libs\libstm32f4xx_math.a(arm_fir_q15.o)
 .bss           0x200008b8        0x0 .\externals\libs\libstm32f4xx_math.a(arm_cfft_radix4_q15.o)
 .bss           0x200008b8        0x0 .\externals\libs\libstm32f4xx_math.a(arm_cfft_radix4_init_q15.o)
 .bss           0x200008b8        0x0 .\externals\libs\libstm32f4xx_math.a(arm_common_tables.o)
 .bss           0x200008b8        0x0 c:/program files/gnu tools arm embedded/4.6 2012q2/bin/../lib/gcc/arm-none-eabi/4.6.2/../../../../arm-none-eabi/lib/armv7e-m/fpu\libm.a(lib_a-w_atan2.o)
 .bss           0x200008b8        0x0 c:/program files/gnu tools arm embedded/4.6 2012q2/bin/../lib/gcc/arm-none-eabi/4.6.2/../../../../arm-none-eabi/lib/armv7e-m/fpu\libm.a(lib_a-w_fmod.o)
 .bss           0x200008b8        0x0 c:/program files/gnu tools arm embedded/4.6 2012q2/bin/../lib/gcc/arm-none-eabi/4.6.2/../../../../arm-none-eabi/lib/armv7e-m/fpu\libm.a(lib_a-w_log.o)
 .bss           0x200008b8        0x0 c:/program files/gnu tools arm embedded/4.6 2012q2/bin/../lib/gcc/arm-none-eabi/4.6.2/../../../../arm-none-eabi/lib/armv7e-m/fpu\libm.a(lib_a-w_sqrt.o)
 .bss           0x200008b8        0x0 c:/program files/gnu tools arm embedded/4.6 2012q2/bin/../lib/gcc/arm-none-eabi/4.6.2/../../../../arm-none-eabi/lib/armv7e-m/fpu\libm.a(lib_a-e_atan2.o)
 .bss           0x200008b8        0x0 c:/program files/gnu tools arm embedded/4.6 2012q2/bin/../lib/gcc/arm-none-eabi/4.6.2/../../../../arm-none-eabi/lib/armv7e-m/fpu\libm.a(lib_a-e_fmod.o)
 .bss           0x200008b8        0x0 c:/program files/gnu tools arm embedded/4.6 2012q2/bin/../lib/gcc/arm-none-eabi/4.6.2/../../../../arm-none-eabi/lib/armv7e-m/fpu\libm.a(lib_a-e_log.o)
 .bss           0x200008b8        0x0 c:/program files/gnu tools arm embedded/4.6 2012q2/bin/../lib/gcc/arm-none-eabi/4.6.2/../../../../arm-none-eabi/lib/armv7e-m/fpu\libm.a(lib_a-e_sqrt.o)
 .bss           0x200008b8        0x0 c:/program files/gnu tools arm embedded/4.6 2012q2/bin/../lib/gcc/arm-none-eabi/4.6.2/../../../../arm-none-eabi/lib/armv7e-m/fpu\libm.a(lib_a-s_atan.o)
 .bss           0x200008b8        0x0 c:/program files/gnu tools arm embedded/4.6 2012q2/bin/../lib/gcc/arm-none-eabi/4.6.2/../../../../arm-none-eabi/lib/armv7e-m/fpu\libm.a(lib_a-s_fabs.o)
 .bss           0x200008b8        0x0 c:/program files/gnu tools arm embedded/4.6 2012q2/bin/../lib/gcc/arm-none-eabi/4.6.2/../../../../arm-none-eabi/lib/armv7e-m/fpu\libm.a(lib_a-s_fpclassify.o)
 .bss           0x200008b8        0x0 c:/program files/gnu tools arm embedded/4.6 2012q2/bin/../lib/gcc/arm-none-eabi/4.6.2/../../../../arm-none-eabi/lib/armv7e-m/fpu\libm.a(lib_a-s_lib_ver.o)
 .bss           0x200008b8        0x0 c:/program files/gnu tools arm embedded/4.6 2012q2/bin/../lib/gcc/arm-none-eabi/4.6.2/../../../../arm-none-eabi/lib/armv7e-m/fpu\libm.a(lib_a-s_matherr.o)
 .bss           0x200008b8        0x0 c:/program files/gnu tools arm embedded/4.6 2012q2/bin/../lib/gcc/arm-none-eabi/4.6.2/../../../../arm-none-eabi/lib/armv7e-m/fpu\libm.a(lib_a-s_nan.o)
 .bss           0x200008b8        0x0 c:/program files/gnu tools arm embedded/4.6 2012q2/bin/../lib/gcc/arm-none-eabi/4.6.2/armv7e-m/fpu\libgcc.a(_arm_addsubdf3.o)
 .bss           0x200008b8        0x0 c:/program files/gnu tools arm embedded/4.6 2012q2/bin/../lib/gcc/arm-none-eabi/4.6.2/armv7e-m/fpu\libgcc.a(_arm_muldivdf3.o)
 .bss           0x200008b8        0x0 c:/program files/gnu tools arm embedded/4.6 2012q2/bin/../lib/gcc/arm-none-eabi/4.6.2/armv7e-m/fpu\libgcc.a(_arm_cmpdf2.o)
 .bss           0x200008b8        0x0 c:/program files/gnu tools arm embedded/4.6 2012q2/bin/../lib/gcc/arm-none-eabi/4.6.2/armv7e-m/fpu\libgcc.a(_arm_fixdfsi.o)
 .bss           0x200008b8        0x0 c:/program files/gnu tools arm embedded/4.6 2012q2/bin/../lib/gcc/arm-none-eabi/4.6.2/armv7e-m/fpu\libgcc.a(_arm_fixunsdfsi.o)
 .bss           0x200008b8        0x0 c:/program files/gnu tools arm embedded/4.6 2012q2/bin/../lib/gcc/arm-none-eabi/4.6.2/armv7e-m/fpu\libgcc.a(_arm_truncdfsf2.o)
 .bss           0x200008b8        0x0 c:/program files/gnu tools arm embedded/4.6 2012q2/bin/../lib/gcc/arm-none-eabi/4.6.2/../../../../arm-none-eabi/lib/armv7e-m/fpu\libc.a(lib_a-errno.o)
 .bss           0x200008b8        0x0 c:/program files/gnu tools arm embedded/4.6 2012q2/bin/../lib/gcc/arm-none-eabi/4.6.2/../../../../arm-none-eabi/lib/armv7e-m/fpu\libc.a(lib_a-impure.o)
 .bss           0x200008b8        0x0 c:/program files/gnu tools arm embedded/4.6 2012q2/bin/../lib/gcc/arm-none-eabi/4.6.2/../../../../arm-none-eabi/lib/armv7e-m/fpu\libc.a(lib_a-memcpy.o)
 .bss           0x200008b8        0x0 c:/program files/gnu tools arm embedded/4.6 2012q2/bin/../lib/gcc/arm-none-eabi/4.6.2/../../../../arm-none-eabi/lib/armv7e-m/fpu\libc.a(lib_a-memset.o)
 *(.bss*)
 *(COMMON)
 COMMON         0x200008b8      0x104 obj\.\src\ChangeOver.o
                0x200008b8                rgain
                0x200008bc                DataMax
                0x200008dc                phase_adjust
                0x200008e0                m_pTail
                0x200008e4                m_pHead
                0x200008e8                Tx_Flag
                0x200008ec                m_Ramp
                0x200008f0                IQ_Unit
                0x20000910                S1
                0x20000914                CW_Gain
                0x20000918                T_lgain
                0x20000920                m_SymbolRate
                0x20000928                x_NCOphzinc
                0x20000930                m_2PI
                0x20000938                DSP_Flag
                0x2000093c                m_AddEndingZero
                0x20000940                IQ_Disp
                0x20000944                m_RMSConstant
                0x20000948                R_lgain
                0x2000094c                DataMin
                0x2000096c                R_xgain
                0x20000970                EEProm_Value2
                0x20000972                read_SS2
                0x20000974                S2
                0x20000978                Key_Down
                0x2000097c                T_xgain
                0x20000980                IQData
                0x200009a0                XmitBuffer
                0x200009ba                m_TxShiftReg
 *fill*         0x200009bc        0x4 00
 COMMON         0x200009c0     0x508c obj\.\src\DMA_IRQ_Handler.o
                0x200009c0                Filter_delay_I4
                0x20000a48                m_FreqSignal
                0x20000a58                Filter_delay_Q3
                0x20000ae0                m_z2
                0x20000af0                FIR_I_Out
                0x20000ef0                m_z1
                0x20000f00                Sample_Frequency
                0x20000f04                m_IQPhzIndex
                0x20000f08                LCD_buffer
                0x20000f30                ADC_Buffer
                0x20001330                m_PSKmode
                0x20001334                m_ClkErrCounter
                0x20001338                m_BitPhaseInc
                0x20001340                FFT_Magnitude
                0x20001540                m_VcoPhz
                0x20001548                m_BitSignal
                0x20001558                Filter_delay_I3
                0x200015dc                m_IMDValid
                0x200015e0                NCO_Frequency
                0x200015e8                m_SquelchSpeed
                0x200015ec                USB_Out
                0x200019ec                FIR_I_In
                0x20001dec                m_AFCCaptureOn
                0x20001df0                PSK_Gain
                0x20001df8                m_SyncAve
                0x20001ea0                m_SQThresh
                0x20001ea8                IQ
                0x20001eb8                m_VaricodeDecTbl
                0x200026b8                DMA_RX_Memory
                0x200026bc                LSB_Out
                0x20002abc                m_OffCount
                0x20002ac0                PSK_Tx
                0x20002ac4                m_LastPkPos
                0x20002ac8                m_PkPos
                0x20002ad0                m_NCOphzinc
                0x20002ad8                m_AFClimit
                0x20002ae0                m_FastAFCMode
                0x20002ae4                Mode
                0x20002ae8                Samp
                0x20002af8                m_SampleFreq
                0x20002b00                i
                0x20002b02                FIR_Q_In
                0x20002f04                m_SampCnt
                0x20002f08                m_LastBitZero
                0x20002f0c                m_SQLevel
                0x20002f10                m_IQPhaseArray
                0x20002f60                Filter_delay_I2
                0x20002fac                DMA_TX_Memory
                0x20002fb0                m_BitAcc
                0x20002fb4                Tx1BufferDMA
                0x200037b4                Rx1BufferDMA
                0x20003fb8                m_I1
                0x20003fc0                Filter_delay_Q4
                0x20004048                m_QFreqError
                0x20004050                Tx0BufferDMA
                0x20004850                m_I0
                0x20004858                m_OnCount
                0x2000485c                FIR_Q_Out
                0x20004c60                newsamp
                0x20004c70                m_AGCave
                0x20004c78                key
                0x20004c7c                m_Pcnt
                0x20004c80                m_AFCmode
                0x20004c84                Filter_delay_Q2
                0x20004cd0                m_FperrAve
                0x20004cd8                m_Ncnt
                0x20004ce0                m_FferrAve
                0x20004ce8                m_SQOpen
                0x20004cf0                m_Q0
                0x20004cf8                m_NLPk
                0x20004d00                m_DevAve
                0x20004d08                m_AFCTimer
                0x20004d0c                Filter_delay_Q1
                0x20004d58                m_NewPkPos
                0x20004d60                m_AFCmin
                0x20004d68                m_BitPos
                0x20004d6c                m_SampleClkAdj
                0x20004d70                m_BitPhasePos
                0x20004d78                m_AFCmax
                0x20004d80                Filter_delay_I1
                0x20004dcc                m_ClkErrTimer
                0x20004dd0                m_Q1
                0x20004dd8                m_SyncArray
                0x20004e28                Rx0BufferDMA
                0x20005628                sample
                0x20005638                m_ClkError
                0x2000563c                FFT_Input
                0x20005a40                m_FreqError
                0x20005a48                Flag
 COMMON         0x20005a4c     0x1210 obj\.\src\DSP_Processing.o
                0x20005a4c                FFT_Test
                0x20005e4c                FIR_State_I
                0x2000634a                FFT_Scale
                0x2000674a                FFT_status
                0x2000674c                FIR_State_Q
                0x20006c4c                S_CFFT
 COMMON         0x20006c5c       0x54 obj\.\src\eeprom.o
                0x20006c5c                Freq_Disp
                0x20006c60                EEProm_Value1
                0x20006c64                EEProm_Chk
                0x20006c66                read_SS1
                0x20006c68                Freq_Set
                0x20006ca8                F_Mult
                0x20006cac                F_Unit
 COMMON         0x20006cb0       0x65 obj\.\src\Encoder_1.o
                0x20006cb0                RFREQ_FRAC
                0x20006cb4                Freq_Max
                0x20006cb8                si570_read
                0x20006cc0                N1
                0x20006cc8                FXTAL
                0x20006cd0                RFREQ
                0x20006cd8                FOUT
                0x20006ce0                F0
                0x20006ce8                HS_DIV
                0x20006cec                EEProm_Value
                0x20006cf0                SI570_Chk
                0x20006cf4                RFREQ_INT
                0x20006cf8                ENC_Sens1
                0x20006d00                Old_RFREQ
                0x20006d08                Freq_Min
                0x20006d0c                EXTI_InitStructure
                0x20006d14                DIR1
 *fill*         0x20006d15        0x1 00
 COMMON         0x20006d16        0x4 obj\.\src\Encoder_2.o
                0x20006d16                DIR2
                0x20006d18                ENC_Sens2
 COMMON         0x20006d1a      0x1b8 obj\.\src\main.o
                0x20006d1a                old_SS2_position
                0x20006d1c                j
                0x20006d1e                Y_Point
                0x20006d20                BT_Flag
                0x20006d21                FFT_Output
                0x20006da2                old_SS1_position
                0x20006da4                X_Point
                0x20006da6                FFT_Display
                0x20006ea6                Display_Flag
                0x20006ea8                TouchFlag
                0x20006eaa                received_string
 *fill*         0x20006ed2        0x6 00
 COMMON         0x20006ed8       0x10 obj\.\src\PSK_Det.o
                0x20006ed8                m_PSKPeriodUpdate
                0x20006ee0                char_count
                0x20006ee4                count
 COMMON         0x20006ee8       0x20 obj\.\src\TFT_Display.o
                0x20006ee8                TIM_TimeBaseStructure
                0x20006ef4                TIM_OCInitStructure
 COMMON         0x20006f08        0x4 obj\.\src\touch_pad.o
                0x20006f08                screen
 COMMON         0x20006f0c        0x1 obj\.\src\User_Button.o
                0x20006f0c                PB_State
 *fill*         0x20006f0d        0x3 00
 COMMON         0x20006f10        0x4 obj\.\src\xprintf.o
                0x20006f10                xfunc_out
                0x20006f14                . = ALIGN (0x4)
                0x20006f14                _ebss = .
                0x20006f14                __bss_end__ = _ebss

._user_heap_stack
                0x20006f14      0x400 load address 0x0801d7b4
                0x20006f14                . = ALIGN (0x4)
                0x20006f14                PROVIDE (end, .)
                0x20006f14                PROVIDE (_end, .)
                0x20006f14                . = (. + Heap_Size)
                0x20007314                . = (. + Stack_Size)
 *fill*         0x20006f14      0x400 00
                0x20007314                . = ALIGN (0x4)

.ramccm
 *(.ccmtext)
 *(.ccmtext*)
 *(.ccmrodata)
 *(.ccmrodata*)

/DISCARD/
 libc.a(*)
 libm.a(*)
 libgcc.a(*)

.ARM.attributes
                0x00000000       0x37
 *(.ARM.attributes)
 .ARM.attributes
                0x00000000       0x27 obj\.\startup\startup_stm32f4xx.o
 .ARM.attributes
                0x00000027       0x3b obj\.\src\AsciiLib.o
 .ARM.attributes
                0x00000062       0x3b obj\.\src\ChangeOver.o
 .ARM.attributes
                0x0000009d       0x3b obj\.\src\Codec_Gains.o
 .ARM.attributes
                0x000000d8       0x3b obj\.\src\CW_Mod.o
 .ARM.attributes
                0x00000113       0x3b obj\.\src\DMA_IRQ_Handler.o
 .ARM.attributes
                0x0000014e       0x3b obj\.\src\DMA_Test_Pins.o
 .ARM.attributes
                0x00000189       0x3b obj\.\src\DSP_Processing.o
 .ARM.attributes
                0x000001c4       0x3b obj\.\src\eeprom.o
 .ARM.attributes
                0x000001ff       0x3b obj\.\src\Encoder_1.o
 .ARM.attributes
                0x0000023a       0x3b obj\.\src\Encoder_2.o
 .ARM.attributes
                0x00000275       0x3b obj\.\src\FIR_Coefficients.o
 .ARM.attributes
                0x000002b0       0x3b obj\.\src\Init_Codec.o
 .ARM.attributes
                0x000002eb       0x3b obj\.\src\Init_DMA.o
 .ARM.attributes
                0x00000326       0x3b obj\.\src\Init_I2C.o
 .ARM.attributes
                0x00000361       0x3b obj\.\src\Init_I2S.o
 .ARM.attributes
                0x0000039c       0x3b obj\.\src\main.o
 .ARM.attributes
                0x000003d7       0x3b obj\.\src\ModeSelect.o
 .ARM.attributes
                0x00000412       0x3b obj\.\src\PSK_Det.o
 .ARM.attributes
                0x0000044d       0x3b obj\.\src\PSKMod.o
 .ARM.attributes
                0x00000488       0x3b obj\.\src\Si570.o
 .ARM.attributes
                0x000004c3       0x3b obj\.\src\Sine_table.o
 .ARM.attributes
                0x000004fe       0x3b obj\.\src\stm32f4xx_it.o
 .ARM.attributes
                0x00000539       0x3b obj\.\src\system_stm32f4xx.o
 .ARM.attributes
                0x00000574       0x3b obj\.\src\TFT_Display.o
 .ARM.attributes
                0x000005af       0x3b obj\.\src\touch_pad.o
 .ARM.attributes
                0x000005ea       0x3b obj\.\src\uart.o
 .ARM.attributes
                0x00000625       0x3b obj\.\src\User_Button.o
 .ARM.attributes
                0x00000660       0x3b obj\.\src\xprintf.o
 .ARM.attributes
                0x0000069b       0x39 .\externals\libs\libstm32f4xx_peripherals.a(misc.o)
 .ARM.attributes
                0x000006d4       0x39 .\externals\libs\libstm32f4xx_peripherals.a(stm32f4xx_dma.o)
 .ARM.attributes
                0x0000070d       0x39 .\externals\libs\libstm32f4xx_peripherals.a(stm32f4xx_exti.o)
 .ARM.attributes
                0x00000746       0x39 .\externals\libs\libstm32f4xx_peripherals.a(stm32f4xx_fsmc.o)
 .ARM.attributes
                0x0000077f       0x39 .\externals\libs\libstm32f4xx_peripherals.a(stm32f4xx_gpio.o)
 .ARM.attributes
                0x000007b8       0x39 .\externals\libs\libstm32f4xx_peripherals.a(stm32f4xx_i2c.o)
 .ARM.attributes
                0x000007f1       0x39 .\externals\libs\libstm32f4xx_peripherals.a(stm32f4xx_rcc.o)
 .ARM.attributes
                0x0000082a       0x39 .\externals\libs\libstm32f4xx_peripherals.a(stm32f4xx_spi.o)
 .ARM.attributes
                0x00000863       0x39 .\externals\libs\libstm32f4xx_peripherals.a(stm32f4xx_syscfg.o)
 .ARM.attributes
                0x0000089c       0x39 .\externals\libs\libstm32f4xx_peripherals.a(stm32f4xx_tim.o)
 .ARM.attributes
                0x000008d5       0x39 .\externals\libs\libstm32f4xx_peripherals.a(stm32f4xx_usart.o)
 .ARM.attributes
                0x0000090e       0x39 .\externals\libs\libstm32f4xx_math.a(arm_cmplx_mag_squared_q15.o)
 .ARM.attributes
                0x00000947       0x39 .\externals\libs\libstm32f4xx_math.a(arm_shift_q15.o)
 .ARM.attributes
                0x00000980       0x39 .\externals\libs\libstm32f4xx_math.a(arm_fir_decimate_q15.o)
 .ARM.attributes
                0x000009b9       0x39 .\externals\libs\libstm32f4xx_math.a(arm_fir_q15.o)
 .ARM.attributes
                0x000009f2       0x39 .\externals\libs\libstm32f4xx_math.a(arm_cfft_radix4_q15.o)
 .ARM.attributes
                0x00000a2b       0x39 .\externals\libs\libstm32f4xx_math.a(arm_cfft_radix4_init_q15.o)
 .ARM.attributes
                0x00000a64       0x39 .\externals\libs\libstm32f4xx_math.a(arm_common_tables.o)
 .ARM.attributes
                0x00000a9d       0x36 c:/program files/gnu tools arm embedded/4.6 2012q2/bin/../lib/gcc/arm-none-eabi/4.6.2/../../../../arm-none-eabi/lib/armv7e-m/fpu\libm.a(lib_a-w_atan2.o)
 .ARM.attributes
                0x00000ad3       0x36 c:/program files/gnu tools arm embedded/4.6 2012q2/bin/../lib/gcc/arm-none-eabi/4.6.2/../../../../arm-none-eabi/lib/armv7e-m/fpu\libm.a(lib_a-w_fmod.o)
 .ARM.attributes
                0x00000b09       0x36 c:/program files/gnu tools arm embedded/4.6 2012q2/bin/../lib/gcc/arm-none-eabi/4.6.2/../../../../arm-none-eabi/lib/armv7e-m/fpu\libm.a(lib_a-w_log.o)
 .ARM.attributes
                0x00000b3f       0x36 c:/program files/gnu tools arm embedded/4.6 2012q2/bin/../lib/gcc/arm-none-eabi/4.6.2/../../../../arm-none-eabi/lib/armv7e-m/fpu\libm.a(lib_a-w_sqrt.o)
 .ARM.attributes
                0x00000b75       0x36 c:/program files/gnu tools arm embedded/4.6 2012q2/bin/../lib/gcc/arm-none-eabi/4.6.2/../../../../arm-none-eabi/lib/armv7e-m/fpu\libm.a(lib_a-e_atan2.o)
 .ARM.attributes
                0x00000bab       0x36 c:/program files/gnu tools arm embedded/4.6 2012q2/bin/../lib/gcc/arm-none-eabi/4.6.2/../../../../arm-none-eabi/lib/armv7e-m/fpu\libm.a(lib_a-e_fmod.o)
 .ARM.attributes
                0x00000be1       0x36 c:/program files/gnu tools arm embedded/4.6 2012q2/bin/../lib/gcc/arm-none-eabi/4.6.2/../../../../arm-none-eabi/lib/armv7e-m/fpu\libm.a(lib_a-e_log.o)
 .ARM.attributes
                0x00000c17       0x36 c:/program files/gnu tools arm embedded/4.6 2012q2/bin/../lib/gcc/arm-none-eabi/4.6.2/../../../../arm-none-eabi/lib/armv7e-m/fpu\libm.a(lib_a-e_sqrt.o)
 .ARM.attributes
                0x00000c4d       0x36 c:/program files/gnu tools arm embedded/4.6 2012q2/bin/../lib/gcc/arm-none-eabi/4.6.2/../../../../arm-none-eabi/lib/armv7e-m/fpu\libm.a(lib_a-s_atan.o)
 .ARM.attributes
                0x00000c83       0x36 c:/program files/gnu tools arm embedded/4.6 2012q2/bin/../lib/gcc/arm-none-eabi/4.6.2/../../../../arm-none-eabi/lib/armv7e-m/fpu\libm.a(lib_a-s_fabs.o)
 .ARM.attributes
                0x00000cb9       0x36 c:/program files/gnu tools arm embedded/4.6 2012q2/bin/../lib/gcc/arm-none-eabi/4.6.2/../../../../arm-none-eabi/lib/armv7e-m/fpu\libm.a(lib_a-s_fpclassify.o)
 .ARM.attributes
                0x00000cef       0x36 c:/program files/gnu tools arm embedded/4.6 2012q2/bin/../lib/gcc/arm-none-eabi/4.6.2/../../../../arm-none-eabi/lib/armv7e-m/fpu\libm.a(lib_a-s_lib_ver.o)
 .ARM.attributes
                0x00000d25       0x36 c:/program files/gnu tools arm embedded/4.6 2012q2/bin/../lib/gcc/arm-none-eabi/4.6.2/../../../../arm-none-eabi/lib/armv7e-m/fpu\libm.a(lib_a-s_matherr.o)
 .ARM.attributes
                0x00000d5b       0x36 c:/program files/gnu tools arm embedded/4.6 2012q2/bin/../lib/gcc/arm-none-eabi/4.6.2/../../../../arm-none-eabi/lib/armv7e-m/fpu\libm.a(lib_a-s_nan.o)
 .ARM.attributes
                0x00000d91       0x24 c:/program files/gnu tools arm embedded/4.6 2012q2/bin/../lib/gcc/arm-none-eabi/4.6.2/armv7e-m/fpu\libgcc.a(_arm_addsubdf3.o)
 .ARM.attributes
                0x00000db5       0x24 c:/program files/gnu tools arm embedded/4.6 2012q2/bin/../lib/gcc/arm-none-eabi/4.6.2/armv7e-m/fpu\libgcc.a(_arm_muldivdf3.o)
 .ARM.attributes
                0x00000dd9       0x24 c:/program files/gnu tools arm embedded/4.6 2012q2/bin/../lib/gcc/arm-none-eabi/4.6.2/armv7e-m/fpu\libgcc.a(_arm_cmpdf2.o)
 .ARM.attributes
                0x00000dfd       0x24 c:/program files/gnu tools arm embedded/4.6 2012q2/bin/../lib/gcc/arm-none-eabi/4.6.2/armv7e-m/fpu\libgcc.a(_arm_fixdfsi.o)
 .ARM.attributes
                0x00000e21       0x24 c:/program files/gnu tools arm embedded/4.6 2012q2/bin/../lib/gcc/arm-none-eabi/4.6.2/armv7e-m/fpu\libgcc.a(_arm_fixunsdfsi.o)
 .ARM.attributes
                0x00000e45       0x24 c:/program files/gnu tools arm embedded/4.6 2012q2/bin/../lib/gcc/arm-none-eabi/4.6.2/armv7e-m/fpu\libgcc.a(_arm_truncdfsf2.o)
 .ARM.attributes
                0x00000e69       0x36 c:/program files/gnu tools arm embedded/4.6 2012q2/bin/../lib/gcc/arm-none-eabi/4.6.2/../../../../arm-none-eabi/lib/armv7e-m/fpu\libc.a(lib_a-errno.o)
 .ARM.attributes
                0x00000e9f       0x36 c:/program files/gnu tools arm embedded/4.6 2012q2/bin/../lib/gcc/arm-none-eabi/4.6.2/../../../../arm-none-eabi/lib/armv7e-m/fpu\libc.a(lib_a-impure.o)
 .ARM.attributes
                0x00000ed5       0x36 c:/program files/gnu tools arm embedded/4.6 2012q2/bin/../lib/gcc/arm-none-eabi/4.6.2/../../../../arm-none-eabi/lib/armv7e-m/fpu\libc.a(lib_a-memcpy.o)
 .ARM.attributes