Archive member included because of file (symbol)

.\externals\libs\libstm32f4xx_peripherals.a(stm32f4xx_dma.o)
                              obj\.\src\Init_DMA.o (DMA_DeInit)
.\externals\libs\libstm32f4xx_peripherals.a(stm32f4xx_exti.o)
                              obj\.\src\Encoder_1.o (EXTI_Init)
.\externals\libs\libstm32f4xx_peripherals.a(stm32f4xx_fsmc.o)
                              obj\.\src\TFT_Display.o (FSMC_NORSRAMInit)
.\externals\libs\libstm32f4xx_peripherals.a(stm32f4xx_gpio.o)
                              obj\.\src\ChangeOver.o (GPIO_Init)
.\externals\libs\libstm32f4xx_peripherals.a(stm32f4xx_i2c.o)
                              obj\.\src\Init_I2C.o (I2C_DeInit)
.\externals\libs\libstm32f4xx_peripherals.a(stm32f4xx_rcc.o)
                              .\externals\libs\libstm32f4xx_peripherals.a(stm32f4xx_i2c.o) (RCC_GetClocksFreq)
.\externals\libs\libstm32f4xx_peripherals.a(stm32f4xx_spi.o)
                              obj\.\src\touch_pad.o (SPI_I2S_DeInit)
.\externals\libs\libstm32f4xx_peripherals.a(stm32f4xx_syscfg.o)
                              obj\.\src\Encoder_1.o (SYSCFG_EXTILineConfig)
.\externals\libs\libstm32f4xx_peripherals.a(stm32f4xx_tim.o)
                              obj\.\src\TFT_Display.o (TIM_TimeBaseInit)
.\externals\libs\libstm32f4xx_peripherals.a(stm32f4xx_usart.o)
                              obj\.\src\uart.o (USART_Init)
.\externals\libs\libstm32f4xx_math.a(arm_cmplx_mag_squared_q15.o)
                              obj\.\src\DSP_Processing.o (arm_cmplx_mag_squared_q15)
.\externals\libs\libstm32f4xx_math.a(arm_shift_q15.o)
                              obj\.\src\DSP_Processing.o (arm_shift_q15)
.\externals\libs\libstm32f4xx_math.a(arm_fir_decimate_q15.o)
                              obj\.\src\PSK_Det.o (arm_fir_decimate_q15)
.\externals\libs\libstm32f4xx_math.a(arm_fir_q15.o)
                              obj\.\src\DSP_Processing.o (arm_fir_q15)
.\externals\libs\libstm32f4xx_math.a(arm_cfft_radix4_q15.o)
                              obj\.\src\DSP_Processing.o (arm_cfft_radix4_q15)
.\externals\libs\libstm32f4xx_math.a(arm_cfft_radix4_init_q15.o)
                              obj\.\src\DSP_Processing.o (arm_cfft_radix4_init_q15)
.\externals\libs\libstm32f4xx_math.a(arm_common_tables.o)
                              .\externals\libs\libstm32f4xx_math.a(arm_cfft_radix4_init_q15.o) (armBitRevTable)
c:/program files/gnu tools arm embedded/4.6 2012q2/bin/../lib/gcc/arm-none-eabi/4.6.2/../../../../arm-none-eabi/lib/armv7e-m/fpu\libm.a(lib_a-w_atan2.o)
                              obj\.\src\PSK_Det.o (atan2)
c:/program files/gnu tools arm embedded/4.6 2012q2/bin/../lib/gcc/arm-none-eabi/4.6.2/../../../../arm-none-eabi/lib/armv7e-m/fpu\libm.a(lib_a-w_fmod.o)
                              obj\.\src\PSK_Det.o (fmod)
c:/program files/gnu tools arm embedded/4.6 2012q2/bin/../lib/gcc/arm-none-eabi/4.6.2/../../../../arm-none-eabi/lib/armv7e-m/fpu\libm.a(lib_a-w_log.o)
                              obj\.\src\main.o (log)
c:/program files/gnu tools arm embedded/4.6 2012q2/bin/../lib/gcc/arm-none-eabi/4.6.2/../../../../arm-none-eabi/lib/armv7e-m/fpu\libm.a(lib_a-w_sqrt.o)
                              obj\.\src\PSK_Det.o (sqrt)
c:/program files/gnu tools arm embedded/4.6 2012q2/bin/../lib/gcc/arm-none-eabi/4.6.2/../../../../arm-none-eabi/lib/armv7e-m/fpu\libm.a(lib_a-e_atan2.o)
                              c:/program files/gnu tools arm embedded/4.6 2012q2/bin/../lib/gcc/arm-none-eabi/4.6.2/../../../../arm-none-eabi/lib/armv7e-m/fpu\libm.a(lib_a-w_atan2.o) (__ieee754_atan2)
c:/program files/gnu tools arm embedded/4.6 2012q2/bin/../lib/gcc/arm-none-eabi/4.6.2/../../../../arm-none-eabi/lib/armv7e-m/fpu\libm.a(lib_a-e_fmod.o)
                              c:/program files/gnu tools arm embedded/4.6 2012q2/bin/../lib/gcc/arm-none-eabi/4.6.2/../../../../arm-none-eabi/lib/armv7e-m/fpu\libm.a(lib_a-w_fmod.o) (__ieee754_fmod)
c:/program files/gnu tools arm embedded/4.6 2012q2/bin/../lib/gcc/arm-none-eabi/4.6.2/../../../../arm-none-eabi/lib/armv7e-m/fpu\libm.a(lib_a-e_log.o)
                              c:/program files/gnu tools arm embedded/4.6 2012q2/bin/../lib/gcc/arm-none-eabi/4.6.2/../../../../arm-none-eabi/lib/armv7e-m/fpu\libm.a(lib_a-w_log.o) (__ieee754_log)
c:/program files/gnu tools arm embedded/4.6 2012q2/bin/../lib/gcc/arm-none-eabi/4.6.2/../../../../arm-none-eabi/lib/armv7e-m/fpu\libm.a(lib_a-e_sqrt.o)
                              c:/program files/gnu tools arm embedded/4.6 2012q2/bin/../lib/gcc/arm-none-eabi/4.6.2/../../../../arm-none-eabi/lib/armv7e-m/fpu\libm.a(lib_a-w_sqrt.o) (__ieee754_sqrt)
c:/program files/gnu tools arm embedded/4.6 2012q2/bin/../lib/gcc/arm-none-eabi/4.6.2/../../../../arm-none-eabi/lib/armv7e-m/fpu\libm.a(lib_a-s_atan.o)
                              c:/program files/gnu tools arm embedded/4.6 2012q2/bin/../lib/gcc/arm-none-eabi/4.6.2/../../../../arm-none-eabi/lib/armv7e-m/fpu\libm.a(lib_a-e_atan2.o) (atan)
[...]
Memory Configuration

Name             Origin             Length             Attributes
FLASH            0x08000000         0x00100000         xr
RAMCCM           0x10000000         0x00010000         xrw
RAM              0x20000000         0x00020000         xrw
*default*        0x00000000         0xffffffff

Linker script and memory map

LOAD obj\.\startup\startup_stm32f4xx.o
LOAD obj\.\src\AsciiLib.o
LOAD obj\.\src\ChangeOver.o
LOAD obj\.\src\Codec_Gains.o
LOAD obj\.\src\CW_Mod.o
LOAD obj\.\src\DMA_IRQ_Handler.o
LOAD obj\.\src\DMA_Test_Pins.o
LOAD obj\.\src\DSP_Processing.o
LOAD obj\.\src\eeprom.o
LOAD obj\.\src\Encoder_1.o
LOAD obj\.\src\Encoder_2.o
LOAD obj\.\src\FIR_Coefficients.o
LOAD obj\.\src\Init_Codec.o
LOAD obj\.\src\Init_DMA.o
LOAD obj\.\src\Init_I2C.o
LOAD obj\.\src\Init_I2S.o
LOAD obj\.\src\Keyboard_Input.o
LOAD obj\.\src\main.o
LOAD obj\.\src\ModeSelect.o
LOAD obj\.\src\PSK_Det.o
LOAD obj\.\src\PSKMod.o
LOAD obj\.\src\Si570.o
LOAD obj\.\src\Sine_table.o
LOAD obj\.\src\stm32f4_discovery.o
LOAD obj\.\src\stm32f4xx_it.o
LOAD obj\.\src\system_stm32f4xx.o
LOAD obj\.\src\TFT_Display.o
LOAD obj\.\src\touch_pad.o
LOAD obj\.\src\uart.o
LOAD obj\.\src\usb_bsp.o
LOAD obj\.\src\usbh_usr.o
LOAD obj\.\src\User_Button.o
LOAD obj\.\src\xprintf.o
LOAD obj\.\externals\SM32F4-Discovery\USB\src\misc.o
LOAD obj\.\externals\SM32F4-Discovery\USB\src\usb_core.o
LOAD obj\.\externals\SM32F4-Discovery\USB\src\usb_hcd.o
LOAD obj\.\externals\SM32F4-Discovery\USB\src\usb_hcd_int.o
LOAD obj\.\externals\SM32F4-Discovery\USB\src\usbh_core.o
LOAD obj\.\externals\SM32F4-Discovery\USB\src\usbh_hcs.o
LOAD obj\.\externals\SM32F4-Discovery\USB\src\usbh_hid_core.o
LOAD obj\.\externals\SM32F4-Discovery\USB\src\usbh_hid_keybd.o
LOAD obj\.\externals\SM32F4-Discovery\USB\src\usbh_ioreq.o
LOAD obj\.\externals\SM32F4-Discovery\USB\src\usbh_stdreq.o
LOAD .\externals\libs\libstm32f4xx_peripherals.a
LOAD .\externals\libs\libstm32f4xx_math.a
LOAD c:/program files/gnu tools arm embedded/4.6 2012q2/bin/../lib/gcc/arm-none-eabi/4.6.2/../../../../arm-none-eabi/lib/armv7e-m/fpu\libm.a
START GROUP
LOAD c:/program files/gnu tools arm embedded/4.6 2012q2/bin/../lib/gcc/arm-none-eabi/4.6.2/armv7e-m/fpu\libgcc.a
LOAD c:/program files/gnu tools arm embedded/4.6 2012q2/bin/../lib/gcc/arm-none-eabi/4.6.2/../../../../arm-none-eabi/lib/armv7e-m/fpu\libc.a
END GROUP
                0x20020000                top_of_stack = (ORIGIN (RAM) + 0x20000)
                0x00000000                Heap_Size = 0x0
                0x00000400                Stack_Size = 0x400

.Vector_Table   0x08000000      0x188
                0x08000000                . = ALIGN (0x4)
 *(.Vector_Table)
 .Vector_Table  0x08000000      0x188 obj\.\startup\startup_stm32f4xx.o
                0x08000000                Vector_Table
                0x08000188                . = ALIGN (0x4)

.text           0x08000188    0x19c58
                0x08000188                . = ALIGN (0x4)
 *(.text)
 .text          0x08000188       0x14 obj\.\startup\startup_stm32f4xx.o
 .text          0x0800019c       0x64 obj\.\src\AsciiLib.o
                0x0800019c                GetASCIICode1
                0x080001b0                GetASCIICode2
                0x080001c4                GetASCIICode3
                0x080001d8                GetASCIICode4
                0x080001ec                GetASCIICode5
 .text          0x08000200      0x1ac obj\.\src\ChangeOver.o
                0x08000200                Receive_Sequence
                0x08000250                Xmit_SSB_Sequence
                0x080002a8                Xmit_CW_Sequence
                0x08000300                Xmit_PSK_Sequence
                0x08000350                Init_PTT_IO
 .text          0x080003ac      0x24c obj\.\src\Codec_Gains.o
                0x080003ac                Set_HP_Gain
                0x080003e6                Set_LO_Gain
                0x08000420                Set_PGA_Gain
                0x08000468                Set_DAC_DVC
                0x080004be                Set_ADC_DVC
                0x08000512                Turn_On_Bias
                0x08000538                Turn_Off_Bias
                0x0800055e                Disconnect_PGA
                0x08000594                Mute_HP
                0x08000598                Mute_LO
                0x0800059c                Connect_IQ_Inputs
                0x080005d2                Connect_Microphone_Input
 .text          0x080005f8       0x38 obj\.\src\CW_Mod.o
                0x080005f8                Init_CW_GPIO
 .text          0x08000630      0xb18 obj\.\src\DMA_IRQ_Handler.o
                0x08000630                Rcvr_DSP
                0x08000814                Xmit_SSB
                0x080009dc                Xmit_CW
                0x08000cdc                Xmit_PSK
                0x08001078                DMA1_Stream0_IRQHandler
 .text          0x08001148       0x34 obj\.\src\DMA_Test_Pins.o
                0x08001148                TEST_GPIO_Init
 .text          0x0800117c       0xd0 obj\.\src\DSP_Processing.o
                0x0800117c                Process_FIR_I
                0x08001198                Process_FIR_Q
                0x080011b4                Sideband_Demod
                0x080011f4                Process_FFT
 .text          0x0800124c      0x124 obj\.\src\eeprom.o
                0x0800124c                Write_Int_EEProm
                0x08001268                Read_Int_EEProm
                0x08001286                Write_Long_EEProm
                0x080012b8                Read_Long_EEProm
                0x080012f0                Store_SI570_Data
                0x08001310                Read_SI570_Data
                0x08001330                Store_IQ_Data
                0x08001350                Read_IQ_Data
 .text          0x08001370      0xa18 obj\.\src\Encoder_1.o
                0x08001370                Encoder1_GPIO_Config
                0x0800140c                Set_Initial_SI570_Data
                0x08001490                check_SS1
                0x080014ac                Increase_Step
                0x080014f0                Decrease_Step
                0x08001538                redrawFrequencyOnScreen
                0x08001550                process_SS1
                0x080018c8                process_encoder1
                0x08001c9c                init_encoder1
 .text          0x08001d88      0x990 obj\.\src\Encoder_2.o
                0x08001d88                Encoder2_GPIO_Config
                0x08001e08                Set_Initial_IQ_Data
                0x08001e38                Set_Minimums
                0x08001e70                Set_Maximums
                0x08001ea8                Set_IQ_Units
                0x08001ed8                check_SS2
                0x08001ef4                process_encoder2
                0x08002470                process_SS2
                0x080025d4                init_encoder2
                0x080026d8                Store_Defaults
 .text          0x08002718        0x0 obj\.\src\FIR_Coefficients.o
 .text          0x08002718      0x334 obj\.\src\Init_Codec.o
                0x08002718                Codec_GPIO_Init
                0x08002748                Codec_Reset
                0x08002770                Codec_Init
 .text          0x08002a4c      0x148 obj\.\src\Init_DMA.o
                0x08002a4c                Audio_DMA_Init
                0x08002b84                Audio_DMA_Start
 .text          0x08002b94      0x7c8 obj\.\src\Init_I2C.o
                0x08002b94                I2C_GPIO_Init
                0x08002be0                I2C_Cntrl_Init
                0x08002c40                I2C_WriteRegister
                0x08002d60                I2C_WriteRegister_N
                0x08002e8c                I2C_ReadSlave
                0x08003034                I2C_ReadEEProm
                0x08003208                Delay
                0x08003224                I2C_WriteEEProm
 .text          0x0800335c       0xd4 obj\.\src\Init_I2S.o
                0x0800335c                I2S_GPIO_Init
                0x080033cc                Codec_AudioInterface_Init
 .text          0x08003430       0xb8 obj\.\src\Keyboard_Input.o
                0x08003430                kybd_addCharacter
                0x08003478                String2Buffer
                0x0800348c                kybd_dispFunctionKey
 .text          0x080034e8      0x1c0 obj\.\src\main.o
                0x080034e8                main_delay
                0x08003504                displaySplashScreen
                0x0800353c                initializeHardware
 .text          0x080036a8       0xac obj\.\src\ModeSelect.o
                0x080036a8                Init_Mode
                0x0800370c                Set_Mode_Display
 *fill*         0x08003754        0x4 00
 .text          0x08003758     0x1630 obj\.\src\PSK_Det.o
                0x08003758                SetSampleClkAdj
                0x080037f8                CPSKInitDet
                0x080038a0                SetRXFrequency
                0x08003978                SetAFCLimit
                0x08003a4c                ResetDetector
                0x08003ab4                InitPSK
                0x08003c3c                ResetModem
                0x08003c7c                CalcFFreqError
                0x08003eb4                CalcFreqError
                0x08004114                CalcAGC
                0x08004250                SymbSync
                0x08004480                CalcQuality
                0x08004860                DecodeSymb
                0x08004aac                ProcPSKDet
 .text          0x08004d88      0x1c0 obj\.\src\PSKMod.o
                0x08004d88                InitPSKModulator
                0x08004ddc                GetTxChar
                0x08004e28                GetNextBPSKSymbol
                0x08004e78                Update_PSK
                0x08004ef0                PSK_addCharToTx
                0x08004f1c                PSK_isQueueFull
                0x08004f30                PSK_isQueueEmpty
 .text          0x08004f48      0x4f8 obj\.\src\Si570.o
                0x08004f48                Recall_F0
                0x08004f76                Set_HS_DIV_N1
                0x0800507c                Pack_Si570_registers
                0x08005160                Unpack_Si570_registers
                0x0800520c                Check_SI570
                0x08005220                Read_Si570_registers
                0x0800523c                Compute_FXTAL
                0x080052a4                Large_RFREQ_Change
                0x08005318                Write_Si570_registers
                0x0800537c                Output_Frequency
                0x08005404                Si570_StartUp
 .text          0x08005440        0x0 obj\.\src\Sine_table.o
 .text          0x08005440      0x130 obj\.\src\stm32f4_discovery.o
                0x08005440                STM_EVAL_LEDInit
                0x08005484                STM_EVAL_LEDOn
                0x080054a0                STM_EVAL_LEDOff
                0x080054bc                STM_EVAL_LEDToggle
                0x080054dc                STM_EVAL_PBInit
                0x08005558                STM_EVAL_PBGetState
 .text          0x08005570       0x48 obj\.\src\stm32f4xx_it.o
                0x08005570                NMI_Handler
                0x08005572                HardFault_Handler
                0x08005574                MemManage_Handler
                0x08005576                BusFault_Handler
                0x08005578                UsageFault_Handler
                0x0800557a                SVC_Handler
                0x0800557c                DebugMon_Handler
                0x0800557e                PendSV_Handler
                0x08005580                SysTick_Handler
                0x08005582                EXTI1_IRQHandler
                0x080055a8                TIM2_IRQHandler
                0x080055ac                OTG_FS_IRQHandler
 .text          0x080055b8      0x198 obj\.\src\system_stm32f4xx.o
                0x080055b8                SystemInit
                0x080056dc                SystemCoreClockUpdate
 .text          0x08005750     0x11e0 obj\.\src\TFT_Display.o
                0x08005750                LCD_WriteRAM_Prepare
                0x0800575a                LCD_WriteRAM
                0x08005764                LCD_WriteReg
                0x08005772                LCD_DisplayOn
                0x08005786                LCD_DisplayOff
                0x08005798                LCD_SetColors
                0x080057c4                LCD_GetColors
                0x080057e0                LCD_SetTextColor
                0x080057f8                LCD_SetBackColor
                0x08005810                LCD_CharSize
                0x08005828                LCD_SetCursor
                0x08005840                PutPixel
                0x08005874                Pixel
                0x0800589e                LCD_PutChar
                0x08005ab4                LCD_StringLine
                0x08005b0c                LCD_DrawFFT
                0x08005bc4                LCD_DrawLine
                0x08005c34                LCD_DrawRect
                0x08005ca0                LCD_DrawSquare
                0x08005d0a                LCD_DrawCircle
                0x08005dd4                LCD_DrawFullRect
                0x08005e18                LCD_DrawFullSquare
                0x08005e54                LCD_DrawUniLine
                0x08005fa2                LCD_DrawFullCircle
                0x08006036                LCD_CtrlLinesConfig
                0x08006190                LCD_FSMCConfig
                0x080061fa                LCD_PolyLine
                0x08006226                LCD_ClosedPolyLine
                0x08006246                LCD_PolyLineRelative
                0x0800624a                LCD_ClosedPolyLineRelative
                0x0800624e                LCD_FillPolyLine
                0x08006424                LCD_BackLight
                0x08006460                TIM_Config
                0x08006534                LCD_SetDisplayWindow
                0x0800658c                TFT_Delay
                0x080065a8                LCD_Clear
                0x080065d4                LCD_Reset
                0x080065fc                LCD_Init
                0x080067e8                Plot_String
                0x08006808                Plot_Integer
                0x08006888                writeNumberToBuffer
                0x080068b2                numCharChangingByDial
                0x080068cc                Plot_Freq
 .text          0x08006930      0x748 obj\.\src\touch_pad.o
                0x080069dc                touch_init
                0x08006ae0                touch_interrupt_init
                0x08006b2c                Read_X
                0x08006b64                Read_Y
                0x08006b9c                TP_GetAdXY
                0x08006bb8                Read_Ads7846
                0x08006cfc                Draw_Touch_Point
                0x08006d78                GetTouchPoint
                0x08006ff8                EXTI9_5_IRQHandler
                0x08007070                TouchPanel_Calibrate
 .text          0x08007078      0x110 obj\.\src\uart.o
                0x08007078                uart_putc
                0x08007094                uart_init
                0x08007160                uart_deinit
                0x08007170                USART2_IRQHandler
 .text          0x08007188      0x214 obj\.\src\usb_bsp.o
                0x08007214                BSP_Init
                0x0800721c                USB_OTG_BSP_Init
                0x080072e0                USB_OTG_BSP_EnableInterrupt
                0x08007306                USB_OTG_BSP_DriveVBUS
                0x0800731c                USB_OTG_BSP_uDelay
                0x08007320                USB_OTG_BSP_mDelay
                0x08007324                USB_OTG_BSP_ConfigVBUS
                0x08007364                USB_OTG_BSP_TimerIRQ
 .text          0x0800739c       0x98 obj\.\src\usbh_usr.o
                0x0800739c                USB_debugEvent
                0x080073ac                USBH_USR_DeInit
                0x080073b2                USBH_USR_OverCurrentDetected
                0x080073b8                USBH_USR_UserInput
                0x080073c6                USBH_USR_DeviceNotSupported
                0x080073ca                USBH_USR_EnumerationDone
                0x080073ce                USBH_USR_SerialNum_String
                0x080073d2                USBH_USR_Product_String
                0x080073d6                USBH_USR_Manufacturer_String
                0x080073da                USBH_USR_Configuration_DescAvailable
                0x080073de                USBH_USR_DeviceAddressAssigned
                0x080073e2                USBH_USR_Device_DescAvailable
                0x080073e6                USBH_USR_DeviceSpeedDetected
                0x080073ea                USBH_USR_ResetDevice
                0x080073ee                USBH_USR_DeviceDisconnected
                0x080073f2                USBH_USR_UnrecoveredError
                0x080073f6                USBH_USR_DeviceAttached
                0x080073fa                USBH_USR_Init
                0x080073fe                USR_KEYBRD_Init
                0x08007404                USR_KEYBRD_ProcessData
 .text          0x08007434       0xb8 obj\.\src\User_Button.o
                0x08007434                User_Button_Config
                0x08007470                BT_Flag_Config
                0x080074a8                Check_BT_Flag
                0x080074c4                EXTI0_IRQHandler
 .text          0x080074ec      0x300 obj\.\src\xprintf.o
                0x080074ec                xputc
                0x0800751c                xputs
                0x080076d8                xfputs
                0x080076f8                xprintf
                0x08007710                xsprintf
                0x0800773c                xfprintf
                0x08007764                put_dump
 .text          0x080077ec       0xc0 obj\.\externals\SM32F4-Discovery\USB\src\misc.o
                0x080077ec                NVIC_PriorityGroupConfig
                0x08007800                NVIC_Init
                0x08007868                NVIC_SetVectorTable
                0x0800787c                NVIC_SystemLPConfig
                0x08007894                SysTick_CLKSourceConfig
 .text          0x080078ac      0x6ec obj\.\externals\SM32F4-Discovery\USB\src\usb_core.o
                0x080078f8                USB_OTG_WritePacket
                0x08007920                USB_OTG_ReadPacket
                0x08007944                USB_OTG_SelectCore
                0x08007a04                USB_OTG_CoreInit
                0x08007a90                USB_OTG_EnableGlobalInt
                0x08007a9e                USB_OTG_DisableGlobalInt
                0x08007aac                USB_OTG_FlushTxFifo
                0x08007ae8                USB_OTG_FlushRxFifo
                0x08007b1c                USB_OTG_SetCurrentMode
                0x08007b46                USB_OTG_GetMode
                0x08007b50                USB_OTG_IsDeviceMode
                0x08007b60                USB_OTG_IsHostMode
                0x08007b6a                USB_OTG_ReadCoreItr
                0x08007b74                USB_OTG_ReadOtgItr
                0x08007b7a                USB_OTG_IsEvenFrame
                0x08007b8a                USB_OTG_EnableHostInt
                0x08007bcc                USB_OTG_InitFSLSPClkSel
                0x08007bd8                USB_OTG_ReadHPRT0
                0x08007bf0                USB_OTG_DriveVbus
                0x08007c3c                USB_OTG_ReadHostAllChannels_intr
                0x08007c42                USB_OTG_ResetPort
                0x08007c6e                USB_OTG_CoreInitHost
                0x08007d04                USB_OTG_HC_Init
                0x08007dec                USB_OTG_HC_StartXfer
                0x08007ef4                USB_OTG_HC_Halt
                0x08007f2e                USB_OTG_HC_DoPing
                0x08007f56                USB_OTG_StopHost
 .text          0x08007f98       0xb6 obj\.\externals\SM32F4-Discovery\USB\src\usb_hcd.o
                0x08007f98                HCD_Init
                0x08007ff2                HCD_GetCurrentSpeed
                0x08007ffe                HCD_ResetPort
                0x08008008                HCD_IsDeviceConnected
                0x0800800e                HCD_GetCurrentFrame
                0x08008016                HCD_GetURB_State
                0x0800801e                HCD_GetXferCnt
                0x08008026                HCD_GetHCState
                0x0800802e                HCD_HC_Init
                0x08008036                HCD_SubmitRequest
 *fill*         0x0800804e        0x2 00
 .text          0x08008050     0x1534 obj\.\externals\SM32F4-Discovery\USB\src\usb_hcd_int.o
                0x08009440                USBH_OTG_ISR_Handler
 .text          0x08009584      0x5f8 obj\.\externals\SM32F4-Discovery\USB\src\usbh_core.o
                0x08009584                USBH_Connected
                0x0800958e                USBH_Disconnected
                0x08009598                USBH_SOF
                0x0800959c                USBH_DeInit
                0x080095ce                USBH_Init
                0x08009610                USBH_ErrorHandle
                0x0800963c                USBH_HandleControl
                0x080097f0                USBH_Process
 .text          0x08009b7c       0xf8 obj\.\externals\SM32F4-Discovery\USB\src\usbh_hcs.o
                0x08009b7c                USBH_Open_Channel
                0x08009bd2                USBH_Modify_Channel
                0x08009c0c                USBH_Alloc_Channel
                0x08009c3e                USBH_Free_Channel
                0x08009c56                USBH_DeAllocate_AllChannel
 .text          0x08009c74      0x318 obj\.\externals\SM32F4-Discovery\USB\src\usbh_hid_core.o
                0x08009f64                USBH_Set_Report
 .text          0x08009f8c       0xec obj\.\externals\SM32F4-Discovery\USB\src\usbh_hid_keybd.o
 .text          0x0800a078      0x22e obj\.\externals\SM32F4-Discovery\USB\src\usbh_ioreq.o
                0x0800a078                USBH_CtlReq
                0x0800a0c4                USBH_CtlSendSetup
                0x0800a0f2                USBH_CtlSendData
                0x0800a12e                USBH_CtlReceiveData
                0x0800a15a                USBH_BulkSendData
                0x0800a190                USBH_BulkReceiveData
                0x0800a1c6                USBH_InterruptReceiveData
                0x0800a208                USBH_InterruptSendData
                0x0800a24a                USBH_IsocReceiveData
                0x0800a278                USBH_IsocSendData
 *fill*         0x0800a2a6        0x2 00
 .text          0x0800a2a8      0x398 obj\.\externals\SM32F4-Discovery\USB\src\usbh_stdreq.o
                0x0800a2a8                USBH_GetDescriptor
                0x0800a2dc                USBH_Get_StringDesc
                0x0800a32c                USBH_Get_DevDesc
                0x0800a3d8                USBH_Get_CfgDesc
                0x0800a5b0                USBH_SetAddress
                0x0800a5ca                USBH_SetCfg
                0x0800a5e4                USBH_SetInterface
                0x0800a600                USBH_ClrFeature
                0x0800a632                USBH_GetNextDesc
 .text          0x0800a640      0x330 .\externals\libs\libstm32f4xx_peripherals.a(stm32f4xx_dma.o)
                0x0800a640                DMA_DeInit
                0x0800a758                DMA_Init
                0x0800a7ac                DMA_StructInit
                0x0800a7ce                DMA_Cmd
                0x0800a7e0                DMA_PeriphIncOffsetSizeConfig
                0x0800a7f2                DMA_FlowControllerConfig
                0x0800a804                DMA_SetCurrDataCounter
                0x0800a808                DMA_GetCurrDataCounter
                0x0800a80e                DMA_DoubleBufferModeConfig
                0x0800a822                DMA_DoubleBufferModeCmd
                0x0800a834                DMA_MemoryTargetConfig
                0x0800a83e                DMA_GetCurrentMemoryTarget
                0x0800a846                DMA_GetCmdStatus
                0x0800a84e                DMA_GetFIFOStatus
                0x0800a856                DMA_GetFlagStatus
                0x0800a88c                DMA_ClearFlag
                0x0800a8bc                DMA_ITConfig
                0x0800a8ea                DMA_GetITStatus
                0x0800a940                DMA_ClearITPendingBit
 .text          0x0800a970       0xf8 .\externals\libs\libstm32f4xx_peripherals.a(stm32f4xx_exti.o)
                0x0800a970                EXTI_DeInit
                0x0800a98c                EXTI_Init
                0x0800aa04                EXTI_StructInit
                0x0800aa12                EXTI_GenerateSWInterrupt
                0x0800aa20                EXTI_GetFlagStatus
                0x0800aa34                EXTI_ClearFlag
                0x0800aa40                EXTI_GetITStatus
                0x0800aa5c                EXTI_ClearITPendingBit
 .text          0x0800aa68      0x464 .\externals\libs\libstm32f4xx_peripherals.a(stm32f4xx_fsmc.o)
                0x0800aa68                FSMC_NORSRAMDeInit
                0x0800aa96                FSMC_NORSRAMInit
                0x0800ab48                FSMC_NORSRAMStructInit
                0x0800ab96                FSMC_NORSRAMCmd
                0x0800abb8                FSMC_NANDDeInit
                0x0800abe0                FSMC_NANDInit
                0x0800ac48                FSMC_NANDStructInit
                0x0800ac72                FSMC_NANDCmd
                0x0800aca4                FSMC_NANDECCCmd
                0x0800acd8                FSMC_GetECC
                0x0800acf0                FSMC_PCCARDDeInit
                0x0800ad0c                FSMC_PCCARDInit
                0x0800ad74                FSMC_PCCARDStructInit
                0x0800ad9e                FSMC_PCCARDCmd
                0x0800adbc                FSMC_ITConfig
                0x0800ae08                FSMC_GetFlagStatus
                0x0800ae34                FSMC_ClearFlag
                0x0800ae64                FSMC_GetITStatus
                0x0800ae98                FSMC_ClearITPendingBit
 .text          0x0800aecc      0x204 .\externals\libs\libstm32f4xx_peripherals.a(stm32f4xx_gpio.o)
                0x0800aecc                GPIO_DeInit
                0x0800afa4                GPIO_Init
                0x0800b02c                GPIO_StructInit
                0x0800b03e                GPIO_PinLockConfig
                0x0800b062                GPIO_ReadInputDataBit
                0x0800b06e                GPIO_ReadInputData
                0x0800b074                GPIO_ReadOutputDataBit
                0x0800b080                GPIO_ReadOutputData
                0x0800b086                GPIO_SetBits
                0x0800b08a                GPIO_ResetBits
                0x0800b08e                GPIO_WriteBit
                0x0800b098                GPIO_Write
                0x0800b09c                GPIO_ToggleBits
                0x0800b0a4                GPIO_PinAFConfig
 .text          0x0800b0d0      0x3d4 .\externals\libs\libstm32f4xx_peripherals.a(stm32f4xx_i2c.o)
                0x0800b0d0                I2C_DeInit
                0x0800b12c                I2C_Init
                0x0800b1f8                I2C_StructInit
                0x0800b214                I2C_Cmd
                0x0800b22c                I2C_GenerateSTART
                0x0800b244                I2C_GenerateSTOP
                0x0800b25c                I2C_Send7bitAddress
                0x0800b26c                I2C_AcknowledgeConfig
                0x0800b284                I2C_OwnAddress2Config
                0x0800b296                I2C_DualAddressCmd
                0x0800b2ae                I2C_GeneralCallCmd
                0x0800b2c6                I2C_SoftwareResetCmd
                0x0800b2de                I2C_StretchClockCmd
                0x0800b2f6                I2C_FastModeDutyCycleConfig
                0x0800b312                I2C_NACKPositionConfig
                0x0800b32e                I2C_SMBusAlertConfig
                0x0800b34a                I2C_ARPCmd
                0x0800b362                I2C_SendData
                0x0800b366                I2C_ReceiveData
                0x0800b36c                I2C_TransmitPEC
                0x0800b384                I2C_PECPositionConfig
                0x0800b3a0                I2C_CalculatePEC
                0x0800b3b8                I2C_GetPEC
                0x0800b3c0                I2C_DMACmd
                0x0800b3d8                I2C_DMALastTransferCmd
                0x0800b3f0                I2C_ReadRegister
                0x0800b408                I2C_ITConfig
                0x0800b41a                I2C_CheckEvent
                0x0800b434                I2C_GetLastEvent
                0x0800b444                I2C_GetFlagStatus
                0x0800b478                I2C_ClearFlag
                0x0800b480                I2C_GetITStatus
                0x0800b49c                I2C_ClearITPendingBit
 .text          0x0800b4a4      0x454 .\externals\libs\libstm32f4xx_peripherals.a(stm32f4xx_rcc.o)
                0x0800b4a4                RCC_DeInit
                0x0800b4d8                RCC_HSEConfig
                0x0800b4e8                RCC_AdjustHSICalibrationValue
                0x0800b4fc                RCC_HSICmd
                0x0800b508                RCC_LSEConfig
                0x0800b528                RCC_LSICmd
                0x0800b534                RCC_PLLConfig
                0x0800b554                RCC_PLLCmd
                0x0800b560                RCC_PLLI2SConfig
                0x0800b574                RCC_PLLI2SCmd
                0x0800b580                RCC_ClockSecuritySystemCmd
                0x0800b58c                RCC_MCO1Config
                0x0800b5a0                RCC_MCO2Config
                0x0800b5b4                RCC_SYSCLKConfig
                0x0800b5c8                RCC_GetSYSCLKSource
                0x0800b5d8                RCC_HCLKConfig
                0x0800b5ec                RCC_PCLK1Config
                0x0800b600                RCC_PCLK2Config
                0x0800b614                RCC_GetClocksFreq
                0x0800b6a0                RCC_RTCCLKConfig
                0x0800b6d0                RCC_RTCCLKCmd
                0x0800b6dc                RCC_BackupResetCmd
                0x0800b6e8                RCC_I2SCLKConfig
                0x0800b6f4                RCC_AHB1PeriphClockCmd
                0x0800b70c                RCC_AHB2PeriphClockCmd
                0x0800b724                RCC_AHB3PeriphClockCmd
                0x0800b73c                RCC_APB1PeriphClockCmd
                0x0800b754                RCC_APB2PeriphClockCmd
                0x0800b76c                RCC_AHB1PeriphResetCmd
                0x0800b784                RCC_AHB2PeriphResetCmd
                0x0800b79c                RCC_AHB3PeriphResetCmd
                0x0800b7b4                RCC_APB1PeriphResetCmd
                0x0800b7cc                RCC_APB2PeriphResetCmd
                0x0800b7e4                RCC_AHB1PeriphClockLPModeCmd
                0x0800b7fc                RCC_AHB2PeriphClockLPModeCmd
                0x0800b814                RCC_AHB3PeriphClockLPModeCmd
                0x0800b82c                RCC_APB1PeriphClockLPModeCmd
                0x0800b844                RCC_APB2PeriphClockLPModeCmd
                0x0800b85c                RCC_ITConfig
                0x0800b874                RCC_GetFlagStatus
                0x0800b89c                RCC_WaitForHSEStartUp
                0x0800b8c8                RCC_ClearFlag
                0x0800b8d8                RCC_GetITStatus
                0x0800b8ec                RCC_ClearITPendingBit
 .text          0x0800b8f8      0x354 .\externals\libs\libstm32f4xx_peripherals.a(stm32f4xx_spi.o)
                0x0800b8f8                SPI_I2S_DeInit
                0x0800b95c                SPI_Init
                0x0800b99a                I2S_Init
                0x0800ba68                SPI_StructInit
                0x0800ba80                I2S_StructInit
                0x0800ba92                SPI_Cmd
                0x0800baaa                I2S_Cmd
                0x0800bac2                SPI_DataSizeConfig
                0x0800bad8                SPI_BiDirectionalLineConfig
                0x0800baf4                SPI_NSSInternalSoftwareConfig
                0x0800bb12                SPI_SSOutputCmd
                0x0800bb2a                SPI_TIModeCmd
                0x0800bb42                I2S_FullDuplexConfig
                0x0800bb8c                SPI_I2S_ReceiveData
                0x0800bb92                SPI_I2S_SendData
                0x0800bb96                SPI_CalculateCRC
                0x0800bbae                SPI_TransmitCRC
                0x0800bbba                SPI_GetCRC
                0x0800bbca                SPI_GetCRCPolynomial
                0x0800bbd0                SPI_I2S_DMACmd
                0x0800bbe2                SPI_I2S_ITConfig
                0x0800bc00                SPI_I2S_GetFlagStatus
                0x0800bc0c                SPI_I2S_ClearFlag
                0x0800bc14                SPI_I2S_GetITStatus
                0x0800bc3a                SPI_I2S_ClearITPendingBit
 .text          0x0800bc4c       0x80 .\externals\libs\libstm32f4xx_peripherals.a(stm32f4xx_syscfg.o)
                0x0800bc4c                SYSCFG_DeInit
                0x0800bc66                SYSCFG_MemoryRemapConfig
                0x0800bc70                SYSCFG_EXTILineConfig
                0x0800bca4                SYSCFG_ETH_MediaInterfaceConfig
                0x0800bcb0                SYSCFG_CompensationCellCmd
                0x0800bcbc                SYSCFG_GetCompensationCellStatus
 .text          0x0800bccc      0xb0c .\externals\libs\libstm32f4xx_peripherals.a(stm32f4xx_tim.o)
                0x0800bd38                TIM_DeInit
                0x0800be8c                TIM_TimeBaseInit
                0x0800bf08                TIM_TimeBaseStructInit
                0x0800bf1a                TIM_PrescalerConfig
                0x0800bf20                TIM_CounterModeConfig
                0x0800bf30                TIM_SetCounter
                0x0800bf34                TIM_SetAutoreload
                0x0800bf38                TIM_GetCounter
                0x0800bf3c                TIM_GetPrescaler
                0x0800bf42                TIM_UpdateDisableConfig
                0x0800bf5a                TIM_UpdateRequestConfig
                0x0800bf72                TIM_ARRPreloadConfig
                0x0800bf8a                TIM_SelectOnePulseMode
                0x0800bfa0                TIM_SetClockDivision
                0x0800bfb6                TIM_Cmd
                0x0800bfce                TIM_OC1Init
                0x0800c040                TIM_OC2Init
                0x0800c0c8                TIM_OC3Init
                0x0800c14c                TIM_OC4Init
                0x0800c1b4                TIM_OCStructInit
                0x0800c1c8                TIM_SelectOCxM
                0x0800c20e                TIM_SetCompare1
                0x0800c212                TIM_SetCompare2
                0x0800c216                TIM_SetCompare3
                0x0800c21a                TIM_SetCompare4
                0x0800c21e                TIM_ForcedOC1Config
                0x0800c22e                TIM_ForcedOC2Config
                0x0800c242                TIM_ForcedOC3Config
                0x0800c252                TIM_ForcedOC4Config
                0x0800c266                TIM_OC1PreloadConfig
                0x0800c276                TIM_OC2PreloadConfig
                0x0800c28a                TIM_OC3PreloadConfig
                0x0800c29a                TIM_OC4PreloadConfig
                0x0800c2ae                TIM_OC1FastConfig
                0x0800c2be                TIM_OC2FastConfig
                0x0800c2d2                TIM_OC3FastConfig
                0x0800c2e2                TIM_OC4FastConfig
                0x0800c2f6                TIM_ClearOC1Ref
                0x0800c306                TIM_ClearOC2Ref
                0x0800c316                TIM_ClearOC3Ref
                0x0800c326                TIM_ClearOC4Ref
                0x0800c336                TIM_OC1PolarityConfig
                0x0800c346                TIM_OC1NPolarityConfig
                0x0800c356                TIM_OC2PolarityConfig
                0x0800c36a                TIM_OC2NPolarityConfig
                0x0800c37e                TIM_OC3PolarityConfig
                0x0800c392                TIM_OC3NPolarityConfig
                0x0800c3a6                TIM_OC4PolarityConfig
                0x0800c3ba                TIM_CCxCmd
                0x0800c3d8                TIM_CCxNCmd
                0x0800c3f6                TIM_ICStructInit
                0x0800c406                TIM_GetCapture1
                0x0800c40a                TIM_GetCapture2
                0x0800c40e                TIM_GetCapture3
                0x0800c412                TIM_GetCapture4
                0x0800c416                TIM_SetIC1Prescaler
                0x0800c42c                TIM_SetIC2Prescaler
                0x0800c446                TIM_PWMIConfig
                0x0800c4b0                TIM_SetIC3Prescaler
                0x0800c4c6                TIM_SetIC4Prescaler
                0x0800c4e0                TIM_ICInit
                0x0800c596                TIM_BDTRConfig
                0x0800c5b8                TIM_BDTRStructInit
                0x0800c5ca                TIM_CtrlPWMOutputs
                0x0800c5e6                TIM_SelectCOM
                0x0800c5fe                TIM_CCPreloadControl
                0x0800c616                TIM_ITConfig
                0x0800c628                TIM_GenerateEvent
                0x0800c62c                TIM_GetFlagStatus
                0x0800c638                TIM_ClearFlag
                0x0800c640                TIM_GetITStatus
                0x0800c656                TIM_ClearITPendingBit
                0x0800c65e                TIM_DMAConfig
                0x0800c666                TIM_DMACmd
                0x0800c678                TIM_SelectCCDMA
                0x0800c690                TIM_InternalClockConfig
                0x0800c69e                TIM_ITRxExternalClockConfig
                0x0800c6b8                TIM_TIxExternalClockConfig
                0x0800c6ea                TIM_SelectInputTrigger
                0x0800c6fa                TIM_SelectOutputTrigger
                0x0800c710                TIM_SelectSlaveMode
                0x0800c726                TIM_SelectMasterSlaveMode
                0x0800c73c                TIM_ETRConfig
                0x0800c750                TIM_ETRClockMode2Config
                0x0800c764                TIM_ETRClockMode1Config
                0x0800c77e                TIM_EncoderInterfaceConfig
                0x0800c7ba                TIM_SelectHallSensor
                0x0800c7d2                TIM_RemapConfig
 .text          0x0800c7d8      0x3b8 .\externals\libs\libstm32f4xx_peripherals.a(stm32f4xx_usart.o)
                0x0800c7d8                USART_DeInit
                0x0800c880                USART_Init
                0x0800c938                USART_StructInit
                0x0800c94e                USART_ClockInit
                0x0800c96e                USART_ClockStructInit
                0x0800c97a                USART_Cmd
                0x0800c992                USART_SetPrescaler
                0x0800c9a4                USART_OverSampling8Cmd
                0x0800c9bc                USART_OneBitMethodCmd
                0x0800c9d4                USART_SendData
                0x0800c9dc                USART_ReceiveData
                0x0800c9e4                USART_SetAddress
                0x0800c9fa                USART_ReceiverWakeUpCmd
                0x0800ca12                USART_WakeUpConfig
                0x0800ca28                USART_LINBreakDetectLengthConfig
                0x0800ca3e                USART_LINCmd
                0x0800ca56                USART_SendBreak
                0x0800ca62                USART_HalfDuplexCmd
                0x0800ca7a                USART_SetGuardTime
                0x0800ca8c                USART_SmartCardCmd
                0x0800caa4                USART_SmartCardNACKCmd
                0x0800cabc                USART_IrDAConfig
                0x0800cad2                USART_IrDACmd
                0x0800caea                USART_DMACmd
                0x0800cafc                USART_ITConfig
                0x0800cb2e                USART_GetFlagStatus
                0x0800cb3a                USART_ClearFlag
                0x0800cb42                USART_GetITStatus
                0x0800cb80                USART_ClearITPendingBit
 .text          0x0800cb90       0xdc .\externals\libs\libstm32f4xx_math.a(arm_cmplx_mag_squared_q15.o)
                0x0800cb90                arm_cmplx_mag_squared_q15
 .text          0x0800cc6c      0x100 .\externals\libs\libstm32f4xx_math.a(arm_shift_q15.o)
                0x0800cc6c                arm_shift_q15
 .text          0x0800cd6c      0x164 .\externals\libs\libstm32f4xx_math.a(arm_fir_decimate_q15.o)
                0x0800cd6c                arm_fir_decimate_q15
 .text          0x0800ced0      0x376 .\externals\libs\libstm32f4xx_math.a(arm_fir_q15.o)
                0x0800ced0                arm_fir_q15
 .text          0x0800d246      0x7be .\externals\libs\libstm32f4xx_math.a(arm_cfft_radix4_q15.o)
                0x0800d246                arm_radix4_butterfly_q15
                0x0800d5da                arm_radix4_butterfly_inverse_q15
                0x0800d96e                arm_bitreversal_q15
                0x0800d9d0                arm_cfft_radix4_q15
 .text          0x0800da04       0x6c .\externals\libs\libstm32f4xx_math.a(arm_cfft_radix4_init_q15.o)
                0x0800da04                arm_cfft_radix4_init_q15
 .text          0x0800da70        0x0 .\externals\libs\libstm32f4xx_math.a(arm_common_tables.o)
 .text          0x0800da70        0x0 c:/program files/gnu tools arm embedded/4.6 2012q2/bin/../lib/gcc/arm-none-eabi/4.6.2/../../../../arm-none-eabi/lib/armv7e-m/fpu\libm.a(lib_a-w_atan2.o)
 .text          0x0800da70        0x0 c:/program files/gnu tools arm embedded/4.6 2012q2/bin/../lib/gcc/arm-none-eabi/4.6.2/../../../../arm-none-eabi/lib/armv7e-m/fpu\libm.a(lib_a-w_fmod.o)
 .text          0x0800da70        0x0 c:/program files/gnu tools arm embedded/4.6 2012q2/bin/../lib/gcc/arm-none-eabi/4.6.2/../../../../arm-none-eabi/lib/armv7e-m/fpu\libm.a(lib_a-w_log.o)
 .text          0x0800da70        0x0 c:/program files/gnu tools arm embedded/4.6 2012q2/bin/../lib/gcc/arm-none-eabi/4.6.2/../../../../arm-none-eabi/lib/armv7e-m/fpu\libm.a(lib_a-w_sqrt.o)
 .text          0x0800da70        0x0 c:/program files/gnu tools arm embedded/4.6 2012q2/bin/../lib/gcc/arm-none-eabi/4.6.2/../../../../arm-none-eabi/lib/armv7e-m/fpu\libm.a(lib_a-e_atan2.o)
 .text          0x0800da70        0x0 c:/program files/gnu tools arm embedded/4.6 2012q2/bin/../lib/gcc/arm-none-eabi/4.6.2/../../../../arm-none-eabi/lib/armv7e-m/fpu\libm.a(lib_a-e_fmod.o)
 .text          0x0800da70        0x0 c:/program files/gnu tools arm embedded/4.6 2012q2/bin/../lib/gcc/arm-none-eabi/4.6.2/../../../../arm-none-eabi/lib/armv7e-m/fpu\libm.a(lib_a-e_log.o)
 .text          0x0800da70        0x0 c:/program files/gnu tools arm embedded/4.6 2012q2/bin/../lib/gcc/arm-none-eabi/4.6.2/../../../../arm-none-eabi/lib/armv7e-m/fpu\libm.a(lib_a-e_sqrt.o)
 .text          0x0800da70        0x0 c:/program files/gnu tools arm embedded/4.6 2012q2/bin/../lib/gcc/arm-none-eabi/4.6.2/../../../../arm-none-eabi/lib/armv7e-m/fpu\libm.a(lib_a-s_atan.o)
 .text          0x0800da70        0x0 c:/program files/gnu tools arm embedded/4.6 2012q2/bin/../lib/gcc/arm-none-eabi/4.6.2/../../../../arm-none-eabi/lib/armv7e-m/fpu\libm.a(lib_a-s_fabs.o)
 .text          0x0800da70        0x0 c:/program files/gnu tools arm embedded/4.6 2012q2/bin/../lib/gcc/arm-none-eabi/4.6.2/../../../../arm-none-eabi/lib/armv7e-m/fpu\libm.a(lib_a-s_fpclassify.o)
 .text          0x0800da70        0x0 c:/program files/gnu tools arm embedded/4.6 2012q2/bin/../lib/gcc/arm-none-eabi/4.6.2/../../../../arm-none-eabi/lib/armv7e-m/fpu\libm.a(lib_a-s_lib_ver.o)
 .text          0x0800da70        0x0 c:/program files/gnu tools arm embedded/4.6 2012q2/bin/../lib/gcc/arm-none-eabi/4.6.2/../../../../arm-none-eabi/lib/armv7e-m/fpu\libm.a(lib_a-s_matherr.o)
 .text          0x0800da70        0x0 c:/program files/gnu tools arm embedded/4.6 2012q2/bin/../lib/gcc/arm-none-eabi/4.6.2/../../../../arm-none-eabi/lib/armv7e-m/fpu\libm.a(lib_a-s_nan.o)
 .text          0x0800da70      0x370 c:/program files/gnu tools arm embedded/4.6 2012q2/bin/../lib/gcc/arm-none-eabi/4.6.2/armv7e-m/fpu\libgcc.a(_arm_addsubdf3.o)
                0x0800da70                __aeabi_drsub
                0x0800da78                __aeabi_dsub
                0x0800da78                __subdf3
                0x0800da7c                __aeabi_dadd
                0x0800da7c                __adddf3
                0x0800dcf4                __floatunsidf
                0x0800dcf4                __aeabi_ui2d
                0x0800dd14                __floatsidf
                0x0800dd14                __aeabi_i2d
                0x0800dd38                __aeabi_f2d
                0x0800dd38                __extendsfdf2
                0x0800dd74                __floatundidf
                0x0800dd74                __aeabi_ul2d
                0x0800dd84                __floatdidf
                0x0800dd84                __aeabi_l2d
 .text          0x0800dde0      0x424 c:/program files/gnu tools arm embedded/4.6 2012q2/bin/../lib/gcc/arm-none-eabi/4.6.2/armv7e-m/fpu\libgcc.a(_arm_muldivdf3.o)
                0x0800dde0                __aeabi_dmul
                0x0800dde0                __muldf3
                0x0800e034                __divdf3
                0x0800e034                __aeabi_ddiv
 .text          0x0800e204      0x110 c:/program files/gnu tools arm embedded/4.6 2012q2/bin/../lib/gcc/arm-none-eabi/4.6.2/armv7e-m/fpu\libgcc.a(_arm_cmpdf2.o)
                0x0800e204                __gtdf2
                0x0800e204                __gedf2
                0x0800e20c                __ltdf2
                0x0800e20c                __ledf2
                0x0800e214                __nedf2
                0x0800e214                __eqdf2
                0x0800e214                __cmpdf2
                0x0800e290                __aeabi_cdrcmple
                0x0800e2a0                __aeabi_cdcmpeq
                0x0800e2a0                __aeabi_cdcmple
                0x0800e2b0                __aeabi_dcmpeq
                0x0800e2c4                __aeabi_dcmplt
                0x0800e2d8                __aeabi_dcmple
                0x0800e2ec                __aeabi_dcmpge
                0x0800e300                __aeabi_dcmpgt
 .text          0x0800e314       0x50 c:/program files/gnu tools arm embedded/4.6 2012q2/bin/../lib/gcc/arm-none-eabi/4.6.2/armv7e-m/fpu\libgcc.a(_arm_fixdfsi.o)
                0x0800e314                __aeabi_d2iz
                0x0800e314                __fixdfsi
 .text          0x0800e364       0x40 c:/program files/gnu tools arm embedded/4.6 2012q2/bin/../lib/gcc/arm-none-eabi/4.6.2/armv7e-m/fpu\libgcc.a(_arm_fixunsdfsi.o)
                0x0800e364                __aeabi_d2uiz
                0x0800e364                __fixunsdfsi
 .text          0x0800e3a4       0xa0 c:/program files/gnu tools arm embedded/4.6 2012q2/bin/../lib/gcc/arm-none-eabi/4.6.2/armv7e-m/fpu\libgcc.a(_arm_truncdfsf2.o)
                0x0800e3a4                __truncdfsf2
                0x0800e3a4                __aeabi_d2f
 .text          0x0800e444        0x0 c:/program files/gnu tools arm embedded/4.6 2012q2/bin/../lib/gcc/arm-none-eabi/4.6.2/../../../../arm-none-eabi/lib/armv7e-m/fpu\libc.a(lib_a-errno.o)
 .text          0x0800e444        0x0 c:/program files/gnu tools arm embedded/4.6 2012q2/bin/../lib/gcc/arm-none-eabi/4.6.2/../../../../arm-none-eabi/lib/armv7e-m/fpu\libc.a(lib_a-impure.o)
 .text          0x0800e444        0x0 c:/program files/gnu tools arm embedded/4.6 2012q2/bin/../lib/gcc/arm-none-eabi/4.6.2/../../../../arm-none-eabi/lib/armv7e-m/fpu\libc.a(lib_a-memcpy.o)
 .text          0x0800e444        0x0 c:/program files/gnu tools arm embedded/4.6 2012q2/bin/../lib/gcc/arm-none-eabi/4.6.2/../../../../arm-none-eabi/lib/armv7e-m/fpu\libc.a(lib_a-memset.o)
 *(.text*)
 .text.Reset_Vector
                0x0800e444       0x44 obj\.\startup\startup_stm32f4xx.o
                0x0800e444                Reset_Vector
 .text.Default_Handler
                0x0800e488        0x2 obj\.\startup\startup_stm32f4xx.o
                0x0800e488                RTC_Alarm_IRQHandler
                0x0800e488                HASH_RNG_IRQHandler
                0x0800e488                EXTI2_IRQHandler
                0x0800e488                TIM8_CC_IRQHandler
                0x0800e488                TIM1_CC_IRQHandler
                0x0800e488                DMA2_Stream5_IRQHandler
                0x0800e488                DMA1_Stream5_IRQHandler
                0x0800e488                PVD_IRQHandler
                0x0800e488                SDIO_IRQHandler
                0x0800e488                TAMP_STAMP_IRQHandler
                0x0800e488                CAN2_RX1_IRQHandler
                0x0800e488                EXTI3_IRQHandler
                0x0800e488                TIM8_TRG_COM_TIM14_IRQHandler
                0x0800e488                TIM1_UP_TIM10_IRQHandler
                0x0800e488                TIM8_UP_TIM13_IRQHandler
                0x0800e488                I2C3_ER_IRQHandler
                0x0800e488                I2C2_EV_IRQHandler
                0x0800e488                DMA1_Stream2_IRQHandler
                0x0800e488                CAN1_RX0_IRQHandler
                0x0800e488                FPU_IRQHandler
                0x0800e488                OTG_HS_WKUP_IRQHandler
                0x0800e488                CAN2_SCE_IRQHandler
                0x0800e488                DMA2_Stream2_IRQHandler
                0x0800e488                SPI1_IRQHandler
                0x0800e488                TIM6_DAC_IRQHandler
                0x0800e488                TIM1_BRK_TIM9_IRQHandler
                0x0800e488                DCMI_IRQHandler
                0x0800e488                CAN2_RX0_IRQHandler
                0x0800e488                DMA2_Stream3_IRQHandler
                0x0800e488                USART6_IRQHandler
                0x0800e488                USART3_IRQHandler
                0x0800e488                CRYP_IRQHandler
                0x0800e488                CAN1_RX1_IRQHandler
                0x0800e488                UART5_IRQHandler
                0x0800e488                DMA2_Stream0_IRQHandler
                0x0800e488                TIM4_IRQHandler
                0x0800e488                I2C1_EV_IRQHandler
                0x0800e488                DMA1_Stream6_IRQHandler
                0x0800e488                DMA1_Stream1_IRQHandler
                0x0800e488                UART4_IRQHandler
                0x0800e488                TIM3_IRQHandler
                0x0800e488                RCC_IRQHandler
                0x0800e488                TIM8_BRK_TIM12_IRQHandler
                0x0800e488                EXTI15_10_IRQHandler
                0x0800e488                ADC_IRQHandler
                0x0800e488                DMA1_Stream7_IRQHandler
                0x0800e488                TIM7_IRQHandler
                0x0800e488                CAN2_TX_IRQHandler
                0x0800e488                TIM5_IRQHandler
                0x0800e488                DMA2_Stream7_IRQHandler
                0x0800e488                I2C3_EV_IRQHandler
                0x0800e488                RTC_WKUP_IRQHandler
                0x0800e488                ETH_WKUP_IRQHandler
                0x0800e488                SPI2_IRQHandler
                0x0800e488                OTG_HS_EP1_IN_IRQHandler
                0x0800e488                CAN1_TX_IRQHandler
                0x0800e488                EXTI4_IRQHandler
                0x0800e488                FSMC_IRQHandler
                0x0800e488                ETH_IRQHandler
                0x0800e488                OTG_HS_EP1_OUT_IRQHandler
                0x0800e488                WWDG_IRQHandler
                0x0800e488                OTG_FS_WKUP_IRQHandler
                0x0800e488                TIM1_TRG_COM_TIM11_IRQHandler
                0x0800e488                OTG_HS_IRQHandler
                0x0800e488                I2C2_ER_IRQHandler
                0x0800e488                DMA2_Stream1_IRQHandler
                0x0800e488                CAN1_SCE_IRQHandler
                0x0800e488                FLASH_IRQHandler
                0x0800e488                DMA2_Stream4_IRQHandler
                0x0800e488                USART1_IRQHandler
                0x0800e488                SPI3_IRQHandler
                0x0800e488                DMA1_Stream4_IRQHandler
                0x0800e488                I2C1_ER_IRQHandler
                0x0800e488                DMA2_Stream6_IRQHandler
                0x0800e488                DMA1_Stream3_IRQHandler
 *fill*         0x0800e48a        0x2 00
 .text.startup  0x0800e48c      0x110 obj\.\src\main.o
                0x0800e48c                main
 .text.atan2    0x0800e59c        0x4 c:/program files/gnu tools arm embedded/4.6 2012q2/bin/../lib/gcc/arm-none-eabi/4.6.2/../../../../arm-none-eabi/lib/armv7e-m/fpu\libm.a(lib_a-w_atan2.o)
                0x0800e59c                atan2
 .text.fmod     0x0800e5a0       0xd0 c:/program files/gnu tools arm embedded/4.6 2012q2/bin/../lib/gcc/arm-none-eabi/4.6.2/../../../../arm-none-eabi/lib/armv7e-m/fpu\libm.a(lib_a-w_fmod.o)
                0x0800e5a0                fmod
 .text.log      0x0800e670      0x10c c:/program files/gnu tools arm embedded/4.6 2012q2/bin/../lib/gcc/arm-none-eabi/4.6.2/../../../../arm-none-eabi/lib/armv7e-m/fpu\libm.a(lib_a-w_log.o)
                0x0800e670                log
 .text.sqrt     0x0800e77c       0xbc c:/program files/gnu tools arm embedded/4.6 2012q2/bin/../lib/gcc/arm-none-eabi/4.6.2/../../../../arm-none-eabi/lib/armv7e-m/fpu\libm.a(lib_a-w_sqrt.o)
                0x0800e77c                sqrt
 .text.__ieee754_atan2
                0x0800e838      0x200 c:/program files/gnu tools arm embedded/4.6 2012q2/bin/../lib/gcc/arm-none-eabi/4.6.2/../../../../arm-none-eabi/lib/armv7e-m/fpu\libm.a(lib_a-e_atan2.o)
                0x0800e838                __ieee754_atan2
 .text.__ieee754_fmod
                0x0800ea38      0x2b8 c:/program files/gnu tools arm embedded/4.6 2012q2/bin/../lib/gcc/arm-none-eabi/4.6.2/../../../../arm-none-eabi/lib/armv7e-m/fpu\libm.a(lib_a-e_fmod.o)
                0x0800ea38                __ieee754_fmod
 .text.__ieee754_log
                0x0800ecf0      0x428 c:/program files/gnu tools arm embedded/4.6 2012q2/bin/../lib/gcc/arm-none-eabi/4.6.2/../../../../arm-none-eabi/lib/armv7e-m/fpu\libm.a(lib_a-e_log.o)
                0x0800ecf0                __ieee754_log
 .text.__ieee754_sqrt
                0x0800f118      0x1c4 c:/program files/gnu tools arm embedded/4.6 2012q2/bin/../lib/gcc/arm-none-eabi/4.6.2/../../../../arm-none-eabi/lib/armv7e-m/fpu\libm.a(lib_a-e_sqrt.o)
                0x0800f118                __ieee754_sqrt
 *fill*         0x0800f2dc        0x4 00
 .text.atan     0x0800f2e0      0x388 c:/program files/gnu tools arm embedded/4.6 2012q2/bin/../lib/gcc/arm-none-eabi/4.6.2/../../../../arm-none-eabi/lib/armv7e-m/fpu\libm.a(lib_a-s_atan.o)
                0x0800f2e0                atan
 .text.fabs     0x0800f668       0x14 c:/program files/gnu tools arm embedded/4.6 2012q2/bin/../lib/gcc/arm-none-eabi/4.6.2/../../../../arm-none-eabi/lib/armv7e-m/fpu\libm.a(lib_a-s_fabs.o)
                0x0800f668                fabs
 .text.__fpclassifyd
                0x0800f67c       0x70 c:/program files/gnu tools arm embedded/4.6 2012q2/bin/../lib/gcc/arm-none-eabi/4.6.2/../../../../arm-none-eabi/lib/armv7e-m/fpu\libm.a(lib_a-s_fpclassify.o)
                0x0800f67c                __fpclassifyd
 .text.matherr  0x0800f6ec        0x4 c:/program files/gnu tools arm embedded/4.6 2012q2/bin/../lib/gcc/arm-none-eabi/4.6.2/../../../../arm-none-eabi/lib/armv7e-m/fpu\libm.a(lib_a-s_matherr.o)
                0x0800f6ec                matherr
 .text.nan      0x0800f6f0       0x10 c:/program files/gnu tools arm embedded/4.6 2012q2/bin/../lib/gcc/arm-none-eabi/4.6.2/../../../../arm-none-eabi/lib/armv7e-m/fpu\libm.a(lib_a-s_nan.o)
                0x0800f6f0                nan
 .text.__errno  0x0800f700        0xc c:/program files/gnu tools arm embedded/4.6 2012q2/bin/../lib/gcc/arm-none-eabi/4.6.2/../../../../arm-none-eabi/lib/armv7e-m/fpu\libc.a(lib_a-errno.o)
                0x0800f700                __errno
 .text.memcpy   0x0800f70c       0x84 c:/program files/gnu tools arm embedded/4.6 2012q2/bin/../lib/gcc/arm-none-eabi/4.6.2/../../../../arm-none-eabi/lib/armv7e-m/fpu\libc.a(lib_a-memcpy.o)
                0x0800f70c                memcpy
 .text.memset   0x0800f790       0x90 c:/program files/gnu tools arm embedded/4.6 2012q2/bin/../lib/gcc/arm-none-eabi/4.6.2/../../../../arm-none-eabi/lib/armv7e-m/fpu\libc.a(lib_a-memset.o)
                0x0800f790                memset
 *(.rodata)
 .rodata        0x0800f820     0x2814 obj\.\src\AsciiLib.o
                0x0800ff8c                ASCII12x12
                0x08010e64                ASCII16x24
 .rodata        0x08012034        0xc obj\.\src\DMA_IRQ_Handler.o
                0x08012034                B
                0x08012038                A
                0x0801203c                Amp0
 .rodata        0x08012040       0x10 obj\.\src\Encoder_1.o
 .rodata        0x08012050       0x10 obj\.\src\Encoder_2.o
 .rodata        0x08012060        0x4 obj\.\src\main.o
                0x08012060                CODEC_FREQUENCY
 .rodata        0x08012064      0x440 obj\.\src\PSK_Det.o
                0x08012064                VARICODE_TABLE
                0x08012464                HALF_TBL
 .rodata        0x080124a4     0x207c obj\.\src\PSKMod.o
                0x080124a4                PSKShapeTbl
                0x080144a8                PSKPhaseLookupTable
 .rodata        0x08014520        0x8 obj\.\src\Si570.o
                0x08014520                HS_DIV_VALUE_char
                0x08014526                N1_VALUE_char
 .rodata        0x08014528     0x4000 obj\.\src\Sine_table.o
                0x08014528                Sine_table
 .rodata        0x08018528       0x28 obj\.\src\stm32f4_discovery.o
                0x08018528                GPIO_CLK
                0x08018538                GPIO_PIN
                0x08018540                BUTTON_IRQn
                0x08018541                BUTTON_PIN_SOURCE
                0x08018542                BUTTON_PORT_SOURCE
                0x08018544                BUTTON_EXTI_LINE
                0x08018548                BUTTON_CLK
                0x0801854c                BUTTON_PIN
 .rodata        0x08018550       0x18 obj\.\src\uart.o
                0x08018550                COM_RX_AF
                0x08018552                COM_TX_AF
                0x08018554                COM_RX_PIN_SOURCE
                0x08018556                COM_TX_PIN_SOURCE
                0x08018558                COM_RX_PIN
                0x0801855a                COM_TX_PIN
                0x0801855c                COM_RX_PORT_CLK
                0x08018560                COM_TX_PORT_CLK
                0x08018564                COM_USART_CLK
 .rodata        0x08018568      0x1ec obj\.\externals\SM32F4-Discovery\USB\src\usbh_hid_keybd.o
 .rodata        0x08018754     0x1000 .\externals\libs\libstm32f4xx_math.a(arm_cfft_radix4_init_q15.o)
 .rodata        0x08019754      0x380 .\externals\libs\libstm32f4xx_math.a(arm_common_tables.o)
                0x08019754                armRecipTableQ31
                0x08019854                armRecipTableQ15
                0x080198d4                armBitRevTable
 *(.rodata*)
 .rodata.str1.1
                0x08019ad4       0xbb obj\.\src\Encoder_1.o
 .rodata.str1.1
                0x08019b8f       0xc2 obj\.\src\Encoder_2.o
 .rodata.str1.1
                0x08019c51       0xa6 obj\.\src\Keyboard_Input.o
 .rodata.str1.1
                0x08019cf7       0x24 obj\.\src\main.o
 .rodata.str1.1
                0x08019d1b       0x11 obj\.\src\ModeSelect.o
                                 0x21 (size before relaxing)
 .rodata.str1.1
                0x08019d2c        0xb obj\.\src\TFT_Display.o
 .rodata.str1.1
                0x08019d37       0x1d obj\.\src\touch_pad.o
                                 0x24 (size before relaxing)
 .rodata.str1.1
                0x08019d54       0x1a obj\.\src\xprintf.o
 .rodata.str1.1
                0x08019d6e        0x4 obj\.\externals\SM32F4-Discovery\USB\src\usbh_core.o
 *fill*         0x08019d72        0x2 00
 .rodata.str1.4
                0x08019d74        0x5 c:/program files/gnu tools arm embedded/4.6 2012q2/bin/../lib/gcc/arm-none-eabi/4.6.2/../../../../arm-none-eabi/lib/armv7e-m/fpu\libm.a(lib_a-w_fmod.o)
                                  0x8 (size before relaxing)
 *fill*         0x08019d79        0x3 00
 .rodata.str1.4
                0x08019d7c        0x4 c:/program files/gnu tools arm embedded/4.6 2012q2/bin/../lib/gcc/arm-none-eabi/4.6.2/../../../../arm-none-eabi/lib/armv7e-m/fpu\libm.a(lib_a-w_log.o)
                                  0x8 (size before relaxing)
 .rodata.str1.4
                0x08019d80        0x5 c:/program files/gnu tools arm embedded/4.6 2012q2/bin/../lib/gcc/arm-none-eabi/4.6.2/../../../../arm-none-eabi/lib/armv7e-m/fpu\libm.a(lib_a-w_sqrt.o)
                                  0x8 (size before relaxing)
 *fill*         0x08019d85        0x3 00
 .rodata.Zero   0x08019d88       0x10 c:/program files/gnu tools arm embedded/4.6 2012q2/bin/../lib/gcc/arm-none-eabi/4.6.2/../../../../arm-none-eabi/lib/armv7e-m/fpu\libm.a(lib_a-e_fmod.o)
 .rodata.atanlo
                0x08019d98       0x20 c:/program files/gnu tools arm embedded/4.6 2012q2/bin/../lib/gcc/arm-none-eabi/4.6.2/../../../../arm-none-eabi/lib/armv7e-m/fpu\libm.a(lib_a-s_atan.o)
 .rodata.atanhi
                0x08019db8       0x20 c:/program files/gnu tools arm embedded/4.6 2012q2/bin/../lib/gcc/arm-none-eabi/4.6.2/../../../../arm-none-eabi/lib/armv7e-m/fpu\libm.a(lib_a-s_atan.o)
 .rodata.str1.4
                0x08019dd8        0x4 c:/program files/gnu tools arm embedded/4.6 2012q2/bin/../lib/gcc/arm-none-eabi/4.6.2/../../../../arm-none-eabi/lib/armv7e-m/fpu\libc.a(lib_a-impure.o)
 .rodata._global_impure_ptr
                0x08019ddc        0x4 c:/program files/gnu tools arm embedded/4.6 2012q2/bin/../lib/gcc/arm-none-eabi/4.6.2/../../../../arm-none-eabi/lib/armv7e-m/fpu\libc.a(lib_a-impure.o)
                0x08019ddc                _global_impure_ptr
 *(.glue_7)
 .glue_7        0x00000000        0x0 linker stubs
 *(.glue_7t)
 .glue_7t       0x00000000        0x0 linker stubs
 *(.eh_frame)
 *(.init)
 *(.fini)
                0x08019de0                . = ALIGN (0x4)
                0x08019de0                _end_of_code = .

.vfp11_veneer   0x08019de0        0x0
 .vfp11_veneer  0x00000000        0x0 linker stubs

.v4_bx          0x08019de0        0x0
 .v4_bx         0x00000000        0x0 linker stubs

.ARM.extab
 *(.ARM.extab* .gnu.linkonce.armextab.*)

.ARM            0x08019de0        0x0
                0x08019de0                __exidx_start = .
 *(.ARM.exidx*)
                0x08019de0                __exidx_end = .

.preinit_array  0x08019de0        0x0
                0x08019de0                PROVIDE (__preinit_array_start, .)
 *(.preinit_array*)
                0x08019de0                PROVIDE (__preinit_array_end, .)

.init_array     0x08019de0        0x0
                0x08019de0                PROVIDE (__init_array_start, .)
 *(SORT(.init_array.*))
 *(.init_array*)
                0x08019de0                PROVIDE (__init_array_end, .)

.fini_array     0x08019de0        0x0
                0x08019de0                PROVIDE (__fini_array_start, .)
 *(.fini_array*)
 *(SORT(.fini_array.*))
                0x08019de0                PROVIDE (__fini_array_end, .)
                0x08019de0                _sidata = .

.data           0x20000000      0x8bc load address 0x08019de0
                0x20000000                . = ALIGN (0x4)
                0x20000000                _sdata = .
 *(.data)
 .data          0x20000000        0x0 obj\.\startup\startup_stm32f4xx.o
 .data          0x20000000        0x0 obj\.\src\AsciiLib.o
 .data          0x20000000        0x0 obj\.\src\ChangeOver.o
 .data          0x20000000        0x0 obj\.\src\Codec_Gains.o
 .data          0x20000000        0x0 obj\.\src\CW_Mod.o
 .data          0x20000000        0x0 obj\.\src\DMA_IRQ_Handler.o
 .data          0x20000000        0x0 obj\.\src\DMA_Test_Pins.o
 .data          0x20000000       0x7c obj\.\src\DSP_Processing.o
                0x20000000                S_FIR_I
                0x2000000c                S_FIR_Q
                0x20000018                FFT_Size
                0x2000001c                Filter_Q4
                0x20000028                Filter_Q3
                0x20000034                Filter_Q2
                0x20000040                Filter_Q1
                0x2000004c                Filter_I4
                0x20000058                Filter_I3
                0x20000064                Filter_I2
                0x20000070                Filter_I1
 .data          0x2000007c        0x0 obj\.\src\eeprom.o
 .data          0x2000007c        0x4 obj\.\src\Encoder_1.o
                0x2000007c                F_Unit
 .data          0x20000080        0x0 obj\.\src\Encoder_2.o
 .data          0x20000080      0x34a obj\.\src\FIR_Coefficients.o
                0x20000080                FIRFreqCoef
                0x20000102                FIRBitCoef
                0x20000184                Dec4LPCoef
                0x200001ca                coeff_fir_Q
                0x200002ca                coeff_fir_I
 .data          0x200003ca        0x0 obj\.\src\Init_Codec.o
 .data          0x200003ca        0x0 obj\.\src\Init_DMA.o
 *fill*         0x200003ca        0x2 00
 .data          0x200003cc        0x4 obj\.\src\Init_I2C.o
                0x200003cc                Timeout
 .data          0x200003d0        0x0 obj\.\src\Init_I2S.o
 .data          0x200003d0        0x0 obj\.\src\Keyboard_Input.o
 .data          0x200003d0        0x0 obj\.\src\main.o
 .data          0x200003d0        0x0 obj\.\src\ModeSelect.o
 .data          0x200003d0        0x0 obj\.\src\PSK_Det.o
 .data          0x200003d0        0x0 obj\.\src\PSKMod.o
 .data          0x200003d0        0x0 obj\.\src\Si570.o
 .data          0x200003d0        0x0 obj\.\src\Sine_table.o
 .data          0x200003d0       0x14 obj\.\src\stm32f4_discovery.o
                0x200003d0                GPIO_PORT
                0x200003e0                BUTTON_PORT
 .data          0x200003e4        0x0 obj\.\src\stm32f4xx_it.o
 .data          0x200003e4       0x14 obj\.\src\system_stm32f4xx.o
                0x200003e4                SystemCoreClock
                0x200003e8                AHBPrescTable
 .data          0x200003f8        0x4 obj\.\src\TFT_Display.o
                0x200003f8                BackColor
                0x200003fa                asciisize
 .data          0x200003fc        0x0 obj\.\src\touch_pad.o
 .data          0x200003fc        0xc obj\.\src\uart.o
                0x200003fc                COM_TX_PORT
                0x20000400                COM_RX_PORT
                0x20000404                COM_USART
 .data          0x20000408        0x0 obj\.\src\usb_bsp.o
 .data          0x20000408       0x48 obj\.\src\usbh_usr.o
                0x20000408                USR_Callbacks
 .data          0x20000450        0x0 obj\.\src\User_Button.o
 .data          0x20000450        0x0 obj\.\src\xprintf.o
 .data          0x20000450        0x0 obj\.\externals\SM32F4-Discovery\USB\src\misc.o
 .data          0x20000450        0x0 obj\.\externals\SM32F4-Discovery\USB\src\usb_core.o
 .data          0x20000450        0x0 obj\.\externals\SM32F4-Discovery\USB\src\usb_hcd.o
 .data          0x20000450        0x0 obj\.\externals\SM32F4-Discovery\USB\src\usb_hcd_int.o
 .data          0x20000450       0x14 obj\.\externals\SM32F4-Discovery\USB\src\usbh_core.o
                0x20000450                Previous_status
                0x20000454                USBH_HCD_INT_fops
                0x20000458                USBH_HCD_INT_cb
 .data          0x20000464        0x0 obj\.\externals\SM32F4-Discovery\USB\src\usbh_hcs.o
 .data          0x20000464       0x10 obj\.\externals\SM32F4-Discovery\USB\src\usbh_hid_core.o
                0x20000464                HID_cb
 .data          0x20000474        0x8 obj\.\externals\SM32F4-Discovery\USB\src\usbh_hid_keybd.o
                0x20000474                HID_KEYBRD_cb
 .data          0x2000047c        0x0 obj\.\externals\SM32F4-Discovery\USB\src\usbh_ioreq.o
 .data          0x2000047c        0x0 obj\.\externals\SM32F4-Discovery\USB\src\usbh_stdreq.o
 .data          0x2000047c        0x0 .\externals\libs\libstm32f4xx_peripherals.a(stm32f4xx_dma.o)
 .data          0x2000047c        0x0 .\externals\libs\libstm32f4xx_peripherals.a(stm32f4xx_exti.o)
 .data          0x2000047c        0x0 .\externals\libs\libstm32f4xx_peripherals.a(stm32f4xx_fsmc.o)
 .data          0x2000047c        0x0 .\externals\libs\libstm32f4xx_peripherals.a(stm32f4xx_gpio.o)
 .data          0x2000047c        0x0 .\externals\libs\libstm32f4xx_peripherals.a(stm32f4xx_i2c.o)
 .data          0x2000047c       0x10 .\externals\libs\libstm32f4xx_peripherals.a(stm32f4xx_rcc.o)
 .data          0x2000048c        0x0 .\externals\libs\libstm32f4xx_peripherals.a(stm32f4xx_spi.o)
 .data          0x2000048c        0x0 .\externals\libs\libstm32f4xx_peripherals.a(stm32f4xx_syscfg.o)
 .data          0x2000048c        0x0 .\externals\libs\libstm32f4xx_peripherals.a(stm32f4xx_tim.o)
 .data          0x2000048c        0x0 .\externals\libs\libstm32f4xx_peripherals.a(stm32f4xx_usart.o)
 .data          0x2000048c        0x0 .\externals\libs\libstm32f4xx_math.a(arm_cmplx_mag_squared_q15.o)
 .data          0x2000048c        0x0 .\externals\libs\libstm32f4xx_math.a(arm_shift_q15.o)
 .data          0x2000048c        0x0 .\externals\libs\libstm32f4xx_math.a(arm_fir_decimate_q15.o)
 .data          0x2000048c        0x0 .\externals\libs\libstm32f4xx_math.a(arm_fir_q15.o)
 .data          0x2000048c        0x0 .\externals\libs\libstm32f4xx_math.a(arm_cfft_radix4_q15.o)
 .data          0x2000048c        0x0 .\externals\libs\libstm32f4xx_math.a(arm_cfft_radix4_init_q15.o)
 .data          0x2000048c        0x0 .\externals\libs\libstm32f4xx_math.a(arm_common_tables.o)
 .data          0x2000048c        0x0 c:/program files/gnu tools arm embedded/4.6 2012q2/bin/../lib/gcc/arm-none-eabi/4.6.2/../../../../arm-none-eabi/lib/armv7e-m/fpu\libm.a(lib_a-w_atan2.o)
 .data          0x2000048c        0x0 c:/program files/gnu tools arm embedded/4.6 2012q2/bin/../lib/gcc/arm-none-eabi/4.6.2/../../../../arm-none-eabi/lib/armv7e-m/fpu\libm.a(lib_a-w_fmod.o)
 .data          0x2000048c        0x0 c:/program files/gnu tools arm embedded/4.6 2012q2/bin/../lib/gcc/arm-none-eabi/4.6.2/../../../../arm-none-eabi/lib/armv7e-m/fpu\libm.a(lib_a-w_log.o)
 .data          0x2000048c        0x0 c:/program files/gnu tools arm embedded/4.6 2012q2/bin/../lib/gcc/arm-none-eabi/4.6.2/../../../../arm-none-eabi/lib/armv7e-m/fpu\libm.a(lib_a-w_sqrt.o)
 .data          0x2000048c        0x0 c:/program files/gnu tools arm embedded/4.6 2012q2/bin/../lib/gcc/arm-none-eabi/4.6.2/../../../../arm-none-eabi/lib/armv7e-m/fpu\libm.a(lib_a-e_atan2.o)
 .data          0x2000048c        0x0 c:/program files/gnu tools arm embedded/4.6 2012q2/bin/../lib/gcc/arm-none-eabi/4.6.2/../../../../arm-none-eabi/lib/armv7e-m/fpu\libm.a(lib_a-e_fmod.o)
 .data          0x2000048c        0x0 c:/program files/gnu tools arm embedded/4.6 2012q2/bin/../lib/gcc/arm-none-eabi/4.6.2/../../../../arm-none-eabi/lib/armv7e-m/fpu\libm.a(lib_a-e_log.o)
 .data          0x2000048c        0x0 c:/program files/gnu tools arm embedded/4.6 2012q2/bin/../lib/gcc/arm-none-eabi/4.6.2/../../../../arm-none-eabi/lib/armv7e-m/fpu\libm.a(lib_a-e_sqrt.o)
 .data          0x2000048c        0x0 c:/program files/gnu tools arm embedded/4.6 2012q2/bin/../lib/gcc/arm-none-eabi/4.6.2/../../../../arm-none-eabi/lib/armv7e-m/fpu\libm.a(lib_a-s_atan.o)
 .data          0x2000048c        0x0 c:/program files/gnu tools arm embedded/4.6 2012q2/bin/../lib/gcc/arm-none-eabi/4.6.2/../../../../arm-none-eabi/lib/armv7e-m/fpu\libm.a(lib_a-s_fabs.o)
 .data          0x2000048c        0x0 c:/program files/gnu tools arm embedded/4.6 2012q2/bin/../lib/gcc/arm-none-eabi/4.6.2/../../../../arm-none-eabi/lib/armv7e-m/fpu\libm.a(lib_a-s_fpclassify.o)
 .data          0x2000048c        0x0 c:/program files/gnu tools arm embedded/4.6 2012q2/bin/../lib/gcc/arm-none-eabi/4.6.2/../../../../arm-none-eabi/lib/armv7e-m/fpu\libm.a(lib_a-s_lib_ver.o)
 .data          0x2000048c        0x0 c:/program files/gnu tools arm embedded/4.6 2012q2/bin/../lib/gcc/arm-none-eabi/4.6.2/../../../../arm-none-eabi/lib/armv7e-m/fpu\libm.a(lib_a-s_matherr.o)
 .data          0x2000048c        0x0 c:/program files/gnu tools arm embedded/4.6 2012q2/bin/../lib/gcc/arm-none-eabi/4.6.2/../../../../arm-none-eabi/lib/armv7e-m/fpu\libm.a(lib_a-s_nan.o)
 .data          0x2000048c        0x0 c:/program files/gnu tools arm embedded/4.6 2012q2/bin/../lib/gcc/arm-none-eabi/4.6.2/armv7e-m/fpu\libgcc.a(_arm_addsubdf3.o)
 .data          0x2000048c        0x0 c:/program files/gnu tools arm embedded/4.6 2012q2/bin/../lib/gcc/arm-none-eabi/4.6.2/armv7e-m/fpu\libgcc.a(_arm_muldivdf3.o)
 .data          0x2000048c        0x0 c:/program files/gnu tools arm embedded/4.6 2012q2/bin/../lib/gcc/arm-none-eabi/4.6.2/armv7e-m/fpu\libgcc.a(_arm_cmpdf2.o)
 .data          0x2000048c        0x0 c:/program files/gnu tools arm embedded/4.6 2012q2/bin/../lib/gcc/arm-none-eabi/4.6.2/armv7e-m/fpu\libgcc.a(_arm_fixdfsi.o)
 .data          0x2000048c        0x0 c:/program files/gnu tools arm embedded/4.6 2012q2/bin/../lib/gcc/arm-none-eabi/4.6.2/armv7e-m/fpu\libgcc.a(_arm_fixunsdfsi.o)
 .data          0x2000048c        0x0 c:/program files/gnu tools arm embedded/4.6 2012q2/bin/../lib/gcc/arm-none-eabi/4.6.2/armv7e-m/fpu\libgcc.a(_arm_truncdfsf2.o)
 .data          0x2000048c        0x0 c:/program files/gnu tools arm embedded/4.6 2012q2/bin/../lib/gcc/arm-none-eabi/4.6.2/../../../../arm-none-eabi/lib/armv7e-m/fpu\libc.a(lib_a-errno.o)
 .data          0x2000048c        0x0 c:/program files/gnu tools arm embedded/4.6 2012q2/bin/../lib/gcc/arm-none-eabi/4.6.2/../../../../arm-none-eabi/lib/armv7e-m/fpu\libc.a(lib_a-impure.o)
 .data          0x2000048c        0x0 c:/program files/gnu tools arm embedded/4.6 2012q2/bin/../lib/gcc/arm-none-eabi/4.6.2/../../../../arm-none-eabi/lib/armv7e-m/fpu\libc.a(lib_a-memcpy.o)
 .data          0x2000048c        0x0 c:/program files/gnu tools arm embedded/4.6 2012q2/bin/../lib/gcc/arm-none-eabi/4.6.2/../../../../arm-none-eabi/lib/armv7e-m/fpu\libc.a(lib_a-memset.o)
 *(.data*)
 .data.__fdlib_version
                0x2000048c        0x1 c:/program files/gnu tools arm embedded/4.6 2012q2/bin/../lib/gcc/arm-none-eabi/4.6.2/../../../../arm-none-eabi/lib/armv7e-m/fpu\libm.a(lib_a-s_lib_ver.o)
                0x2000048c                __fdlib_version
 *fill*         0x2000048d        0x3 00
 .data.impure_data
                0x20000490      0x428 c:/program files/gnu tools arm embedded/4.6 2012q2/bin/../lib/gcc/arm-none-eabi/4.6.2/../../../../arm-none-eabi/lib/armv7e-m/fpu\libc.a(lib_a-impure.o)
 .data._impure_ptr
                0x200008b8        0x4 c:/program files/gnu tools arm embedded/4.6 2012q2/bin/../lib/gcc/arm-none-eabi/4.6.2/../../../../arm-none-eabi/lib/armv7e-m/fpu\libc.a(lib_a-impure.o)
                0x200008b8                _impure_ptr
                0x200008bc                . = ALIGN (0x4)
                0x200008bc                _edata = .
                0x200008bc                . = ALIGN (0x4)

.bss            0x200008c0     0x7054 load address 0x0801a6a0
                0x200008c0                _sbss = .
                0x200008c0                __bss_start__ = _sbss
 *(.bss)
 .bss           0x200008c0        0x0 obj\.\startup\startup_stm32f4xx.o
 .bss           0x200008c0        0x0 obj\.\src\AsciiLib.o
 .bss           0x200008c0        0x0 obj\.\src\ChangeOver.o
 .bss           0x200008c0        0x0 obj\.\src\Codec_Gains.o
 .bss           0x200008c0        0x0 obj\.\src\CW_Mod.o
 .bss           0x200008c0       0x18 obj\.\src\DMA_IRQ_Handler.o
 .bss           0x200008d8        0x0 obj\.\src\DMA_Test_Pins.o
 .bss           0x200008d8        0x0 obj\.\src\DSP_Processing.o
 .bss           0x200008d8        0x0 obj\.\src\eeprom.o
 .bss           0x200008d8        0x2 obj\.\src\Encoder_1.o
 .bss           0x200008da        0x2 obj\.\src\Encoder_2.o
 .bss           0x200008dc        0x0 obj\.\src\FIR_Coefficients.o
 .bss           0x200008dc        0x0 obj\.\src\Init_Codec.o
 .bss           0x200008dc        0x0 obj\.\src\Init_DMA.o
 .bss           0x200008dc        0x0 obj\.\src\Init_I2C.o
 .bss           0x200008dc        0x0 obj\.\src\Init_I2S.o
 .bss           0x200008dc        0x1 obj\.\src\Keyboard_Input.o
 .bss           0x200008dd        0x0 obj\.\src\main.o
 *fill*         0x200008dd        0x1 00
 .bss           0x200008de        0x2 obj\.\src\ModeSelect.o
                0x200008de                Mode
 .bss           0x200008e0       0x34 obj\.\src\PSK_Det.o
 .bss           0x20000914       0x1c obj\.\src\PSKMod.o
                0x20000914                m_Ramp
                0x20000918                m_pTail
                0x2000091c                m_pHead
 .bss           0x20000930        0x0 obj\.\src\Si570.o
 .bss           0x20000930        0x0 obj\.\src\Sine_table.o
 .bss           0x20000930        0x0 obj\.\src\stm32f4_discovery.o
 .bss           0x20000930        0x0 obj\.\src\stm32f4xx_it.o
 .bss           0x20000930        0x0 obj\.\src\system_stm32f4xx.o
 .bss           0x20000930        0xc obj\.\src\TFT_Display.o
                0x20000930                TextColor
                0x20000932                TimerPeriod
                0x20000934                Channel1Pulse
 .bss           0x2000093c        0x6 obj\.\src\touch_pad.o
                0x2000093c                TouchCount
                0x2000093e                Mode_Test
                0x20000940                DebounceCount
 .bss           0x20000942        0x0 obj\.\src\uart.o
 *fill*         0x20000942        0x2 00
 .bss           0x20000944        0x4 obj\.\src\usb_bsp.o
                0x20000944                BSP_delay
 .bss           0x20000948        0x4 obj\.\src\usbh_usr.o
 .bss           0x2000094c        0x1 obj\.\src\User_Button.o
                0x2000094c                BT_Flag
 *fill*         0x2000094d        0x3 00
 .bss           0x20000950        0x4 obj\.\src\xprintf.o
 .bss           0x20000954        0x0 obj\.\externals\SM32F4-Discovery\USB\src\misc.o
 .bss           0x20000954        0x0 obj\.\externals\SM32F4-Discovery\USB\src\usb_core.o
 .bss           0x20000954        0x0 obj\.\externals\SM32F4-Discovery\USB\src\usb_hcd.o
 .bss           0x20000954        0x0 obj\.\externals\SM32F4-Discovery\USB\src\usb_hcd_int.o
 .bss           0x20000954        0x8 obj\.\externals\SM32F4-Discovery\USB\src\usbh_core.o
                0x20000958                Tab_State_Machine_incr
 .bss           0x2000095c        0x0 obj\.\externals\SM32F4-Discovery\USB\src\usbh_hcs.o
 .bss           0x2000095c        0x1 obj\.\externals\SM32F4-Discovery\USB\src\usbh_hid_core.o
                0x2000095c                start_toggle
 .bss           0x2000095d       0x17 obj\.\externals\SM32F4-Discovery\USB\src\usbh_hid_keybd.o
 .bss           0x20000974        0x0 obj\.\externals\SM32F4-Discovery\USB\src\usbh_ioreq.o
 .bss           0x20000974        0x4 obj\.\externals\SM32F4-Discovery\USB\src\usbh_stdreq.o
 .bss           0x20000978        0x0 .\externals\libs\libstm32f4xx_peripherals.a(stm32f4xx_dma.o)
 .bss           0x20000978        0x0 .\externals\libs\libstm32f4xx_peripherals.a(stm32f4xx_exti.o)
 .bss           0x20000978        0x0 .\externals\libs\libstm32f4xx_peripherals.a(stm32f4xx_fsmc.o)
 .bss           0x20000978        0x0 .\externals\libs\libstm32f4xx_peripherals.a(stm32f4xx_gpio.o)
 .bss           0x20000978        0x0 .\externals\libs\libstm32f4xx_peripherals.a(stm32f4xx_i2c.o)
 .bss           0x20000978        0x0 .\externals\libs\libstm32f4xx_peripherals.a(stm32f4xx_rcc.o)
 .bss           0x20000978        0x0 .\externals\libs\libstm32f4xx_peripherals.a(stm32f4xx_spi.o)
 .bss           0x20000978        0x0 .\externals\libs\libstm32f4xx_peripherals.a(stm32f4xx_syscfg.o)
 .bss           0x20000978        0x0 .\externals\libs\libstm32f4xx_peripherals.a(stm32f4xx_tim.o)
 .bss           0x20000978        0x0 .\externals\libs\libstm32f4xx_peripherals.a(stm32f4xx_usart.o)
 .bss           0x20000978        0x0 .\externals\libs\libstm32f4xx_math.a(arm_cmplx_mag_squared_q15.o)
 .bss           0x20000978        0x0 .\externals\libs\libstm32f4xx_math.a(arm_shift_q15.o)
 .bss           0x20000978        0x0 .\externals\libs\libstm32f4xx_math.a(arm_fir_decimate_q15.o)
 .bss           0x20000978        0x0 .\externals\libs\libstm32f4xx_math.a(arm_fir_q15.o)
 .bss           0x20000978        0x0 .\externals\libs\libstm32f4xx_math.a(arm_cfft_radix4_q15.o)
 .bss           0x20000978        0x0 .\externals\libs\libstm32f4xx_math.a(arm_cfft_radix4_init_q15.o)
 .bss           0x20000978        0x0 .\externals\libs\libstm32f4xx_math.a(arm_common_tables.o)
 .bss           0x20000978        0x0 c:/program files/gnu tools arm embedded/4.6 2012q2/bin/../lib/gcc/arm-none-eabi/4.6.2/../../../../arm-none-eabi/lib/armv7e-m/fpu\libm.a(lib_a-w_atan2.o)
 .bss           0x20000978        0x0 c:/program files/gnu tools arm embedded/4.6 2012q2/bin/../lib/gcc/arm-none-eabi/4.6.2/../../../../arm-none-eabi/lib/armv7e-m/fpu\libm.a(lib_a-w_fmod.o)
 .bss           0x20000978        0x0 c:/program files/gnu tools arm embedded/4.6 2012q2/bin/../lib/gcc/arm-none-eabi/4.6.2/../../../../arm-none-eabi/lib/armv7e-m/fpu\libm.a(lib_a-w_log.o)
 .bss           0x20000978        0x0 c:/program files/gnu tools arm embedded/4.6 2012q2/bin/../lib/gcc/arm-none-eabi/4.6.2/../../../../arm-none-eabi/lib/armv7e-m/fpu\libm.a(lib_a-w_sqrt.o)
 .bss           0x20000978        0x0 c:/program files/gnu tools arm embedded/4.6 2012q2/bin/../lib/gcc/arm-none-eabi/4.6.2/../../../../arm-none-eabi/lib/armv7e-m/fpu\libm.a(lib_a-e_atan2.o)
 .bss           0x20000978        0x0 c:/program files/gnu tools arm embedded/4.6 2012q2/bin/../lib/gcc/arm-none-eabi/4.6.2/../../../../arm-none-eabi/lib/armv7e-m/fpu\libm.a(lib_a-e_fmod.o)
 .bss           0x20000978        0x0 c:/program files/gnu tools arm embedded/4.6 2012q2/bin/../lib/gcc/arm-none-eabi/4.6.2/../../../../arm-none-eabi/lib/armv7e-m/fpu\libm.a(lib_a-e_log.o)
 .bss           0x20000978        0x0 c:/program files/gnu tools arm embedded/4.6 2012q2/bin/../lib/gcc/arm-none-eabi/4.6.2/../../../../arm-none-eabi/lib/armv7e-m/fpu\libm.a(lib_a-e_sqrt.o)
 .bss           0x20000978        0x0 c:/program files/gnu tools arm embedded/4.6 2012q2/bin/../lib/gcc/arm-none-eabi/4.6.2/../../../../arm-none-eabi/lib/armv7e-m/fpu\libm.a(lib_a-s_atan.o)
 .bss           0x20000978        0x0 c:/program files/gnu tools arm embedded/4.6 2012q2/bin/../lib/gcc/arm-none-eabi/4.6.2/../../../../arm-none-eabi/lib/armv7e-m/fpu\libm.a(lib_a-s_fabs.o)
 .bss           0x20000978        0x0 c:/program files/gnu tools arm embedded/4.6 2012q2/bin/../lib/gcc/arm-none-eabi/4.6.2/../../../../arm-none-eabi/lib/armv7e-m/fpu\libm.a(lib_a-s_fpclassify.o)
 .bss           0x20000978        0x0 c:/program files/gnu tools arm embedded/4.6 2012q2/bin/../lib/gcc/arm-none-eabi/4.6.2/../../../../arm-none-eabi/lib/armv7e-m/fpu\libm.a(lib_a-s_lib_ver.o)
 .bss           0x20000978        0x0 c:/program files/gnu tools arm embedded/4.6 2012q2/bin/../lib/gcc/arm-none-eabi/4.6.2/../../../../arm-none-eabi/lib/armv7e-m/fpu\libm.a(lib_a-s_matherr.o)
 .bss           0x20000978        0x0 c:/program files/gnu tools arm embedded/4.6 2012q2/bin/../lib/gcc/arm-none-eabi/4.6.2/../../../../arm-none-eabi/lib/armv7e-m/fpu\libm.a(lib_a-s_nan.o)
 .bss           0x20000978        0x0 c:/program files/gnu tools arm embedded/4.6 2012q2/bin/../lib/gcc/arm-none-eabi/4.6.2/armv7e-m/fpu\libgcc.a(_arm_addsubdf3.o)
 .bss           0x20000978        0x0 c:/program files/gnu tools arm embedded/4.6 2012q2/bin/../lib/gcc/arm-none-eabi/4.6.2/armv7e-m/fpu\libgcc.a(_arm_muldivdf3.o)
 .bss           0x20000978        0x0 c:/program files/gnu tools arm embedded/4.6 2012q2/bin/../lib/gcc/arm-none-eabi/4.6.2/armv7e-m/fpu\libgcc.a(_arm_cmpdf2.o)
 .bss           0x20000978        0x0 c:/program files/gnu tools arm embedded/4.6 2012q2/bin/../lib/gcc/arm-none-eabi/4.6.2/armv7e-m/fpu\libgcc.a(_arm_fixdfsi.o)
 .bss           0x20000978        0x0 c:/program files/gnu tools arm embedded/4.6 2012q2/bin/../lib/gcc/arm-none-eabi/4.6.2/armv7e-m/fpu\libgcc.a(_arm_fixunsdfsi.o)
 .bss           0x20000978        0x0 c:/program files/gnu tools arm embedded/4.6 2012q2/bin/../lib/gcc/arm-none-eabi/4.6.2/armv7e-m/fpu\libgcc.a(_arm_truncdfsf2.o)
 .bss           0x20000978        0x0 c:/program files/gnu tools arm embedded/4.6 2012q2/bin/../lib/gcc/arm-none-eabi/4.6.2/../../../../arm-none-eabi/lib/armv7e-m/fpu\libc.a(lib_a-errno.o)
 .bss           0x20000978        0x0 c:/program files/gnu tools arm embedded/4.6 2012q2/bin/../lib/gcc/arm-none-eabi/4.6.2/../../../../arm-none-eabi/lib/armv7e-m/fpu\libc.a(lib_a-impure.o)
 .bss           0x20000978        0x0 c:/program files/gnu tools arm embedded/4.6 2012q2/bin/../lib/gcc/arm-none-eabi/4.6.2/../../../../arm-none-eabi/lib/armv7e-m/fpu\libc.a(lib_a-memcpy.o)
 .bss           0x20000978        0x0 c:/program files/gnu tools arm embedded/4.6 2012q2/bin/../lib/gcc/arm-none-eabi/4.6.2/../../../../arm-none-eabi/lib/armv7e-m/fpu\libc.a(lib_a-memset.o)
 *(.bss*)
 *(COMMON)
 COMMON         0x20000978       0xda obj\.\src\ChangeOver.o
                0x20000978                rgain
                0x2000097c                DataMax
                0x2000099c                phase_adjust
                0x200009a0                Tx_Flag
                0x200009a2                IQ_Unit
                0x200009c4                S1
                0x200009c8                CW_Gain
                0x200009cc                T_lgain
                0x200009d0                m_SymbolRate
                0x200009d8                x_NCOphzinc
                0x200009e0                m_2PI
                0x200009e8                DSP_Flag
                0x200009ec                m_AddEndingZero
                0x200009f0                IQ_Disp
                0x200009f4                m_RMSConstant
                0x200009f8                R_lgain
                0x200009fc                DataMin
                0x20000a1c                R_xgain
                0x20000a20                EEProm_Value2
                0x20000a22                read_SS2
                0x20000a24                S2
                0x20000a28                Key_Down
                0x20000a2c                T_xgain
                0x20000a30                IQData
                0x20000a50                m_TxShiftReg
 *fill*         0x20000a52        0x6 00
 COMMON         0x20000a58     0x508c obj\.\src\DMA_IRQ_Handler.o
                0x20000a58                Filter_delay_I4
                0x20000ae0                m_FreqSignal
                0x20000af0                Filter_delay_Q3
                0x20000b78                m_z2
                0x20000b88                FIR_I_Out
                0x20000f88                m_z1
                0x20000f98                Sample_Frequency
                0x20000f9c                m_IQPhzIndex
                0x20000fa0                LCD_buffer
                0x20000fc8                ADC_Buffer
                0x200013c8                m_PSKmode
                0x200013cc                m_ClkErrCounter
                0x200013d0                m_BitPhaseInc
                0x200013d8                FFT_Magnitude
                0x200015d8                m_VcoPhz
                0x200015e0                m_BitSignal
                0x200015f0                Filter_delay_I3
                0x20001674                m_IMDValid
                0x20001678                NCO_Frequency
                0x20001680                m_SquelchSpeed
                0x20001684                USB_Out
                0x20001a84                FIR_I_In
                0x20001e84                m_AFCCaptureOn
                0x20001e88                PSK_Gain
                0x20001e90                m_SyncAve
                0x20001f38                m_SQThresh
                0x20001f40                IQ
                0x20001f50                m_VaricodeDecTbl
                0x20002750                DMA_RX_Memory
                0x20002754                LSB_Out
                0x20002b54                m_OffCount
                0x20002b58                PSK_Tx
                0x20002b5c                m_LastPkPos
                0x20002b60                m_PkPos
                0x20002b68                m_NCOphzinc
                0x20002b70                m_AFClimit
                0x20002b78                m_FastAFCMode
                0x20002b80                Samp
                0x20002b90                m_SampleFreq
                0x20002b98                i
                0x20002b9a                FIR_Q_In
                0x20002f9c                m_SampCnt
                0x20002fa0                m_LastBitZero
                0x20002fa4                m_SQLevel
                0x20002fa8                m_IQPhaseArray
                0x20002ff8                Filter_delay_I2
                0x20003044                DMA_TX_Memory
                0x20003048                m_BitAcc
                0x2000304c                Tx1BufferDMA
                0x2000384c                Rx1BufferDMA
                0x20004050                m_I1
                0x20004058                Filter_delay_Q4
                0x200040e0                m_QFreqError
                0x200040e8                Tx0BufferDMA
                0x200048e8                m_I0
                0x200048f0                m_OnCount
                0x200048f4                FIR_Q_Out
                0x20004cf8                newsamp
                0x20004d08                m_AGCave
                0x20004d10                key
                0x20004d14                m_Pcnt
                0x20004d18                m_AFCmode
                0x20004d1c                Filter_delay_Q2
                0x20004d68                m_FperrAve
                0x20004d70                m_Ncnt
                0x20004d78                m_FferrAve
                0x20004d80                m_SQOpen
                0x20004d88                m_Q0
                0x20004d90                m_NLPk
                0x20004d98                m_DevAve
                0x20004da0                m_AFCTimer
                0x20004da4                Filter_delay_Q1
                0x20004df0                m_NewPkPos
                0x20004df8                m_AFCmin
                0x20004e00                m_BitPos
                0x20004e04                m_SampleClkAdj
                0x20004e08                m_BitPhasePos
                0x20004e10                m_AFCmax
                0x20004e18                Filter_delay_I1
                0x20004e64                m_ClkErrTimer
                0x20004e68                m_Q1
                0x20004e70                m_SyncArray
                0x20004ec0                Rx0BufferDMA
                0x200056c0                sample
                0x200056d0                m_ClkError
                0x200056d4                FFT_Input
                0x20005ad8                m_FreqError
                0x20005ae0                Flag
 COMMON         0x20005ae4     0x1210 obj\.\src\DSP_Processing.o
                0x20005ae4                FFT_Test
                0x20005ee4                FIR_State_I
                0x200063e2                FFT_Scale
                0x200067e2                FFT_status
                0x200067e4                FIR_State_Q
                0x20006ce4                S_CFFT
 COMMON         0x20006cf4       0x4d obj\.\src\eeprom.o
                0x20006cf4                Freq_Disp
                0x20006cf8                EEProm_Value1
                0x20006cfc                read_SS1
                0x20006d00                Freq_Set
                0x20006d40                F_Mult
 *fill*         0x20006d41        0x7 00
 COMMON         0x20006d48       0x65 obj\.\src\Encoder_1.o