Archive member included because of file (symbol)

.\externals\libs\libstm32f4xx_peripherals.a(stm32f4xx_dma.o)
                              obj\.\src\Init_DMA.o (DMA_DeInit)
.\externals\libs\libstm32f4xx_peripherals.a(stm32f4xx_exti.o)
                              obj\.\src\Encoder_1.o (EXTI_Init)
.\externals\libs\libstm32f4xx_peripherals.a(stm32f4xx_fsmc.o)
                              obj\.\src\TFT_Display.o (FSMC_NORSRAMInit)
.\externals\libs\libstm32f4xx_peripherals.a(stm32f4xx_gpio.o)
                              obj\.\src\CW_Mod.o (GPIO_Init)
.\externals\libs\libstm32f4xx_peripherals.a(stm32f4xx_i2c.o)
                              obj\.\src\Init_I2C.o (I2C_DeInit)
.\externals\libs\libstm32f4xx_peripherals.a(stm32f4xx_rcc.o)
                              .\externals\libs\libstm32f4xx_peripherals.a(stm32f4xx_i2c.o) (RCC_GetClocksFreq)
.\externals\libs\libstm32f4xx_peripherals.a(stm32f4xx_spi.o)
                              obj\.\src\touch_pad.o (SPI_I2S_DeInit)
.\externals\libs\libstm32f4xx_peripherals.a(stm32f4xx_syscfg.o)
                              obj\.\src\Encoder_1.o (SYSCFG_EXTILineConfig)
.\externals\libs\libstm32f4xx_peripherals.a(stm32f4xx_tim.o)
                              obj\.\src\TFT_Display.o (TIM_TimeBaseInit)
.\externals\libs\libstm32f4xx_peripherals.a(stm32f4xx_usart.o)
                              obj\.\src\uart.o (USART_Init)
.\externals\libs\libstm32f4xx_math.a(arm_cmplx_mag_squared_q15.o)
                              obj\.\src\DSP_Processing.o (arm_cmplx_mag_squared_q15)
.\externals\libs\libstm32f4xx_math.a(arm_shift_q15.o)
                              obj\.\src\DSP_Processing.o (arm_shift_q15)
.\externals\libs\libstm32f4xx_math.a(arm_fir_decimate_q15.o)
                              obj\.\src\PSK_Det.o (arm_fir_decimate_q15)
.\externals\libs\libstm32f4xx_math.a(arm_fir_q15.o)
                              obj\.\src\DSP_Processing.o (arm_fir_q15)
.\externals\libs\libstm32f4xx_math.a(arm_cfft_radix4_q15.o)
                              obj\.\src\DSP_Processing.o (arm_cfft_radix4_q15)
.\externals\libs\libstm32f4xx_math.a(arm_cfft_radix4_init_q15.o)
                              obj\.\src\DSP_Processing.o (arm_cfft_radix4_init_q15)
.\externals\libs\libstm32f4xx_math.a(arm_common_tables.o)
                              .\externals\libs\libstm32f4xx_math.a(arm_cfft_radix4_init_q15.o) (armBitRevTable)
d:/program files (x86)/gnu tools arm embedded/4.6 2012q4/bin/../lib/gcc/arm-none-eabi/4.6.2/../../../../arm-none-eabi/lib/armv7e-m/fpu\libm.a(lib_a-w_atan2.o)
                              obj\.\src\PSK_Det.o (atan2)
d:/program files (x86)/gnu tools arm embedded/4.6 2012q4/bin/../lib/gcc/arm-none-eabi/4.6.2/../../../../arm-none-eabi/lib/armv7e-m/fpu\libm.a(lib_a-w_fmod.o)
                              obj\.\src\PSK_Det.o (fmod)
d:/program files (x86)/gnu tools arm embedded/4.6 2012q4/bin/../lib/gcc/arm-none-eabi/4.6.2/../../../../arm-none-eabi/lib/armv7e-m/fpu\libm.a(lib_a-w_log.o)
                              obj\.\src\main.o (log)
d:/program files (x86)/gnu tools arm embedded/4.6 2012q4/bin/../lib/gcc/arm-none-eabi/4.6.2/../../../../arm-none-eabi/lib/armv7e-m/fpu\libm.a(lib_a-w_sqrt.o)
                              obj\.\src\PSK_Det.o (sqrt)
d:/program files (x86)/gnu tools arm embedded/4.6 2012q4/bin/../lib/gcc/arm-none-eabi/4.6.2/../../../../arm-none-eabi/lib/armv7e-m/fpu\libm.a(lib_a-e_atan2.o)
                              d:/program files (x86)/gnu tools arm embedded/4.6 2012q4/bin/../lib/gcc/arm-none-eabi/4.6.2/../../../../arm-none-eabi/lib/armv7e-m/fpu\libm.a(lib_a-w_atan2.o) (__ieee754_atan2)
d:/program files (x86)/gnu tools arm embedded/4.6 2012q4/bin/../lib/gcc/arm-none-eabi/4.6.2/../../../../arm-none-eabi/lib/armv7e-m/fpu\libm.a(lib_a-e_fmod.o)
                              d:/program files (x86)/gnu tools arm embedded/4.6 2012q4/bin/../lib/gcc/arm-none-eabi/4.6.2/../../../../arm-none-eabi/lib/armv7e-m/fpu\libm.a(lib_a-w_fmod.o) (__ieee754_fmod)
d:/program files (x86)/gnu tools arm embedded/4.6 2012q4/bin/../lib/gcc/arm-none-eabi/4.6.2/../../../../arm-none-eabi/lib/armv7e-m/fpu\libm.a(lib_a-e_log.o)
                              d:/program files (x86)/gnu tools arm embedded/4.6 2012q4/bin/../lib/gcc/arm-none-eabi/4.6.2/../../../../arm-none-eabi/lib/armv7e-m/fpu\libm.a(lib_a-w_log.o) (__ieee754_log)
d:/program files (x86)/gnu tools arm embedded/4.6 2012q4/bin/../lib/gcc/arm-none-eabi/4.6.2/../../../../arm-none-eabi/lib/armv7e-m/fpu\libm.a(lib_a-e_sqrt.o)
                              d:/program files (x86)/gnu tools arm embedded/4.6 2012q4/bin/../lib/gcc/arm-none-eabi/4.6.2/../../../../arm-none-eabi/lib/armv7e-m/fpu\libm.a(lib_a-w_sqrt.o) (__ieee754_sqrt)
d:/program files (x86)/gnu tools arm embedded/4.6 2012q4/bin/../lib/gcc/arm-none-eabi/4.6.2/../../../../arm-none-eabi/lib/armv7e-m/fpu\libm.a(lib_a-s_atan.o)
[...]
Memory Configuration

Name             Origin             Length             Attributes
FLASH            0x08000000         0x00100000         xr
RAMCCM           0x10000000         0x00010000         xrw
RAM              0x20000000         0x00020000         xrw
*default*        0x00000000         0xffffffff

Linker script and memory map

LOAD obj\.\startup\startup_stm32f4xx.o
LOAD obj\.\src\AsciiLib.o
LOAD obj\.\src\CW_Mod.o
LOAD obj\.\src\ChangeOver.o
LOAD obj\.\src\Codec_Gains.o
LOAD obj\.\src\DMA_IRQ_Handler.o
LOAD obj\.\src\DMA_Test_Pins.o
LOAD obj\.\src\DSP_Processing.o
LOAD obj\.\src\Encoder_1.o
LOAD obj\.\src\Encoder_2.o
LOAD obj\.\src\FIR_Coefficients.o
LOAD obj\.\src\Init_Codec.o
LOAD obj\.\src\Init_DMA.o
LOAD obj\.\src\Init_I2C.o
LOAD obj\.\src\Init_I2S.o
LOAD obj\.\src\ModeSelect.o
LOAD obj\.\src\PSKMod.o
LOAD obj\.\src\PSK_Det.o
LOAD obj\.\src\Si570.o
LOAD obj\.\src\Sine_table.o
LOAD obj\.\src\TFT_Display.o
LOAD obj\.\src\User_Button.o
LOAD obj\.\src\eeprom.o
LOAD obj\.\src\main.o
LOAD obj\.\src\stm32f4_discovery.o
LOAD obj\.\src\stm32f4xx_it.o
LOAD obj\.\src\system_stm32f4xx.o
LOAD obj\.\src\touch_pad.o
LOAD obj\.\src\uart.o
LOAD obj\.\src\usb_bsp.o
LOAD obj\.\src\usbh_usr.o
LOAD obj\.\src\xprintf.o
LOAD obj\.\externals\SM32F4-Discovery\USB\src\misc.o
LOAD obj\.\externals\SM32F4-Discovery\USB\src\usb_core.o
LOAD obj\.\externals\SM32F4-Discovery\USB\src\usb_hcd.o
LOAD obj\.\externals\SM32F4-Discovery\USB\src\usb_hcd_int.o
LOAD obj\.\externals\SM32F4-Discovery\USB\src\usbh_core.o
LOAD obj\.\externals\SM32F4-Discovery\USB\src\usbh_hcs.o
LOAD obj\.\externals\SM32F4-Discovery\USB\src\usbh_hid_core.o
LOAD obj\.\externals\SM32F4-Discovery\USB\src\usbh_hid_keybd.o
LOAD obj\.\externals\SM32F4-Discovery\USB\src\usbh_ioreq.o
LOAD obj\.\externals\SM32F4-Discovery\USB\src\usbh_stdreq.o
LOAD .\externals\libs\libstm32f4xx_peripherals.a
LOAD .\externals\libs\libstm32f4xx_math.a
LOAD d:/program files (x86)/gnu tools arm embedded/4.6 2012q4/bin/../lib/gcc/arm-none-eabi/4.6.2/../../../../arm-none-eabi/lib/armv7e-m/fpu\libm.a
START GROUP
LOAD d:/program files (x86)/gnu tools arm embedded/4.6 2012q4/bin/../lib/gcc/arm-none-eabi/4.6.2/armv7e-m/fpu\libgcc.a
LOAD d:/program files (x86)/gnu tools arm embedded/4.6 2012q4/bin/../lib/gcc/arm-none-eabi/4.6.2/../../../../arm-none-eabi/lib/armv7e-m/fpu\libc.a
END GROUP
                0x20020000                top_of_stack = (ORIGIN (RAM) + 0x20000)
                0x00000000                Heap_Size = 0x0
                0x00000400                Stack_Size = 0x400

.Vector_Table   0x08000000      0x188
                0x08000000                . = ALIGN (0x4)
 *(.Vector_Table)
 .Vector_Table  0x08000000      0x188 obj\.\startup\startup_stm32f4xx.o
                0x08000000                Vector_Table
                0x08000188                . = ALIGN (0x4)

.text           0x08000188    0x19bb8
                0x08000188                . = ALIGN (0x4)
 *(.text)
 .text          0x08000188       0x14 obj\.\startup\startup_stm32f4xx.o
 .text          0x0800019c       0x64 obj\.\src\AsciiLib.o
                0x0800019c                GetASCIICode1
                0x080001b0                GetASCIICode2
                0x080001c4                GetASCIICode3
                0x080001d8                GetASCIICode4
                0x080001ec                GetASCIICode5
 .text          0x08000200       0x38 obj\.\src\CW_Mod.o
                0x08000200                Init_CW_GPIO
 .text          0x08000238      0x1ac obj\.\src\ChangeOver.o
                0x08000238                Receive_Sequence
                0x08000288                Xmit_SSB_Sequence
                0x080002e0                Xmit_CW_Sequence
                0x08000338                Xmit_PSK_Sequence
                0x08000388                Init_PTT_IO
 .text          0x080003e4      0x24c obj\.\src\Codec_Gains.o
                0x080003e4                Set_HP_Gain
                0x0800041e                Set_LO_Gain
                0x08000458                Set_PGA_Gain
                0x080004a0                Set_DAC_DVC
                0x080004f6                Set_ADC_DVC
                0x0800054a                Turn_On_Bias
                0x08000570                Turn_Off_Bias
                0x08000596                Disconnect_PGA
                0x080005cc                Mute_HP
                0x080005d0                Mute_LO
                0x080005d4                Connect_IQ_Inputs
                0x0800060a                Connect_Microphone_Input
 .text          0x08000630      0xb18 obj\.\src\DMA_IRQ_Handler.o
                0x08000630                Rcvr_DSP
                0x08000814                Xmit_SSB
                0x080009dc                Xmit_CW
                0x08000cdc                Xmit_PSK
                0x08001078                DMA1_Stream0_IRQHandler
 .text          0x08001148       0x34 obj\.\src\DMA_Test_Pins.o
                0x08001148                TEST_GPIO_Init
 .text          0x0800117c       0xd0 obj\.\src\DSP_Processing.o
                0x0800117c                Process_FIR_I
                0x08001198                Process_FIR_Q
                0x080011b4                Sideband_Demod
                0x080011f4                Process_FFT
 *fill*         0x0800124c        0x4 00
 .text          0x08001250      0xa18 obj\.\src\Encoder_1.o
                0x08001250                Encoder1_GPIO_Config
                0x080012ec                Set_Initial_SI570_Data
                0x08001370                check_SS1
                0x0800138c                Increase_Step
                0x080013d0                Decrease_Step
                0x08001418                redrawFrequencyOnScreen
                0x08001430                process_SS1
                0x080017a8                process_encoder1
                0x08001b7c                init_encoder1
 .text          0x08001c68      0x990 obj\.\src\Encoder_2.o
                0x08001c68                Encoder2_GPIO_Config
                0x08001ce8                Set_Initial_IQ_Data
                0x08001d18                Set_Minimums
                0x08001d50                Set_Maximums
                0x08001d88                Set_IQ_Units
                0x08001db8                check_SS2
                0x08001dd4                process_encoder2
                0x08002350                process_SS2
                0x080024b4                init_encoder2
                0x080025b8                Store_Defaults
 .text          0x080025f8        0x0 obj\.\src\FIR_Coefficients.o
 .text          0x080025f8      0x334 obj\.\src\Init_Codec.o
                0x080025f8                Codec_GPIO_Init
                0x08002628                Codec_Reset
                0x08002650                Codec_Init
 .text          0x0800292c      0x154 obj\.\src\Init_DMA.o
                0x0800292c                Audio_DMA_Init
                0x08002a70                Audio_DMA_Start
 .text          0x08002a80      0x7c8 obj\.\src\Init_I2C.o
                0x08002a80                I2C_GPIO_Init
                0x08002acc                I2C_Cntrl_Init
                0x08002b2c                I2C_WriteRegister
                0x08002c4c                I2C_WriteRegister_N
                0x08002d78                I2C_ReadSlave
                0x08002f20                I2C_ReadEEProm
                0x080030f4                Delay
                0x08003110                I2C_WriteEEProm
 .text          0x08003248       0xd4 obj\.\src\Init_I2S.o
                0x08003248                I2S_GPIO_Init
                0x080032b8                Codec_AudioInterface_Init
 .text          0x0800331c       0xac obj\.\src\ModeSelect.o
                0x0800331c                Init_Mode
                0x08003380                Set_Mode_Display
 .text          0x080033c8      0x198 obj\.\src\PSKMod.o
                0x080033c8                InitPSKModulator
                0x0800341c                GetTxChar
                0x0800343c                GetNextBPSKSymbol
                0x08003484                Update_PSK
                0x080034fc                PSK_isQueueFull
                0x0800351c                PSK_addCharToTx
                0x0800354c                PSK_isQueueEmpty
 .text          0x08003560     0x1648 obj\.\src\PSK_Det.o
                0x08003560                SetSampleClkAdj
                0x08003600                CPSKInitDet
                0x080036a8                SetRXFrequency
                0x08003780                SetAFCLimit
                0x08003854                ResetDetector
                0x080038bc                InitPSK
                0x08003a44                ResetModem
                0x08003a84                CalcFFreqError
                0x08003cbc                CalcFreqError
                0x08003f1c                CalcAGC
                0x08004058                SymbSync
                0x08004288                CalcQuality
                0x08004668                DecodeSymb
                0x080048d0                ProcPSKDet
 .text          0x08004ba8      0x4f8 obj\.\src\Si570.o
                0x08004ba8                Recall_F0
                0x08004bd6                Set_HS_DIV_N1
                0x08004cdc                Pack_Si570_registers
                0x08004dc0                Unpack_Si570_registers
                0x08004e6c                Check_SI570
                0x08004e80                Read_Si570_registers
                0x08004e9c                Compute_FXTAL
                0x08004f04                Large_RFREQ_Change
                0x08004f78                Write_Si570_registers
                0x08004fdc                Output_Frequency
                0x08005064                Si570_StartUp
 .text          0x080050a0        0x0 obj\.\src\Sine_table.o
 .text          0x080050a0     0x11e0 obj\.\src\TFT_Display.o
                0x080050a0                LCD_WriteRAM_Prepare
                0x080050aa                LCD_WriteRAM
                0x080050b4                LCD_WriteReg
                0x080050c2                LCD_DisplayOn
                0x080050d6                LCD_DisplayOff
                0x080050e8                LCD_SetColors
                0x08005114                LCD_GetColors
                0x08005130                LCD_SetTextColor
                0x08005148                LCD_SetBackColor
                0x08005160                LCD_CharSize
                0x08005178                LCD_SetCursor
                0x08005190                PutPixel
                0x080051c4                Pixel
                0x080051ee                LCD_PutChar
                0x08005404                LCD_StringLine
                0x0800545c                LCD_DrawFFT
                0x08005514                LCD_DrawLine
                0x08005584                LCD_DrawRect
                0x080055f0                LCD_DrawSquare
                0x0800565a                LCD_DrawCircle
                0x08005724                LCD_DrawFullRect
                0x08005768                LCD_DrawFullSquare
                0x080057a4                LCD_DrawUniLine
                0x080058f2                LCD_DrawFullCircle
                0x08005986                LCD_CtrlLinesConfig
                0x08005ae0                LCD_FSMCConfig
                0x08005b4a                LCD_PolyLine
                0x08005b76                LCD_ClosedPolyLine
                0x08005b96                LCD_PolyLineRelative
                0x08005b9a                LCD_ClosedPolyLineRelative
                0x08005b9e                LCD_FillPolyLine
                0x08005d74                LCD_BackLight
                0x08005db0                TIM_Config
                0x08005e84                LCD_SetDisplayWindow
                0x08005edc                TFT_Delay
                0x08005ef8                LCD_Clear
                0x08005f24                LCD_Reset
                0x08005f4c                LCD_Init
                0x08006138                Plot_String
                0x08006158                Plot_Integer
                0x080061d8                writeNumberToBuffer
                0x08006202                numCharChangingByDial
                0x0800621c                Plot_Freq
 .text          0x08006280       0xb8 obj\.\src\User_Button.o
                0x08006280                User_Button_Config
                0x080062bc                BT_Flag_Config
                0x080062f4                Check_BT_Flag
                0x08006310                EXTI0_IRQHandler
 .text          0x08006338      0x124 obj\.\src\eeprom.o
                0x08006338                Write_Int_EEProm
                0x08006354                Read_Int_EEProm
                0x08006372                Write_Long_EEProm
                0x080063a4                Read_Long_EEProm
                0x080063dc                Store_SI570_Data
                0x080063fc                Read_SI570_Data
                0x0800641c                Store_IQ_Data
                0x0800643c                Read_IQ_Data
 *fill*         0x0800645c        0x4 00
 .text          0x08006460      0x1c8 obj\.\src\main.o
                0x08006460                main_delay
                0x0800647c                displaySplashScreen
                0x080064b4                initializeHardware
 .text          0x08006628      0x130 obj\.\src\stm32f4_discovery.o
                0x08006628                STM_EVAL_LEDInit
                0x0800666c                STM_EVAL_LEDOn
                0x08006688                STM_EVAL_LEDOff
                0x080066a4                STM_EVAL_LEDToggle
                0x080066c4                STM_EVAL_PBInit
                0x08006740                STM_EVAL_PBGetState
 .text          0x08006758       0x48 obj\.\src\stm32f4xx_it.o
                0x08006758                NMI_Handler
                0x0800675a                HardFault_Handler
                0x0800675c                MemManage_Handler
                0x0800675e                BusFault_Handler
                0x08006760                UsageFault_Handler
                0x08006762                SVC_Handler
                0x08006764                DebugMon_Handler
                0x08006766                PendSV_Handler
                0x08006768                SysTick_Handler
                0x0800676a                EXTI1_IRQHandler
                0x08006790                TIM2_IRQHandler
                0x08006794                OTG_FS_IRQHandler
 .text          0x080067a0      0x198 obj\.\src\system_stm32f4xx.o
                0x080067a0                SystemInit
                0x080068c4                SystemCoreClockUpdate
 .text          0x08006938      0x748 obj\.\src\touch_pad.o
                0x080069e4                touch_init
                0x08006ae8                touch_interrupt_init
                0x08006b34                Read_X
                0x08006b6c                Read_Y
                0x08006ba4                TP_GetAdXY
                0x08006bc0                Read_Ads7846
                0x08006d04                Draw_Touch_Point
                0x08006d80                GetTouchPoint
                0x08007000                EXTI9_5_IRQHandler
                0x08007078                TouchPanel_Calibrate
 .text          0x08007080      0x188 obj\.\src\uart.o
                0x08007080                uart_putc
                0x0800709c                uart_init
                0x08007190                uart_deinit
                0x080071a0                uart_addRxCharacter
                0x080071e8                USART2_IRQHandler
 .text          0x08007208      0x22c obj\.\src\usb_bsp.o
                0x08007294                BSP_Init
                0x0800729c                USB_OTG_BSP_Init
                0x08007360                USB_OTG_BSP_EnableInterrupt
                0x080073a0                USB_OTG_BSP_DriveVBUS
                0x080073b4                USB_OTG_BSP_uDelay
                0x080073b8                USB_OTG_BSP_mDelay
                0x080073bc                USB_OTG_BSP_ConfigVBUS
                0x080073fc                USB_OTG_BSP_TimerIRQ
 .text          0x08007434       0x84 obj\.\src\usbh_usr.o
                0x08007434                USB_debugEvent
                0x08007444                USBH_USR_DeInit
                0x0800744a                USBH_USR_OverCurrentDetected
                0x08007450                USBH_USR_UserInput
                0x0800745e                USBH_USR_DeviceNotSupported
                0x08007462                USBH_USR_EnumerationDone
                0x08007466                USBH_USR_SerialNum_String
                0x0800746a                USBH_USR_Product_String
                0x0800746e                USBH_USR_Manufacturer_String
                0x08007472                USBH_USR_Configuration_DescAvailable
                0x08007476                USBH_USR_DeviceAddressAssigned
                0x0800747a                USBH_USR_Device_DescAvailable
                0x0800747e                USBH_USR_DeviceSpeedDetected
                0x08007482                USBH_USR_ResetDevice
                0x08007486                USBH_USR_DeviceDisconnected
                0x0800748a                USBH_USR_UnrecoveredError
                0x0800748e                USBH_USR_DeviceAttached
                0x08007492                USBH_USR_Init
                0x08007496                USR_KEYBRD_Init
                0x0800749c                USR_KEYBRD_ProcessData
 .text          0x080074b8      0x300 obj\.\src\xprintf.o
                0x080074b8                xputc
                0x080074e8                xputs
                0x080076a4                xfputs
                0x080076c4                xprintf
                0x080076dc                xsprintf
                0x08007708                xfprintf
                0x08007730                put_dump
 .text          0x080077b8       0xc0 obj\.\externals\SM32F4-Discovery\USB\src\misc.o
                0x080077b8                NVIC_PriorityGroupConfig
                0x080077cc                NVIC_Init
                0x08007834                NVIC_SetVectorTable
                0x08007848                NVIC_SystemLPConfig
                0x08007860                SysTick_CLKSourceConfig
 .text          0x08007878      0x6ec obj\.\externals\SM32F4-Discovery\USB\src\usb_core.o
                0x080078c4                USB_OTG_WritePacket
                0x080078ec                USB_OTG_ReadPacket
                0x08007910                USB_OTG_SelectCore
                0x080079d0                USB_OTG_CoreInit
                0x08007a5c                USB_OTG_EnableGlobalInt
                0x08007a6a                USB_OTG_DisableGlobalInt
                0x08007a78                USB_OTG_FlushTxFifo
                0x08007ab4                USB_OTG_FlushRxFifo
                0x08007ae8                USB_OTG_SetCurrentMode
                0x08007b12                USB_OTG_GetMode
                0x08007b1c                USB_OTG_IsDeviceMode
                0x08007b2c                USB_OTG_IsHostMode
                0x08007b36                USB_OTG_ReadCoreItr
                0x08007b40                USB_OTG_ReadOtgItr
                0x08007b46                USB_OTG_IsEvenFrame
                0x08007b56                USB_OTG_EnableHostInt
                0x08007b98                USB_OTG_InitFSLSPClkSel
                0x08007ba4                USB_OTG_ReadHPRT0
                0x08007bbc                USB_OTG_DriveVbus
                0x08007c08                USB_OTG_ReadHostAllChannels_intr
                0x08007c0e                USB_OTG_ResetPort
                0x08007c3a                USB_OTG_CoreInitHost
                0x08007cd0                USB_OTG_HC_Init
                0x08007db8                USB_OTG_HC_StartXfer
                0x08007ec0                USB_OTG_HC_Halt
                0x08007efa                USB_OTG_HC_DoPing
                0x08007f22                USB_OTG_StopHost
 .text          0x08007f64       0xb6 obj\.\externals\SM32F4-Discovery\USB\src\usb_hcd.o
                0x08007f64                HCD_Init
                0x08007fbe                HCD_GetCurrentSpeed
                0x08007fca                HCD_ResetPort
                0x08007fd4                HCD_IsDeviceConnected
                0x08007fda                HCD_GetCurrentFrame
                0x08007fe2                HCD_GetURB_State
                0x08007fea                HCD_GetXferCnt
                0x08007ff2                HCD_GetHCState
                0x08007ffa                HCD_HC_Init
                0x08008002                HCD_SubmitRequest
 *fill*         0x0800801a        0x2 00
 .text          0x0800801c     0x1534 obj\.\externals\SM32F4-Discovery\USB\src\usb_hcd_int.o
                0x0800940c                USBH_OTG_ISR_Handler
 .text          0x08009550      0x5f8 obj\.\externals\SM32F4-Discovery\USB\src\usbh_core.o
                0x08009550                USBH_Connected
                0x0800955a                USBH_Disconnected
                0x08009564                USBH_SOF
                0x08009568                USBH_DeInit
                0x0800959a                USBH_Init
                0x080095dc                USBH_ErrorHandle
                0x08009608                USBH_HandleControl
                0x080097bc                USBH_Process
 .text          0x08009b48       0xf8 obj\.\externals\SM32F4-Discovery\USB\src\usbh_hcs.o
                0x08009b48                USBH_Open_Channel
                0x08009b9e                USBH_Modify_Channel
                0x08009bd8                USBH_Alloc_Channel
                0x08009c0a                USBH_Free_Channel
                0x08009c22                USBH_DeAllocate_AllChannel
 .text          0x08009c40      0x318 obj\.\externals\SM32F4-Discovery\USB\src\usbh_hid_core.o
                0x08009f30                USBH_Set_Report
 .text          0x08009f58       0xe4 obj\.\externals\SM32F4-Discovery\USB\src\usbh_hid_keybd.o
 .text          0x0800a03c      0x22e obj\.\externals\SM32F4-Discovery\USB\src\usbh_ioreq.o
                0x0800a03c                USBH_CtlReq
                0x0800a088                USBH_CtlSendSetup
                0x0800a0b6                USBH_CtlSendData
                0x0800a0f2                USBH_CtlReceiveData
                0x0800a11e                USBH_BulkSendData
                0x0800a154                USBH_BulkReceiveData
                0x0800a18a                USBH_InterruptReceiveData
                0x0800a1cc                USBH_InterruptSendData
                0x0800a20e                USBH_IsocReceiveData
                0x0800a23c                USBH_IsocSendData
 *fill*         0x0800a26a        0x2 00
 .text          0x0800a26c      0x398 obj\.\externals\SM32F4-Discovery\USB\src\usbh_stdreq.o
                0x0800a26c                USBH_GetDescriptor
                0x0800a2a0                USBH_Get_StringDesc
                0x0800a2f0                USBH_Get_DevDesc
                0x0800a39c                USBH_Get_CfgDesc
                0x0800a574                USBH_SetAddress
                0x0800a58e                USBH_SetCfg
                0x0800a5a8                USBH_SetInterface
                0x0800a5c4                USBH_ClrFeature
                0x0800a5f6                USBH_GetNextDesc
 .text          0x0800a604      0x330 .\externals\libs\libstm32f4xx_peripherals.a(stm32f4xx_dma.o)
                0x0800a604                DMA_DeInit
                0x0800a71c                DMA_Init
                0x0800a770                DMA_StructInit
                0x0800a792                DMA_Cmd
                0x0800a7a4                DMA_PeriphIncOffsetSizeConfig
                0x0800a7b6                DMA_FlowControllerConfig
                0x0800a7c8                DMA_SetCurrDataCounter
                0x0800a7cc                DMA_GetCurrDataCounter
                0x0800a7d2                DMA_DoubleBufferModeConfig
                0x0800a7e6                DMA_DoubleBufferModeCmd
                0x0800a7f8                DMA_MemoryTargetConfig
                0x0800a802                DMA_GetCurrentMemoryTarget
                0x0800a80a                DMA_GetCmdStatus
                0x0800a812                DMA_GetFIFOStatus
                0x0800a81a                DMA_GetFlagStatus
                0x0800a850                DMA_ClearFlag
                0x0800a880                DMA_ITConfig
                0x0800a8ae                DMA_GetITStatus
                0x0800a904                DMA_ClearITPendingBit
 .text          0x0800a934       0xf8 .\externals\libs\libstm32f4xx_peripherals.a(stm32f4xx_exti.o)
                0x0800a934                EXTI_DeInit
                0x0800a950                EXTI_Init
                0x0800a9c8                EXTI_StructInit
                0x0800a9d6                EXTI_GenerateSWInterrupt
                0x0800a9e4                EXTI_GetFlagStatus
                0x0800a9f8                EXTI_ClearFlag
                0x0800aa04                EXTI_GetITStatus
                0x0800aa20                EXTI_ClearITPendingBit
 .text          0x0800aa2c      0x464 .\externals\libs\libstm32f4xx_peripherals.a(stm32f4xx_fsmc.o)
                0x0800aa2c                FSMC_NORSRAMDeInit
                0x0800aa5a                FSMC_NORSRAMInit
                0x0800ab0c                FSMC_NORSRAMStructInit
                0x0800ab5a                FSMC_NORSRAMCmd
                0x0800ab7c                FSMC_NANDDeInit
                0x0800aba4                FSMC_NANDInit
                0x0800ac0c                FSMC_NANDStructInit
                0x0800ac36                FSMC_NANDCmd
                0x0800ac68                FSMC_NANDECCCmd
                0x0800ac9c                FSMC_GetECC
                0x0800acb4                FSMC_PCCARDDeInit
                0x0800acd0                FSMC_PCCARDInit
                0x0800ad38                FSMC_PCCARDStructInit
                0x0800ad62                FSMC_PCCARDCmd
                0x0800ad80                FSMC_ITConfig
                0x0800adcc                FSMC_GetFlagStatus
                0x0800adf8                FSMC_ClearFlag
                0x0800ae28                FSMC_GetITStatus
                0x0800ae5c                FSMC_ClearITPendingBit
 .text          0x0800ae90      0x204 .\externals\libs\libstm32f4xx_peripherals.a(stm32f4xx_gpio.o)
                0x0800ae90                GPIO_DeInit
                0x0800af68                GPIO_Init
                0x0800aff0                GPIO_StructInit
                0x0800b002                GPIO_PinLockConfig
                0x0800b026                GPIO_ReadInputDataBit
                0x0800b032                GPIO_ReadInputData
                0x0800b038                GPIO_ReadOutputDataBit
                0x0800b044                GPIO_ReadOutputData
                0x0800b04a                GPIO_SetBits
                0x0800b04e                GPIO_ResetBits
                0x0800b052                GPIO_WriteBit
                0x0800b05c                GPIO_Write
                0x0800b060                GPIO_ToggleBits
                0x0800b068                GPIO_PinAFConfig
 .text          0x0800b094      0x3d4 .\externals\libs\libstm32f4xx_peripherals.a(stm32f4xx_i2c.o)
                0x0800b094                I2C_DeInit
                0x0800b0f0                I2C_Init
                0x0800b1bc                I2C_StructInit
                0x0800b1d8                I2C_Cmd
                0x0800b1f0                I2C_GenerateSTART
                0x0800b208                I2C_GenerateSTOP
                0x0800b220                I2C_Send7bitAddress
                0x0800b230                I2C_AcknowledgeConfig
                0x0800b248                I2C_OwnAddress2Config
                0x0800b25a                I2C_DualAddressCmd
                0x0800b272                I2C_GeneralCallCmd
                0x0800b28a                I2C_SoftwareResetCmd
                0x0800b2a2                I2C_StretchClockCmd
                0x0800b2ba                I2C_FastModeDutyCycleConfig
                0x0800b2d6                I2C_NACKPositionConfig
                0x0800b2f2                I2C_SMBusAlertConfig
                0x0800b30e                I2C_ARPCmd
                0x0800b326                I2C_SendData
                0x0800b32a                I2C_ReceiveData
                0x0800b330                I2C_TransmitPEC
                0x0800b348                I2C_PECPositionConfig
                0x0800b364                I2C_CalculatePEC
                0x0800b37c                I2C_GetPEC
                0x0800b384                I2C_DMACmd
                0x0800b39c                I2C_DMALastTransferCmd
                0x0800b3b4                I2C_ReadRegister
                0x0800b3cc                I2C_ITConfig
                0x0800b3de                I2C_CheckEvent
                0x0800b3f8                I2C_GetLastEvent
                0x0800b408                I2C_GetFlagStatus
                0x0800b43c                I2C_ClearFlag
                0x0800b444                I2C_GetITStatus
                0x0800b460                I2C_ClearITPendingBit
 .text          0x0800b468      0x454 .\externals\libs\libstm32f4xx_peripherals.a(stm32f4xx_rcc.o)
                0x0800b468                RCC_DeInit
                0x0800b49c                RCC_HSEConfig
                0x0800b4ac                RCC_AdjustHSICalibrationValue
                0x0800b4c0                RCC_HSICmd
                0x0800b4cc                RCC_LSEConfig
                0x0800b4ec                RCC_LSICmd
                0x0800b4f8                RCC_PLLConfig
                0x0800b518                RCC_PLLCmd
                0x0800b524                RCC_PLLI2SConfig
                0x0800b538                RCC_PLLI2SCmd
                0x0800b544                RCC_ClockSecuritySystemCmd
                0x0800b550                RCC_MCO1Config
                0x0800b564                RCC_MCO2Config
                0x0800b578                RCC_SYSCLKConfig
                0x0800b58c                RCC_GetSYSCLKSource
                0x0800b59c                RCC_HCLKConfig
                0x0800b5b0                RCC_PCLK1Config
                0x0800b5c4                RCC_PCLK2Config
                0x0800b5d8                RCC_GetClocksFreq
                0x0800b664                RCC_RTCCLKConfig
                0x0800b694                RCC_RTCCLKCmd
                0x0800b6a0                RCC_BackupResetCmd
                0x0800b6ac                RCC_I2SCLKConfig
                0x0800b6b8                RCC_AHB1PeriphClockCmd
                0x0800b6d0                RCC_AHB2PeriphClockCmd
                0x0800b6e8                RCC_AHB3PeriphClockCmd
                0x0800b700                RCC_APB1PeriphClockCmd
                0x0800b718                RCC_APB2PeriphClockCmd
                0x0800b730                RCC_AHB1PeriphResetCmd
                0x0800b748                RCC_AHB2PeriphResetCmd
                0x0800b760                RCC_AHB3PeriphResetCmd
                0x0800b778                RCC_APB1PeriphResetCmd
                0x0800b790                RCC_APB2PeriphResetCmd
                0x0800b7a8                RCC_AHB1PeriphClockLPModeCmd
                0x0800b7c0                RCC_AHB2PeriphClockLPModeCmd
                0x0800b7d8                RCC_AHB3PeriphClockLPModeCmd
                0x0800b7f0                RCC_APB1PeriphClockLPModeCmd
                0x0800b808                RCC_APB2PeriphClockLPModeCmd
                0x0800b820                RCC_ITConfig
                0x0800b838                RCC_GetFlagStatus
                0x0800b860                RCC_WaitForHSEStartUp
                0x0800b88c                RCC_ClearFlag
                0x0800b89c                RCC_GetITStatus
                0x0800b8b0                RCC_ClearITPendingBit
 .text          0x0800b8bc      0x354 .\externals\libs\libstm32f4xx_peripherals.a(stm32f4xx_spi.o)
                0x0800b8bc                SPI_I2S_DeInit
                0x0800b920                SPI_Init
                0x0800b95e                I2S_Init
                0x0800ba2c                SPI_StructInit
                0x0800ba44                I2S_StructInit
                0x0800ba56                SPI_Cmd
                0x0800ba6e                I2S_Cmd
                0x0800ba86                SPI_DataSizeConfig
                0x0800ba9c                SPI_BiDirectionalLineConfig
                0x0800bab8                SPI_NSSInternalSoftwareConfig
                0x0800bad6                SPI_SSOutputCmd
                0x0800baee                SPI_TIModeCmd
                0x0800bb06                I2S_FullDuplexConfig
                0x0800bb50                SPI_I2S_ReceiveData
                0x0800bb56                SPI_I2S_SendData
                0x0800bb5a                SPI_CalculateCRC
                0x0800bb72                SPI_TransmitCRC
                0x0800bb7e                SPI_GetCRC
                0x0800bb8e                SPI_GetCRCPolynomial
                0x0800bb94                SPI_I2S_DMACmd
                0x0800bba6                SPI_I2S_ITConfig
                0x0800bbc4                SPI_I2S_GetFlagStatus
                0x0800bbd0                SPI_I2S_ClearFlag
                0x0800bbd8                SPI_I2S_GetITStatus
                0x0800bbfe                SPI_I2S_ClearITPendingBit
 .text          0x0800bc10       0x80 .\externals\libs\libstm32f4xx_peripherals.a(stm32f4xx_syscfg.o)
                0x0800bc10                SYSCFG_DeInit
                0x0800bc2a                SYSCFG_MemoryRemapConfig
                0x0800bc34                SYSCFG_EXTILineConfig
                0x0800bc68                SYSCFG_ETH_MediaInterfaceConfig
                0x0800bc74                SYSCFG_CompensationCellCmd
                0x0800bc80                SYSCFG_GetCompensationCellStatus
 .text          0x0800bc90      0xb0c .\externals\libs\libstm32f4xx_peripherals.a(stm32f4xx_tim.o)
                0x0800bcfc                TIM_DeInit
                0x0800be50                TIM_TimeBaseInit
                0x0800becc                TIM_TimeBaseStructInit
                0x0800bede                TIM_PrescalerConfig
                0x0800bee4                TIM_CounterModeConfig
                0x0800bef4                TIM_SetCounter
                0x0800bef8                TIM_SetAutoreload
                0x0800befc                TIM_GetCounter
                0x0800bf00                TIM_GetPrescaler
                0x0800bf06                TIM_UpdateDisableConfig
                0x0800bf1e                TIM_UpdateRequestConfig
                0x0800bf36                TIM_ARRPreloadConfig
                0x0800bf4e                TIM_SelectOnePulseMode
                0x0800bf64                TIM_SetClockDivision
                0x0800bf7a                TIM_Cmd
                0x0800bf92                TIM_OC1Init
                0x0800c004                TIM_OC2Init
                0x0800c08c                TIM_OC3Init
                0x0800c110                TIM_OC4Init
                0x0800c178                TIM_OCStructInit
                0x0800c18c                TIM_SelectOCxM
                0x0800c1d2                TIM_SetCompare1
                0x0800c1d6                TIM_SetCompare2
                0x0800c1da                TIM_SetCompare3
                0x0800c1de                TIM_SetCompare4
                0x0800c1e2                TIM_ForcedOC1Config
                0x0800c1f2                TIM_ForcedOC2Config
                0x0800c206                TIM_ForcedOC3Config
                0x0800c216                TIM_ForcedOC4Config
                0x0800c22a                TIM_OC1PreloadConfig
                0x0800c23a                TIM_OC2PreloadConfig
                0x0800c24e                TIM_OC3PreloadConfig
                0x0800c25e                TIM_OC4PreloadConfig
                0x0800c272                TIM_OC1FastConfig
                0x0800c282                TIM_OC2FastConfig
                0x0800c296                TIM_OC3FastConfig
                0x0800c2a6                TIM_OC4FastConfig
                0x0800c2ba                TIM_ClearOC1Ref
                0x0800c2ca                TIM_ClearOC2Ref
                0x0800c2da                TIM_ClearOC3Ref
                0x0800c2ea                TIM_ClearOC4Ref
                0x0800c2fa                TIM_OC1PolarityConfig
                0x0800c30a                TIM_OC1NPolarityConfig
                0x0800c31a                TIM_OC2PolarityConfig
                0x0800c32e                TIM_OC2NPolarityConfig
                0x0800c342                TIM_OC3PolarityConfig
                0x0800c356                TIM_OC3NPolarityConfig
                0x0800c36a                TIM_OC4PolarityConfig
                0x0800c37e                TIM_CCxCmd
                0x0800c39c                TIM_CCxNCmd
                0x0800c3ba                TIM_ICStructInit
                0x0800c3ca                TIM_GetCapture1
                0x0800c3ce                TIM_GetCapture2
                0x0800c3d2                TIM_GetCapture3
                0x0800c3d6                TIM_GetCapture4
                0x0800c3da                TIM_SetIC1Prescaler
                0x0800c3f0                TIM_SetIC2Prescaler
                0x0800c40a                TIM_PWMIConfig
                0x0800c474                TIM_SetIC3Prescaler
                0x0800c48a                TIM_SetIC4Prescaler
                0x0800c4a4                TIM_ICInit
                0x0800c55a                TIM_BDTRConfig
                0x0800c57c                TIM_BDTRStructInit
                0x0800c58e                TIM_CtrlPWMOutputs
                0x0800c5aa                TIM_SelectCOM
                0x0800c5c2                TIM_CCPreloadControl
                0x0800c5da                TIM_ITConfig
                0x0800c5ec                TIM_GenerateEvent
                0x0800c5f0                TIM_GetFlagStatus
                0x0800c5fc                TIM_ClearFlag
                0x0800c604                TIM_GetITStatus
                0x0800c61a                TIM_ClearITPendingBit
                0x0800c622                TIM_DMAConfig
                0x0800c62a                TIM_DMACmd
                0x0800c63c                TIM_SelectCCDMA
                0x0800c654                TIM_InternalClockConfig
                0x0800c662                TIM_ITRxExternalClockConfig
                0x0800c67c                TIM_TIxExternalClockConfig
                0x0800c6ae                TIM_SelectInputTrigger
                0x0800c6be                TIM_SelectOutputTrigger
                0x0800c6d4                TIM_SelectSlaveMode
                0x0800c6ea                TIM_SelectMasterSlaveMode
                0x0800c700                TIM_ETRConfig
                0x0800c714                TIM_ETRClockMode2Config
                0x0800c728                TIM_ETRClockMode1Config
                0x0800c742                TIM_EncoderInterfaceConfig
                0x0800c77e                TIM_SelectHallSensor
                0x0800c796                TIM_RemapConfig
 .text          0x0800c79c      0x3b8 .\externals\libs\libstm32f4xx_peripherals.a(stm32f4xx_usart.o)
                0x0800c79c                USART_DeInit
                0x0800c844                USART_Init
                0x0800c8fc                USART_StructInit
                0x0800c912                USART_ClockInit
                0x0800c932                USART_ClockStructInit
                0x0800c93e                USART_Cmd
                0x0800c956                USART_SetPrescaler
                0x0800c968                USART_OverSampling8Cmd
                0x0800c980                USART_OneBitMethodCmd
                0x0800c998                USART_SendData
                0x0800c9a0                USART_ReceiveData
                0x0800c9a8                USART_SetAddress
                0x0800c9be                USART_ReceiverWakeUpCmd
                0x0800c9d6                USART_WakeUpConfig
                0x0800c9ec                USART_LINBreakDetectLengthConfig
                0x0800ca02                USART_LINCmd
                0x0800ca1a                USART_SendBreak
                0x0800ca26                USART_HalfDuplexCmd
                0x0800ca3e                USART_SetGuardTime
                0x0800ca50                USART_SmartCardCmd
                0x0800ca68                USART_SmartCardNACKCmd
                0x0800ca80                USART_IrDAConfig
                0x0800ca96                USART_IrDACmd
                0x0800caae                USART_DMACmd
                0x0800cac0                USART_ITConfig
                0x0800caf2                USART_GetFlagStatus
                0x0800cafe                USART_ClearFlag
                0x0800cb06                USART_GetITStatus
                0x0800cb44                USART_ClearITPendingBit
 .text          0x0800cb54       0xdc .\externals\libs\libstm32f4xx_math.a(arm_cmplx_mag_squared_q15.o)
                0x0800cb54                arm_cmplx_mag_squared_q15
 .text          0x0800cc30      0x100 .\externals\libs\libstm32f4xx_math.a(arm_shift_q15.o)
                0x0800cc30                arm_shift_q15
 .text          0x0800cd30      0x164 .\externals\libs\libstm32f4xx_math.a(arm_fir_decimate_q15.o)
                0x0800cd30                arm_fir_decimate_q15
 .text          0x0800ce94      0x376 .\externals\libs\libstm32f4xx_math.a(arm_fir_q15.o)
                0x0800ce94                arm_fir_q15
 .text          0x0800d20a      0x7be .\externals\libs\libstm32f4xx_math.a(arm_cfft_radix4_q15.o)
                0x0800d20a                arm_radix4_butterfly_q15
                0x0800d59e                arm_radix4_butterfly_inverse_q15
                0x0800d932                arm_bitreversal_q15
                0x0800d994                arm_cfft_radix4_q15
 .text          0x0800d9c8       0x6c .\externals\libs\libstm32f4xx_math.a(arm_cfft_radix4_init_q15.o)
                0x0800d9c8                arm_cfft_radix4_init_q15
 .text          0x0800da34        0x0 .\externals\libs\libstm32f4xx_math.a(arm_common_tables.o)
 .text          0x0800da34        0x0 d:/program files (x86)/gnu tools arm embedded/4.6 2012q4/bin/../lib/gcc/arm-none-eabi/4.6.2/../../../../arm-none-eabi/lib/armv7e-m/fpu\libm.a(lib_a-w_atan2.o)
 .text          0x0800da34        0x0 d:/program files (x86)/gnu tools arm embedded/4.6 2012q4/bin/../lib/gcc/arm-none-eabi/4.6.2/../../../../arm-none-eabi/lib/armv7e-m/fpu\libm.a(lib_a-w_fmod.o)
 .text          0x0800da34        0x0 d:/program files (x86)/gnu tools arm embedded/4.6 2012q4/bin/../lib/gcc/arm-none-eabi/4.6.2/../../../../arm-none-eabi/lib/armv7e-m/fpu\libm.a(lib_a-w_log.o)
 .text          0x0800da34        0x0 d:/program files (x86)/gnu tools arm embedded/4.6 2012q4/bin/../lib/gcc/arm-none-eabi/4.6.2/../../../../arm-none-eabi/lib/armv7e-m/fpu\libm.a(lib_a-w_sqrt.o)
 .text          0x0800da34        0x0 d:/program files (x86)/gnu tools arm embedded/4.6 2012q4/bin/../lib/gcc/arm-none-eabi/4.6.2/../../../../arm-none-eabi/lib/armv7e-m/fpu\libm.a(lib_a-e_atan2.o)
 .text          0x0800da34        0x0 d:/program files (x86)/gnu tools arm embedded/4.6 2012q4/bin/../lib/gcc/arm-none-eabi/4.6.2/../../../../arm-none-eabi/lib/armv7e-m/fpu\libm.a(lib_a-e_fmod.o)
 .text          0x0800da34        0x0 d:/program files (x86)/gnu tools arm embedded/4.6 2012q4/bin/../lib/gcc/arm-none-eabi/4.6.2/../../../../arm-none-eabi/lib/armv7e-m/fpu\libm.a(lib_a-e_log.o)
 .text          0x0800da34        0x0 d:/program files (x86)/gnu tools arm embedded/4.6 2012q4/bin/../lib/gcc/arm-none-eabi/4.6.2/../../../../arm-none-eabi/lib/armv7e-m/fpu\libm.a(lib_a-e_sqrt.o)
 .text          0x0800da34        0x0 d:/program files (x86)/gnu tools arm embedded/4.6 2012q4/bin/../lib/gcc/arm-none-eabi/4.6.2/../../../../arm-none-eabi/lib/armv7e-m/fpu\libm.a(lib_a-s_atan.o)
 .text          0x0800da34        0x0 d:/program files (x86)/gnu tools arm embedded/4.6 2012q4/bin/../lib/gcc/arm-none-eabi/4.6.2/../../../../arm-none-eabi/lib/armv7e-m/fpu\libm.a(lib_a-s_fabs.o)
 .text          0x0800da34        0x0 d:/program files (x86)/gnu tools arm embedded/4.6 2012q4/bin/../lib/gcc/arm-none-eabi/4.6.2/../../../../arm-none-eabi/lib/armv7e-m/fpu\libm.a(lib_a-s_fpclassify.o)
 .text          0x0800da34        0x0 d:/program files (x86)/gnu tools arm embedded/4.6 2012q4/bin/../lib/gcc/arm-none-eabi/4.6.2/../../../../arm-none-eabi/lib/armv7e-m/fpu\libm.a(lib_a-s_lib_ver.o)
 .text          0x0800da34        0x0 d:/program files (x86)/gnu tools arm embedded/4.6 2012q4/bin/../lib/gcc/arm-none-eabi/4.6.2/../../../../arm-none-eabi/lib/armv7e-m/fpu\libm.a(lib_a-s_matherr.o)
 .text          0x0800da34        0x0 d:/program files (x86)/gnu tools arm embedded/4.6 2012q4/bin/../lib/gcc/arm-none-eabi/4.6.2/../../../../arm-none-eabi/lib/armv7e-m/fpu\libm.a(lib_a-s_nan.o)
 .text          0x0800da34      0x370 d:/program files (x86)/gnu tools arm embedded/4.6 2012q4/bin/../lib/gcc/arm-none-eabi/4.6.2/armv7e-m/fpu\libgcc.a(_arm_addsubdf3.o)
                0x0800da34                __aeabi_drsub
                0x0800da3c                __aeabi_dsub
                0x0800da3c                __subdf3
                0x0800da40                __aeabi_dadd
                0x0800da40                __adddf3
                0x0800dcb8                __floatunsidf
                0x0800dcb8                __aeabi_ui2d
                0x0800dcd8                __floatsidf
                0x0800dcd8                __aeabi_i2d
                0x0800dcfc                __aeabi_f2d
                0x0800dcfc                __extendsfdf2
                0x0800dd38                __floatundidf
                0x0800dd38                __aeabi_ul2d
                0x0800dd48                __floatdidf
                0x0800dd48                __aeabi_l2d
 .text          0x0800dda4      0x424 d:/program files (x86)/gnu tools arm embedded/4.6 2012q4/bin/../lib/gcc/arm-none-eabi/4.6.2/armv7e-m/fpu\libgcc.a(_arm_muldivdf3.o)
                0x0800dda4                __aeabi_dmul
                0x0800dda4                __muldf3
                0x0800dff8                __divdf3
                0x0800dff8                __aeabi_ddiv
 .text          0x0800e1c8      0x110 d:/program files (x86)/gnu tools arm embedded/4.6 2012q4/bin/../lib/gcc/arm-none-eabi/4.6.2/armv7e-m/fpu\libgcc.a(_arm_cmpdf2.o)
                0x0800e1c8                __gtdf2
                0x0800e1c8                __gedf2
                0x0800e1d0                __ltdf2
                0x0800e1d0                __ledf2
                0x0800e1d8                __nedf2
                0x0800e1d8                __eqdf2
                0x0800e1d8                __cmpdf2
                0x0800e254                __aeabi_cdrcmple
                0x0800e264                __aeabi_cdcmpeq
                0x0800e264                __aeabi_cdcmple
                0x0800e274                __aeabi_dcmpeq
                0x0800e288                __aeabi_dcmplt
                0x0800e29c                __aeabi_dcmple
                0x0800e2b0                __aeabi_dcmpge
                0x0800e2c4                __aeabi_dcmpgt
 .text          0x0800e2d8       0x50 d:/program files (x86)/gnu tools arm embedded/4.6 2012q4/bin/../lib/gcc/arm-none-eabi/4.6.2/armv7e-m/fpu\libgcc.a(_arm_fixdfsi.o)
                0x0800e2d8                __aeabi_d2iz
                0x0800e2d8                __fixdfsi
 .text          0x0800e328       0x40 d:/program files (x86)/gnu tools arm embedded/4.6 2012q4/bin/../lib/gcc/arm-none-eabi/4.6.2/armv7e-m/fpu\libgcc.a(_arm_fixunsdfsi.o)
                0x0800e328                __aeabi_d2uiz
                0x0800e328                __fixunsdfsi
 .text          0x0800e368       0xa0 d:/program files (x86)/gnu tools arm embedded/4.6 2012q4/bin/../lib/gcc/arm-none-eabi/4.6.2/armv7e-m/fpu\libgcc.a(_arm_truncdfsf2.o)
                0x0800e368                __truncdfsf2
                0x0800e368                __aeabi_d2f
 .text          0x0800e408        0x0 d:/program files (x86)/gnu tools arm embedded/4.6 2012q4/bin/../lib/gcc/arm-none-eabi/4.6.2/../../../../arm-none-eabi/lib/armv7e-m/fpu\libc.a(lib_a-errno.o)
 .text          0x0800e408        0x0 d:/program files (x86)/gnu tools arm embedded/4.6 2012q4/bin/../lib/gcc/arm-none-eabi/4.6.2/../../../../arm-none-eabi/lib/armv7e-m/fpu\libc.a(lib_a-impure.o)
 .text          0x0800e408        0x0 d:/program files (x86)/gnu tools arm embedded/4.6 2012q4/bin/../lib/gcc/arm-none-eabi/4.6.2/../../../../arm-none-eabi/lib/armv7e-m/fpu\libc.a(lib_a-memcpy.o)
 .text          0x0800e408        0x0 d:/program files (x86)/gnu tools arm embedded/4.6 2012q4/bin/../lib/gcc/arm-none-eabi/4.6.2/../../../../arm-none-eabi/lib/armv7e-m/fpu\libc.a(lib_a-memset.o)
 *(.text*)
 .text.Reset_Vector
                0x0800e408       0x44 obj\.\startup\startup_stm32f4xx.o
                0x0800e408                Reset_Vector
 .text.Default_Handler
                0x0800e44c        0x2 obj\.\startup\startup_stm32f4xx.o
                0x0800e44c                RTC_Alarm_IRQHandler
                0x0800e44c                HASH_RNG_IRQHandler
                0x0800e44c                EXTI2_IRQHandler
                0x0800e44c                TIM8_CC_IRQHandler
                0x0800e44c                TIM1_CC_IRQHandler
                0x0800e44c                DMA2_Stream5_IRQHandler
                0x0800e44c                DMA1_Stream5_IRQHandler
                0x0800e44c                PVD_IRQHandler
                0x0800e44c                SDIO_IRQHandler
                0x0800e44c                TAMP_STAMP_IRQHandler
                0x0800e44c                CAN2_RX1_IRQHandler
                0x0800e44c                EXTI3_IRQHandler
                0x0800e44c                TIM8_TRG_COM_TIM14_IRQHandler
                0x0800e44c                TIM1_UP_TIM10_IRQHandler
                0x0800e44c                TIM8_UP_TIM13_IRQHandler
                0x0800e44c                I2C3_ER_IRQHandler
                0x0800e44c                I2C2_EV_IRQHandler
                0x0800e44c                DMA1_Stream2_IRQHandler
                0x0800e44c                CAN1_RX0_IRQHandler
                0x0800e44c                FPU_IRQHandler
                0x0800e44c                OTG_HS_WKUP_IRQHandler
                0x0800e44c                CAN2_SCE_IRQHandler
                0x0800e44c                DMA2_Stream2_IRQHandler
                0x0800e44c                SPI1_IRQHandler
                0x0800e44c                TIM6_DAC_IRQHandler
                0x0800e44c                TIM1_BRK_TIM9_IRQHandler
                0x0800e44c                DCMI_IRQHandler
                0x0800e44c                CAN2_RX0_IRQHandler
                0x0800e44c                DMA2_Stream3_IRQHandler
                0x0800e44c                USART6_IRQHandler
                0x0800e44c                USART3_IRQHandler
                0x0800e44c                CRYP_IRQHandler
                0x0800e44c                CAN1_RX1_IRQHandler
                0x0800e44c                UART5_IRQHandler
                0x0800e44c                DMA2_Stream0_IRQHandler
                0x0800e44c                TIM4_IRQHandler
                0x0800e44c                I2C1_EV_IRQHandler
                0x0800e44c                DMA1_Stream6_IRQHandler
                0x0800e44c                DMA1_Stream1_IRQHandler
                0x0800e44c                UART4_IRQHandler
                0x0800e44c                TIM3_IRQHandler
                0x0800e44c                RCC_IRQHandler
                0x0800e44c                TIM8_BRK_TIM12_IRQHandler
                0x0800e44c                EXTI15_10_IRQHandler
                0x0800e44c                ADC_IRQHandler
                0x0800e44c                DMA1_Stream7_IRQHandler
                0x0800e44c                TIM7_IRQHandler
                0x0800e44c                CAN2_TX_IRQHandler
                0x0800e44c                TIM5_IRQHandler
                0x0800e44c                DMA2_Stream7_IRQHandler
                0x0800e44c                I2C3_EV_IRQHandler
                0x0800e44c                RTC_WKUP_IRQHandler
                0x0800e44c                ETH_WKUP_IRQHandler
                0x0800e44c                SPI2_IRQHandler
                0x0800e44c                OTG_HS_EP1_IN_IRQHandler
                0x0800e44c                CAN1_TX_IRQHandler
                0x0800e44c                EXTI4_IRQHandler
                0x0800e44c                FSMC_IRQHandler
                0x0800e44c                ETH_IRQHandler
                0x0800e44c                OTG_HS_EP1_OUT_IRQHandler
                0x0800e44c                WWDG_IRQHandler
                0x0800e44c                OTG_FS_WKUP_IRQHandler
                0x0800e44c                TIM1_TRG_COM_TIM11_IRQHandler
                0x0800e44c                OTG_HS_IRQHandler
                0x0800e44c                I2C2_ER_IRQHandler
                0x0800e44c                DMA2_Stream1_IRQHandler
                0x0800e44c                CAN1_SCE_IRQHandler
                0x0800e44c                FLASH_IRQHandler
                0x0800e44c                DMA2_Stream4_IRQHandler
                0x0800e44c                USART1_IRQHandler
                0x0800e44c                SPI3_IRQHandler
                0x0800e44c                DMA1_Stream4_IRQHandler
                0x0800e44c                I2C1_ER_IRQHandler
                0x0800e44c                DMA2_Stream6_IRQHandler
                0x0800e44c                DMA1_Stream3_IRQHandler
 *fill*         0x0800e44e        0x2 00
 .text.startup  0x0800e450      0x144 obj\.\src\main.o
                0x0800e450                main
 .text.atan2    0x0800e594        0x4 d:/program files (x86)/gnu tools arm embedded/4.6 2012q4/bin/../lib/gcc/arm-none-eabi/4.6.2/../../../../arm-none-eabi/lib/armv7e-m/fpu\libm.a(lib_a-w_atan2.o)
                0x0800e594                atan2
 .text.fmod     0x0800e598       0xd0 d:/program files (x86)/gnu tools arm embedded/4.6 2012q4/bin/../lib/gcc/arm-none-eabi/4.6.2/../../../../arm-none-eabi/lib/armv7e-m/fpu\libm.a(lib_a-w_fmod.o)
                0x0800e598                fmod
 .text.log      0x0800e668      0x10c d:/program files (x86)/gnu tools arm embedded/4.6 2012q4/bin/../lib/gcc/arm-none-eabi/4.6.2/../../../../arm-none-eabi/lib/armv7e-m/fpu\libm.a(lib_a-w_log.o)
                0x0800e668                log
 .text.sqrt     0x0800e774       0xbc d:/program files (x86)/gnu tools arm embedded/4.6 2012q4/bin/../lib/gcc/arm-none-eabi/4.6.2/../../../../arm-none-eabi/lib/armv7e-m/fpu\libm.a(lib_a-w_sqrt.o)
                0x0800e774                sqrt
 .text.__ieee754_atan2
                0x0800e830      0x200 d:/program files (x86)/gnu tools arm embedded/4.6 2012q4/bin/../lib/gcc/arm-none-eabi/4.6.2/../../../../arm-none-eabi/lib/armv7e-m/fpu\libm.a(lib_a-e_atan2.o)
                0x0800e830                __ieee754_atan2
 .text.__ieee754_fmod
                0x0800ea30      0x2b8 d:/program files (x86)/gnu tools arm embedded/4.6 2012q4/bin/../lib/gcc/arm-none-eabi/4.6.2/../../../../arm-none-eabi/lib/armv7e-m/fpu\libm.a(lib_a-e_fmod.o)
                0x0800ea30                __ieee754_fmod
 .text.__ieee754_log
                0x0800ece8      0x428 d:/program files (x86)/gnu tools arm embedded/4.6 2012q4/bin/../lib/gcc/arm-none-eabi/4.6.2/../../../../arm-none-eabi/lib/armv7e-m/fpu\libm.a(lib_a-e_log.o)
                0x0800ece8                __ieee754_log
 .text.__ieee754_sqrt
                0x0800f110      0x1c4 d:/program files (x86)/gnu tools arm embedded/4.6 2012q4/bin/../lib/gcc/arm-none-eabi/4.6.2/../../../../arm-none-eabi/lib/armv7e-m/fpu\libm.a(lib_a-e_sqrt.o)
                0x0800f110                __ieee754_sqrt
 *fill*         0x0800f2d4        0x4 00
 .text.atan     0x0800f2d8      0x388 d:/program files (x86)/gnu tools arm embedded/4.6 2012q4/bin/../lib/gcc/arm-none-eabi/4.6.2/../../../../arm-none-eabi/lib/armv7e-m/fpu\libm.a(lib_a-s_atan.o)
                0x0800f2d8                atan
 .text.fabs     0x0800f660       0x14 d:/program files (x86)/gnu tools arm embedded/4.6 2012q4/bin/../lib/gcc/arm-none-eabi/4.6.2/../../../../arm-none-eabi/lib/armv7e-m/fpu\libm.a(lib_a-s_fabs.o)
                0x0800f660                fabs
 .text.__fpclassifyd
                0x0800f674       0x70 d:/program files (x86)/gnu tools arm embedded/4.6 2012q4/bin/../lib/gcc/arm-none-eabi/4.6.2/../../../../arm-none-eabi/lib/armv7e-m/fpu\libm.a(lib_a-s_fpclassify.o)
                0x0800f674                __fpclassifyd
 .text.matherr  0x0800f6e4        0x4 d:/program files (x86)/gnu tools arm embedded/4.6 2012q4/bin/../lib/gcc/arm-none-eabi/4.6.2/../../../../arm-none-eabi/lib/armv7e-m/fpu\libm.a(lib_a-s_matherr.o)
                0x0800f6e4                matherr
 .text.nan      0x0800f6e8       0x10 d:/program files (x86)/gnu tools arm embedded/4.6 2012q4/bin/../lib/gcc/arm-none-eabi/4.6.2/../../../../arm-none-eabi/lib/armv7e-m/fpu\libm.a(lib_a-s_nan.o)
                0x0800f6e8                nan
 .text.__errno  0x0800f6f8        0xc d:/program files (x86)/gnu tools arm embedded/4.6 2012q4/bin/../lib/gcc/arm-none-eabi/4.6.2/../../../../arm-none-eabi/lib/armv7e-m/fpu\libc.a(lib_a-errno.o)
                0x0800f6f8                __errno
 .text.memcpy   0x0800f704       0x84 d:/program files (x86)/gnu tools arm embedded/4.6 2012q4/bin/../lib/gcc/arm-none-eabi/4.6.2/../../../../arm-none-eabi/lib/armv7e-m/fpu\libc.a(lib_a-memcpy.o)
                0x0800f704                memcpy
 .text.memset   0x0800f788       0x90 d:/program files (x86)/gnu tools arm embedded/4.6 2012q4/bin/../lib/gcc/arm-none-eabi/4.6.2/../../../../arm-none-eabi/lib/armv7e-m/fpu\libc.a(lib_a-memset.o)
                0x0800f788                memset
 *(.rodata)
 .rodata        0x0800f818     0x2814 obj\.\src\AsciiLib.o
                0x0800ff84                ASCII12x12
                0x08010e5c                ASCII16x24
 .rodata        0x0801202c        0xc obj\.\src\DMA_IRQ_Handler.o
                0x0801202c                B
                0x08012030                A
                0x08012034                Amp0
 .rodata        0x08012038       0x10 obj\.\src\Encoder_1.o
 .rodata        0x08012048       0x10 obj\.\src\Encoder_2.o
 .rodata        0x08012058     0x207c obj\.\src\PSKMod.o
                0x08012058                PSKShapeTbl
                0x0801405c                PSKPhaseLookupTable
 .rodata        0x080140d4      0x440 obj\.\src\PSK_Det.o
                0x080140d4                VARICODE_TABLE
                0x080144d4                HALF_TBL
 .rodata        0x08014514        0x8 obj\.\src\Si570.o
                0x08014514                HS_DIV_VALUE_char
                0x0801451a                N1_VALUE_char
 .rodata        0x0801451c     0x4000 obj\.\src\Sine_table.o
                0x0801451c                Sine_table
 .rodata        0x0801851c        0x4 obj\.\src\main.o
                0x0801851c                CODEC_FREQUENCY
 .rodata        0x08018520       0x28 obj\.\src\stm32f4_discovery.o
                0x08018520                GPIO_CLK
                0x08018530                GPIO_PIN
                0x08018538                BUTTON_IRQn
                0x08018539                BUTTON_PIN_SOURCE
                0x0801853a                BUTTON_PORT_SOURCE
                0x0801853c                BUTTON_EXTI_LINE
                0x08018540                BUTTON_CLK
                0x08018544                BUTTON_PIN
 .rodata        0x08018548       0x18 obj\.\src\uart.o
                0x08018548                COM_RX_AF
                0x0801854a                COM_TX_AF
                0x0801854c                COM_RX_PIN_SOURCE
                0x0801854e                COM_TX_PIN_SOURCE
                0x08018550                COM_RX_PIN
                0x08018552                COM_TX_PIN
                0x08018554                COM_RX_PORT_CLK
                0x08018558                COM_TX_PORT_CLK
                0x0801855c                COM_USART_CLK
 .rodata        0x08018560      0x1ec obj\.\externals\SM32F4-Discovery\USB\src\usbh_hid_keybd.o
 .rodata        0x0801874c     0x1000 .\externals\libs\libstm32f4xx_math.a(arm_cfft_radix4_init_q15.o)
 .rodata        0x0801974c      0x380 .\externals\libs\libstm32f4xx_math.a(arm_common_tables.o)
                0x0801974c                armRecipTableQ31
                0x0801984c                armRecipTableQ15
                0x080198cc                armBitRevTable
 *(.rodata*)
 .rodata.str1.1
                0x08019acc       0xbb obj\.\src\Encoder_1.o
 .rodata.str1.1
                0x08019b87       0xc2 obj\.\src\Encoder_2.o
 .rodata.str1.1
                0x08019c49       0x11 obj\.\src\ModeSelect.o
                                 0x21 (size before relaxing)
 .rodata.str1.1
                0x08019c5a        0xb obj\.\src\TFT_Display.o
 .rodata.str1.1
                0x08019c65       0x32 obj\.\src\main.o
 .rodata.str1.1
                0x08019c97       0x1d obj\.\src\touch_pad.o
                                 0x24 (size before relaxing)
 .rodata.str1.1
                0x08019cb4       0x1a obj\.\src\xprintf.o
 .rodata.str1.1
                0x08019cce        0x4 obj\.\externals\SM32F4-Discovery\USB\src\usbh_core.o
 *fill*         0x08019cd2        0x2 00
 .rodata.str1.4
                0x08019cd4        0x5 d:/program files (x86)/gnu tools arm embedded/4.6 2012q4/bin/../lib/gcc/arm-none-eabi/4.6.2/../../../../arm-none-eabi/lib/armv7e-m/fpu\libm.a(lib_a-w_fmod.o)
                                  0x8 (size before relaxing)
 *fill*         0x08019cd9        0x3 00
 .rodata.str1.4
                0x08019cdc        0x4 d:/program files (x86)/gnu tools arm embedded/4.6 2012q4/bin/../lib/gcc/arm-none-eabi/4.6.2/../../../../arm-none-eabi/lib/armv7e-m/fpu\libm.a(lib_a-w_log.o)
                                  0x8 (size before relaxing)
 .rodata.str1.4
                0x08019ce0        0x5 d:/program files (x86)/gnu tools arm embedded/4.6 2012q4/bin/../lib/gcc/arm-none-eabi/4.6.2/../../../../arm-none-eabi/lib/armv7e-m/fpu\libm.a(lib_a-w_sqrt.o)
                                  0x8 (size before relaxing)
 *fill*         0x08019ce5        0x3 00
 .rodata.Zero   0x08019ce8       0x10 d:/program files (x86)/gnu tools arm embedded/4.6 2012q4/bin/../lib/gcc/arm-none-eabi/4.6.2/../../../../arm-none-eabi/lib/armv7e-m/fpu\libm.a(lib_a-e_fmod.o)
 .rodata.atanlo
                0x08019cf8       0x20 d:/program files (x86)/gnu tools arm embedded/4.6 2012q4/bin/../lib/gcc/arm-none-eabi/4.6.2/../../../../arm-none-eabi/lib/armv7e-m/fpu\libm.a(lib_a-s_atan.o)
 .rodata.atanhi
                0x08019d18       0x20 d:/program files (x86)/gnu tools arm embedded/4.6 2012q4/bin/../lib/gcc/arm-none-eabi/4.6.2/../../../../arm-none-eabi/lib/armv7e-m/fpu\libm.a(lib_a-s_atan.o)
 .rodata.str1.4
                0x08019d38        0x4 d:/program files (x86)/gnu tools arm embedded/4.6 2012q4/bin/../lib/gcc/arm-none-eabi/4.6.2/../../../../arm-none-eabi/lib/armv7e-m/fpu\libc.a(lib_a-impure.o)
 .rodata._global_impure_ptr
                0x08019d3c        0x4 d:/program files (x86)/gnu tools arm embedded/4.6 2012q4/bin/../lib/gcc/arm-none-eabi/4.6.2/../../../../arm-none-eabi/lib/armv7e-m/fpu\libc.a(lib_a-impure.o)
                0x08019d3c                _global_impure_ptr
 *(.glue_7)
 .glue_7        0x00000000        0x0 linker stubs
 *(.glue_7t)
 .glue_7t       0x00000000        0x0 linker stubs
 *(.eh_frame)
 *(.init)
 *(.fini)
                0x08019d40                . = ALIGN (0x4)
                0x08019d40                _end_of_code = .

.vfp11_veneer   0x08019d40        0x0
 .vfp11_veneer  0x00000000        0x0 linker stubs

.v4_bx          0x08019d40        0x0
 .v4_bx         0x00000000        0x0 linker stubs

.ARM.extab
 *(.ARM.extab* .gnu.linkonce.armextab.*)

.ARM            0x08019d40        0x0
                0x08019d40                __exidx_start = .
 *(.ARM.exidx*)
                0x08019d40                __exidx_end = .

.preinit_array  0x08019d40        0x0
                0x08019d40                PROVIDE (__preinit_array_start, .)
 *(.preinit_array*)
                0x08019d40                PROVIDE (__preinit_array_end, .)

.init_array     0x08019d40        0x0
                0x08019d40                PROVIDE (__init_array_start, .)
 *(SORT(.init_array.*))
 *(.init_array*)
                0x08019d40                PROVIDE (__init_array_end, .)

.fini_array     0x08019d40        0x0
                0x08019d40                PROVIDE (__fini_array_start, .)
 *(.fini_array*)
 *(SORT(.fini_array.*))
                0x08019d40                PROVIDE (__fini_array_end, .)
                0x08019d40                _sidata = .

.data           0x20000000      0x8bc load address 0x08019d40
                0x20000000                . = ALIGN (0x4)
                0x20000000                _sdata = .
 *(.data)
 .data          0x20000000        0x0 obj\.\startup\startup_stm32f4xx.o
 .data          0x20000000        0x0 obj\.\src\AsciiLib.o
 .data          0x20000000        0x0 obj\.\src\CW_Mod.o
 .data          0x20000000        0x0 obj\.\src\ChangeOver.o
 .data          0x20000000        0x0 obj\.\src\Codec_Gains.o
 .data          0x20000000        0x0 obj\.\src\DMA_IRQ_Handler.o
 .data          0x20000000        0x0 obj\.\src\DMA_Test_Pins.o
 .data          0x20000000       0x7c obj\.\src\DSP_Processing.o
                0x20000000                S_FIR_I
                0x2000000c                S_FIR_Q
                0x20000018                FFT_Size
                0x2000001c                Filter_Q4
                0x20000028                Filter_Q3
                0x20000034                Filter_Q2
                0x20000040                Filter_Q1
                0x2000004c                Filter_I4
                0x20000058                Filter_I3
                0x20000064                Filter_I2
                0x20000070                Filter_I1
 .data          0x2000007c        0x4 obj\.\src\Encoder_1.o
                0x2000007c                F_Unit
 .data          0x20000080        0x0 obj\.\src\Encoder_2.o
 .data          0x20000080      0x34a obj\.\src\FIR_Coefficients.o
                0x20000080                FIRFreqCoef
                0x20000102                FIRBitCoef
                0x20000184                Dec4LPCoef
                0x200001ca                coeff_fir_Q
                0x200002ca                coeff_fir_I
 .data          0x200003ca        0x0 obj\.\src\Init_Codec.o
 .data          0x200003ca        0x0 obj\.\src\Init_DMA.o
 *fill*         0x200003ca        0x2 00
 .data          0x200003cc        0x4 obj\.\src\Init_I2C.o
                0x200003cc                Timeout
 .data          0x200003d0        0x0 obj\.\src\Init_I2S.o
 .data          0x200003d0        0x0 obj\.\src\ModeSelect.o
 .data          0x200003d0        0x0 obj\.\src\PSKMod.o
 .data          0x200003d0        0x0 obj\.\src\PSK_Det.o
 .data          0x200003d0        0x0 obj\.\src\Si570.o
 .data          0x200003d0        0x0 obj\.\src\Sine_table.o
 .data          0x200003d0        0x4 obj\.\src\TFT_Display.o
                0x200003d0                BackColor
                0x200003d2                asciisize
 .data          0x200003d4        0x0 obj\.\src\User_Button.o
 .data          0x200003d4        0x0 obj\.\src\eeprom.o
 .data          0x200003d4        0x0 obj\.\src\main.o
 .data          0x200003d4       0x14 obj\.\src\stm32f4_discovery.o
                0x200003d4                GPIO_PORT
                0x200003e4                BUTTON_PORT
 .data          0x200003e8        0x0 obj\.\src\stm32f4xx_it.o
 .data          0x200003e8       0x14 obj\.\src\system_stm32f4xx.o
                0x200003e8                SystemCoreClock
                0x200003ec                AHBPrescTable
 .data          0x200003fc        0x0 obj\.\src\touch_pad.o
 .data          0x200003fc        0xc obj\.\src\uart.o
                0x200003fc                COM_TX_PORT
                0x20000400                COM_RX_PORT
                0x20000404                COM_USART
 .data          0x20000408        0x0 obj\.\src\usb_bsp.o
 .data          0x20000408       0x48 obj\.\src\usbh_usr.o
                0x20000408                USR_Callbacks
 .data          0x20000450        0x0 obj\.\src\xprintf.o
 .data          0x20000450        0x0 obj\.\externals\SM32F4-Discovery\USB\src\misc.o
 .data          0x20000450        0x0 obj\.\externals\SM32F4-Discovery\USB\src\usb_core.o
 .data          0x20000450        0x0 obj\.\externals\SM32F4-Discovery\USB\src\usb_hcd.o
 .data          0x20000450        0x0 obj\.\externals\SM32F4-Discovery\USB\src\usb_hcd_int.o
 .data          0x20000450       0x14 obj\.\externals\SM32F4-Discovery\USB\src\usbh_core.o
                0x20000450                Previous_status
                0x20000454                USBH_HCD_INT_fops
                0x20000458                USBH_HCD_INT_cb
 .data          0x20000464        0x0 obj\.\externals\SM32F4-Discovery\USB\src\usbh_hcs.o
 .data          0x20000464       0x10 obj\.\externals\SM32F4-Discovery\USB\src\usbh_hid_core.o
                0x20000464                HID_cb
 .data          0x20000474        0x8 obj\.\externals\SM32F4-Discovery\USB\src\usbh_hid_keybd.o
                0x20000474                HID_KEYBRD_cb
 .data          0x2000047c        0x0 obj\.\externals\SM32F4-Discovery\USB\src\usbh_ioreq.o
 .data          0x2000047c        0x0 obj\.\externals\SM32F4-Discovery\USB\src\usbh_stdreq.o
 .data          0x2000047c        0x0 .\externals\libs\libstm32f4xx_peripherals.a(stm32f4xx_dma.o)
 .data          0x2000047c        0x0 .\externals\libs\libstm32f4xx_peripherals.a(stm32f4xx_exti.o)
 .data          0x2000047c        0x0 .\externals\libs\libstm32f4xx_peripherals.a(stm32f4xx_fsmc.o)
 .data          0x2000047c        0x0 .\externals\libs\libstm32f4xx_peripherals.a(stm32f4xx_gpio.o)
 .data          0x2000047c        0x0 .\externals\libs\libstm32f4xx_peripherals.a(stm32f4xx_i2c.o)
 .data          0x2000047c       0x10 .\externals\libs\libstm32f4xx_peripherals.a(stm32f4xx_rcc.o)
 .data          0x2000048c        0x0 .\externals\libs\libstm32f4xx_peripherals.a(stm32f4xx_spi.o)
 .data          0x2000048c        0x0 .\externals\libs\libstm32f4xx_peripherals.a(stm32f4xx_syscfg.o)
 .data          0x2000048c        0x0 .\externals\libs\libstm32f4xx_peripherals.a(stm32f4xx_tim.o)
 .data          0x2000048c        0x0 .\externals\libs\libstm32f4xx_peripherals.a(stm32f4xx_usart.o)
 .data          0x2000048c        0x0 .\externals\libs\libstm32f4xx_math.a(arm_cmplx_mag_squared_q15.o)
 .data          0x2000048c        0x0 .\externals\libs\libstm32f4xx_math.a(arm_shift_q15.o)
 .data          0x2000048c        0x0 .\externals\libs\libstm32f4xx_math.a(arm_fir_decimate_q15.o)
 .data          0x2000048c        0x0 .\externals\libs\libstm32f4xx_math.a(arm_fir_q15.o)
 .data          0x2000048c        0x0 .\externals\libs\libstm32f4xx_math.a(arm_cfft_radix4_q15.o)
 .data          0x2000048c        0x0 .\externals\libs\libstm32f4xx_math.a(arm_cfft_radix4_init_q15.o)
 .data          0x2000048c        0x0 .\externals\libs\libstm32f4xx_math.a(arm_common_tables.o)
 .data          0x2000048c        0x0 d:/program files (x86)/gnu tools arm embedded/4.6 2012q4/bin/../lib/gcc/arm-none-eabi/4.6.2/../../../../arm-none-eabi/lib/armv7e-m/fpu\libm.a(lib_a-w_atan2.o)
 .data          0x2000048c        0x0 d:/program files (x86)/gnu tools arm embedded/4.6 2012q4/bin/../lib/gcc/arm-none-eabi/4.6.2/../../../../arm-none-eabi/lib/armv7e-m/fpu\libm.a(lib_a-w_fmod.o)
 .data          0x2000048c        0x0 d:/program files (x86)/gnu tools arm embedded/4.6 2012q4/bin/../lib/gcc/arm-none-eabi/4.6.2/../../../../arm-none-eabi/lib/armv7e-m/fpu\libm.a(lib_a-w_log.o)
 .data          0x2000048c        0x0 d:/program files (x86)/gnu tools arm embedded/4.6 2012q4/bin/../lib/gcc/arm-none-eabi/4.6.2/../../../../arm-none-eabi/lib/armv7e-m/fpu\libm.a(lib_a-w_sqrt.o)
 .data          0x2000048c        0x0 d:/program files (x86)/gnu tools arm embedded/4.6 2012q4/bin/../lib/gcc/arm-none-eabi/4.6.2/../../../../arm-none-eabi/lib/armv7e-m/fpu\libm.a(lib_a-e_atan2.o)
 .data          0x2000048c        0x0 d:/program files (x86)/gnu tools arm embedded/4.6 2012q4/bin/../lib/gcc/arm-none-eabi/4.6.2/../../../../arm-none-eabi/lib/armv7e-m/fpu\libm.a(lib_a-e_fmod.o)
 .data          0x2000048c        0x0 d:/program files (x86)/gnu tools arm embedded/4.6 2012q4/bin/../lib/gcc/arm-none-eabi/4.6.2/../../../../arm-none-eabi/lib/armv7e-m/fpu\libm.a(lib_a-e_log.o)
 .data          0x2000048c        0x0 d:/program files (x86)/gnu tools arm embedded/4.6 2012q4/bin/../lib/gcc/arm-none-eabi/4.6.2/../../../../arm-none-eabi/lib/armv7e-m/fpu\libm.a(lib_a-e_sqrt.o)
 .data          0x2000048c        0x0 d:/program files (x86)/gnu tools arm embedded/4.6 2012q4/bin/../lib/gcc/arm-none-eabi/4.6.2/../../../../arm-none-eabi/lib/armv7e-m/fpu\libm.a(lib_a-s_atan.o)
 .data          0x2000048c        0x0 d:/program files (x86)/gnu tools arm embedded/4.6 2012q4/bin/../lib/gcc/arm-none-eabi/4.6.2/../../../../arm-none-eabi/lib/armv7e-m/fpu\libm.a(lib_a-s_fabs.o)
 .data          0x2000048c        0x0 d:/program files (x86)/gnu tools arm embedded/4.6 2012q4/bin/../lib/gcc/arm-none-eabi/4.6.2/../../../../arm-none-eabi/lib/armv7e-m/fpu\libm.a(lib_a-s_fpclassify.o)
 .data          0x2000048c        0x0 d:/program files (x86)/gnu tools arm embedded/4.6 2012q4/bin/../lib/gcc/arm-none-eabi/4.6.2/../../../../arm-none-eabi/lib/armv7e-m/fpu\libm.a(lib_a-s_lib_ver.o)
 .data          0x2000048c        0x0 d:/program files (x86)/gnu tools arm embedded/4.6 2012q4/bin/../lib/gcc/arm-none-eabi/4.6.2/../../../../arm-none-eabi/lib/armv7e-m/fpu\libm.a(lib_a-s_matherr.o)
 .data          0x2000048c        0x0 d:/program files (x86)/gnu tools arm embedded/4.6 2012q4/bin/../lib/gcc/arm-none-eabi/4.6.2/../../../../arm-none-eabi/lib/armv7e-m/fpu\libm.a(lib_a-s_nan.o)
 .data          0x2000048c        0x0 d:/program files (x86)/gnu tools arm embedded/4.6 2012q4/bin/../lib/gcc/arm-none-eabi/4.6.2/armv7e-m/fpu\libgcc.a(_arm_addsubdf3.o)
 .data          0x2000048c        0x0 d:/program files (x86)/gnu tools arm embedded/4.6 2012q4/bin/../lib/gcc/arm-none-eabi/4.6.2/armv7e-m/fpu\libgcc.a(_arm_muldivdf3.o)
 .data          0x2000048c        0x0 d:/program files (x86)/gnu tools arm embedded/4.6 2012q4/bin/../lib/gcc/arm-none-eabi/4.6.2/armv7e-m/fpu\libgcc.a(_arm_cmpdf2.o)
 .data          0x2000048c        0x0 d:/program files (x86)/gnu tools arm embedded/4.6 2012q4/bin/../lib/gcc/arm-none-eabi/4.6.2/armv7e-m/fpu\libgcc.a(_arm_fixdfsi.o)
 .data          0x2000048c        0x0 d:/program files (x86)/gnu tools arm embedded/4.6 2012q4/bin/../lib/gcc/arm-none-eabi/4.6.2/armv7e-m/fpu\libgcc.a(_arm_fixunsdfsi.o)
 .data          0x2000048c        0x0 d:/program files (x86)/gnu tools arm embedded/4.6 2012q4/bin/../lib/gcc/arm-none-eabi/4.6.2/armv7e-m/fpu\libgcc.a(_arm_truncdfsf2.o)
 .data          0x2000048c        0x0 d:/program files (x86)/gnu tools arm embedded/4.6 2012q4/bin/../lib/gcc/arm-none-eabi/4.6.2/../../../../arm-none-eabi/lib/armv7e-m/fpu\libc.a(lib_a-errno.o)
 .data          0x2000048c        0x0 d:/program files (x86)/gnu tools arm embedded/4.6 2012q4/bin/../lib/gcc/arm-none-eabi/4.6.2/../../../../arm-none-eabi/lib/armv7e-m/fpu\libc.a(lib_a-impure.o)
 .data          0x2000048c        0x0 d:/program files (x86)/gnu tools arm embedded/4.6 2012q4/bin/../lib/gcc/arm-none-eabi/4.6.2/../../../../arm-none-eabi/lib/armv7e-m/fpu\libc.a(lib_a-memcpy.o)
 .data          0x2000048c        0x0 d:/program files (x86)/gnu tools arm embedded/4.6 2012q4/bin/../lib/gcc/arm-none-eabi/4.6.2/../../../../arm-none-eabi/lib/armv7e-m/fpu\libc.a(lib_a-memset.o)
 *(.data*)
 .data.__fdlib_version
                0x2000048c        0x1 d:/program files (x86)/gnu tools arm embedded/4.6 2012q4/bin/../lib/gcc/arm-none-eabi/4.6.2/../../../../arm-none-eabi/lib/armv7e-m/fpu\libm.a(lib_a-s_lib_ver.o)
                0x2000048c                __fdlib_version
 *fill*         0x2000048d        0x3 00
 .data.impure_data
                0x20000490      0x428 d:/program files (x86)/gnu tools arm embedded/4.6 2012q4/bin/../lib/gcc/arm-none-eabi/4.6.2/../../../../arm-none-eabi/lib/armv7e-m/fpu\libc.a(lib_a-impure.o)
 .data._impure_ptr
                0x200008b8        0x4 d:/program files (x86)/gnu tools arm embedded/4.6 2012q4/bin/../lib/gcc/arm-none-eabi/4.6.2/../../../../arm-none-eabi/lib/armv7e-m/fpu\libc.a(lib_a-impure.o)
                0x200008b8                _impure_ptr
                0x200008bc                . = ALIGN (0x4)
                0x200008bc                _edata = .
                0x200008bc                . = ALIGN (0x4)

.bss            0x200008c0     0x7044 load address 0x0801a600
                0x200008c0                _sbss = .
                0x200008c0                __bss_start__ = _sbss
 *(.bss)
 .bss           0x200008c0        0x0 obj\.\startup\startup_stm32f4xx.o
 .bss           0x200008c0        0x0 obj\.\src\AsciiLib.o
 .bss           0x200008c0        0x0 obj\.\src\CW_Mod.o
 .bss           0x200008c0        0x0 obj\.\src\ChangeOver.o
 .bss           0x200008c0        0x0 obj\.\src\Codec_Gains.o
 .bss           0x200008c0       0x18 obj\.\src\DMA_IRQ_Handler.o
 .bss           0x200008d8        0x0 obj\.\src\DMA_Test_Pins.o
 .bss           0x200008d8        0x0 obj\.\src\DSP_Processing.o
 .bss           0x200008d8        0x2 obj\.\src\Encoder_1.o
 .bss           0x200008da        0x2 obj\.\src\Encoder_2.o
 .bss           0x200008dc        0x0 obj\.\src\FIR_Coefficients.o
 .bss           0x200008dc        0x0 obj\.\src\Init_Codec.o
 .bss           0x200008dc        0x0 obj\.\src\Init_DMA.o
 .bss           0x200008dc        0x0 obj\.\src\Init_I2C.o
 .bss           0x200008dc        0x0 obj\.\src\Init_I2S.o
 .bss           0x200008dc        0x2 obj\.\src\ModeSelect.o
                0x200008dc                Mode
 *fill*         0x200008de        0x2 00
 .bss           0x200008e0       0x1c obj\.\src\PSKMod.o
                0x200008e0                m_Ramp
                0x200008e4                m_pTail
                0x200008e8                m_pHead
 .bss           0x200008fc       0x34 obj\.\src\PSK_Det.o
 .bss           0x20000930        0x0 obj\.\src\Si570.o
 .bss           0x20000930        0x0 obj\.\src\Sine_table.o
 .bss           0x20000930        0xc obj\.\src\TFT_Display.o
                0x20000930                TextColor
                0x20000932                TimerPeriod
                0x20000934                Channel1Pulse
 .bss           0x2000093c        0x1 obj\.\src\User_Button.o
                0x2000093c                BT_Flag
 .bss           0x2000093d        0x0 obj\.\src\eeprom.o
 .bss           0x2000093d        0x0 obj\.\src\main.o
 .bss           0x2000093d        0x0 obj\.\src\stm32f4_discovery.o
 .bss           0x2000093d        0x0 obj\.\src\stm32f4xx_it.o
 .bss           0x2000093d        0x0 obj\.\src\system_stm32f4xx.o
 *fill*         0x2000093d        0x1 00
 .bss           0x2000093e        0x6 obj\.\src\touch_pad.o
                0x2000093e                TouchCount
                0x20000940                Mode_Test
                0x20000942                DebounceCount
 .bss           0x20000944        0x1 obj\.\src\uart.o
 *fill*         0x20000945        0x3 00
 .bss           0x20000948        0x4 obj\.\src\usb_bsp.o
                0x20000948                BSP_delay
 .bss           0x2000094c        0x4 obj\.\src\usbh_usr.o
 .bss           0x20000950        0x4 obj\.\src\xprintf.o
 .bss           0x20000954        0x0 obj\.\externals\SM32F4-Discovery\USB\src\misc.o
 .bss           0x20000954        0x0 obj\.\externals\SM32F4-Discovery\USB\src\usb_core.o
 .bss           0x20000954        0x0 obj\.\externals\SM32F4-Discovery\USB\src\usb_hcd.o
 .bss           0x20000954        0x0 obj\.\externals\SM32F4-Discovery\USB\src\usb_hcd_int.o
 .bss           0x20000954        0x8 obj\.\externals\SM32F4-Discovery\USB\src\usbh_core.o
                0x20000958                Tab_State_Machine_incr
 .bss           0x2000095c        0x0 obj\.\externals\SM32F4-Discovery\USB\src\usbh_hcs.o
 .bss           0x2000095c        0x1 obj\.\externals\SM32F4-Discovery\USB\src\usbh_hid_core.o
                0x2000095c                start_toggle
 .bss           0x2000095d       0x17 obj\.\externals\SM32F4-Discovery\USB\src\usbh_hid_keybd.o
 .bss           0x20000974        0x0 obj\.\externals\SM32F4-Discovery\USB\src\usbh_ioreq.o
 .bss           0x20000974        0x4 obj\.\externals\SM32F4-Discovery\USB\src\usbh_stdreq.o
 .bss           0x20000978        0x0 .\externals\libs\libstm32f4xx_peripherals.a(stm32f4xx_dma.o)
 .bss           0x20000978        0x0 .\externals\libs\libstm32f4xx_peripherals.a(stm32f4xx_exti.o)
 .bss           0x20000978        0x0 .\externals\libs\libstm32f4xx_peripherals.a(stm32f4xx_fsmc.o)
 .bss           0x20000978        0x0 .\externals\libs\libstm32f4xx_peripherals.a(stm32f4xx_gpio.o)
 .bss           0x20000978        0x0 .\externals\libs\libstm32f4xx_peripherals.a(stm32f4xx_i2c.o)
 .bss           0x20000978        0x0 .\externals\libs\libstm32f4xx_peripherals.a(stm32f4xx_rcc.o)
 .bss           0x20000978        0x0 .\externals\libs\libstm32f4xx_peripherals.a(stm32f4xx_spi.o)
 .bss           0x20000978        0x0 .\externals\libs\libstm32f4xx_peripherals.a(stm32f4xx_syscfg.o)
 .bss           0x20000978        0x0 .\externals\libs\libstm32f4xx_peripherals.a(stm32f4xx_tim.o)
 .bss           0x20000978        0x0 .\externals\libs\libstm32f4xx_peripherals.a(stm32f4xx_usart.o)
 .bss           0x20000978        0x0 .\externals\libs\libstm32f4xx_math.a(arm_cmplx_mag_squared_q15.o)
 .bss           0x20000978        0x0 .\externals\libs\libstm32f4xx_math.a(arm_shift_q15.o)
 .bss           0x20000978        0x0 .\externals\libs\libstm32f4xx_math.a(arm_fir_decimate_q15.o)
 .bss           0x20000978        0x0 .\externals\libs\libstm32f4xx_math.a(arm_fir_q15.o)
 .bss           0x20000978        0x0 .\externals\libs\libstm32f4xx_math.a(arm_cfft_radix4_q15.o)
 .bss           0x20000978        0x0 .\externals\libs\libstm32f4xx_math.a(arm_cfft_radix4_init_q15.o)
 .bss           0x20000978        0x0 .\externals\libs\libstm32f4xx_math.a(arm_common_tables.o)
 .bss           0x20000978        0x0 d:/program files (x86)/gnu tools arm embedded/4.6 2012q4/bin/../lib/gcc/arm-none-eabi/4.6.2/../../../../arm-none-eabi/lib/armv7e-m/fpu\libm.a(lib_a-w_atan2.o)
 .bss           0x20000978        0x0 d:/program files (x86)/gnu tools arm embedded/4.6 2012q4/bin/../lib/gcc/arm-none-eabi/4.6.2/../../../../arm-none-eabi/lib/armv7e-m/fpu\libm.a(lib_a-w_fmod.o)
 .bss           0x20000978        0x0 d:/program files (x86)/gnu tools arm embedded/4.6 2012q4/bin/../lib/gcc/arm-none-eabi/4.6.2/../../../../arm-none-eabi/lib/armv7e-m/fpu\libm.a(lib_a-w_log.o)
 .bss           0x20000978        0x0 d:/program files (x86)/gnu tools arm embedded/4.6 2012q4/bin/../lib/gcc/arm-none-eabi/4.6.2/../../../../arm-none-eabi/lib/armv7e-m/fpu\libm.a(lib_a-w_sqrt.o)
 .bss           0x20000978        0x0 d:/program files (x86)/gnu tools arm embedded/4.6 2012q4/bin/../lib/gcc/arm-none-eabi/4.6.2/../../../../arm-none-eabi/lib/armv7e-m/fpu\libm.a(lib_a-e_atan2.o)
 .bss           0x20000978        0x0 d:/program files (x86)/gnu tools arm embedded/4.6 2012q4/bin/../lib/gcc/arm-none-eabi/4.6.2/../../../../arm-none-eabi/lib/armv7e-m/fpu\libm.a(lib_a-e_fmod.o)
 .bss           0x20000978        0x0 d:/program files (x86)/gnu tools arm embedded/4.6 2012q4/bin/../lib/gcc/arm-none-eabi/4.6.2/../../../../arm-none-eabi/lib/armv7e-m/fpu\libm.a(lib_a-e_log.o)
 .bss           0x20000978        0x0 d:/program files (x86)/gnu tools arm embedded/4.6 2012q4/bin/../lib/gcc/arm-none-eabi/4.6.2/../../../../arm-none-eabi/lib/armv7e-m/fpu\libm.a(lib_a-e_sqrt.o)
 .bss           0x20000978        0x0 d:/program files (x86)/gnu tools arm embedded/4.6 2012q4/bin/../lib/gcc/arm-none-eabi/4.6.2/../../../../arm-none-eabi/lib/armv7e-m/fpu\libm.a(lib_a-s_atan.o)
 .bss           0x20000978        0x0 d:/program files (x86)/gnu tools arm embedded/4.6 2012q4/bin/../lib/gcc/arm-none-eabi/4.6.2/../../../../arm-none-eabi/lib/armv7e-m/fpu\libm.a(lib_a-s_fabs.o)
 .bss           0x20000978        0x0 d:/program files (x86)/gnu tools arm embedded/4.6 2012q4/bin/../lib/gcc/arm-none-eabi/4.6.2/../../../../arm-none-eabi/lib/armv7e-m/fpu\libm.a(lib_a-s_fpclassify.o)
 .bss           0x20000978        0x0 d:/program files (x86)/gnu tools arm embedded/4.6 2012q4/bin/../lib/gcc/arm-none-eabi/4.6.2/../../../../arm-none-eabi/lib/armv7e-m/fpu\libm.a(lib_a-s_lib_ver.o)
 .bss           0x20000978        0x0 d:/program files (x86)/gnu tools arm embedded/4.6 2012q4/bin/../lib/gcc/arm-none-eabi/4.6.2/../../../../arm-none-eabi/lib/armv7e-m/fpu\libm.a(lib_a-s_matherr.o)
 .bss           0x20000978        0x0 d:/program files (x86)/gnu tools arm embedded/4.6 2012q4/bin/../lib/gcc/arm-none-eabi/4.6.2/../../../../arm-none-eabi/lib/armv7e-m/fpu\libm.a(lib_a-s_nan.o)
 .bss           0x20000978        0x0 d:/program files (x86)/gnu tools arm embedded/4.6 2012q4/bin/../lib/gcc/arm-none-eabi/4.6.2/armv7e-m/fpu\libgcc.a(_arm_addsubdf3.o)
 .bss           0x20000978        0x0 d:/program files (x86)/gnu tools arm embedded/4.6 2012q4/bin/../lib/gcc/arm-none-eabi/4.6.2/armv7e-m/fpu\libgcc.a(_arm_muldivdf3.o)
 .bss           0x20000978        0x0 d:/program files (x86)/gnu tools arm embedded/4.6 2012q4/bin/../lib/gcc/arm-none-eabi/4.6.2/armv7e-m/fpu\libgcc.a(_arm_cmpdf2.o)
 .bss           0x20000978        0x0 d:/program files (x86)/gnu tools arm embedded/4.6 2012q4/bin/../lib/gcc/arm-none-eabi/4.6.2/armv7e-m/fpu\libgcc.a(_arm_fixdfsi.o)
 .bss           0x20000978        0x0 d:/program files (x86)/gnu tools arm embedded/4.6 2012q4/bin/../lib/gcc/arm-none-eabi/4.6.2/armv7e-m/fpu\libgcc.a(_arm_fixunsdfsi.o)
 .bss           0x20000978        0x0 d:/program files (x86)/gnu tools arm embedded/4.6 2012q4/bin/../lib/gcc/arm-none-eabi/4.6.2/armv7e-m/fpu\libgcc.a(_arm_truncdfsf2.o)
 .bss           0x20000978        0x0 d:/program files (x86)/gnu tools arm embedded/4.6 2012q4/bin/../lib/gcc/arm-none-eabi/4.6.2/../../../../arm-none-eabi/lib/armv7e-m/fpu\libc.a(lib_a-errno.o)
 .bss           0x20000978        0x0 d:/program files (x86)/gnu tools arm embedded/4.6 2012q4/bin/../lib/gcc/arm-none-eabi/4.6.2/../../../../arm-none-eabi/lib/armv7e-m/fpu\libc.a(lib_a-impure.o)
 .bss           0x20000978        0x0 d:/program files (x86)/gnu tools arm embedded/4.6 2012q4/bin/../lib/gcc/arm-none-eabi/4.6.2/../../../../arm-none-eabi/lib/armv7e-m/fpu\libc.a(lib_a-memcpy.o)
 .bss           0x20000978        0x0 d:/program files (x86)/gnu tools arm embedded/4.6 2012q4/bin/../lib/gcc/arm-none-eabi/4.6.2/../../../../arm-none-eabi/lib/armv7e-m/fpu\libc.a(lib_a-memset.o)
 *(.bss*)
 *(COMMON)
 COMMON         0x20000978       0xda obj\.\src\ChangeOver.o
                0x20000978                rgain
                0x2000097c                DataMax
                0x2000099c                phase_adjust
                0x200009a0                Tx_Flag
                0x200009a2                IQ_Unit
                0x200009c4                S1
                0x200009c8                CW_Gain
                0x200009cc                T_lgain
                0x200009d0                m_SymbolRate
                0x200009d8                x_NCOphzinc
                0x200009e0                m_2PI
                0x200009e8                DSP_Flag
                0x200009ec                m_AddEndingZero
                0x200009f0                IQ_Disp
                0x200009f4                m_RMSConstant
                0x200009f8                R_lgain
                0x200009fc                DataMin
                0x20000a1c                R_xgain
                0x20000a20                EEProm_Value2
                0x20000a22                read_SS2
                0x20000a24                S2
                0x20000a28                Key_Down
                0x20000a2c                T_xgain
                0x20000a30                IQData
                0x20000a50                m_TxShiftReg
 *fill*         0x20000a52        0x6 00
 COMMON         0x20000a58     0x508c obj\.\src\DMA_IRQ_Handler.o
                0x20000a58                Filter_delay_I4
                0x20000ae0                m_FreqSignal
                0x20000af0                Filter_delay_Q3
                0x20000b78                m_z2
                0x20000b88                FIR_I_Out
                0x20000f88                m_z1
                0x20000f98                Sample_Frequency
                0x20000f9c                m_IQPhzIndex
                0x20000fa0                LCD_buffer
                0x20000fc8                ADC_Buffer
                0x200013c8                m_PSKmode
                0x200013cc                m_ClkErrCounter
                0x200013d0                m_BitPhaseInc
                0x200013d8                FFT_Magnitude
                0x200015d8                m_VcoPhz
                0x200015e0                m_BitSignal
                0x200015f0                Filter_delay_I3
                0x20001674                m_IMDValid
                0x20001678                NCO_Frequency
                0x20001680                m_SquelchSpeed
                0x20001684                USB_Out
                0x20001a84                FIR_I_In
                0x20001e84                m_AFCCaptureOn
                0x20001e88                PSK_Gain
                0x20001e90                m_SyncAve
                0x20001f38                m_SQThresh
                0x20001f40                IQ
                0x20001f50                m_VaricodeDecTbl
                0x20002750                DMA_RX_Memory
                0x20002754                LSB_Out
                0x20002b54                m_OffCount
                0x20002b58                PSK_Tx
                0x20002b5c                m_LastPkPos
                0x20002b60                m_PkPos
                0x20002b68                m_NCOphzinc
                0x20002b70                m_AFClimit
                0x20002b78                m_FastAFCMode
                0x20002b80                Samp
                0x20002b90                m_SampleFreq
                0x20002b98                i
                0x20002b9a                FIR_Q_In
                0x20002f9c                m_SampCnt
                0x20002fa0                m_LastBitZero
                0x20002fa4                m_SQLevel
                0x20002fa8                m_IQPhaseArray
                0x20002ff8                Filter_delay_I2
                0x20003044                DMA_TX_Memory
                0x20003048                m_BitAcc
                0x2000304c                Tx1BufferDMA
                0x2000384c                Rx1BufferDMA
                0x20004050                m_I1
                0x20004058                Filter_delay_Q4
                0x200040e0                m_QFreqError
                0x200040e8                Tx0BufferDMA
                0x200048e8                m_I0
                0x200048f0                m_OnCount
                0x200048f4                FIR_Q_Out
                0x20004cf8                newsamp
                0x20004d08                m_AGCave
                0x20004d10                key
                0x20004d14                m_Pcnt
                0x20004d18                m_AFCmode
                0x20004d1c                Filter_delay_Q2
                0x20004d68                m_FperrAve
                0x20004d70                m_Ncnt
                0x20004d78                m_FferrAve
                0x20004d80                m_SQOpen
                0x20004d88                m_Q0
                0x20004d90                m_NLPk
                0x20004d98                m_DevAve
                0x20004da0                m_AFCTimer
                0x20004da4                Filter_delay_Q1