Archive member included because of file (symbol)

.\externals\libs\libstm32f4xx_peripherals.a(stm32f4xx_dma.o)
                              obj\.\src\Init_DMA.o (DMA_DeInit)
.\externals\libs\libstm32f4xx_peripherals.a(stm32f4xx_exti.o)
                              obj\.\src\Encoder_1.o (EXTI_Init)
.\externals\libs\libstm32f4xx_peripherals.a(stm32f4xx_fsmc.o)
                              obj\.\src\TFT_Display.o (FSMC_NORSRAMInit)
.\externals\libs\libstm32f4xx_peripherals.a(stm32f4xx_gpio.o)
                              obj\.\src\ChangeOver.o (GPIO_Init)
.\externals\libs\libstm32f4xx_peripherals.a(stm32f4xx_i2c.o)
                              obj\.\src\Init_I2C.o (I2C_DeInit)
.\externals\libs\libstm32f4xx_peripherals.a(stm32f4xx_rcc.o)
                              .\externals\libs\libstm32f4xx_peripherals.a(stm32f4xx_i2c.o) (RCC_GetClocksFreq)
.\externals\libs\libstm32f4xx_peripherals.a(stm32f4xx_spi.o)
                              obj\.\src\touch_pad.o (SPI_I2S_DeInit)
.\externals\libs\libstm32f4xx_peripherals.a(stm32f4xx_syscfg.o)
                              obj\.\src\Encoder_1.o (SYSCFG_EXTILineConfig)
.\externals\libs\libstm32f4xx_peripherals.a(stm32f4xx_tim.o)
                              obj\.\src\TFT_Display.o (TIM_TimeBaseInit)
.\externals\libs\libstm32f4xx_peripherals.a(stm32f4xx_usart.o)
                              obj\.\src\uart.o (USART_Init)
.\externals\libs\libstm32f4xx_math.a(arm_cmplx_mag_squared_q15.o)
                              obj\.\src\DSP_Processing.o (arm_cmplx_mag_squared_q15)
.\externals\libs\libstm32f4xx_math.a(arm_shift_q15.o)
                              obj\.\src\DSP_Processing.o (arm_shift_q15)
.\externals\libs\libstm32f4xx_math.a(arm_fir_decimate_q15.o)
                              obj\.\src\PSK_Det.o (arm_fir_decimate_q15)
.\externals\libs\libstm32f4xx_math.a(arm_fir_q15.o)
                              obj\.\src\DSP_Processing.o (arm_fir_q15)
.\externals\libs\libstm32f4xx_math.a(arm_cfft_radix4_q15.o)
                              obj\.\src\DSP_Processing.o (arm_cfft_radix4_q15)
.\externals\libs\libstm32f4xx_math.a(arm_cfft_radix4_init_q15.o)
                              obj\.\src\DSP_Processing.o (arm_cfft_radix4_init_q15)
.\externals\libs\libstm32f4xx_math.a(arm_common_tables.o)
                              .\externals\libs\libstm32f4xx_math.a(arm_cfft_radix4_init_q15.o) (armBitRevTable)
c:/program files/gnu tools arm embedded/4.6 2012q2/bin/../lib/gcc/arm-none-eabi/4.6.2/../../../../arm-none-eabi/lib/armv7e-m/fpu\libm.a(lib_a-w_atan2.o)
                              obj\.\src\PSK_Det.o (atan2)
c:/program files/gnu tools arm embedded/4.6 2012q2/bin/../lib/gcc/arm-none-eabi/4.6.2/../../../../arm-none-eabi/lib/armv7e-m/fpu\libm.a(lib_a-w_fmod.o)
                              obj\.\src\PSK_Det.o (fmod)
c:/program files/gnu tools arm embedded/4.6 2012q2/bin/../lib/gcc/arm-none-eabi/4.6.2/../../../../arm-none-eabi/lib/armv7e-m/fpu\libm.a(lib_a-w_log.o)
                              obj\.\src\main.o (log)
c:/program files/gnu tools arm embedded/4.6 2012q2/bin/../lib/gcc/arm-none-eabi/4.6.2/../../../../arm-none-eabi/lib/armv7e-m/fpu\libm.a(lib_a-w_sqrt.o)
                              obj\.\src\PSK_Det.o (sqrt)
c:/program files/gnu tools arm embedded/4.6 2012q2/bin/../lib/gcc/arm-none-eabi/4.6.2/../../../../arm-none-eabi/lib/armv7e-m/fpu\libm.a(lib_a-e_atan2.o)
                              c:/program files/gnu tools arm embedded/4.6 2012q2/bin/../lib/gcc/arm-none-eabi/4.6.2/../../../../arm-none-eabi/lib/armv7e-m/fpu\libm.a(lib_a-w_atan2.o) (__ieee754_atan2)
c:/program files/gnu tools arm embedded/4.6 2012q2/bin/../lib/gcc/arm-none-eabi/4.6.2/../../../../arm-none-eabi/lib/armv7e-m/fpu\libm.a(lib_a-e_fmod.o)
                              c:/program files/gnu tools arm embedded/4.6 2012q2/bin/../lib/gcc/arm-none-eabi/4.6.2/../../../../arm-none-eabi/lib/armv7e-m/fpu\libm.a(lib_a-w_fmod.o) (__ieee754_fmod)
c:/program files/gnu tools arm embedded/4.6 2012q2/bin/../lib/gcc/arm-none-eabi/4.6.2/../../../../arm-none-eabi/lib/armv7e-m/fpu\libm.a(lib_a-e_log.o)
                              c:/program files/gnu tools arm embedded/4.6 2012q2/bin/../lib/gcc/arm-none-eabi/4.6.2/../../../../arm-none-eabi/lib/armv7e-m/fpu\libm.a(lib_a-w_log.o) (__ieee754_log)
c:/program files/gnu tools arm embedded/4.6 2012q2/bin/../lib/gcc/arm-none-eabi/4.6.2/../../../../arm-none-eabi/lib/armv7e-m/fpu\libm.a(lib_a-e_sqrt.o)
                              c:/program files/gnu tools arm embedded/4.6 2012q2/bin/../lib/gcc/arm-none-eabi/4.6.2/../../../../arm-none-eabi/lib/armv7e-m/fpu\libm.a(lib_a-w_sqrt.o) (__ieee754_sqrt)
c:/program files/gnu tools arm embedded/4.6 2012q2/bin/../lib/gcc/arm-none-eabi/4.6.2/../../../../arm-none-eabi/lib/armv7e-m/fpu\libm.a(lib_a-s_atan.o)
                              c:/program files/gnu tools arm embedded/4.6 2012q2/bin/../lib/gcc/arm-none-eabi/4.6.2/../../../../arm-none-eabi/lib/armv7e-m/fpu\libm.a(lib_a-e_atan2.o) (atan)
[...]
Memory Configuration

Name             Origin             Length             Attributes
FLASH            0x08000000         0x00100000         xr
RAMCCM           0x10000000         0x00010000         xrw
RAM              0x20000000         0x00020000         xrw
*default*        0x00000000         0xffffffff

Linker script and memory map

LOAD obj\.\startup\startup_stm32f4xx.o
LOAD obj\.\src\AsciiLib.o
LOAD obj\.\src\ChangeOver.o
LOAD obj\.\src\Codec_Gains.o
LOAD obj\.\src\CW_Mod.o
LOAD obj\.\src\DMA_IRQ_Handler.o
LOAD obj\.\src\DMA_Test_Pins.o
LOAD obj\.\src\DSP_Processing.o
LOAD obj\.\src\eeprom.o
LOAD obj\.\src\Encoder_1.o
LOAD obj\.\src\Encoder_2.o
LOAD obj\.\src\FIR_Coefficients.o
LOAD obj\.\src\Init_Codec.o
LOAD obj\.\src\Init_DMA.o
LOAD obj\.\src\Init_I2C.o
LOAD obj\.\src\Init_I2S.o
LOAD obj\.\src\Keyboard_Input.o
LOAD obj\.\src\main.o
LOAD obj\.\src\ModeSelect.o
LOAD obj\.\src\PSK_Det.o
LOAD obj\.\src\PSKMod.o
LOAD obj\.\src\Si570.o
LOAD obj\.\src\Sine_table.o
LOAD obj\.\src\stm32f4_discovery.o
LOAD obj\.\src\stm32f4xx_it.o
LOAD obj\.\src\system_stm32f4xx.o
LOAD obj\.\src\TFT_Display.o
LOAD obj\.\src\touch_pad.o
LOAD obj\.\src\uart.o
LOAD obj\.\src\usb_bsp.o
LOAD obj\.\src\usbh_usr.o
LOAD obj\.\src\User_Button.o
LOAD obj\.\src\xprintf.o
LOAD obj\.\externals\SM32F4-Discovery\USB\src\misc.o
LOAD obj\.\externals\SM32F4-Discovery\USB\src\usb_core.o
LOAD obj\.\externals\SM32F4-Discovery\USB\src\usb_hcd.o
LOAD obj\.\externals\SM32F4-Discovery\USB\src\usb_hcd_int.o
LOAD obj\.\externals\SM32F4-Discovery\USB\src\usbh_core.o
LOAD obj\.\externals\SM32F4-Discovery\USB\src\usbh_hcs.o
LOAD obj\.\externals\SM32F4-Discovery\USB\src\usbh_hid_core.o
LOAD obj\.\externals\SM32F4-Discovery\USB\src\usbh_hid_keybd.o
LOAD obj\.\externals\SM32F4-Discovery\USB\src\usbh_ioreq.o
LOAD obj\.\externals\SM32F4-Discovery\USB\src\usbh_stdreq.o
LOAD .\externals\libs\libstm32f4xx_peripherals.a
LOAD .\externals\libs\libstm32f4xx_math.a
LOAD c:/program files/gnu tools arm embedded/4.6 2012q2/bin/../lib/gcc/arm-none-eabi/4.6.2/../../../../arm-none-eabi/lib/armv7e-m/fpu\libm.a
START GROUP
LOAD c:/program files/gnu tools arm embedded/4.6 2012q2/bin/../lib/gcc/arm-none-eabi/4.6.2/armv7e-m/fpu\libgcc.a
LOAD c:/program files/gnu tools arm embedded/4.6 2012q2/bin/../lib/gcc/arm-none-eabi/4.6.2/../../../../arm-none-eabi/lib/armv7e-m/fpu\libc.a
END GROUP
                0x20020000                top_of_stack = (ORIGIN (RAM) + 0x20000)
                0x00000000                Heap_Size = 0x0
                0x00000400                Stack_Size = 0x400

.Vector_Table   0x08000000      0x188
                0x08000000                . = ALIGN (0x4)
 *(.Vector_Table)
 .Vector_Table  0x08000000      0x188 obj\.\startup\startup_stm32f4xx.o
                0x08000000                Vector_Table
                0x08000188                . = ALIGN (0x4)

.text           0x08000188    0x19cf8
                0x08000188                . = ALIGN (0x4)
 *(.text)
 .text          0x08000188       0x14 obj\.\startup\startup_stm32f4xx.o
 .text          0x0800019c       0x64 obj\.\src\AsciiLib.o
                0x0800019c                GetASCIICode1
                0x080001b0                GetASCIICode2
                0x080001c4                GetASCIICode3
                0x080001d8                GetASCIICode4
                0x080001ec                GetASCIICode5
 .text          0x08000200      0x1ac obj\.\src\ChangeOver.o
                0x08000200                Receive_Sequence
                0x08000250                Xmit_SSB_Sequence
                0x080002a8                Xmit_CW_Sequence
                0x08000300                Xmit_PSK_Sequence
                0x08000350                Init_PTT_IO
 .text          0x080003ac      0x24c obj\.\src\Codec_Gains.o
                0x080003ac                Set_HP_Gain
                0x080003e6                Set_LO_Gain
                0x08000420                Set_PGA_Gain
                0x08000468                Set_DAC_DVC
                0x080004be                Set_ADC_DVC
                0x08000512                Turn_On_Bias
                0x08000538                Turn_Off_Bias
                0x0800055e                Disconnect_PGA
                0x08000594                Mute_HP
                0x08000598                Mute_LO
                0x0800059c                Connect_IQ_Inputs
                0x080005d2                Connect_Microphone_Input
 .text          0x080005f8       0x38 obj\.\src\CW_Mod.o
                0x080005f8                Init_CW_GPIO
 .text          0x08000630      0xb18 obj\.\src\DMA_IRQ_Handler.o
                0x08000630                Rcvr_DSP
                0x08000814                Xmit_SSB
                0x080009dc                Xmit_CW
                0x08000cdc                Xmit_PSK
                0x08001078                DMA1_Stream0_IRQHandler
 .text          0x08001148       0x34 obj\.\src\DMA_Test_Pins.o
                0x08001148                TEST_GPIO_Init
 .text          0x0800117c       0xd0 obj\.\src\DSP_Processing.o
                0x0800117c                Process_FIR_I
                0x08001198                Process_FIR_Q
                0x080011b4                Sideband_Demod
                0x080011f4                Process_FFT
 .text          0x0800124c      0x124 obj\.\src\eeprom.o
                0x0800124c                Write_Int_EEProm
                0x08001268                Read_Int_EEProm
                0x08001286                Write_Long_EEProm
                0x080012b8                Read_Long_EEProm
                0x080012f0                Store_SI570_Data
                0x08001310                Read_SI570_Data
                0x08001330                Store_IQ_Data
                0x08001350                Read_IQ_Data
 .text          0x08001370      0xa18 obj\.\src\Encoder_1.o
                0x08001370                Encoder1_GPIO_Config
                0x0800140c                Set_Initial_SI570_Data
                0x08001490                check_SS1
                0x080014ac                Increase_Step
                0x080014f0                Decrease_Step
                0x08001538                redrawFrequencyOnScreen
                0x08001550                process_SS1
                0x080018c8                process_encoder1
                0x08001c9c                init_encoder1
 .text          0x08001d88      0x990 obj\.\src\Encoder_2.o
                0x08001d88                Encoder2_GPIO_Config
                0x08001e08                Set_Initial_IQ_Data
                0x08001e38                Set_Minimums
                0x08001e70                Set_Maximums
                0x08001ea8                Set_IQ_Units
                0x08001ed8                check_SS2
                0x08001ef4                process_encoder2
                0x08002470                process_SS2
                0x080025d4                init_encoder2
                0x080026d8                Store_Defaults
 .text          0x08002718        0x0 obj\.\src\FIR_Coefficients.o
 .text          0x08002718      0x334 obj\.\src\Init_Codec.o
                0x08002718                Codec_GPIO_Init
                0x08002748                Codec_Reset
                0x08002770                Codec_Init
 .text          0x08002a4c      0x154 obj\.\src\Init_DMA.o
                0x08002a4c                Audio_DMA_Init
                0x08002b90                Audio_DMA_Start
 .text          0x08002ba0      0x7c8 obj\.\src\Init_I2C.o
                0x08002ba0                I2C_GPIO_Init
                0x08002bec                I2C_Cntrl_Init
                0x08002c4c                I2C_WriteRegister
                0x08002d6c                I2C_WriteRegister_N
                0x08002e98                I2C_ReadSlave
                0x08003040                I2C_ReadEEProm
                0x08003214                Delay
                0x08003230                I2C_WriteEEProm
 .text          0x08003368       0xd4 obj\.\src\Init_I2S.o
                0x08003368                I2S_GPIO_Init
                0x080033d8                Codec_AudioInterface_Init
 .text          0x0800343c       0xb8 obj\.\src\Keyboard_Input.o
                0x0800343c                kybd_addCharacter
                0x08003484                String2Buffer
                0x08003498                kybd_dispFunctionKey
 *fill*         0x080034f4        0x4 00
 .text          0x080034f8      0x1c0 obj\.\src\main.o
                0x080034f8                main_delay
                0x08003514                displaySplashScreen
                0x0800354c                initializeHardware
 .text          0x080036b8       0xac obj\.\src\ModeSelect.o
                0x080036b8                Init_Mode
                0x0800371c                Set_Mode_Display
 *fill*         0x08003764        0x4 00
 .text          0x08003768     0x1630 obj\.\src\PSK_Det.o
                0x08003768                SetSampleClkAdj
                0x08003808                CPSKInitDet
                0x080038b0                SetRXFrequency
                0x08003988                SetAFCLimit
                0x08003a5c                ResetDetector
                0x08003ac4                InitPSK
                0x08003c4c                ResetModem
                0x08003c8c                CalcFFreqError
                0x08003ec4                CalcFreqError
                0x08004124                CalcAGC
                0x08004260                SymbSync
                0x08004490                CalcQuality
                0x08004870                DecodeSymb
                0x08004abc                ProcPSKDet
 .text          0x08004d98      0x1c0 obj\.\src\PSKMod.o
                0x08004d98                InitPSKModulator
                0x08004dec                GetTxChar
                0x08004e38                GetNextBPSKSymbol
                0x08004e88                Update_PSK
                0x08004f00                PSK_addCharToTx
                0x08004f2c                PSK_isQueueFull
                0x08004f40                PSK_isQueueEmpty
 .text          0x08004f58      0x4f8 obj\.\src\Si570.o
                0x08004f58                Recall_F0
                0x08004f86                Set_HS_DIV_N1
                0x0800508c                Pack_Si570_registers
                0x08005170                Unpack_Si570_registers
                0x0800521c                Check_SI570
                0x08005230                Read_Si570_registers
                0x0800524c                Compute_FXTAL
                0x080052b4                Large_RFREQ_Change
                0x08005328                Write_Si570_registers
                0x0800538c                Output_Frequency
                0x08005414                Si570_StartUp
 .text          0x08005450        0x0 obj\.\src\Sine_table.o
 .text          0x08005450      0x130 obj\.\src\stm32f4_discovery.o
                0x08005450                STM_EVAL_LEDInit
                0x08005494                STM_EVAL_LEDOn
                0x080054b0                STM_EVAL_LEDOff
                0x080054cc                STM_EVAL_LEDToggle
                0x080054ec                STM_EVAL_PBInit
                0x08005568                STM_EVAL_PBGetState
 .text          0x08005580       0x48 obj\.\src\stm32f4xx_it.o
                0x08005580                NMI_Handler
                0x08005582                HardFault_Handler
                0x08005584                MemManage_Handler
                0x08005586                BusFault_Handler
                0x08005588                UsageFault_Handler
                0x0800558a                SVC_Handler
                0x0800558c                DebugMon_Handler
                0x0800558e                PendSV_Handler
                0x08005590                SysTick_Handler
                0x08005592                EXTI1_IRQHandler
                0x080055b8                TIM2_IRQHandler
                0x080055bc                OTG_FS_IRQHandler
 .text          0x080055c8      0x198 obj\.\src\system_stm32f4xx.o
                0x080055c8                SystemInit
                0x080056ec                SystemCoreClockUpdate
 .text          0x08005760     0x11e0 obj\.\src\TFT_Display.o
                0x08005760                LCD_WriteRAM_Prepare
                0x0800576a                LCD_WriteRAM
                0x08005774                LCD_WriteReg
                0x08005782                LCD_DisplayOn
                0x08005796                LCD_DisplayOff
                0x080057a8                LCD_SetColors
                0x080057d4                LCD_GetColors
                0x080057f0                LCD_SetTextColor
                0x08005808                LCD_SetBackColor
                0x08005820                LCD_CharSize
                0x08005838                LCD_SetCursor
                0x08005850                PutPixel
                0x08005884                Pixel
                0x080058ae                LCD_PutChar
                0x08005ac4                LCD_StringLine
                0x08005b1c                LCD_DrawFFT
                0x08005bd4                LCD_DrawLine
                0x08005c44                LCD_DrawRect
                0x08005cb0                LCD_DrawSquare
                0x08005d1a                LCD_DrawCircle
                0x08005de4                LCD_DrawFullRect
                0x08005e28                LCD_DrawFullSquare
                0x08005e64                LCD_DrawUniLine
                0x08005fb2                LCD_DrawFullCircle
                0x08006046                LCD_CtrlLinesConfig
                0x080061a0                LCD_FSMCConfig
                0x0800620a                LCD_PolyLine
                0x08006236                LCD_ClosedPolyLine
                0x08006256                LCD_PolyLineRelative
                0x0800625a                LCD_ClosedPolyLineRelative
                0x0800625e                LCD_FillPolyLine
                0x08006434                LCD_BackLight
                0x08006470                TIM_Config
                0x08006544                LCD_SetDisplayWindow
                0x0800659c                TFT_Delay
                0x080065b8                LCD_Clear
                0x080065e4                LCD_Reset
                0x0800660c                LCD_Init
                0x080067f8                Plot_String
                0x08006818                Plot_Integer
                0x08006898                writeNumberToBuffer
                0x080068c2                numCharChangingByDial
                0x080068dc                Plot_Freq
 .text          0x08006940      0x748 obj\.\src\touch_pad.o
                0x080069ec                touch_init
                0x08006af0                touch_interrupt_init
                0x08006b3c                Read_X
                0x08006b74                Read_Y
                0x08006bac                TP_GetAdXY
                0x08006bc8                Read_Ads7846
                0x08006d0c                Draw_Touch_Point
                0x08006d88                GetTouchPoint
                0x08007008                EXTI9_5_IRQHandler
                0x08007080                TouchPanel_Calibrate
 .text          0x08007088      0x19c obj\.\src\uart.o
                0x08007088                uart_putc
                0x080070a4                uart_init
                0x08007198                uart_deinit
                0x080071a8                uart_addRxCharacter
                0x08007204                USART2_IRQHandler
 .text          0x08007224      0x214 obj\.\src\usb_bsp.o
                0x080072b0                BSP_Init
                0x080072b8                USB_OTG_BSP_Init
                0x0800737c                USB_OTG_BSP_EnableInterrupt
                0x080073a2                USB_OTG_BSP_DriveVBUS
                0x080073b8                USB_OTG_BSP_uDelay
                0x080073bc                USB_OTG_BSP_mDelay
                0x080073c0                USB_OTG_BSP_ConfigVBUS
                0x08007400                USB_OTG_BSP_TimerIRQ
 .text          0x08007438       0x98 obj\.\src\usbh_usr.o
                0x08007438                USB_debugEvent
                0x08007448                USBH_USR_DeInit
                0x0800744e                USBH_USR_OverCurrentDetected
                0x08007454                USBH_USR_UserInput
                0x08007462                USBH_USR_DeviceNotSupported
                0x08007466                USBH_USR_EnumerationDone
                0x0800746a                USBH_USR_SerialNum_String
                0x0800746e                USBH_USR_Product_String
                0x08007472                USBH_USR_Manufacturer_String
                0x08007476                USBH_USR_Configuration_DescAvailable
                0x0800747a                USBH_USR_DeviceAddressAssigned
                0x0800747e                USBH_USR_Device_DescAvailable
                0x08007482                USBH_USR_DeviceSpeedDetected
                0x08007486                USBH_USR_ResetDevice
                0x0800748a                USBH_USR_DeviceDisconnected
                0x0800748e                USBH_USR_UnrecoveredError
                0x08007492                USBH_USR_DeviceAttached
                0x08007496                USBH_USR_Init
                0x0800749a                USR_KEYBRD_Init
                0x080074a0                USR_KEYBRD_ProcessData
 .text          0x080074d0       0xb8 obj\.\src\User_Button.o
                0x080074d0                User_Button_Config
                0x0800750c                BT_Flag_Config
                0x08007544                Check_BT_Flag
                0x08007560                EXTI0_IRQHandler
 .text          0x08007588      0x300 obj\.\src\xprintf.o
                0x08007588                xputc
                0x080075b8                xputs
                0x08007774                xfputs
                0x08007794                xprintf
                0x080077ac                xsprintf
                0x080077d8                xfprintf
                0x08007800                put_dump
 .text          0x08007888       0xc0 obj\.\externals\SM32F4-Discovery\USB\src\misc.o
                0x08007888                NVIC_PriorityGroupConfig
                0x0800789c                NVIC_Init
                0x08007904                NVIC_SetVectorTable
                0x08007918                NVIC_SystemLPConfig
                0x08007930                SysTick_CLKSourceConfig
 .text          0x08007948      0x6ec obj\.\externals\SM32F4-Discovery\USB\src\usb_core.o
                0x08007994                USB_OTG_WritePacket
                0x080079bc                USB_OTG_ReadPacket
                0x080079e0                USB_OTG_SelectCore
                0x08007aa0                USB_OTG_CoreInit
                0x08007b2c                USB_OTG_EnableGlobalInt
                0x08007b3a                USB_OTG_DisableGlobalInt
                0x08007b48                USB_OTG_FlushTxFifo
                0x08007b84                USB_OTG_FlushRxFifo
                0x08007bb8                USB_OTG_SetCurrentMode
                0x08007be2                USB_OTG_GetMode
                0x08007bec                USB_OTG_IsDeviceMode
                0x08007bfc                USB_OTG_IsHostMode
                0x08007c06                USB_OTG_ReadCoreItr
                0x08007c10                USB_OTG_ReadOtgItr
                0x08007c16                USB_OTG_IsEvenFrame
                0x08007c26                USB_OTG_EnableHostInt
                0x08007c68                USB_OTG_InitFSLSPClkSel
                0x08007c74                USB_OTG_ReadHPRT0
                0x08007c8c                USB_OTG_DriveVbus
                0x08007cd8                USB_OTG_ReadHostAllChannels_intr
                0x08007cde                USB_OTG_ResetPort
                0x08007d0a                USB_OTG_CoreInitHost
                0x08007da0                USB_OTG_HC_Init
                0x08007e88                USB_OTG_HC_StartXfer
                0x08007f90                USB_OTG_HC_Halt
                0x08007fca                USB_OTG_HC_DoPing
                0x08007ff2                USB_OTG_StopHost
 .text          0x08008034       0xb6 obj\.\externals\SM32F4-Discovery\USB\src\usb_hcd.o
                0x08008034                HCD_Init
                0x0800808e                HCD_GetCurrentSpeed
                0x0800809a                HCD_ResetPort
                0x080080a4                HCD_IsDeviceConnected
                0x080080aa                HCD_GetCurrentFrame
                0x080080b2                HCD_GetURB_State
                0x080080ba                HCD_GetXferCnt
                0x080080c2                HCD_GetHCState
                0x080080ca                HCD_HC_Init
                0x080080d2                HCD_SubmitRequest
 *fill*         0x080080ea        0x2 00
 .text          0x080080ec     0x1534 obj\.\externals\SM32F4-Discovery\USB\src\usb_hcd_int.o
                0x080094dc                USBH_OTG_ISR_Handler
 .text          0x08009620      0x5f8 obj\.\externals\SM32F4-Discovery\USB\src\usbh_core.o
                0x08009620                USBH_Connected
                0x0800962a                USBH_Disconnected
                0x08009634                USBH_SOF
                0x08009638                USBH_DeInit
                0x0800966a                USBH_Init
                0x080096ac                USBH_ErrorHandle
                0x080096d8                USBH_HandleControl
                0x0800988c                USBH_Process
 .text          0x08009c18       0xf8 obj\.\externals\SM32F4-Discovery\USB\src\usbh_hcs.o
                0x08009c18                USBH_Open_Channel
                0x08009c6e                USBH_Modify_Channel
                0x08009ca8                USBH_Alloc_Channel
                0x08009cda                USBH_Free_Channel
                0x08009cf2                USBH_DeAllocate_AllChannel
 .text          0x08009d10      0x318 obj\.\externals\SM32F4-Discovery\USB\src\usbh_hid_core.o
                0x0800a000                USBH_Set_Report
 .text          0x0800a028       0xec obj\.\externals\SM32F4-Discovery\USB\src\usbh_hid_keybd.o
 .text          0x0800a114      0x22e obj\.\externals\SM32F4-Discovery\USB\src\usbh_ioreq.o
                0x0800a114                USBH_CtlReq
                0x0800a160                USBH_CtlSendSetup
                0x0800a18e                USBH_CtlSendData
                0x0800a1ca                USBH_CtlReceiveData
                0x0800a1f6                USBH_BulkSendData
                0x0800a22c                USBH_BulkReceiveData
                0x0800a262                USBH_InterruptReceiveData
                0x0800a2a4                USBH_InterruptSendData
                0x0800a2e6                USBH_IsocReceiveData
                0x0800a314                USBH_IsocSendData
 *fill*         0x0800a342        0x2 00
 .text          0x0800a344      0x398 obj\.\externals\SM32F4-Discovery\USB\src\usbh_stdreq.o
                0x0800a344                USBH_GetDescriptor
                0x0800a378                USBH_Get_StringDesc
                0x0800a3c8                USBH_Get_DevDesc
                0x0800a474                USBH_Get_CfgDesc
                0x0800a64c                USBH_SetAddress
                0x0800a666                USBH_SetCfg
                0x0800a680                USBH_SetInterface
                0x0800a69c                USBH_ClrFeature
                0x0800a6ce                USBH_GetNextDesc
 .text          0x0800a6dc      0x330 .\externals\libs\libstm32f4xx_peripherals.a(stm32f4xx_dma.o)
                0x0800a6dc                DMA_DeInit
                0x0800a7f4                DMA_Init
                0x0800a848                DMA_StructInit
                0x0800a86a                DMA_Cmd
                0x0800a87c                DMA_PeriphIncOffsetSizeConfig
                0x0800a88e                DMA_FlowControllerConfig
                0x0800a8a0                DMA_SetCurrDataCounter
                0x0800a8a4                DMA_GetCurrDataCounter
                0x0800a8aa                DMA_DoubleBufferModeConfig
                0x0800a8be                DMA_DoubleBufferModeCmd
                0x0800a8d0                DMA_MemoryTargetConfig
                0x0800a8da                DMA_GetCurrentMemoryTarget
                0x0800a8e2                DMA_GetCmdStatus
                0x0800a8ea                DMA_GetFIFOStatus
                0x0800a8f2                DMA_GetFlagStatus
                0x0800a928                DMA_ClearFlag
                0x0800a958                DMA_ITConfig
                0x0800a986                DMA_GetITStatus
                0x0800a9dc                DMA_ClearITPendingBit
 .text          0x0800aa0c       0xf8 .\externals\libs\libstm32f4xx_peripherals.a(stm32f4xx_exti.o)
                0x0800aa0c                EXTI_DeInit
                0x0800aa28                EXTI_Init
                0x0800aaa0                EXTI_StructInit
                0x0800aaae                EXTI_GenerateSWInterrupt
                0x0800aabc                EXTI_GetFlagStatus
                0x0800aad0                EXTI_ClearFlag
                0x0800aadc                EXTI_GetITStatus
                0x0800aaf8                EXTI_ClearITPendingBit
 .text          0x0800ab04      0x464 .\externals\libs\libstm32f4xx_peripherals.a(stm32f4xx_fsmc.o)
                0x0800ab04                FSMC_NORSRAMDeInit
                0x0800ab32                FSMC_NORSRAMInit
                0x0800abe4                FSMC_NORSRAMStructInit
                0x0800ac32                FSMC_NORSRAMCmd
                0x0800ac54                FSMC_NANDDeInit
                0x0800ac7c                FSMC_NANDInit
                0x0800ace4                FSMC_NANDStructInit
                0x0800ad0e                FSMC_NANDCmd
                0x0800ad40                FSMC_NANDECCCmd
                0x0800ad74                FSMC_GetECC
                0x0800ad8c                FSMC_PCCARDDeInit
                0x0800ada8                FSMC_PCCARDInit
                0x0800ae10                FSMC_PCCARDStructInit
                0x0800ae3a                FSMC_PCCARDCmd
                0x0800ae58                FSMC_ITConfig
                0x0800aea4                FSMC_GetFlagStatus
                0x0800aed0                FSMC_ClearFlag
                0x0800af00                FSMC_GetITStatus
                0x0800af34                FSMC_ClearITPendingBit
 .text          0x0800af68      0x204 .\externals\libs\libstm32f4xx_peripherals.a(stm32f4xx_gpio.o)
                0x0800af68                GPIO_DeInit
                0x0800b040                GPIO_Init
                0x0800b0c8                GPIO_StructInit
                0x0800b0da                GPIO_PinLockConfig
                0x0800b0fe                GPIO_ReadInputDataBit
                0x0800b10a                GPIO_ReadInputData
                0x0800b110                GPIO_ReadOutputDataBit
                0x0800b11c                GPIO_ReadOutputData
                0x0800b122                GPIO_SetBits
                0x0800b126                GPIO_ResetBits
                0x0800b12a                GPIO_WriteBit
                0x0800b134                GPIO_Write
                0x0800b138                GPIO_ToggleBits
                0x0800b140                GPIO_PinAFConfig
 .text          0x0800b16c      0x3d4 .\externals\libs\libstm32f4xx_peripherals.a(stm32f4xx_i2c.o)
                0x0800b16c                I2C_DeInit
                0x0800b1c8                I2C_Init
                0x0800b294                I2C_StructInit
                0x0800b2b0                I2C_Cmd
                0x0800b2c8                I2C_GenerateSTART
                0x0800b2e0                I2C_GenerateSTOP
                0x0800b2f8                I2C_Send7bitAddress
                0x0800b308                I2C_AcknowledgeConfig
                0x0800b320                I2C_OwnAddress2Config
                0x0800b332                I2C_DualAddressCmd
                0x0800b34a                I2C_GeneralCallCmd
                0x0800b362                I2C_SoftwareResetCmd
                0x0800b37a                I2C_StretchClockCmd
                0x0800b392                I2C_FastModeDutyCycleConfig
                0x0800b3ae                I2C_NACKPositionConfig
                0x0800b3ca                I2C_SMBusAlertConfig
                0x0800b3e6                I2C_ARPCmd
                0x0800b3fe                I2C_SendData
                0x0800b402                I2C_ReceiveData
                0x0800b408                I2C_TransmitPEC
                0x0800b420                I2C_PECPositionConfig
                0x0800b43c                I2C_CalculatePEC
                0x0800b454                I2C_GetPEC
                0x0800b45c                I2C_DMACmd
                0x0800b474                I2C_DMALastTransferCmd
                0x0800b48c                I2C_ReadRegister
                0x0800b4a4                I2C_ITConfig
                0x0800b4b6                I2C_CheckEvent
                0x0800b4d0                I2C_GetLastEvent
                0x0800b4e0                I2C_GetFlagStatus
                0x0800b514                I2C_ClearFlag
                0x0800b51c                I2C_GetITStatus
                0x0800b538                I2C_ClearITPendingBit
 .text          0x0800b540      0x454 .\externals\libs\libstm32f4xx_peripherals.a(stm32f4xx_rcc.o)
                0x0800b540                RCC_DeInit
                0x0800b574                RCC_HSEConfig
                0x0800b584                RCC_AdjustHSICalibrationValue
                0x0800b598                RCC_HSICmd
                0x0800b5a4                RCC_LSEConfig
                0x0800b5c4                RCC_LSICmd
                0x0800b5d0                RCC_PLLConfig
                0x0800b5f0                RCC_PLLCmd
                0x0800b5fc                RCC_PLLI2SConfig
                0x0800b610                RCC_PLLI2SCmd
                0x0800b61c                RCC_ClockSecuritySystemCmd
                0x0800b628                RCC_MCO1Config
                0x0800b63c                RCC_MCO2Config
                0x0800b650                RCC_SYSCLKConfig
                0x0800b664                RCC_GetSYSCLKSource
                0x0800b674                RCC_HCLKConfig
                0x0800b688                RCC_PCLK1Config
                0x0800b69c                RCC_PCLK2Config
                0x0800b6b0                RCC_GetClocksFreq
                0x0800b73c                RCC_RTCCLKConfig
                0x0800b76c                RCC_RTCCLKCmd
                0x0800b778                RCC_BackupResetCmd
                0x0800b784                RCC_I2SCLKConfig
                0x0800b790                RCC_AHB1PeriphClockCmd
                0x0800b7a8                RCC_AHB2PeriphClockCmd
                0x0800b7c0                RCC_AHB3PeriphClockCmd
                0x0800b7d8                RCC_APB1PeriphClockCmd
                0x0800b7f0                RCC_APB2PeriphClockCmd
                0x0800b808                RCC_AHB1PeriphResetCmd
                0x0800b820                RCC_AHB2PeriphResetCmd
                0x0800b838                RCC_AHB3PeriphResetCmd
                0x0800b850                RCC_APB1PeriphResetCmd
                0x0800b868                RCC_APB2PeriphResetCmd
                0x0800b880                RCC_AHB1PeriphClockLPModeCmd
                0x0800b898                RCC_AHB2PeriphClockLPModeCmd
                0x0800b8b0                RCC_AHB3PeriphClockLPModeCmd
                0x0800b8c8                RCC_APB1PeriphClockLPModeCmd
                0x0800b8e0                RCC_APB2PeriphClockLPModeCmd
                0x0800b8f8                RCC_ITConfig
                0x0800b910                RCC_GetFlagStatus
                0x0800b938                RCC_WaitForHSEStartUp
                0x0800b964                RCC_ClearFlag
                0x0800b974                RCC_GetITStatus
                0x0800b988                RCC_ClearITPendingBit
 .text          0x0800b994      0x354 .\externals\libs\libstm32f4xx_peripherals.a(stm32f4xx_spi.o)
                0x0800b994                SPI_I2S_DeInit
                0x0800b9f8                SPI_Init
                0x0800ba36                I2S_Init
                0x0800bb04                SPI_StructInit
                0x0800bb1c                I2S_StructInit
                0x0800bb2e                SPI_Cmd
                0x0800bb46                I2S_Cmd
                0x0800bb5e                SPI_DataSizeConfig
                0x0800bb74                SPI_BiDirectionalLineConfig
                0x0800bb90                SPI_NSSInternalSoftwareConfig
                0x0800bbae                SPI_SSOutputCmd
                0x0800bbc6                SPI_TIModeCmd
                0x0800bbde                I2S_FullDuplexConfig
                0x0800bc28                SPI_I2S_ReceiveData
                0x0800bc2e                SPI_I2S_SendData
                0x0800bc32                SPI_CalculateCRC
                0x0800bc4a                SPI_TransmitCRC
                0x0800bc56                SPI_GetCRC
                0x0800bc66                SPI_GetCRCPolynomial
                0x0800bc6c                SPI_I2S_DMACmd
                0x0800bc7e                SPI_I2S_ITConfig
                0x0800bc9c                SPI_I2S_GetFlagStatus
                0x0800bca8                SPI_I2S_ClearFlag
                0x0800bcb0                SPI_I2S_GetITStatus
                0x0800bcd6                SPI_I2S_ClearITPendingBit
 .text          0x0800bce8       0x80 .\externals\libs\libstm32f4xx_peripherals.a(stm32f4xx_syscfg.o)
                0x0800bce8                SYSCFG_DeInit
                0x0800bd02                SYSCFG_MemoryRemapConfig
                0x0800bd0c                SYSCFG_EXTILineConfig
                0x0800bd40                SYSCFG_ETH_MediaInterfaceConfig
                0x0800bd4c                SYSCFG_CompensationCellCmd
                0x0800bd58                SYSCFG_GetCompensationCellStatus
 .text          0x0800bd68      0xb0c .\externals\libs\libstm32f4xx_peripherals.a(stm32f4xx_tim.o)
                0x0800bdd4                TIM_DeInit
                0x0800bf28                TIM_TimeBaseInit
                0x0800bfa4                TIM_TimeBaseStructInit
                0x0800bfb6                TIM_PrescalerConfig
                0x0800bfbc                TIM_CounterModeConfig
                0x0800bfcc                TIM_SetCounter
                0x0800bfd0                TIM_SetAutoreload
                0x0800bfd4                TIM_GetCounter
                0x0800bfd8                TIM_GetPrescaler
                0x0800bfde                TIM_UpdateDisableConfig
                0x0800bff6                TIM_UpdateRequestConfig
                0x0800c00e                TIM_ARRPreloadConfig
                0x0800c026                TIM_SelectOnePulseMode
                0x0800c03c                TIM_SetClockDivision
                0x0800c052                TIM_Cmd
                0x0800c06a                TIM_OC1Init
                0x0800c0dc                TIM_OC2Init
                0x0800c164                TIM_OC3Init
                0x0800c1e8                TIM_OC4Init
                0x0800c250                TIM_OCStructInit
                0x0800c264                TIM_SelectOCxM
                0x0800c2aa                TIM_SetCompare1
                0x0800c2ae                TIM_SetCompare2
                0x0800c2b2                TIM_SetCompare3
                0x0800c2b6                TIM_SetCompare4
                0x0800c2ba                TIM_ForcedOC1Config
                0x0800c2ca                TIM_ForcedOC2Config
                0x0800c2de                TIM_ForcedOC3Config
                0x0800c2ee                TIM_ForcedOC4Config
                0x0800c302                TIM_OC1PreloadConfig
                0x0800c312                TIM_OC2PreloadConfig
                0x0800c326                TIM_OC3PreloadConfig
                0x0800c336                TIM_OC4PreloadConfig
                0x0800c34a                TIM_OC1FastConfig
                0x0800c35a                TIM_OC2FastConfig
                0x0800c36e                TIM_OC3FastConfig
                0x0800c37e                TIM_OC4FastConfig
                0x0800c392                TIM_ClearOC1Ref
                0x0800c3a2                TIM_ClearOC2Ref
                0x0800c3b2                TIM_ClearOC3Ref
                0x0800c3c2                TIM_ClearOC4Ref
                0x0800c3d2                TIM_OC1PolarityConfig
                0x0800c3e2                TIM_OC1NPolarityConfig
                0x0800c3f2                TIM_OC2PolarityConfig
                0x0800c406                TIM_OC2NPolarityConfig
                0x0800c41a                TIM_OC3PolarityConfig
                0x0800c42e                TIM_OC3NPolarityConfig
                0x0800c442                TIM_OC4PolarityConfig
                0x0800c456                TIM_CCxCmd
                0x0800c474                TIM_CCxNCmd
                0x0800c492                TIM_ICStructInit
                0x0800c4a2                TIM_GetCapture1
                0x0800c4a6                TIM_GetCapture2
                0x0800c4aa                TIM_GetCapture3
                0x0800c4ae                TIM_GetCapture4
                0x0800c4b2                TIM_SetIC1Prescaler
                0x0800c4c8                TIM_SetIC2Prescaler
                0x0800c4e2                TIM_PWMIConfig
                0x0800c54c                TIM_SetIC3Prescaler
                0x0800c562                TIM_SetIC4Prescaler
                0x0800c57c                TIM_ICInit
                0x0800c632                TIM_BDTRConfig
                0x0800c654                TIM_BDTRStructInit
                0x0800c666                TIM_CtrlPWMOutputs
                0x0800c682                TIM_SelectCOM
                0x0800c69a                TIM_CCPreloadControl
                0x0800c6b2                TIM_ITConfig
                0x0800c6c4                TIM_GenerateEvent
                0x0800c6c8                TIM_GetFlagStatus
                0x0800c6d4                TIM_ClearFlag
                0x0800c6dc                TIM_GetITStatus
                0x0800c6f2                TIM_ClearITPendingBit
                0x0800c6fa                TIM_DMAConfig
                0x0800c702                TIM_DMACmd
                0x0800c714                TIM_SelectCCDMA
                0x0800c72c                TIM_InternalClockConfig
                0x0800c73a                TIM_ITRxExternalClockConfig
                0x0800c754                TIM_TIxExternalClockConfig
                0x0800c786                TIM_SelectInputTrigger
                0x0800c796                TIM_SelectOutputTrigger
                0x0800c7ac                TIM_SelectSlaveMode
                0x0800c7c2                TIM_SelectMasterSlaveMode
                0x0800c7d8                TIM_ETRConfig
                0x0800c7ec                TIM_ETRClockMode2Config
                0x0800c800                TIM_ETRClockMode1Config
                0x0800c81a                TIM_EncoderInterfaceConfig
                0x0800c856                TIM_SelectHallSensor
                0x0800c86e                TIM_RemapConfig
 .text          0x0800c874      0x3b8 .\externals\libs\libstm32f4xx_peripherals.a(stm32f4xx_usart.o)
                0x0800c874                USART_DeInit
                0x0800c91c                USART_Init
                0x0800c9d4                USART_StructInit
                0x0800c9ea                USART_ClockInit
                0x0800ca0a                USART_ClockStructInit
                0x0800ca16                USART_Cmd
                0x0800ca2e                USART_SetPrescaler
                0x0800ca40                USART_OverSampling8Cmd
                0x0800ca58                USART_OneBitMethodCmd
                0x0800ca70                USART_SendData
                0x0800ca78                USART_ReceiveData
                0x0800ca80                USART_SetAddress
                0x0800ca96                USART_ReceiverWakeUpCmd
                0x0800caae                USART_WakeUpConfig
                0x0800cac4                USART_LINBreakDetectLengthConfig
                0x0800cada                USART_LINCmd
                0x0800caf2                USART_SendBreak
                0x0800cafe                USART_HalfDuplexCmd
                0x0800cb16                USART_SetGuardTime
                0x0800cb28                USART_SmartCardCmd
                0x0800cb40                USART_SmartCardNACKCmd
                0x0800cb58                USART_IrDAConfig
                0x0800cb6e                USART_IrDACmd
                0x0800cb86                USART_DMACmd
                0x0800cb98                USART_ITConfig
                0x0800cbca                USART_GetFlagStatus
                0x0800cbd6                USART_ClearFlag
                0x0800cbde                USART_GetITStatus
                0x0800cc1c                USART_ClearITPendingBit
 .text          0x0800cc2c       0xdc .\externals\libs\libstm32f4xx_math.a(arm_cmplx_mag_squared_q15.o)
                0x0800cc2c                arm_cmplx_mag_squared_q15
 .text          0x0800cd08      0x100 .\externals\libs\libstm32f4xx_math.a(arm_shift_q15.o)
                0x0800cd08                arm_shift_q15
 .text          0x0800ce08      0x164 .\externals\libs\libstm32f4xx_math.a(arm_fir_decimate_q15.o)
                0x0800ce08                arm_fir_decimate_q15
 .text          0x0800cf6c      0x376 .\externals\libs\libstm32f4xx_math.a(arm_fir_q15.o)
                0x0800cf6c                arm_fir_q15
 .text          0x0800d2e2      0x7be .\externals\libs\libstm32f4xx_math.a(arm_cfft_radix4_q15.o)
                0x0800d2e2                arm_radix4_butterfly_q15
                0x0800d676                arm_radix4_butterfly_inverse_q15
                0x0800da0a                arm_bitreversal_q15
                0x0800da6c                arm_cfft_radix4_q15
 .text          0x0800daa0       0x6c .\externals\libs\libstm32f4xx_math.a(arm_cfft_radix4_init_q15.o)
                0x0800daa0                arm_cfft_radix4_init_q15
 .text          0x0800db0c        0x0 .\externals\libs\libstm32f4xx_math.a(arm_common_tables.o)
 .text          0x0800db0c        0x0 c:/program files/gnu tools arm embedded/4.6 2012q2/bin/../lib/gcc/arm-none-eabi/4.6.2/../../../../arm-none-eabi/lib/armv7e-m/fpu\libm.a(lib_a-w_atan2.o)
 .text          0x0800db0c        0x0 c:/program files/gnu tools arm embedded/4.6 2012q2/bin/../lib/gcc/arm-none-eabi/4.6.2/../../../../arm-none-eabi/lib/armv7e-m/fpu\libm.a(lib_a-w_fmod.o)
 .text          0x0800db0c        0x0 c:/program files/gnu tools arm embedded/4.6 2012q2/bin/../lib/gcc/arm-none-eabi/4.6.2/../../../../arm-none-eabi/lib/armv7e-m/fpu\libm.a(lib_a-w_log.o)
 .text          0x0800db0c        0x0 c:/program files/gnu tools arm embedded/4.6 2012q2/bin/../lib/gcc/arm-none-eabi/4.6.2/../../../../arm-none-eabi/lib/armv7e-m/fpu\libm.a(lib_a-w_sqrt.o)
 .text          0x0800db0c        0x0 c:/program files/gnu tools arm embedded/4.6 2012q2/bin/../lib/gcc/arm-none-eabi/4.6.2/../../../../arm-none-eabi/lib/armv7e-m/fpu\libm.a(lib_a-e_atan2.o)
 .text          0x0800db0c        0x0 c:/program files/gnu tools arm embedded/4.6 2012q2/bin/../lib/gcc/arm-none-eabi/4.6.2/../../../../arm-none-eabi/lib/armv7e-m/fpu\libm.a(lib_a-e_fmod.o)
 .text          0x0800db0c        0x0 c:/program files/gnu tools arm embedded/4.6 2012q2/bin/../lib/gcc/arm-none-eabi/4.6.2/../../../../arm-none-eabi/lib/armv7e-m/fpu\libm.a(lib_a-e_log.o)
 .text          0x0800db0c        0x0 c:/program files/gnu tools arm embedded/4.6 2012q2/bin/../lib/gcc/arm-none-eabi/4.6.2/../../../../arm-none-eabi/lib/armv7e-m/fpu\libm.a(lib_a-e_sqrt.o)
 .text          0x0800db0c        0x0 c:/program files/gnu tools arm embedded/4.6 2012q2/bin/../lib/gcc/arm-none-eabi/4.6.2/../../../../arm-none-eabi/lib/armv7e-m/fpu\libm.a(lib_a-s_atan.o)
 .text          0x0800db0c        0x0 c:/program files/gnu tools arm embedded/4.6 2012q2/bin/../lib/gcc/arm-none-eabi/4.6.2/../../../../arm-none-eabi/lib/armv7e-m/fpu\libm.a(lib_a-s_fabs.o)
 .text          0x0800db0c        0x0 c:/program files/gnu tools arm embedded/4.6 2012q2/bin/../lib/gcc/arm-none-eabi/4.6.2/../../../../arm-none-eabi/lib/armv7e-m/fpu\libm.a(lib_a-s_fpclassify.o)
 .text          0x0800db0c        0x0 c:/program files/gnu tools arm embedded/4.6 2012q2/bin/../lib/gcc/arm-none-eabi/4.6.2/../../../../arm-none-eabi/lib/armv7e-m/fpu\libm.a(lib_a-s_lib_ver.o)
 .text          0x0800db0c        0x0 c:/program files/gnu tools arm embedded/4.6 2012q2/bin/../lib/gcc/arm-none-eabi/4.6.2/../../../../arm-none-eabi/lib/armv7e-m/fpu\libm.a(lib_a-s_matherr.o)
 .text          0x0800db0c        0x0 c:/program files/gnu tools arm embedded/4.6 2012q2/bin/../lib/gcc/arm-none-eabi/4.6.2/../../../../arm-none-eabi/lib/armv7e-m/fpu\libm.a(lib_a-s_nan.o)
 .text          0x0800db0c      0x370 c:/program files/gnu tools arm embedded/4.6 2012q2/bin/../lib/gcc/arm-none-eabi/4.6.2/armv7e-m/fpu\libgcc.a(_arm_addsubdf3.o)
                0x0800db0c                __aeabi_drsub
                0x0800db14                __aeabi_dsub
                0x0800db14                __subdf3
                0x0800db18                __aeabi_dadd
                0x0800db18                __adddf3
                0x0800dd90                __floatunsidf
                0x0800dd90                __aeabi_ui2d
                0x0800ddb0                __floatsidf
                0x0800ddb0                __aeabi_i2d
                0x0800ddd4                __aeabi_f2d
                0x0800ddd4                __extendsfdf2
                0x0800de10                __floatundidf
                0x0800de10                __aeabi_ul2d
                0x0800de20                __floatdidf
                0x0800de20                __aeabi_l2d
 .text          0x0800de7c      0x424 c:/program files/gnu tools arm embedded/4.6 2012q2/bin/../lib/gcc/arm-none-eabi/4.6.2/armv7e-m/fpu\libgcc.a(_arm_muldivdf3.o)
                0x0800de7c                __aeabi_dmul
                0x0800de7c                __muldf3
                0x0800e0d0                __divdf3
                0x0800e0d0                __aeabi_ddiv
 .text          0x0800e2a0      0x110 c:/program files/gnu tools arm embedded/4.6 2012q2/bin/../lib/gcc/arm-none-eabi/4.6.2/armv7e-m/fpu\libgcc.a(_arm_cmpdf2.o)
                0x0800e2a0                __gtdf2
                0x0800e2a0                __gedf2
                0x0800e2a8                __ltdf2
                0x0800e2a8                __ledf2
                0x0800e2b0                __nedf2
                0x0800e2b0                __eqdf2
                0x0800e2b0                __cmpdf2
                0x0800e32c                __aeabi_cdrcmple
                0x0800e33c                __aeabi_cdcmpeq
                0x0800e33c                __aeabi_cdcmple
                0x0800e34c                __aeabi_dcmpeq
                0x0800e360                __aeabi_dcmplt
                0x0800e374                __aeabi_dcmple
                0x0800e388                __aeabi_dcmpge
                0x0800e39c                __aeabi_dcmpgt
 .text          0x0800e3b0       0x50 c:/program files/gnu tools arm embedded/4.6 2012q2/bin/../lib/gcc/arm-none-eabi/4.6.2/armv7e-m/fpu\libgcc.a(_arm_fixdfsi.o)
                0x0800e3b0                __aeabi_d2iz
                0x0800e3b0                __fixdfsi
 .text          0x0800e400       0x40 c:/program files/gnu tools arm embedded/4.6 2012q2/bin/../lib/gcc/arm-none-eabi/4.6.2/armv7e-m/fpu\libgcc.a(_arm_fixunsdfsi.o)
                0x0800e400                __aeabi_d2uiz
                0x0800e400                __fixunsdfsi
 .text          0x0800e440       0xa0 c:/program files/gnu tools arm embedded/4.6 2012q2/bin/../lib/gcc/arm-none-eabi/4.6.2/armv7e-m/fpu\libgcc.a(_arm_truncdfsf2.o)
                0x0800e440                __truncdfsf2
                0x0800e440                __aeabi_d2f
 .text          0x0800e4e0        0x0 c:/program files/gnu tools arm embedded/4.6 2012q2/bin/../lib/gcc/arm-none-eabi/4.6.2/../../../../arm-none-eabi/lib/armv7e-m/fpu\libc.a(lib_a-errno.o)
 .text          0x0800e4e0        0x0 c:/program files/gnu tools arm embedded/4.6 2012q2/bin/../lib/gcc/arm-none-eabi/4.6.2/../../../../arm-none-eabi/lib/armv7e-m/fpu\libc.a(lib_a-impure.o)
 .text          0x0800e4e0        0x0 c:/program files/gnu tools arm embedded/4.6 2012q2/bin/../lib/gcc/arm-none-eabi/4.6.2/../../../../arm-none-eabi/lib/armv7e-m/fpu\libc.a(lib_a-memcpy.o)
 .text          0x0800e4e0        0x0 c:/program files/gnu tools arm embedded/4.6 2012q2/bin/../lib/gcc/arm-none-eabi/4.6.2/../../../../arm-none-eabi/lib/armv7e-m/fpu\libc.a(lib_a-memset.o)
 *(.text*)
 .text.Reset_Vector
                0x0800e4e0       0x44 obj\.\startup\startup_stm32f4xx.o
                0x0800e4e0                Reset_Vector
 .text.Default_Handler
                0x0800e524        0x2 obj\.\startup\startup_stm32f4xx.o
                0x0800e524                RTC_Alarm_IRQHandler
                0x0800e524                HASH_RNG_IRQHandler
                0x0800e524                EXTI2_IRQHandler
                0x0800e524                TIM8_CC_IRQHandler
                0x0800e524                TIM1_CC_IRQHandler
                0x0800e524                DMA2_Stream5_IRQHandler
                0x0800e524                DMA1_Stream5_IRQHandler
                0x0800e524                PVD_IRQHandler
                0x0800e524                SDIO_IRQHandler
                0x0800e524                TAMP_STAMP_IRQHandler
                0x0800e524                CAN2_RX1_IRQHandler
                0x0800e524                EXTI3_IRQHandler
                0x0800e524                TIM8_TRG_COM_TIM14_IRQHandler
                0x0800e524                TIM1_UP_TIM10_IRQHandler
                0x0800e524                TIM8_UP_TIM13_IRQHandler
                0x0800e524                I2C3_ER_IRQHandler
                0x0800e524                I2C2_EV_IRQHandler
                0x0800e524                DMA1_Stream2_IRQHandler
                0x0800e524                CAN1_RX0_IRQHandler
                0x0800e524                FPU_IRQHandler
                0x0800e524                OTG_HS_WKUP_IRQHandler
                0x0800e524                CAN2_SCE_IRQHandler
                0x0800e524                DMA2_Stream2_IRQHandler
                0x0800e524                SPI1_IRQHandler
                0x0800e524                TIM6_DAC_IRQHandler
                0x0800e524                TIM1_BRK_TIM9_IRQHandler
                0x0800e524                DCMI_IRQHandler
                0x0800e524                CAN2_RX0_IRQHandler
                0x0800e524                DMA2_Stream3_IRQHandler
                0x0800e524                USART6_IRQHandler
                0x0800e524                USART3_IRQHandler
                0x0800e524                CRYP_IRQHandler
                0x0800e524                CAN1_RX1_IRQHandler
                0x0800e524                UART5_IRQHandler
                0x0800e524                DMA2_Stream0_IRQHandler
                0x0800e524                TIM4_IRQHandler
                0x0800e524                I2C1_EV_IRQHandler
                0x0800e524                DMA1_Stream6_IRQHandler
                0x0800e524                DMA1_Stream1_IRQHandler
                0x0800e524                UART4_IRQHandler
                0x0800e524                TIM3_IRQHandler
                0x0800e524                RCC_IRQHandler
                0x0800e524                TIM8_BRK_TIM12_IRQHandler
                0x0800e524                EXTI15_10_IRQHandler
                0x0800e524                ADC_IRQHandler
                0x0800e524                DMA1_Stream7_IRQHandler
                0x0800e524                TIM7_IRQHandler
                0x0800e524                CAN2_TX_IRQHandler
                0x0800e524                TIM5_IRQHandler
                0x0800e524                DMA2_Stream7_IRQHandler
                0x0800e524                I2C3_EV_IRQHandler
                0x0800e524                RTC_WKUP_IRQHandler
                0x0800e524                ETH_WKUP_IRQHandler
                0x0800e524                SPI2_IRQHandler
                0x0800e524                OTG_HS_EP1_IN_IRQHandler
                0x0800e524                CAN1_TX_IRQHandler
                0x0800e524                EXTI4_IRQHandler
                0x0800e524                FSMC_IRQHandler
                0x0800e524                ETH_IRQHandler
                0x0800e524                OTG_HS_EP1_OUT_IRQHandler
                0x0800e524                WWDG_IRQHandler
                0x0800e524                OTG_FS_WKUP_IRQHandler
                0x0800e524                TIM1_TRG_COM_TIM11_IRQHandler
                0x0800e524                OTG_HS_IRQHandler
                0x0800e524                I2C2_ER_IRQHandler
                0x0800e524                DMA2_Stream1_IRQHandler
                0x0800e524                CAN1_SCE_IRQHandler
                0x0800e524                FLASH_IRQHandler
                0x0800e524                DMA2_Stream4_IRQHandler
                0x0800e524                USART1_IRQHandler
                0x0800e524                SPI3_IRQHandler
                0x0800e524                DMA1_Stream4_IRQHandler
                0x0800e524                I2C1_ER_IRQHandler
                0x0800e524                DMA2_Stream6_IRQHandler
                0x0800e524                DMA1_Stream3_IRQHandler
 *fill*         0x0800e526        0x2 00
 .text.startup  0x0800e528      0x110 obj\.\src\main.o
                0x0800e528                main
 .text.atan2    0x0800e638        0x4 c:/program files/gnu tools arm embedded/4.6 2012q2/bin/../lib/gcc/arm-none-eabi/4.6.2/../../../../arm-none-eabi/lib/armv7e-m/fpu\libm.a(lib_a-w_atan2.o)
                0x0800e638                atan2
 .text.fmod     0x0800e63c       0xd0 c:/program files/gnu tools arm embedded/4.6 2012q2/bin/../lib/gcc/arm-none-eabi/4.6.2/../../../../arm-none-eabi/lib/armv7e-m/fpu\libm.a(lib_a-w_fmod.o)
                0x0800e63c                fmod
 .text.log      0x0800e70c      0x10c c:/program files/gnu tools arm embedded/4.6 2012q2/bin/../lib/gcc/arm-none-eabi/4.6.2/../../../../arm-none-eabi/lib/armv7e-m/fpu\libm.a(lib_a-w_log.o)
                0x0800e70c                log
 .text.sqrt     0x0800e818       0xbc c:/program files/gnu tools arm embedded/4.6 2012q2/bin/../lib/gcc/arm-none-eabi/4.6.2/../../../../arm-none-eabi/lib/armv7e-m/fpu\libm.a(lib_a-w_sqrt.o)
                0x0800e818                sqrt
 *fill*         0x0800e8d4        0x4 00
 .text.__ieee754_atan2
                0x0800e8d8      0x200 c:/program files/gnu tools arm embedded/4.6 2012q2/bin/../lib/gcc/arm-none-eabi/4.6.2/../../../../arm-none-eabi/lib/armv7e-m/fpu\libm.a(lib_a-e_atan2.o)
                0x0800e8d8                __ieee754_atan2
 .text.__ieee754_fmod
                0x0800ead8      0x2b8 c:/program files/gnu tools arm embedded/4.6 2012q2/bin/../lib/gcc/arm-none-eabi/4.6.2/../../../../arm-none-eabi/lib/armv7e-m/fpu\libm.a(lib_a-e_fmod.o)
                0x0800ead8                __ieee754_fmod
 .text.__ieee754_log
                0x0800ed90      0x428 c:/program files/gnu tools arm embedded/4.6 2012q2/bin/../lib/gcc/arm-none-eabi/4.6.2/../../../../arm-none-eabi/lib/armv7e-m/fpu\libm.a(lib_a-e_log.o)
                0x0800ed90                __ieee754_log
 .text.__ieee754_sqrt
                0x0800f1b8      0x1c4 c:/program files/gnu tools arm embedded/4.6 2012q2/bin/../lib/gcc/arm-none-eabi/4.6.2/../../../../arm-none-eabi/lib/armv7e-m/fpu\libm.a(lib_a-e_sqrt.o)
                0x0800f1b8                __ieee754_sqrt
 *fill*         0x0800f37c        0x4 00
 .text.atan     0x0800f380      0x388 c:/program files/gnu tools arm embedded/4.6 2012q2/bin/../lib/gcc/arm-none-eabi/4.6.2/../../../../arm-none-eabi/lib/armv7e-m/fpu\libm.a(lib_a-s_atan.o)
                0x0800f380                atan
 .text.fabs     0x0800f708       0x14 c:/program files/gnu tools arm embedded/4.6 2012q2/bin/../lib/gcc/arm-none-eabi/4.6.2/../../../../arm-none-eabi/lib/armv7e-m/fpu\libm.a(lib_a-s_fabs.o)
                0x0800f708                fabs
 .text.__fpclassifyd
                0x0800f71c       0x70 c:/program files/gnu tools arm embedded/4.6 2012q2/bin/../lib/gcc/arm-none-eabi/4.6.2/../../../../arm-none-eabi/lib/armv7e-m/fpu\libm.a(lib_a-s_fpclassify.o)
                0x0800f71c                __fpclassifyd
 .text.matherr  0x0800f78c        0x4 c:/program files/gnu tools arm embedded/4.6 2012q2/bin/../lib/gcc/arm-none-eabi/4.6.2/../../../../arm-none-eabi/lib/armv7e-m/fpu\libm.a(lib_a-s_matherr.o)
                0x0800f78c                matherr
 .text.nan      0x0800f790       0x10 c:/program files/gnu tools arm embedded/4.6 2012q2/bin/../lib/gcc/arm-none-eabi/4.6.2/../../../../arm-none-eabi/lib/armv7e-m/fpu\libm.a(lib_a-s_nan.o)
                0x0800f790                nan
 .text.__errno  0x0800f7a0        0xc c:/program files/gnu tools arm embedded/4.6 2012q2/bin/../lib/gcc/arm-none-eabi/4.6.2/../../../../arm-none-eabi/lib/armv7e-m/fpu\libc.a(lib_a-errno.o)
                0x0800f7a0                __errno
 .text.memcpy   0x0800f7ac       0x84 c:/program files/gnu tools arm embedded/4.6 2012q2/bin/../lib/gcc/arm-none-eabi/4.6.2/../../../../arm-none-eabi/lib/armv7e-m/fpu\libc.a(lib_a-memcpy.o)
                0x0800f7ac                memcpy
 .text.memset   0x0800f830       0x90 c:/program files/gnu tools arm embedded/4.6 2012q2/bin/../lib/gcc/arm-none-eabi/4.6.2/../../../../arm-none-eabi/lib/armv7e-m/fpu\libc.a(lib_a-memset.o)
                0x0800f830                memset
 *(.rodata)
 .rodata        0x0800f8c0     0x2814 obj\.\src\AsciiLib.o
                0x0801002c                ASCII12x12
                0x08010f04                ASCII16x24
 .rodata        0x080120d4        0xc obj\.\src\DMA_IRQ_Handler.o
                0x080120d4                B
                0x080120d8                A
                0x080120dc                Amp0
 .rodata        0x080120e0       0x10 obj\.\src\Encoder_1.o
 .rodata        0x080120f0       0x10 obj\.\src\Encoder_2.o
 .rodata        0x08012100        0x4 obj\.\src\main.o
                0x08012100                CODEC_FREQUENCY
 .rodata        0x08012104      0x440 obj\.\src\PSK_Det.o
                0x08012104                VARICODE_TABLE
                0x08012504                HALF_TBL
 .rodata        0x08012544     0x207c obj\.\src\PSKMod.o
                0x08012544                PSKShapeTbl
                0x08014548                PSKPhaseLookupTable
 .rodata        0x080145c0        0x8 obj\.\src\Si570.o
                0x080145c0                HS_DIV_VALUE_char
                0x080145c6                N1_VALUE_char
 .rodata        0x080145c8     0x4000 obj\.\src\Sine_table.o
                0x080145c8                Sine_table
 .rodata        0x080185c8       0x28 obj\.\src\stm32f4_discovery.o
                0x080185c8                GPIO_CLK
                0x080185d8                GPIO_PIN
                0x080185e0                BUTTON_IRQn
                0x080185e1                BUTTON_PIN_SOURCE
                0x080185e2                BUTTON_PORT_SOURCE
                0x080185e4                BUTTON_EXTI_LINE
                0x080185e8                BUTTON_CLK
                0x080185ec                BUTTON_PIN
 .rodata        0x080185f0       0x18 obj\.\src\uart.o
                0x080185f0                COM_RX_AF
                0x080185f2                COM_TX_AF
                0x080185f4                COM_RX_PIN_SOURCE
                0x080185f6                COM_TX_PIN_SOURCE
                0x080185f8                COM_RX_PIN
                0x080185fa                COM_TX_PIN
                0x080185fc                COM_RX_PORT_CLK
                0x08018600                COM_TX_PORT_CLK
                0x08018604                COM_USART_CLK
 .rodata        0x08018608      0x1ec obj\.\externals\SM32F4-Discovery\USB\src\usbh_hid_keybd.o
 .rodata        0x080187f4     0x1000 .\externals\libs\libstm32f4xx_math.a(arm_cfft_radix4_init_q15.o)
 .rodata        0x080197f4      0x380 .\externals\libs\libstm32f4xx_math.a(arm_common_tables.o)
                0x080197f4                armRecipTableQ31
                0x080198f4                armRecipTableQ15
                0x08019974                armBitRevTable
 *(.rodata*)
 .rodata.str1.1
                0x08019b74       0xbb obj\.\src\Encoder_1.o
 .rodata.str1.1
                0x08019c2f       0xc2 obj\.\src\Encoder_2.o
 .rodata.str1.1
                0x08019cf1       0xa6 obj\.\src\Keyboard_Input.o
 .rodata.str1.1
                0x08019d97       0x24 obj\.\src\main.o
 .rodata.str1.1
                0x08019dbb       0x11 obj\.\src\ModeSelect.o
                                 0x21 (size before relaxing)
 .rodata.str1.1
                0x08019dcc        0xb obj\.\src\TFT_Display.o
 .rodata.str1.1
                0x08019dd7       0x1d obj\.\src\touch_pad.o
                                 0x24 (size before relaxing)
 .rodata.str1.1
                0x08019df4       0x1a obj\.\src\xprintf.o
 .rodata.str1.1
                0x08019e0e        0x4 obj\.\externals\SM32F4-Discovery\USB\src\usbh_core.o
 *fill*         0x08019e12        0x2 00
 .rodata.str1.4
                0x08019e14        0x5 c:/program files/gnu tools arm embedded/4.6 2012q2/bin/../lib/gcc/arm-none-eabi/4.6.2/../../../../arm-none-eabi/lib/armv7e-m/fpu\libm.a(lib_a-w_fmod.o)
                                  0x8 (size before relaxing)
 *fill*         0x08019e19        0x3 00
 .rodata.str1.4
                0x08019e1c        0x4 c:/program files/gnu tools arm embedded/4.6 2012q2/bin/../lib/gcc/arm-none-eabi/4.6.2/../../../../arm-none-eabi/lib/armv7e-m/fpu\libm.a(lib_a-w_log.o)
                                  0x8 (size before relaxing)
 .rodata.str1.4
                0x08019e20        0x5 c:/program files/gnu tools arm embedded/4.6 2012q2/bin/../lib/gcc/arm-none-eabi/4.6.2/../../../../arm-none-eabi/lib/armv7e-m/fpu\libm.a(lib_a-w_sqrt.o)
                                  0x8 (size before relaxing)
 *fill*         0x08019e25        0x3 00
 .rodata.Zero   0x08019e28       0x10 c:/program files/gnu tools arm embedded/4.6 2012q2/bin/../lib/gcc/arm-none-eabi/4.6.2/../../../../arm-none-eabi/lib/armv7e-m/fpu\libm.a(lib_a-e_fmod.o)
 .rodata.atanlo
                0x08019e38       0x20 c:/program files/gnu tools arm embedded/4.6 2012q2/bin/../lib/gcc/arm-none-eabi/4.6.2/../../../../arm-none-eabi/lib/armv7e-m/fpu\libm.a(lib_a-s_atan.o)
 .rodata.atanhi
                0x08019e58       0x20 c:/program files/gnu tools arm embedded/4.6 2012q2/bin/../lib/gcc/arm-none-eabi/4.6.2/../../../../arm-none-eabi/lib/armv7e-m/fpu\libm.a(lib_a-s_atan.o)
 .rodata.str1.4
                0x08019e78        0x4 c:/program files/gnu tools arm embedded/4.6 2012q2/bin/../lib/gcc/arm-none-eabi/4.6.2/../../../../arm-none-eabi/lib/armv7e-m/fpu\libc.a(lib_a-impure.o)
 .rodata._global_impure_ptr
                0x08019e7c        0x4 c:/program files/gnu tools arm embedded/4.6 2012q2/bin/../lib/gcc/arm-none-eabi/4.6.2/../../../../arm-none-eabi/lib/armv7e-m/fpu\libc.a(lib_a-impure.o)
                0x08019e7c                _global_impure_ptr
 *(.glue_7)
 .glue_7        0x00000000        0x0 linker stubs
 *(.glue_7t)
 .glue_7t       0x00000000        0x0 linker stubs
 *(.eh_frame)
 *(.init)
 *(.fini)
                0x08019e80                . = ALIGN (0x4)
                0x08019e80                _end_of_code = .

.vfp11_veneer   0x08019e80        0x0
 .vfp11_veneer  0x00000000        0x0 linker stubs

.v4_bx          0x08019e80        0x0
 .v4_bx         0x00000000        0x0 linker stubs

.ARM.extab
 *(.ARM.extab* .gnu.linkonce.armextab.*)

.ARM            0x08019e80        0x0
                0x08019e80                __exidx_start = .
 *(.ARM.exidx*)
                0x08019e80                __exidx_end = .

.preinit_array  0x08019e80        0x0
                0x08019e80                PROVIDE (__preinit_array_start, .)
 *(.preinit_array*)
                0x08019e80                PROVIDE (__preinit_array_end, .)

.init_array     0x08019e80        0x0
                0x08019e80                PROVIDE (__init_array_start, .)
 *(SORT(.init_array.*))
 *(.init_array*)
                0x08019e80                PROVIDE (__init_array_end, .)

.fini_array     0x08019e80        0x0
                0x08019e80                PROVIDE (__fini_array_start, .)
 *(.fini_array*)
 *(SORT(.fini_array.*))
                0x08019e80                PROVIDE (__fini_array_end, .)
                0x08019e80                _sidata = .

.data           0x20000000      0x8bc load address 0x08019e80
                0x20000000                . = ALIGN (0x4)
                0x20000000                _sdata = .
 *(.data)
 .data          0x20000000        0x0 obj\.\startup\startup_stm32f4xx.o
 .data          0x20000000        0x0 obj\.\src\AsciiLib.o
 .data          0x20000000        0x0 obj\.\src\ChangeOver.o
 .data          0x20000000        0x0 obj\.\src\Codec_Gains.o
 .data          0x20000000        0x0 obj\.\src\CW_Mod.o
 .data          0x20000000        0x0 obj\.\src\DMA_IRQ_Handler.o
 .data          0x20000000        0x0 obj\.\src\DMA_Test_Pins.o
 .data          0x20000000       0x7c obj\.\src\DSP_Processing.o
                0x20000000                S_FIR_I
                0x2000000c                S_FIR_Q
                0x20000018                FFT_Size
                0x2000001c                Filter_Q4
                0x20000028                Filter_Q3
                0x20000034                Filter_Q2
                0x20000040                Filter_Q1
                0x2000004c                Filter_I4
                0x20000058                Filter_I3
                0x20000064                Filter_I2
                0x20000070                Filter_I1
 .data          0x2000007c        0x0 obj\.\src\eeprom.o
 .data          0x2000007c        0x4 obj\.\src\Encoder_1.o
                0x2000007c                F_Unit
 .data          0x20000080        0x0 obj\.\src\Encoder_2.o
 .data          0x20000080      0x34a obj\.\src\FIR_Coefficients.o
                0x20000080                FIRFreqCoef
                0x20000102                FIRBitCoef
                0x20000184                Dec4LPCoef
                0x200001ca                coeff_fir_Q
                0x200002ca                coeff_fir_I
 .data          0x200003ca        0x0 obj\.\src\Init_Codec.o
 .data          0x200003ca        0x0 obj\.\src\Init_DMA.o
 *fill*         0x200003ca        0x2 00
 .data          0x200003cc        0x4 obj\.\src\Init_I2C.o
                0x200003cc                Timeout
 .data          0x200003d0        0x0 obj\.\src\Init_I2S.o
 .data          0x200003d0        0x0 obj\.\src\Keyboard_Input.o
 .data          0x200003d0        0x0 obj\.\src\main.o
 .data          0x200003d0        0x0 obj\.\src\ModeSelect.o
 .data          0x200003d0        0x0 obj\.\src\PSK_Det.o
 .data          0x200003d0        0x0 obj\.\src\PSKMod.o
 .data          0x200003d0        0x0 obj\.\src\Si570.o
 .data          0x200003d0        0x0 obj\.\src\Sine_table.o
 .data          0x200003d0       0x14 obj\.\src\stm32f4_discovery.o
                0x200003d0                GPIO_PORT
                0x200003e0                BUTTON_PORT
 .data          0x200003e4        0x0 obj\.\src\stm32f4xx_it.o
 .data          0x200003e4       0x14 obj\.\src\system_stm32f4xx.o
                0x200003e4                SystemCoreClock
                0x200003e8                AHBPrescTable
 .data          0x200003f8        0x4 obj\.\src\TFT_Display.o
                0x200003f8                BackColor
                0x200003fa                asciisize
 .data          0x200003fc        0x0 obj\.\src\touch_pad.o
 .data          0x200003fc        0xc obj\.\src\uart.o
                0x200003fc                COM_TX_PORT
                0x20000400                COM_RX_PORT
                0x20000404                COM_USART
 .data          0x20000408        0x0 obj\.\src\usb_bsp.o
 .data          0x20000408       0x48 obj\.\src\usbh_usr.o
                0x20000408                USR_Callbacks
 .data          0x20000450        0x0 obj\.\src\User_Button.o
 .data          0x20000450        0x0 obj\.\src\xprintf.o
 .data          0x20000450        0x0 obj\.\externals\SM32F4-Discovery\USB\src\misc.o
 .data          0x20000450        0x0 obj\.\externals\SM32F4-Discovery\USB\src\usb_core.o
 .data          0x20000450        0x0 obj\.\externals\SM32F4-Discovery\USB\src\usb_hcd.o
 .data          0x20000450        0x0 obj\.\externals\SM32F4-Discovery\USB\src\usb_hcd_int.o
 .data          0x20000450       0x14 obj\.\externals\SM32F4-Discovery\USB\src\usbh_core.o
                0x20000450                Previous_status
                0x20000454                USBH_HCD_INT_fops
                0x20000458                USBH_HCD_INT_cb
 .data          0x20000464        0x0 obj\.\externals\SM32F4-Discovery\USB\src\usbh_hcs.o
 .data          0x20000464       0x10 obj\.\externals\SM32F4-Discovery\USB\src\usbh_hid_core.o
                0x20000464                HID_cb
 .data          0x20000474        0x8 obj\.\externals\SM32F4-Discovery\USB\src\usbh_hid_keybd.o
                0x20000474                HID_KEYBRD_cb
 .data          0x2000047c        0x0 obj\.\externals\SM32F4-Discovery\USB\src\usbh_ioreq.o
 .data          0x2000047c        0x0 obj\.\externals\SM32F4-Discovery\USB\src\usbh_stdreq.o
 .data          0x2000047c        0x0 .\externals\libs\libstm32f4xx_peripherals.a(stm32f4xx_dma.o)
 .data          0x2000047c        0x0 .\externals\libs\libstm32f4xx_peripherals.a(stm32f4xx_exti.o)
 .data          0x2000047c        0x0 .\externals\libs\libstm32f4xx_peripherals.a(stm32f4xx_fsmc.o)
 .data          0x2000047c        0x0 .\externals\libs\libstm32f4xx_peripherals.a(stm32f4xx_gpio.o)
 .data          0x2000047c        0x0 .\externals\libs\libstm32f4xx_peripherals.a(stm32f4xx_i2c.o)
 .data          0x2000047c       0x10 .\externals\libs\libstm32f4xx_peripherals.a(stm32f4xx_rcc.o)
 .data          0x2000048c        0x0 .\externals\libs\libstm32f4xx_peripherals.a(stm32f4xx_spi.o)
 .data          0x2000048c        0x0 .\externals\libs\libstm32f4xx_peripherals.a(stm32f4xx_syscfg.o)
 .data          0x2000048c        0x0 .\externals\libs\libstm32f4xx_peripherals.a(stm32f4xx_tim.o)
 .data          0x2000048c        0x0 .\externals\libs\libstm32f4xx_peripherals.a(stm32f4xx_usart.o)
 .data          0x2000048c        0x0 .\externals\libs\libstm32f4xx_math.a(arm_cmplx_mag_squared_q15.o)
 .data          0x2000048c        0x0 .\externals\libs\libstm32f4xx_math.a(arm_shift_q15.o)
 .data          0x2000048c        0x0 .\externals\libs\libstm32f4xx_math.a(arm_fir_decimate_q15.o)
 .data          0x2000048c        0x0 .\externals\libs\libstm32f4xx_math.a(arm_fir_q15.o)
 .data          0x2000048c        0x0 .\externals\libs\libstm32f4xx_math.a(arm_cfft_radix4_q15.o)
 .data          0x2000048c        0x0 .\externals\libs\libstm32f4xx_math.a(arm_cfft_radix4_init_q15.o)
 .data          0x2000048c        0x0 .\externals\libs\libstm32f4xx_math.a(arm_common_tables.o)
 .data          0x2000048c        0x0 c:/program files/gnu tools arm embedded/4.6 2012q2/bin/../lib/gcc/arm-none-eabi/4.6.2/../../../../arm-none-eabi/lib/armv7e-m/fpu\libm.a(lib_a-w_atan2.o)
 .data          0x2000048c        0x0 c:/program files/gnu tools arm embedded/4.6 2012q2/bin/../lib/gcc/arm-none-eabi/4.6.2/../../../../arm-none-eabi/lib/armv7e-m/fpu\libm.a(lib_a-w_fmod.o)
 .data          0x2000048c        0x0 c:/program files/gnu tools arm embedded/4.6 2012q2/bin/../lib/gcc/arm-none-eabi/4.6.2/../../../../arm-none-eabi/lib/armv7e-m/fpu\libm.a(lib_a-w_log.o)
 .data          0x2000048c        0x0 c:/program files/gnu tools arm embedded/4.6 2012q2/bin/../lib/gcc/arm-none-eabi/4.6.2/../../../../arm-none-eabi/lib/armv7e-m/fpu\libm.a(lib_a-w_sqrt.o)
 .data          0x2000048c        0x0 c:/program files/gnu tools arm embedded/4.6 2012q2/bin/../lib/gcc/arm-none-eabi/4.6.2/../../../../arm-none-eabi/lib/armv7e-m/fpu\libm.a(lib_a-e_atan2.o)
 .data          0x2000048c        0x0 c:/program files/gnu tools arm embedded/4.6 2012q2/bin/../lib/gcc/arm-none-eabi/4.6.2/../../../../arm-none-eabi/lib/armv7e-m/fpu\libm.a(lib_a-e_fmod.o)
 .data          0x2000048c        0x0 c:/program files/gnu tools arm embedded/4.6 2012q2/bin/../lib/gcc/arm-none-eabi/4.6.2/../../../../arm-none-eabi/lib/armv7e-m/fpu\libm.a(lib_a-e_log.o)
 .data          0x2000048c        0x0 c:/program files/gnu tools arm embedded/4.6 2012q2/bin/../lib/gcc/arm-none-eabi/4.6.2/../../../../arm-none-eabi/lib/armv7e-m/fpu\libm.a(lib_a-e_sqrt.o)
 .data          0x2000048c        0x0 c:/program files/gnu tools arm embedded/4.6 2012q2/bin/../lib/gcc/arm-none-eabi/4.6.2/../../../../arm-none-eabi/lib/armv7e-m/fpu\libm.a(lib_a-s_atan.o)
 .data          0x2000048c        0x0 c:/program files/gnu tools arm embedded/4.6 2012q2/bin/../lib/gcc/arm-none-eabi/4.6.2/../../../../arm-none-eabi/lib/armv7e-m/fpu\libm.a(lib_a-s_fabs.o)
 .data          0x2000048c        0x0 c:/program files/gnu tools arm embedded/4.6 2012q2/bin/../lib/gcc/arm-none-eabi/4.6.2/../../../../arm-none-eabi/lib/armv7e-m/fpu\libm.a(lib_a-s_fpclassify.o)
 .data          0x2000048c        0x0 c:/program files/gnu tools arm embedded/4.6 2012q2/bin/../lib/gcc/arm-none-eabi/4.6.2/../../../../arm-none-eabi/lib/armv7e-m/fpu\libm.a(lib_a-s_lib_ver.o)
 .data          0x2000048c        0x0 c:/program files/gnu tools arm embedded/4.6 2012q2/bin/../lib/gcc/arm-none-eabi/4.6.2/../../../../arm-none-eabi/lib/armv7e-m/fpu\libm.a(lib_a-s_matherr.o)
 .data          0x2000048c        0x0 c:/program files/gnu tools arm embedded/4.6 2012q2/bin/../lib/gcc/arm-none-eabi/4.6.2/../../../../arm-none-eabi/lib/armv7e-m/fpu\libm.a(lib_a-s_nan.o)
 .data          0x2000048c        0x0 c:/program files/gnu tools arm embedded/4.6 2012q2/bin/../lib/gcc/arm-none-eabi/4.6.2/armv7e-m/fpu\libgcc.a(_arm_addsubdf3.o)
 .data          0x2000048c        0x0 c:/program files/gnu tools arm embedded/4.6 2012q2/bin/../lib/gcc/arm-none-eabi/4.6.2/armv7e-m/fpu\libgcc.a(_arm_muldivdf3.o)
 .data          0x2000048c        0x0 c:/program files/gnu tools arm embedded/4.6 2012q2/bin/../lib/gcc/arm-none-eabi/4.6.2/armv7e-m/fpu\libgcc.a(_arm_cmpdf2.o)
 .data          0x2000048c        0x0 c:/program files/gnu tools arm embedded/4.6 2012q2/bin/../lib/gcc/arm-none-eabi/4.6.2/armv7e-m/fpu\libgcc.a(_arm_fixdfsi.o)
 .data          0x2000048c        0x0 c:/program files/gnu tools arm embedded/4.6 2012q2/bin/../lib/gcc/arm-none-eabi/4.6.2/armv7e-m/fpu\libgcc.a(_arm_fixunsdfsi.o)
 .data          0x2000048c        0x0 c:/program files/gnu tools arm embedded/4.6 2012q2/bin/../lib/gcc/arm-none-eabi/4.6.2/armv7e-m/fpu\libgcc.a(_arm_truncdfsf2.o)
 .data          0x2000048c        0x0 c:/program files/gnu tools arm embedded/4.6 2012q2/bin/../lib/gcc/arm-none-eabi/4.6.2/../../../../arm-none-eabi/lib/armv7e-m/fpu\libc.a(lib_a-errno.o)
 .data          0x2000048c        0x0 c:/program files/gnu tools arm embedded/4.6 2012q2/bin/../lib/gcc/arm-none-eabi/4.6.2/../../../../arm-none-eabi/lib/armv7e-m/fpu\libc.a(lib_a-impure.o)
 .data          0x2000048c        0x0 c:/program files/gnu tools arm embedded/4.6 2012q2/bin/../lib/gcc/arm-none-eabi/4.6.2/../../../../arm-none-eabi/lib/armv7e-m/fpu\libc.a(lib_a-memcpy.o)
 .data          0x2000048c        0x0 c:/program files/gnu tools arm embedded/4.6 2012q2/bin/../lib/gcc/arm-none-eabi/4.6.2/../../../../arm-none-eabi/lib/armv7e-m/fpu\libc.a(lib_a-memset.o)
 *(.data*)
 .data.__fdlib_version
                0x2000048c        0x1 c:/program files/gnu tools arm embedded/4.6 2012q2/bin/../lib/gcc/arm-none-eabi/4.6.2/../../../../arm-none-eabi/lib/armv7e-m/fpu\libm.a(lib_a-s_lib_ver.o)
                0x2000048c                __fdlib_version
 *fill*         0x2000048d        0x3 00
 .data.impure_data
                0x20000490      0x428 c:/program files/gnu tools arm embedded/4.6 2012q2/bin/../lib/gcc/arm-none-eabi/4.6.2/../../../../arm-none-eabi/lib/armv7e-m/fpu\libc.a(lib_a-impure.o)
 .data._impure_ptr
                0x200008b8        0x4 c:/program files/gnu tools arm embedded/4.6 2012q2/bin/../lib/gcc/arm-none-eabi/4.6.2/../../../../arm-none-eabi/lib/armv7e-m/fpu\libc.a(lib_a-impure.o)
                0x200008b8                _impure_ptr
                0x200008bc                . = ALIGN (0x4)
                0x200008bc                _edata = .
                0x200008bc                . = ALIGN (0x4)

.bss            0x200008c0     0x707c load address 0x0801a740
                0x200008c0                _sbss = .
                0x200008c0                __bss_start__ = _sbss
 *(.bss)
 .bss           0x200008c0        0x0 obj\.\startup\startup_stm32f4xx.o
 .bss           0x200008c0        0x0 obj\.\src\AsciiLib.o
 .bss           0x200008c0        0x0 obj\.\src\ChangeOver.o
 .bss           0x200008c0        0x0 obj\.\src\Codec_Gains.o
 .bss           0x200008c0        0x0 obj\.\src\CW_Mod.o
 .bss           0x200008c0       0x18 obj\.\src\DMA_IRQ_Handler.o
 .bss           0x200008d8        0x0 obj\.\src\DMA_Test_Pins.o
 .bss           0x200008d8        0x0 obj\.\src\DSP_Processing.o
 .bss           0x200008d8        0x0 obj\.\src\eeprom.o
 .bss           0x200008d8        0x2 obj\.\src\Encoder_1.o
 .bss           0x200008da        0x2 obj\.\src\Encoder_2.o
 .bss           0x200008dc        0x0 obj\.\src\FIR_Coefficients.o
 .bss           0x200008dc        0x0 obj\.\src\Init_Codec.o
 .bss           0x200008dc        0x0 obj\.\src\Init_DMA.o
 .bss           0x200008dc        0x0 obj\.\src\Init_I2C.o
 .bss           0x200008dc        0x0 obj\.\src\Init_I2S.o
 .bss           0x200008dc        0x1 obj\.\src\Keyboard_Input.o
 .bss           0x200008dd        0x0 obj\.\src\main.o
 *fill*         0x200008dd        0x1 00
 .bss           0x200008de        0x2 obj\.\src\ModeSelect.o
                0x200008de                Mode
 .bss           0x200008e0       0x34 obj\.\src\PSK_Det.o
 .bss           0x20000914       0x1c obj\.\src\PSKMod.o
                0x20000914                m_Ramp
                0x20000918                m_pTail
                0x2000091c                m_pHead
 .bss           0x20000930        0x0 obj\.\src\Si570.o
 .bss           0x20000930        0x0 obj\.\src\Sine_table.o
 .bss           0x20000930        0x0 obj\.\src\stm32f4_discovery.o
 .bss           0x20000930        0x0 obj\.\src\stm32f4xx_it.o
 .bss           0x20000930        0x0 obj\.\src\system_stm32f4xx.o
 .bss           0x20000930        0xc obj\.\src\TFT_Display.o
                0x20000930                TextColor
                0x20000932                TimerPeriod
                0x20000934                Channel1Pulse
 .bss           0x2000093c        0x6 obj\.\src\touch_pad.o
                0x2000093c                TouchCount
                0x2000093e                Mode_Test
                0x20000940                DebounceCount
 .bss           0x20000942        0x1 obj\.\src\uart.o
 *fill*         0x20000943        0x1 00
 .bss           0x20000944        0x4 obj\.\src\usb_bsp.o
                0x20000944                BSP_delay
 .bss           0x20000948        0x4 obj\.\src\usbh_usr.o
 .bss           0x2000094c        0x1 obj\.\src\User_Button.o
                0x2000094c                BT_Flag
 *fill*         0x2000094d        0x3 00
 .bss           0x20000950        0x4 obj\.\src\xprintf.o
 .bss           0x20000954        0x0 obj\.\externals\SM32F4-Discovery\USB\src\misc.o
 .bss           0x20000954        0x0 obj\.\externals\SM32F4-Discovery\USB\src\usb_core.o
 .bss           0x20000954        0x0 obj\.\externals\SM32F4-Discovery\USB\src\usb_hcd.o
 .bss           0x20000954        0x0 obj\.\externals\SM32F4-Discovery\USB\src\usb_hcd_int.o
 .bss           0x20000954        0x8 obj\.\externals\SM32F4-Discovery\USB\src\usbh_core.o
                0x20000958                Tab_State_Machine_incr
 .bss           0x2000095c        0x0 obj\.\externals\SM32F4-Discovery\USB\src\usbh_hcs.o
 .bss           0x2000095c        0x1 obj\.\externals\SM32F4-Discovery\USB\src\usbh_hid_core.o
                0x2000095c                start_toggle
 .bss           0x2000095d       0x17 obj\.\externals\SM32F4-Discovery\USB\src\usbh_hid_keybd.o
 .bss           0x20000974        0x0 obj\.\externals\SM32F4-Discovery\USB\src\usbh_ioreq.o
 .bss           0x20000974        0x4 obj\.\externals\SM32F4-Discovery\USB\src\usbh_stdreq.o
 .bss           0x20000978        0x0 .\externals\libs\libstm32f4xx_peripherals.a(stm32f4xx_dma.o)
 .bss           0x20000978        0x0 .\externals\libs\libstm32f4xx_peripherals.a(stm32f4xx_exti.o)
 .bss           0x20000978        0x0 .\externals\libs\libstm32f4xx_peripherals.a(stm32f4xx_fsmc.o)
 .bss           0x20000978        0x0 .\externals\libs\libstm32f4xx_peripherals.a(stm32f4xx_gpio.o)
 .bss           0x20000978        0x0 .\externals\libs\libstm32f4xx_peripherals.a(stm32f4xx_i2c.o)
 .bss           0x20000978        0x0 .\externals\libs\libstm32f4xx_peripherals.a(stm32f4xx_rcc.o)
 .bss           0x20000978        0x0 .\externals\libs\libstm32f4xx_peripherals.a(stm32f4xx_spi.o)
 .bss           0x20000978        0x0 .\externals\libs\libstm32f4xx_peripherals.a(stm32f4xx_syscfg.o)
 .bss           0x20000978        0x0 .\externals\libs\libstm32f4xx_peripherals.a(stm32f4xx_tim.o)
 .bss           0x20000978        0x0 .\externals\libs\libstm32f4xx_peripherals.a(stm32f4xx_usart.o)
 .bss           0x20000978        0x0 .\externals\libs\libstm32f4xx_math.a(arm_cmplx_mag_squared_q15.o)
 .bss           0x20000978        0x0 .\externals\libs\libstm32f4xx_math.a(arm_shift_q15.o)
 .bss           0x20000978        0x0 .\externals\libs\libstm32f4xx_math.a(arm_fir_decimate_q15.o)
 .bss           0x20000978        0x0 .\externals\libs\libstm32f4xx_math.a(arm_fir_q15.o)
 .bss           0x20000978        0x0 .\externals\libs\libstm32f4xx_math.a(arm_cfft_radix4_q15.o)
 .bss           0x20000978        0x0 .\externals\libs\libstm32f4xx_math.a(arm_cfft_radix4_init_q15.o)
 .bss           0x20000978        0x0 .\externals\libs\libstm32f4xx_math.a(arm_common_tables.o)
 .bss           0x20000978        0x0 c:/program files/gnu tools arm embedded/4.6 2012q2/bin/../lib/gcc/arm-none-eabi/4.6.2/../../../../arm-none-eabi/lib/armv7e-m/fpu\libm.a(lib_a-w_atan2.o)
 .bss           0x20000978        0x0 c:/program files/gnu tools arm embedded/4.6 2012q2/bin/../lib/gcc/arm-none-eabi/4.6.2/../../../../arm-none-eabi/lib/armv7e-m/fpu\libm.a(lib_a-w_fmod.o)
 .bss           0x20000978        0x0 c:/program files/gnu tools arm embedded/4.6 2012q2/bin/../lib/gcc/arm-none-eabi/4.6.2/../../../../arm-none-eabi/lib/armv7e-m/fpu\libm.a(lib_a-w_log.o)
 .bss           0x20000978        0x0 c:/program files/gnu tools arm embedded/4.6 2012q2/bin/../lib/gcc/arm-none-eabi/4.6.2/../../../../arm-none-eabi/lib/armv7e-m/fpu\libm.a(lib_a-w_sqrt.o)
 .bss           0x20000978        0x0 c:/program files/gnu tools arm embedded/4.6 2012q2/bin/../lib/gcc/arm-none-eabi/4.6.2/../../../../arm-none-eabi/lib/armv7e-m/fpu\libm.a(lib_a-e_atan2.o)
 .bss           0x20000978        0x0 c:/program files/gnu tools arm embedded/4.6 2012q2/bin/../lib/gcc/arm-none-eabi/4.6.2/../../../../arm-none-eabi/lib/armv7e-m/fpu\libm.a(lib_a-e_fmod.o)
 .bss           0x20000978        0x0 c:/program files/gnu tools arm embedded/4.6 2012q2/bin/../lib/gcc/arm-none-eabi/4.6.2/../../../../arm-none-eabi/lib/armv7e-m/fpu\libm.a(lib_a-e_log.o)
 .bss           0x20000978        0x0 c:/program files/gnu tools arm embedded/4.6 2012q2/bin/../lib/gcc/arm-none-eabi/4.6.2/../../../../arm-none-eabi/lib/armv7e-m/fpu\libm.a(lib_a-e_sqrt.o)
 .bss           0x20000978        0x0 c:/program files/gnu tools arm embedded/4.6 2012q2/bin/../lib/gcc/arm-none-eabi/4.6.2/../../../../arm-none-eabi/lib/armv7e-m/fpu\libm.a(lib_a-s_atan.o)
 .bss           0x20000978        0x0 c:/program files/gnu tools arm embedded/4.6 2012q2/bin/../lib/gcc/arm-none-eabi/4.6.2/../../../../arm-none-eabi/lib/armv7e-m/fpu\libm.a(lib_a-s_fabs.o)
 .bss           0x20000978        0x0 c:/program files/gnu tools arm embedded/4.6 2012q2/bin/../lib/gcc/arm-none-eabi/4.6.2/../../../../arm-none-eabi/lib/armv7e-m/fpu\libm.a(lib_a-s_fpclassify.o)
 .bss           0x20000978        0x0 c:/program files/gnu tools arm embedded/4.6 2012q2/bin/../lib/gcc/arm-none-eabi/4.6.2/../../../../arm-none-eabi/lib/armv7e-m/fpu\libm.a(lib_a-s_lib_ver.o)
 .bss           0x20000978        0x0 c:/program files/gnu tools arm embedded/4.6 2012q2/bin/../lib/gcc/arm-none-eabi/4.6.2/../../../../arm-none-eabi/lib/armv7e-m/fpu\libm.a(lib_a-s_matherr.o)
 .bss           0x20000978        0x0 c:/program files/gnu tools arm embedded/4.6 2012q2/bin/../lib/gcc/arm-none-eabi/4.6.2/../../../../arm-none-eabi/lib/armv7e-m/fpu\libm.a(lib_a-s_nan.o)
 .bss           0x20000978        0x0 c:/program files/gnu tools arm embedded/4.6 2012q2/bin/../lib/gcc/arm-none-eabi/4.6.2/armv7e-m/fpu\libgcc.a(_arm_addsubdf3.o)
 .bss           0x20000978        0x0 c:/program files/gnu tools arm embedded/4.6 2012q2/bin/../lib/gcc/arm-none-eabi/4.6.2/armv7e-m/fpu\libgcc.a(_arm_muldivdf3.o)
 .bss           0x20000978        0x0 c:/program files/gnu tools arm embedded/4.6 2012q2/bin/../lib/gcc/arm-none-eabi/4.6.2/armv7e-m/fpu\libgcc.a(_arm_cmpdf2.o)
 .bss           0x20000978        0x0 c:/program files/gnu tools arm embedded/4.6 2012q2/bin/../lib/gcc/arm-none-eabi/4.6.2/armv7e-m/fpu\libgcc.a(_arm_fixdfsi.o)
 .bss           0x20000978        0x0 c:/program files/gnu tools arm embedded/4.6 2012q2/bin/../lib/gcc/arm-none-eabi/4.6.2/armv7e-m/fpu\libgcc.a(_arm_fixunsdfsi.o)
 .bss           0x20000978        0x0 c:/program files/gnu tools arm embedded/4.6 2012q2/bin/../lib/gcc/arm-none-eabi/4.6.2/armv7e-m/fpu\libgcc.a(_arm_truncdfsf2.o)
 .bss           0x20000978        0x0 c:/program files/gnu tools arm embedded/4.6 2012q2/bin/../lib/gcc/arm-none-eabi/4.6.2/../../../../arm-none-eabi/lib/armv7e-m/fpu\libc.a(lib_a-errno.o)
 .bss           0x20000978        0x0 c:/program files/gnu tools arm embedded/4.6 2012q2/bin/../lib/gcc/arm-none-eabi/4.6.2/../../../../arm-none-eabi/lib/armv7e-m/fpu\libc.a(lib_a-impure.o)
 .bss           0x20000978        0x0 c:/program files/gnu tools arm embedded/4.6 2012q2/bin/../lib/gcc/arm-none-eabi/4.6.2/../../../../arm-none-eabi/lib/armv7e-m/fpu\libc.a(lib_a-memcpy.o)
 .bss           0x20000978        0x0 c:/program files/gnu tools arm embedded/4.6 2012q2/bin/../lib/gcc/arm-none-eabi/4.6.2/../../../../arm-none-eabi/lib/armv7e-m/fpu\libc.a(lib_a-memset.o)
 *(.bss*)
 *(COMMON)
 COMMON         0x20000978       0xda obj\.\src\ChangeOver.o
                0x20000978                rgain
                0x2000097c                DataMax
                0x2000099c                phase_adjust
                0x200009a0                Tx_Flag
                0x200009a2                IQ_Unit
                0x200009c4                S1
                0x200009c8                CW_Gain
                0x200009cc                T_lgain
                0x200009d0                m_SymbolRate
                0x200009d8                x_NCOphzinc
                0x200009e0                m_2PI
                0x200009e8                DSP_Flag
                0x200009ec                m_AddEndingZero
                0x200009f0                IQ_Disp
                0x200009f4                m_RMSConstant
                0x200009f8                R_lgain
                0x200009fc                DataMin
                0x20000a1c                R_xgain
                0x20000a20                EEProm_Value2
                0x20000a22                read_SS2
                0x20000a24                S2
                0x20000a28                Key_Down
                0x20000a2c                T_xgain
                0x20000a30                IQData
                0x20000a50                m_TxShiftReg
 *fill*         0x20000a52        0x6 00
 COMMON         0x20000a58     0x508c obj\.\src\DMA_IRQ_Handler.o
                0x20000a58                Filter_delay_I4
                0x20000ae0                m_FreqSignal
                0x20000af0                Filter_delay_Q3
                0x20000b78                m_z2
                0x20000b88                FIR_I_Out
                0x20000f88                m_z1
                0x20000f98                Sample_Frequency
                0x20000f9c                m_IQPhzIndex
                0x20000fa0                LCD_buffer
                0x20000fc8                ADC_Buffer
                0x200013c8                m_PSKmode
                0x200013cc                m_ClkErrCounter
                0x200013d0                m_BitPhaseInc
                0x200013d8                FFT_Magnitude
                0x200015d8                m_VcoPhz
                0x200015e0                m_BitSignal
                0x200015f0                Filter_delay_I3
                0x20001674                m_IMDValid
                0x20001678                NCO_Frequency
                0x20001680                m_SquelchSpeed
                0x20001684                USB_Out
                0x20001a84                FIR_I_In
                0x20001e84                m_AFCCaptureOn
                0x20001e88                PSK_Gain
                0x20001e90                m_SyncAve
                0x20001f38                m_SQThresh
                0x20001f40                IQ
                0x20001f50                m_VaricodeDecTbl
                0x20002750                DMA_RX_Memory
                0x20002754                LSB_Out
                0x20002b54                m_OffCount
                0x20002b58                PSK_Tx
                0x20002b5c                m_LastPkPos
                0x20002b60                m_PkPos
                0x20002b68                m_NCOphzinc
                0x20002b70                m_AFClimit
                0x20002b78                m_FastAFCMode
                0x20002b80                Samp
                0x20002b90                m_SampleFreq
                0x20002b98                i
                0x20002b9a                FIR_Q_In
                0x20002f9c                m_SampCnt
                0x20002fa0                m_LastBitZero
                0x20002fa4                m_SQLevel
                0x20002fa8                m_IQPhaseArray
                0x20002ff8                Filter_delay_I2
                0x20003044                DMA_TX_Memory
                0x20003048                m_BitAcc
                0x2000304c                Tx1BufferDMA
                0x2000384c                Rx1BufferDMA
                0x20004050                m_I1
                0x20004058                Filter_delay_Q4
                0x200040e0                m_QFreqError
                0x200040e8                Tx0BufferDMA
                0x200048e8                m_I0
                0x200048f0                m_OnCount
                0x200048f4                FIR_Q_Out
                0x20004cf8                newsamp
                0x20004d08                m_AGCave
                0x20004d10                key
                0x20004d14                m_Pcnt
                0x20004d18                m_AFCmode
                0x20004d1c                Filter_delay_Q2
                0x20004d68                m_FperrAve
                0x20004d70                m_Ncnt
                0x20004d78                m_FferrAve
                0x20004d80                m_SQOpen
                0x20004d88                m_Q0
                0x20004d90                m_NLPk
                0x20004d98                m_DevAve
                0x20004da0                m_AFCTimer
                0x20004da4                Filter_delay_Q1
                0x20004df0                m_NewPkPos
                0x20004df8                m_AFCmin
                0x20004e00                m_BitPos
                0x20004e04                m_SampleClkAdj
                0x20004e08                m_BitPhasePos
                0x20004e10                m_AFCmax
                0x20004e18                Filter_delay_I1
                0x20004e64                m_ClkErrTimer
                0x20004e68                m_Q1
                0x20004e70                m_SyncArray
                0x20004ec0                Rx0BufferDMA
                0x200056c0                sample
                0x200056d0                m_ClkError
                0x200056d4                FFT_Input
                0x20005ad8                m_FreqError
                0x20005ae0                Flag
 COMMON         0x20005ae4     0x1210 obj\.\src\DSP_Processing.o
                0x20005ae4                FFT_Test
                0x20005ee4                FIR_State_I
                0x200063e2                FFT_Scale
                0x200067e2                FFT_status
                0x200067e4                FIR_State_Q
                0x20006ce4                S_CFFT
 COMMON         0x20006cf4       0x4d obj\.\src\eeprom.o
                0x20006cf4                Freq_Disp
                0x20006cf8                EEProm_Value1
                0x20006cfc                EEProm_Chk
                0x20006cfe                read_SS1