Archive member included because of file (symbol)

.\externals\libs\libstm32f4xx_peripherals.a(misc.o)
                              obj\.\src\Encoder_1.o (NVIC_Init)
.\externals\libs\libstm32f4xx_peripherals.a(stm32f4xx_dma.o)
                              obj\.\src\Init_DMA.o (DMA_DeInit)
.\externals\libs\libstm32f4xx_peripherals.a(stm32f4xx_exti.o)
                              obj\.\src\Encoder_1.o (EXTI_Init)
.\externals\libs\libstm32f4xx_peripherals.a(stm32f4xx_fsmc.o)
                              obj\.\src\TFT_Display.o (FSMC_NORSRAMInit)
.\externals\libs\libstm32f4xx_peripherals.a(stm32f4xx_gpio.o)
                              obj\.\src\CW_Mod.o (GPIO_Init)
.\externals\libs\libstm32f4xx_peripherals.a(stm32f4xx_i2c.o)
                              obj\.\src\Init_I2C.o (I2C_DeInit)
.\externals\libs\libstm32f4xx_peripherals.a(stm32f4xx_rcc.o)
                              .\externals\libs\libstm32f4xx_peripherals.a(stm32f4xx_i2c.o) (RCC_GetClocksFreq)
.\externals\libs\libstm32f4xx_peripherals.a(stm32f4xx_spi.o)
                              obj\.\src\touch_pad.o (SPI_I2S_DeInit)
.\externals\libs\libstm32f4xx_peripherals.a(stm32f4xx_syscfg.o)
                              obj\.\src\Encoder_1.o (SYSCFG_EXTILineConfig)
.\externals\libs\libstm32f4xx_peripherals.a(stm32f4xx_tim.o)
                              obj\.\src\TFT_Display.o (TIM_TimeBaseInit)
.\externals\libs\libstm32f4xx_peripherals.a(stm32f4xx_usart.o)
                              obj\.\src\uart.o (USART_Init)
.\externals\libs\libstm32f4xx_math.a(arm_cmplx_mag_squared_q15.o)
                              obj\.\src\DSP_Processing.o (arm_cmplx_mag_squared_q15)
.\externals\libs\libstm32f4xx_math.a(arm_shift_q15.o)
                              obj\.\src\DSP_Processing.o (arm_shift_q15)
.\externals\libs\libstm32f4xx_math.a(arm_fir_decimate_q15.o)
                              obj\.\src\PSK_Det.o (arm_fir_decimate_q15)
.\externals\libs\libstm32f4xx_math.a(arm_fir_q15.o)
                              obj\.\src\DSP_Processing.o (arm_fir_q15)
.\externals\libs\libstm32f4xx_math.a(arm_cfft_radix4_q15.o)
                              obj\.\src\DSP_Processing.o (arm_cfft_radix4_q15)
.\externals\libs\libstm32f4xx_math.a(arm_cfft_radix4_init_q15.o)
                              obj\.\src\DSP_Processing.o (arm_cfft_radix4_init_q15)
.\externals\libs\libstm32f4xx_math.a(arm_common_tables.o)
                              .\externals\libs\libstm32f4xx_math.a(arm_cfft_radix4_init_q15.o) (armBitRevTable)
d:/program files (x86)/gnu tools arm embedded/4.6 2012q4/bin/../lib/gcc/arm-none-eabi/4.6.2/../../../../arm-none-eabi/lib/armv7e-m/fpu\libm.a(lib_a-w_atan2.o)
                              obj\.\src\PSK_Det.o (atan2)
d:/program files (x86)/gnu tools arm embedded/4.6 2012q4/bin/../lib/gcc/arm-none-eabi/4.6.2/../../../../arm-none-eabi/lib/armv7e-m/fpu\libm.a(lib_a-w_fmod.o)
                              obj\.\src\PSK_Det.o (fmod)
d:/program files (x86)/gnu tools arm embedded/4.6 2012q4/bin/../lib/gcc/arm-none-eabi/4.6.2/../../../../arm-none-eabi/lib/armv7e-m/fpu\libm.a(lib_a-w_log.o)
                              obj\.\src\main.o (log)
d:/program files (x86)/gnu tools arm embedded/4.6 2012q4/bin/../lib/gcc/arm-none-eabi/4.6.2/../../../../arm-none-eabi/lib/armv7e-m/fpu\libm.a(lib_a-w_sqrt.o)
                              obj\.\src\PSK_Det.o (sqrt)
d:/program files (x86)/gnu tools arm embedded/4.6 2012q4/bin/../lib/gcc/arm-none-eabi/4.6.2/../../../../arm-none-eabi/lib/armv7e-m/fpu\libm.a(lib_a-e_atan2.o)
                              d:/program files (x86)/gnu tools arm embedded/4.6 2012q4/bin/../lib/gcc/arm-none-eabi/4.6.2/../../../../arm-none-eabi/lib/armv7e-m/fpu\libm.a(lib_a-w_atan2.o) (__ieee754_atan2)
d:/program files (x86)/gnu tools arm embedded/4.6 2012q4/bin/../lib/gcc/arm-none-eabi/4.6.2/../../../../arm-none-eabi/lib/armv7e-m/fpu\libm.a(lib_a-e_fmod.o)
                              d:/program files (x86)/gnu tools arm embedded/4.6 2012q4/bin/../lib/gcc/arm-none-eabi/4.6.2/../../../../arm-none-eabi/lib/armv7e-m/fpu\libm.a(lib_a-w_fmod.o) (__ieee754_fmod)
d:/program files (x86)/gnu tools arm embedded/4.6 2012q4/bin/../lib/gcc/arm-none-eabi/4.6.2/../../../../arm-none-eabi/lib/armv7e-m/fpu\libm.a(lib_a-e_log.o)
                              d:/program files (x86)/gnu tools arm embedded/4.6 2012q4/bin/../lib/gcc/arm-none-eabi/4.6.2/../../../../arm-none-eabi/lib/armv7e-m/fpu\libm.a(lib_a-w_log.o) (__ieee754_log)
d:/program files (x86)/gnu tools arm embedded/4.6 2012q4/bin/../lib/gcc/arm-none-eabi/4.6.2/../../../../arm-none-eabi/lib/armv7e-m/fpu\libm.a(lib_a-e_sqrt.o)
                              d:/program files (x86)/gnu tools arm embedded/4.6 2012q4/bin/../lib/gcc/arm-none-eabi/4.6.2/../../../../arm-none-eabi/lib/armv7e-m/fpu\libm.a(lib_a-w_sqrt.o) (__ieee754_sqrt)
[...]
Memory Configuration

Name             Origin             Length             Attributes
FLASH            0x08000000         0x00100000         xr
RAMCCM           0x10000000         0x00010000         xrw
RAM              0x20000000         0x00020000         xrw
*default*        0x00000000         0xffffffff

Linker script and memory map

LOAD obj\.\startup\startup_stm32f4xx.o
LOAD obj\.\src\AsciiLib.o
LOAD obj\.\src\CW_Mod.o
LOAD obj\.\src\ChangeOver.o
LOAD obj\.\src\Codec_Gains.o
LOAD obj\.\src\DMA_IRQ_Handler.o
LOAD obj\.\src\DMA_Test_Pins.o
LOAD obj\.\src\DSP_Processing.o
LOAD obj\.\src\Encoder_1.o
LOAD obj\.\src\Encoder_2.o
LOAD obj\.\src\FIR_Coefficients.o
LOAD obj\.\src\Init_Codec.o
LOAD obj\.\src\Init_DMA.o
LOAD obj\.\src\Init_I2C.o
LOAD obj\.\src\Init_I2S.o
LOAD obj\.\src\ModeSelect.o
LOAD obj\.\src\PSKMod.o
LOAD obj\.\src\PSK_Det.o
LOAD obj\.\src\Si570.o
LOAD obj\.\src\Sine_table.o
LOAD obj\.\src\TFT_Display.o
LOAD obj\.\src\User_Button.o
LOAD obj\.\src\eeprom.o
LOAD obj\.\src\main.o
LOAD obj\.\src\stm32f4xx_it.o
LOAD obj\.\src\system_stm32f4xx.o
LOAD obj\.\src\touch_pad.o
LOAD obj\.\src\uart.o
LOAD obj\.\src\xprintf.o
LOAD .\externals\libs\libstm32f4xx_peripherals.a
LOAD .\externals\libs\libstm32f4xx_math.a
LOAD d:/program files (x86)/gnu tools arm embedded/4.6 2012q4/bin/../lib/gcc/arm-none-eabi/4.6.2/../../../../arm-none-eabi/lib/armv7e-m/fpu\libm.a
START GROUP
LOAD d:/program files (x86)/gnu tools arm embedded/4.6 2012q4/bin/../lib/gcc/arm-none-eabi/4.6.2/armv7e-m/fpu\libgcc.a
LOAD d:/program files (x86)/gnu tools arm embedded/4.6 2012q4/bin/../lib/gcc/arm-none-eabi/4.6.2/../../../../arm-none-eabi/lib/armv7e-m/fpu\libc.a
END GROUP
                0x20020000                top_of_stack = (ORIGIN (RAM) + 0x20000)
                0x00000000                Heap_Size = 0x0
                0x00000400                Stack_Size = 0x400

.Vector_Table   0x08000000      0x188
                0x08000000                . = ALIGN (0x4)
 *(.Vector_Table)
 .Vector_Table  0x08000000      0x188 obj\.\startup\startup_stm32f4xx.o
                0x08000000                Vector_Table
                0x08000188                . = ALIGN (0x4)

.text           0x08000188    0x16730
                0x08000188                . = ALIGN (0x4)
 *(.text)
 .text          0x08000188       0x14 obj\.\startup\startup_stm32f4xx.o
 .text          0x0800019c       0x64 obj\.\src\AsciiLib.o
                0x0800019c                GetASCIICode1
                0x080001b0                GetASCIICode2
                0x080001c4                GetASCIICode3
                0x080001d8                GetASCIICode4
                0x080001ec                GetASCIICode5
 .text          0x08000200       0x38 obj\.\src\CW_Mod.o
                0x08000200                Init_CW_GPIO
 .text          0x08000238      0x1ac obj\.\src\ChangeOver.o
                0x08000238                Receive_Sequence
                0x08000288                Xmit_SSB_Sequence
                0x080002e0                Xmit_CW_Sequence
                0x08000338                Xmit_PSK_Sequence
                0x08000388                Init_PTT_IO
 .text          0x080003e4      0x24c obj\.\src\Codec_Gains.o
                0x080003e4                Set_HP_Gain
                0x0800041e                Set_LO_Gain
                0x08000458                Set_PGA_Gain
                0x080004a0                Set_DAC_DVC
                0x080004f6                Set_ADC_DVC
                0x0800054a                Turn_On_Bias
                0x08000570                Turn_Off_Bias
                0x08000596                Disconnect_PGA
                0x080005cc                Mute_HP
                0x080005d0                Mute_LO
                0x080005d4                Connect_IQ_Inputs
                0x0800060a                Connect_Microphone_Input
 .text          0x08000630      0xb18 obj\.\src\DMA_IRQ_Handler.o
                0x08000630                Rcvr_DSP
                0x08000814                Xmit_SSB
                0x080009dc                Xmit_CW
                0x08000cdc                Xmit_PSK
                0x08001078                DMA1_Stream0_IRQHandler
 .text          0x08001148       0x34 obj\.\src\DMA_Test_Pins.o
                0x08001148                TEST_GPIO_Init
 .text          0x0800117c       0xd0 obj\.\src\DSP_Processing.o
                0x0800117c                Process_FIR_I
                0x08001198                Process_FIR_Q
                0x080011b4                Sideband_Demod
                0x080011f4                Process_FFT
 *fill*         0x0800124c        0x4 00
 .text          0x08001250      0xa18 obj\.\src\Encoder_1.o
                0x08001250                Encoder1_GPIO_Config
                0x080012ec                Set_Initial_SI570_Data
                0x08001370                check_SS1
                0x0800138c                process_encoder1
                0x0800176c                process_SS1
                0x08001ae8                init_encoder1
                0x08001bd8                Increase_Step
                0x08001c1c                Decrease_Step
 .text          0x08001c68      0x990 obj\.\src\Encoder_2.o
                0x08001c68                Encoder2_GPIO_Config
                0x08001ce8                Set_Initial_IQ_Data
                0x08001d18                Set_Minimums
                0x08001d50                Set_Maximums
                0x08001d88                Set_IQ_Units
                0x08001db8                check_SS2
                0x08001dd4                process_encoder2
                0x08002350                process_SS2
                0x080024b4                init_encoder2
                0x080025b8                Store_Defaults
 .text          0x080025f8        0x0 obj\.\src\FIR_Coefficients.o
 .text          0x080025f8      0x334 obj\.\src\Init_Codec.o
                0x080025f8                Codec_GPIO_Init
                0x08002628                Codec_Reset
                0x08002650                Codec_Init
 .text          0x0800292c      0x154 obj\.\src\Init_DMA.o
                0x0800292c                Audio_DMA_Init
                0x08002a70                Audio_DMA_Start
 .text          0x08002a80      0x7c8 obj\.\src\Init_I2C.o
                0x08002a80                I2C_GPIO_Init
                0x08002acc                I2C_Cntrl_Init
                0x08002b2c                I2C_WriteRegister
                0x08002c4c                I2C_WriteRegister_N
                0x08002d78                I2C_ReadSlave
                0x08002f20                I2C_ReadEEProm
                0x080030f4                Delay
                0x08003110                I2C_WriteEEProm
 .text          0x08003248       0xd4 obj\.\src\Init_I2S.o
                0x08003248                I2S_GPIO_Init
                0x080032b8                Codec_AudioInterface_Init
 .text          0x0800331c       0xa0 obj\.\src\ModeSelect.o
                0x0800331c                Init_Mode
                0x08003380                Set_Mode_Display
 *fill*         0x080033bc        0x4 00
 .text          0x080033c0      0x140 obj\.\src\PSKMod.o
                0x080033c0                InitPSKModulator
                0x0800341c                GetTxChar
                0x0800343c                GetNextBPSKSymbol
                0x08003484                Update_PSK
 .text          0x08003500     0x1648 obj\.\src\PSK_Det.o
                0x08003500                SetSampleClkAdj
                0x080035a0                CPSKInitDet
                0x08003648                SetRXFrequency
                0x08003720                SetAFCLimit
                0x080037f4                ResetDetector
                0x0800385c                InitPSK
                0x080039e4                ResetModem
                0x08003a24                CalcFFreqError
                0x08003c5c                CalcFreqError
                0x08003ebc                CalcAGC
                0x08003ff8                SymbSync
                0x08004228                CalcQuality
                0x08004608                DecodeSymb
                0x08004870                ProcPSKDet
 .text          0x08004b48      0x4f8 obj\.\src\Si570.o
                0x08004b48                Recall_F0
                0x08004b76                Set_HS_DIV_N1
                0x08004c7c                Pack_Si570_registers
                0x08004d60                Unpack_Si570_registers
                0x08004e0c                Check_SI570
                0x08004e20                Read_Si570_registers
                0x08004e3c                Compute_FXTAL
                0x08004ea4                Large_RFREQ_Change
                0x08004f18                Write_Si570_registers
                0x08004f7c                Output_Frequency
                0x08005004                Si570_StartUp
 .text          0x08005040        0x0 obj\.\src\Sine_table.o
 .text          0x08005040     0x1198 obj\.\src\TFT_Display.o
                0x08005040                LCD_WriteRAM_Prepare
                0x0800504a                LCD_WriteRAM
                0x08005054                LCD_WriteReg
                0x08005062                LCD_DisplayOn
                0x08005076                LCD_DisplayOff
                0x08005088                LCD_SetColors
                0x080050b4                LCD_GetColors
                0x080050d0                LCD_SetTextColor
                0x080050e8                LCD_SetBackColor
                0x08005100                LCD_CharSize
                0x08005118                LCD_SetCursor
                0x08005130                PutPixel
                0x08005164                Pixel
                0x0800518e                LCD_PutChar
                0x080053a4                LCD_StringLine
                0x080053fc                LCD_DrawFFT
                0x080054b8                LCD_DrawLine
                0x08005528                LCD_DrawRect
                0x08005594                LCD_DrawSquare
                0x080055fe                LCD_DrawCircle
                0x080056c8                LCD_DrawFullRect
                0x0800570c                LCD_DrawFullSquare
                0x08005748                LCD_DrawUniLine
                0x08005896                LCD_DrawFullCircle
                0x0800592a                LCD_CtrlLinesConfig
                0x08005a84                LCD_FSMCConfig
                0x08005aee                LCD_PolyLine
                0x08005b1a                LCD_ClosedPolyLine
                0x08005b3a                LCD_PolyLineRelative
                0x08005b3e                LCD_ClosedPolyLineRelative
                0x08005b42                LCD_FillPolyLine
                0x08005d18                LCD_BackLight
                0x08005d54                TIM_Config
                0x08005e28                LCD_SetDisplayWindow
                0x08005e80                TFT_Delay
                0x08005e9c                LCD_Clear
                0x08005ec8                LCD_Reset
                0x08005ef0                LCD_Init
                0x080060dc                Plot_String
                0x080060fc                Plot_Integer
                0x0800617c                Plot_Freq
 .text          0x080061d8       0xb8 obj\.\src\User_Button.o
                0x080061d8                User_Button_Config
                0x08006214                BT_Flag_Config
                0x0800624c                Check_BT_Flag
                0x08006268                EXTI0_IRQHandler
 .text          0x08006290      0x124 obj\.\src\eeprom.o
                0x08006290                Write_Int_EEProm
                0x080062ac                Read_Int_EEProm
                0x080062ca                Write_Long_EEProm
                0x080062fc                Read_Long_EEProm
                0x08006334                Store_SI570_Data
                0x08006354                Read_SI570_Data
                0x08006374                Store_IQ_Data
                0x08006394                Read_IQ_Data
 *fill*         0x080063b4        0x4 00
 .text          0x080063b8      0x1a0 obj\.\src\main.o
                0x080063b8                main_delay
                0x080063d4                displaySplashScreen
                0x0800640c                initializeHardware
 .text          0x08006558       0x12 obj\.\src\stm32f4xx_it.o
                0x08006558                NMI_Handler
                0x0800655a                HardFault_Handler
                0x0800655c                MemManage_Handler
                0x0800655e                BusFault_Handler
                0x08006560                UsageFault_Handler
                0x08006562                SVC_Handler
                0x08006564                DebugMon_Handler
                0x08006566                PendSV_Handler
                0x08006568                SysTick_Handler
 *fill*         0x0800656a        0x2 00
 .text          0x0800656c      0x198 obj\.\src\system_stm32f4xx.o
                0x0800656c                SystemInit
                0x08006690                SystemCoreClockUpdate
 *fill*         0x08006704        0x4 00
 .text          0x08006708      0x740 obj\.\src\touch_pad.o
                0x080067b4                touch_init
                0x080068b8                touch_interrupt_init
                0x08006904                Read_X
                0x0800693c                Read_Y
                0x08006974                TP_GetAdXY
                0x08006990                Read_Ads7846
                0x08006ad4                Draw_Touch_Point
                0x08006b50                GetTouchPoint
                0x08006dc8                EXTI9_5_IRQHandler
                0x08006e40                TouchPanel_Calibrate
 .text          0x08006e48      0x178 obj\.\src\uart.o
                0x08006e48                uart_putc
                0x08006e64                uart_init
                0x08006f58                uart_deinit
                0x08006f68                USART2_IRQHandler
 .text          0x08006fc0      0x300 obj\.\src\xprintf.o
                0x08006fc0                xputc
                0x08006ff0                xputs
                0x080071ac                xfputs
                0x080071cc                xprintf
                0x080071e4                xsprintf
                0x08007210                xfprintf
                0x08007238                put_dump
 .text          0x080072c0       0xc4 .\externals\libs\libstm32f4xx_peripherals.a(misc.o)
                0x080072c0                NVIC_PriorityGroupConfig
                0x080072d4                NVIC_Init
                0x08007340                NVIC_SetVectorTable
                0x08007354                NVIC_SystemLPConfig
                0x0800736c                SysTick_CLKSourceConfig
 .text          0x08007384      0x330 .\externals\libs\libstm32f4xx_peripherals.a(stm32f4xx_dma.o)
                0x08007384                DMA_DeInit
                0x0800749c                DMA_Init
                0x080074f0                DMA_StructInit
                0x08007512                DMA_Cmd
                0x08007524                DMA_PeriphIncOffsetSizeConfig
                0x08007536                DMA_FlowControllerConfig
                0x08007548                DMA_SetCurrDataCounter
                0x0800754c                DMA_GetCurrDataCounter
                0x08007552                DMA_DoubleBufferModeConfig
                0x08007566                DMA_DoubleBufferModeCmd
                0x08007578                DMA_MemoryTargetConfig
                0x08007582                DMA_GetCurrentMemoryTarget
                0x0800758a                DMA_GetCmdStatus
                0x08007592                DMA_GetFIFOStatus
                0x0800759a                DMA_GetFlagStatus
                0x080075d0                DMA_ClearFlag
                0x08007600                DMA_ITConfig
                0x0800762e                DMA_GetITStatus
                0x08007684                DMA_ClearITPendingBit
 .text          0x080076b4       0xf8 .\externals\libs\libstm32f4xx_peripherals.a(stm32f4xx_exti.o)
                0x080076b4                EXTI_DeInit
                0x080076d0                EXTI_Init
                0x08007748                EXTI_StructInit
                0x08007756                EXTI_GenerateSWInterrupt
                0x08007764                EXTI_GetFlagStatus
                0x08007778                EXTI_ClearFlag
                0x08007784                EXTI_GetITStatus
                0x080077a0                EXTI_ClearITPendingBit
 .text          0x080077ac      0x464 .\externals\libs\libstm32f4xx_peripherals.a(stm32f4xx_fsmc.o)
                0x080077ac                FSMC_NORSRAMDeInit
                0x080077da                FSMC_NORSRAMInit
                0x0800788c                FSMC_NORSRAMStructInit
                0x080078da                FSMC_NORSRAMCmd
                0x080078fc                FSMC_NANDDeInit
                0x08007924                FSMC_NANDInit
                0x0800798c                FSMC_NANDStructInit
                0x080079b6                FSMC_NANDCmd
                0x080079e8                FSMC_NANDECCCmd
                0x08007a1c                FSMC_GetECC
                0x08007a34                FSMC_PCCARDDeInit
                0x08007a50                FSMC_PCCARDInit
                0x08007ab8                FSMC_PCCARDStructInit
                0x08007ae2                FSMC_PCCARDCmd
                0x08007b00                FSMC_ITConfig
                0x08007b4c                FSMC_GetFlagStatus
                0x08007b78                FSMC_ClearFlag
                0x08007ba8                FSMC_GetITStatus
                0x08007bdc                FSMC_ClearITPendingBit
 .text          0x08007c10      0x204 .\externals\libs\libstm32f4xx_peripherals.a(stm32f4xx_gpio.o)
                0x08007c10                GPIO_DeInit
                0x08007ce8                GPIO_Init
                0x08007d70                GPIO_StructInit
                0x08007d82                GPIO_PinLockConfig
                0x08007da6                GPIO_ReadInputDataBit
                0x08007db2                GPIO_ReadInputData
                0x08007db8                GPIO_ReadOutputDataBit
                0x08007dc4                GPIO_ReadOutputData
                0x08007dca                GPIO_SetBits
                0x08007dce                GPIO_ResetBits
                0x08007dd2                GPIO_WriteBit
                0x08007ddc                GPIO_Write
                0x08007de0                GPIO_ToggleBits
                0x08007de8                GPIO_PinAFConfig
 .text          0x08007e14      0x3d4 .\externals\libs\libstm32f4xx_peripherals.a(stm32f4xx_i2c.o)
                0x08007e14                I2C_DeInit
                0x08007e70                I2C_Init
                0x08007f3c                I2C_StructInit
                0x08007f58                I2C_Cmd
                0x08007f70                I2C_GenerateSTART
                0x08007f88                I2C_GenerateSTOP
                0x08007fa0                I2C_Send7bitAddress
                0x08007fb0                I2C_AcknowledgeConfig
                0x08007fc8                I2C_OwnAddress2Config
                0x08007fda                I2C_DualAddressCmd
                0x08007ff2                I2C_GeneralCallCmd
                0x0800800a                I2C_SoftwareResetCmd
                0x08008022                I2C_StretchClockCmd
                0x0800803a                I2C_FastModeDutyCycleConfig
                0x08008056                I2C_NACKPositionConfig
                0x08008072                I2C_SMBusAlertConfig
                0x0800808e                I2C_ARPCmd
                0x080080a6                I2C_SendData
                0x080080aa                I2C_ReceiveData
                0x080080b0                I2C_TransmitPEC
                0x080080c8                I2C_PECPositionConfig
                0x080080e4                I2C_CalculatePEC
                0x080080fc                I2C_GetPEC
                0x08008104                I2C_DMACmd
                0x0800811c                I2C_DMALastTransferCmd
                0x08008134                I2C_ReadRegister
                0x0800814c                I2C_ITConfig
                0x0800815e                I2C_CheckEvent
                0x08008178                I2C_GetLastEvent
                0x08008188                I2C_GetFlagStatus
                0x080081bc                I2C_ClearFlag
                0x080081c4                I2C_GetITStatus
                0x080081e0                I2C_ClearITPendingBit
 .text          0x080081e8      0x454 .\externals\libs\libstm32f4xx_peripherals.a(stm32f4xx_rcc.o)
                0x080081e8                RCC_DeInit
                0x0800821c                RCC_HSEConfig
                0x0800822c                RCC_AdjustHSICalibrationValue
                0x08008240                RCC_HSICmd
                0x0800824c                RCC_LSEConfig
                0x0800826c                RCC_LSICmd
                0x08008278                RCC_PLLConfig
                0x08008298                RCC_PLLCmd
                0x080082a4                RCC_PLLI2SConfig
                0x080082b8                RCC_PLLI2SCmd
                0x080082c4                RCC_ClockSecuritySystemCmd
                0x080082d0                RCC_MCO1Config
                0x080082e4                RCC_MCO2Config
                0x080082f8                RCC_SYSCLKConfig
                0x0800830c                RCC_GetSYSCLKSource
                0x0800831c                RCC_HCLKConfig
                0x08008330                RCC_PCLK1Config
                0x08008344                RCC_PCLK2Config
                0x08008358                RCC_GetClocksFreq
                0x080083e4                RCC_RTCCLKConfig
                0x08008414                RCC_RTCCLKCmd
                0x08008420                RCC_BackupResetCmd
                0x0800842c                RCC_I2SCLKConfig
                0x08008438                RCC_AHB1PeriphClockCmd
                0x08008450                RCC_AHB2PeriphClockCmd
                0x08008468                RCC_AHB3PeriphClockCmd
                0x08008480                RCC_APB1PeriphClockCmd
                0x08008498                RCC_APB2PeriphClockCmd
                0x080084b0                RCC_AHB1PeriphResetCmd
                0x080084c8                RCC_AHB2PeriphResetCmd
                0x080084e0                RCC_AHB3PeriphResetCmd
                0x080084f8                RCC_APB1PeriphResetCmd
                0x08008510                RCC_APB2PeriphResetCmd
                0x08008528                RCC_AHB1PeriphClockLPModeCmd
                0x08008540                RCC_AHB2PeriphClockLPModeCmd
                0x08008558                RCC_AHB3PeriphClockLPModeCmd
                0x08008570                RCC_APB1PeriphClockLPModeCmd
                0x08008588                RCC_APB2PeriphClockLPModeCmd
                0x080085a0                RCC_ITConfig
                0x080085b8                RCC_GetFlagStatus
                0x080085e0                RCC_WaitForHSEStartUp
                0x0800860c                RCC_ClearFlag
                0x0800861c                RCC_GetITStatus
                0x08008630                RCC_ClearITPendingBit
 .text          0x0800863c      0x354 .\externals\libs\libstm32f4xx_peripherals.a(stm32f4xx_spi.o)
                0x0800863c                SPI_I2S_DeInit
                0x080086a0                SPI_Init
                0x080086de                I2S_Init
                0x080087ac                SPI_StructInit
                0x080087c4                I2S_StructInit
                0x080087d6                SPI_Cmd
                0x080087ee                I2S_Cmd
                0x08008806                SPI_DataSizeConfig
                0x0800881c                SPI_BiDirectionalLineConfig
                0x08008838                SPI_NSSInternalSoftwareConfig
                0x08008856                SPI_SSOutputCmd
                0x0800886e                SPI_TIModeCmd
                0x08008886                I2S_FullDuplexConfig
                0x080088d0                SPI_I2S_ReceiveData
                0x080088d6                SPI_I2S_SendData
                0x080088da                SPI_CalculateCRC
                0x080088f2                SPI_TransmitCRC
                0x080088fe                SPI_GetCRC
                0x0800890e                SPI_GetCRCPolynomial
                0x08008914                SPI_I2S_DMACmd
                0x08008926                SPI_I2S_ITConfig
                0x08008944                SPI_I2S_GetFlagStatus
                0x08008950                SPI_I2S_ClearFlag
                0x08008958                SPI_I2S_GetITStatus
                0x0800897e                SPI_I2S_ClearITPendingBit
 .text          0x08008990       0x80 .\externals\libs\libstm32f4xx_peripherals.a(stm32f4xx_syscfg.o)
                0x08008990                SYSCFG_DeInit
                0x080089aa                SYSCFG_MemoryRemapConfig
                0x080089b4                SYSCFG_EXTILineConfig
                0x080089e8                SYSCFG_ETH_MediaInterfaceConfig
                0x080089f4                SYSCFG_CompensationCellCmd
                0x08008a00                SYSCFG_GetCompensationCellStatus
 .text          0x08008a10      0xb0c .\externals\libs\libstm32f4xx_peripherals.a(stm32f4xx_tim.o)
                0x08008a7c                TIM_DeInit
                0x08008bd0                TIM_TimeBaseInit
                0x08008c4c                TIM_TimeBaseStructInit
                0x08008c5e                TIM_PrescalerConfig
                0x08008c64                TIM_CounterModeConfig
                0x08008c74                TIM_SetCounter
                0x08008c78                TIM_SetAutoreload
                0x08008c7c                TIM_GetCounter
                0x08008c80                TIM_GetPrescaler
                0x08008c86                TIM_UpdateDisableConfig
                0x08008c9e                TIM_UpdateRequestConfig
                0x08008cb6                TIM_ARRPreloadConfig
                0x08008cce                TIM_SelectOnePulseMode
                0x08008ce4                TIM_SetClockDivision
                0x08008cfa                TIM_Cmd
                0x08008d12                TIM_OC1Init
                0x08008d84                TIM_OC2Init
                0x08008e0c                TIM_OC3Init
                0x08008e90                TIM_OC4Init
                0x08008ef8                TIM_OCStructInit
                0x08008f0c                TIM_SelectOCxM
                0x08008f52                TIM_SetCompare1
                0x08008f56                TIM_SetCompare2
                0x08008f5a                TIM_SetCompare3
                0x08008f5e                TIM_SetCompare4
                0x08008f62                TIM_ForcedOC1Config
                0x08008f72                TIM_ForcedOC2Config
                0x08008f86                TIM_ForcedOC3Config
                0x08008f96                TIM_ForcedOC4Config
                0x08008faa                TIM_OC1PreloadConfig
                0x08008fba                TIM_OC2PreloadConfig
                0x08008fce                TIM_OC3PreloadConfig
                0x08008fde                TIM_OC4PreloadConfig
                0x08008ff2                TIM_OC1FastConfig
                0x08009002                TIM_OC2FastConfig
                0x08009016                TIM_OC3FastConfig
                0x08009026                TIM_OC4FastConfig
                0x0800903a                TIM_ClearOC1Ref
                0x0800904a                TIM_ClearOC2Ref
                0x0800905a                TIM_ClearOC3Ref
                0x0800906a                TIM_ClearOC4Ref
                0x0800907a                TIM_OC1PolarityConfig
                0x0800908a                TIM_OC1NPolarityConfig
                0x0800909a                TIM_OC2PolarityConfig
                0x080090ae                TIM_OC2NPolarityConfig
                0x080090c2                TIM_OC3PolarityConfig
                0x080090d6                TIM_OC3NPolarityConfig
                0x080090ea                TIM_OC4PolarityConfig
                0x080090fe                TIM_CCxCmd
                0x0800911c                TIM_CCxNCmd
                0x0800913a                TIM_ICStructInit
                0x0800914a                TIM_GetCapture1
                0x0800914e                TIM_GetCapture2
                0x08009152                TIM_GetCapture3
                0x08009156                TIM_GetCapture4
                0x0800915a                TIM_SetIC1Prescaler
                0x08009170                TIM_SetIC2Prescaler
                0x0800918a                TIM_PWMIConfig
                0x080091f4                TIM_SetIC3Prescaler
                0x0800920a                TIM_SetIC4Prescaler
                0x08009224                TIM_ICInit
                0x080092da                TIM_BDTRConfig
                0x080092fc                TIM_BDTRStructInit
                0x0800930e                TIM_CtrlPWMOutputs
                0x0800932a                TIM_SelectCOM
                0x08009342                TIM_CCPreloadControl
                0x0800935a                TIM_ITConfig
                0x0800936c                TIM_GenerateEvent
                0x08009370                TIM_GetFlagStatus
                0x0800937c                TIM_ClearFlag
                0x08009384                TIM_GetITStatus
                0x0800939a                TIM_ClearITPendingBit
                0x080093a2                TIM_DMAConfig
                0x080093aa                TIM_DMACmd
                0x080093bc                TIM_SelectCCDMA
                0x080093d4                TIM_InternalClockConfig
                0x080093e2                TIM_ITRxExternalClockConfig
                0x080093fc                TIM_TIxExternalClockConfig
                0x0800942e                TIM_SelectInputTrigger
                0x0800943e                TIM_SelectOutputTrigger
                0x08009454                TIM_SelectSlaveMode
                0x0800946a                TIM_SelectMasterSlaveMode
                0x08009480                TIM_ETRConfig
                0x08009494                TIM_ETRClockMode2Config
                0x080094a8                TIM_ETRClockMode1Config
                0x080094c2                TIM_EncoderInterfaceConfig
                0x080094fe                TIM_SelectHallSensor
                0x08009516                TIM_RemapConfig
 .text          0x0800951c      0x3b8 .\externals\libs\libstm32f4xx_peripherals.a(stm32f4xx_usart.o)
                0x0800951c                USART_DeInit
                0x080095c4                USART_Init
                0x0800967c                USART_StructInit
                0x08009692                USART_ClockInit
                0x080096b2                USART_ClockStructInit
                0x080096be                USART_Cmd
                0x080096d6                USART_SetPrescaler
                0x080096e8                USART_OverSampling8Cmd
                0x08009700                USART_OneBitMethodCmd
                0x08009718                USART_SendData
                0x08009720                USART_ReceiveData
                0x08009728                USART_SetAddress
                0x0800973e                USART_ReceiverWakeUpCmd
                0x08009756                USART_WakeUpConfig
                0x0800976c                USART_LINBreakDetectLengthConfig
                0x08009782                USART_LINCmd
                0x0800979a                USART_SendBreak
                0x080097a6                USART_HalfDuplexCmd
                0x080097be                USART_SetGuardTime
                0x080097d0                USART_SmartCardCmd
                0x080097e8                USART_SmartCardNACKCmd
                0x08009800                USART_IrDAConfig
                0x08009816                USART_IrDACmd
                0x0800982e                USART_DMACmd
                0x08009840                USART_ITConfig
                0x08009872                USART_GetFlagStatus
                0x0800987e                USART_ClearFlag
                0x08009886                USART_GetITStatus
                0x080098c4                USART_ClearITPendingBit
 .text          0x080098d4       0xdc .\externals\libs\libstm32f4xx_math.a(arm_cmplx_mag_squared_q15.o)
                0x080098d4                arm_cmplx_mag_squared_q15
 .text          0x080099b0      0x100 .\externals\libs\libstm32f4xx_math.a(arm_shift_q15.o)
                0x080099b0                arm_shift_q15
 .text          0x08009ab0      0x164 .\externals\libs\libstm32f4xx_math.a(arm_fir_decimate_q15.o)
                0x08009ab0                arm_fir_decimate_q15
 .text          0x08009c14      0x376 .\externals\libs\libstm32f4xx_math.a(arm_fir_q15.o)
                0x08009c14                arm_fir_q15
 .text          0x08009f8a      0x7be .\externals\libs\libstm32f4xx_math.a(arm_cfft_radix4_q15.o)
                0x08009f8a                arm_radix4_butterfly_q15
                0x0800a31e                arm_radix4_butterfly_inverse_q15
                0x0800a6b2                arm_bitreversal_q15
                0x0800a714                arm_cfft_radix4_q15
 .text          0x0800a748       0x6c .\externals\libs\libstm32f4xx_math.a(arm_cfft_radix4_init_q15.o)
                0x0800a748                arm_cfft_radix4_init_q15
 .text          0x0800a7b4        0x0 .\externals\libs\libstm32f4xx_math.a(arm_common_tables.o)
 .text          0x0800a7b4        0x0 d:/program files (x86)/gnu tools arm embedded/4.6 2012q4/bin/../lib/gcc/arm-none-eabi/4.6.2/../../../../arm-none-eabi/lib/armv7e-m/fpu\libm.a(lib_a-w_atan2.o)
 .text          0x0800a7b4        0x0 d:/program files (x86)/gnu tools arm embedded/4.6 2012q4/bin/../lib/gcc/arm-none-eabi/4.6.2/../../../../arm-none-eabi/lib/armv7e-m/fpu\libm.a(lib_a-w_fmod.o)
 .text          0x0800a7b4        0x0 d:/program files (x86)/gnu tools arm embedded/4.6 2012q4/bin/../lib/gcc/arm-none-eabi/4.6.2/../../../../arm-none-eabi/lib/armv7e-m/fpu\libm.a(lib_a-w_log.o)
 .text          0x0800a7b4        0x0 d:/program files (x86)/gnu tools arm embedded/4.6 2012q4/bin/../lib/gcc/arm-none-eabi/4.6.2/../../../../arm-none-eabi/lib/armv7e-m/fpu\libm.a(lib_a-w_sqrt.o)
 .text          0x0800a7b4        0x0 d:/program files (x86)/gnu tools arm embedded/4.6 2012q4/bin/../lib/gcc/arm-none-eabi/4.6.2/../../../../arm-none-eabi/lib/armv7e-m/fpu\libm.a(lib_a-e_atan2.o)
 .text          0x0800a7b4        0x0 d:/program files (x86)/gnu tools arm embedded/4.6 2012q4/bin/../lib/gcc/arm-none-eabi/4.6.2/../../../../arm-none-eabi/lib/armv7e-m/fpu\libm.a(lib_a-e_fmod.o)
 .text          0x0800a7b4        0x0 d:/program files (x86)/gnu tools arm embedded/4.6 2012q4/bin/../lib/gcc/arm-none-eabi/4.6.2/../../../../arm-none-eabi/lib/armv7e-m/fpu\libm.a(lib_a-e_log.o)
 .text          0x0800a7b4        0x0 d:/program files (x86)/gnu tools arm embedded/4.6 2012q4/bin/../lib/gcc/arm-none-eabi/4.6.2/../../../../arm-none-eabi/lib/armv7e-m/fpu\libm.a(lib_a-e_sqrt.o)
 .text          0x0800a7b4        0x0 d:/program files (x86)/gnu tools arm embedded/4.6 2012q4/bin/../lib/gcc/arm-none-eabi/4.6.2/../../../../arm-none-eabi/lib/armv7e-m/fpu\libm.a(lib_a-s_atan.o)
 .text          0x0800a7b4        0x0 d:/program files (x86)/gnu tools arm embedded/4.6 2012q4/bin/../lib/gcc/arm-none-eabi/4.6.2/../../../../arm-none-eabi/lib/armv7e-m/fpu\libm.a(lib_a-s_fabs.o)
 .text          0x0800a7b4        0x0 d:/program files (x86)/gnu tools arm embedded/4.6 2012q4/bin/../lib/gcc/arm-none-eabi/4.6.2/../../../../arm-none-eabi/lib/armv7e-m/fpu\libm.a(lib_a-s_fpclassify.o)
 .text          0x0800a7b4        0x0 d:/program files (x86)/gnu tools arm embedded/4.6 2012q4/bin/../lib/gcc/arm-none-eabi/4.6.2/../../../../arm-none-eabi/lib/armv7e-m/fpu\libm.a(lib_a-s_lib_ver.o)
 .text          0x0800a7b4        0x0 d:/program files (x86)/gnu tools arm embedded/4.6 2012q4/bin/../lib/gcc/arm-none-eabi/4.6.2/../../../../arm-none-eabi/lib/armv7e-m/fpu\libm.a(lib_a-s_matherr.o)
 .text          0x0800a7b4        0x0 d:/program files (x86)/gnu tools arm embedded/4.6 2012q4/bin/../lib/gcc/arm-none-eabi/4.6.2/../../../../arm-none-eabi/lib/armv7e-m/fpu\libm.a(lib_a-s_nan.o)
 .text          0x0800a7b4      0x370 d:/program files (x86)/gnu tools arm embedded/4.6 2012q4/bin/../lib/gcc/arm-none-eabi/4.6.2/armv7e-m/fpu\libgcc.a(_arm_addsubdf3.o)
                0x0800a7b4                __aeabi_drsub
                0x0800a7bc                __aeabi_dsub
                0x0800a7bc                __subdf3
                0x0800a7c0                __aeabi_dadd
                0x0800a7c0                __adddf3
                0x0800aa38                __floatunsidf
                0x0800aa38                __aeabi_ui2d
                0x0800aa58                __floatsidf
                0x0800aa58                __aeabi_i2d
                0x0800aa7c                __aeabi_f2d
                0x0800aa7c                __extendsfdf2
                0x0800aab8                __floatundidf
                0x0800aab8                __aeabi_ul2d
                0x0800aac8                __floatdidf
                0x0800aac8                __aeabi_l2d
 .text          0x0800ab24      0x424 d:/program files (x86)/gnu tools arm embedded/4.6 2012q4/bin/../lib/gcc/arm-none-eabi/4.6.2/armv7e-m/fpu\libgcc.a(_arm_muldivdf3.o)
                0x0800ab24                __aeabi_dmul
                0x0800ab24                __muldf3
                0x0800ad78                __divdf3
                0x0800ad78                __aeabi_ddiv
 .text          0x0800af48      0x110 d:/program files (x86)/gnu tools arm embedded/4.6 2012q4/bin/../lib/gcc/arm-none-eabi/4.6.2/armv7e-m/fpu\libgcc.a(_arm_cmpdf2.o)
                0x0800af48                __gtdf2
                0x0800af48                __gedf2
                0x0800af50                __ltdf2
                0x0800af50                __ledf2
                0x0800af58                __nedf2
                0x0800af58                __eqdf2
                0x0800af58                __cmpdf2
                0x0800afd4                __aeabi_cdrcmple
                0x0800afe4                __aeabi_cdcmpeq
                0x0800afe4                __aeabi_cdcmple
                0x0800aff4                __aeabi_dcmpeq
                0x0800b008                __aeabi_dcmplt
                0x0800b01c                __aeabi_dcmple
                0x0800b030                __aeabi_dcmpge
                0x0800b044                __aeabi_dcmpgt
 .text          0x0800b058       0x50 d:/program files (x86)/gnu tools arm embedded/4.6 2012q4/bin/../lib/gcc/arm-none-eabi/4.6.2/armv7e-m/fpu\libgcc.a(_arm_fixdfsi.o)
                0x0800b058                __aeabi_d2iz
                0x0800b058                __fixdfsi
 .text          0x0800b0a8       0x40 d:/program files (x86)/gnu tools arm embedded/4.6 2012q4/bin/../lib/gcc/arm-none-eabi/4.6.2/armv7e-m/fpu\libgcc.a(_arm_fixunsdfsi.o)
                0x0800b0a8                __aeabi_d2uiz
                0x0800b0a8                __fixunsdfsi
 .text          0x0800b0e8       0xa0 d:/program files (x86)/gnu tools arm embedded/4.6 2012q4/bin/../lib/gcc/arm-none-eabi/4.6.2/armv7e-m/fpu\libgcc.a(_arm_truncdfsf2.o)
                0x0800b0e8                __truncdfsf2
                0x0800b0e8                __aeabi_d2f
 .text          0x0800b188        0x0 d:/program files (x86)/gnu tools arm embedded/4.6 2012q4/bin/../lib/gcc/arm-none-eabi/4.6.2/../../../../arm-none-eabi/lib/armv7e-m/fpu\libc.a(lib_a-errno.o)
 .text          0x0800b188        0x0 d:/program files (x86)/gnu tools arm embedded/4.6 2012q4/bin/../lib/gcc/arm-none-eabi/4.6.2/../../../../arm-none-eabi/lib/armv7e-m/fpu\libc.a(lib_a-impure.o)
 .text          0x0800b188        0x0 d:/program files (x86)/gnu tools arm embedded/4.6 2012q4/bin/../lib/gcc/arm-none-eabi/4.6.2/../../../../arm-none-eabi/lib/armv7e-m/fpu\libc.a(lib_a-memcpy.o)
 .text          0x0800b188        0x0 d:/program files (x86)/gnu tools arm embedded/4.6 2012q4/bin/../lib/gcc/arm-none-eabi/4.6.2/../../../../arm-none-eabi/lib/armv7e-m/fpu\libc.a(lib_a-memset.o)
 *(.text*)
 .text.Reset_Vector
                0x0800b188       0x44 obj\.\startup\startup_stm32f4xx.o
                0x0800b188                Reset_Vector
 .text.Default_Handler
                0x0800b1cc        0x2 obj\.\startup\startup_stm32f4xx.o
                0x0800b1cc                RTC_Alarm_IRQHandler
                0x0800b1cc                HASH_RNG_IRQHandler
                0x0800b1cc                EXTI2_IRQHandler
                0x0800b1cc                TIM8_CC_IRQHandler
                0x0800b1cc                TIM1_CC_IRQHandler
                0x0800b1cc                DMA2_Stream5_IRQHandler
                0x0800b1cc                DMA1_Stream5_IRQHandler
                0x0800b1cc                PVD_IRQHandler
                0x0800b1cc                SDIO_IRQHandler
                0x0800b1cc                TAMP_STAMP_IRQHandler
                0x0800b1cc                CAN2_RX1_IRQHandler
                0x0800b1cc                EXTI3_IRQHandler
                0x0800b1cc                TIM8_TRG_COM_TIM14_IRQHandler
                0x0800b1cc                TIM1_UP_TIM10_IRQHandler
                0x0800b1cc                TIM8_UP_TIM13_IRQHandler
                0x0800b1cc                I2C3_ER_IRQHandler
                0x0800b1cc                I2C2_EV_IRQHandler
                0x0800b1cc                DMA1_Stream2_IRQHandler
                0x0800b1cc                CAN1_RX0_IRQHandler
                0x0800b1cc                FPU_IRQHandler
                0x0800b1cc                OTG_HS_WKUP_IRQHandler
                0x0800b1cc                CAN2_SCE_IRQHandler
                0x0800b1cc                DMA2_Stream2_IRQHandler
                0x0800b1cc                SPI1_IRQHandler
                0x0800b1cc                TIM6_DAC_IRQHandler
                0x0800b1cc                TIM1_BRK_TIM9_IRQHandler
                0x0800b1cc                DCMI_IRQHandler
                0x0800b1cc                CAN2_RX0_IRQHandler
                0x0800b1cc                DMA2_Stream3_IRQHandler
                0x0800b1cc                USART6_IRQHandler
                0x0800b1cc                USART3_IRQHandler
                0x0800b1cc                CRYP_IRQHandler
                0x0800b1cc                CAN1_RX1_IRQHandler
                0x0800b1cc                UART5_IRQHandler
                0x0800b1cc                DMA2_Stream0_IRQHandler
                0x0800b1cc                TIM4_IRQHandler
                0x0800b1cc                I2C1_EV_IRQHandler
                0x0800b1cc                DMA1_Stream6_IRQHandler
                0x0800b1cc                DMA1_Stream1_IRQHandler
                0x0800b1cc                UART4_IRQHandler
                0x0800b1cc                TIM3_IRQHandler
                0x0800b1cc                RCC_IRQHandler
                0x0800b1cc                TIM8_BRK_TIM12_IRQHandler
                0x0800b1cc                EXTI15_10_IRQHandler
                0x0800b1cc                ADC_IRQHandler
                0x0800b1cc                DMA1_Stream7_IRQHandler
                0x0800b1cc                TIM7_IRQHandler
                0x0800b1cc                CAN2_TX_IRQHandler
                0x0800b1cc                TIM5_IRQHandler
                0x0800b1cc                DMA2_Stream7_IRQHandler
                0x0800b1cc                I2C3_EV_IRQHandler
                0x0800b1cc                RTC_WKUP_IRQHandler
                0x0800b1cc                ETH_WKUP_IRQHandler
                0x0800b1cc                SPI2_IRQHandler
                0x0800b1cc                OTG_HS_EP1_IN_IRQHandler
                0x0800b1cc                CAN1_TX_IRQHandler
                0x0800b1cc                EXTI4_IRQHandler
                0x0800b1cc                FSMC_IRQHandler
                0x0800b1cc                ETH_IRQHandler
                0x0800b1cc                OTG_HS_EP1_OUT_IRQHandler
                0x0800b1cc                WWDG_IRQHandler
                0x0800b1cc                TIM2_IRQHandler
                0x0800b1cc                OTG_FS_WKUP_IRQHandler
                0x0800b1cc                TIM1_TRG_COM_TIM11_IRQHandler
                0x0800b1cc                OTG_HS_IRQHandler
                0x0800b1cc                EXTI1_IRQHandler
                0x0800b1cc                I2C2_ER_IRQHandler
                0x0800b1cc                DMA2_Stream1_IRQHandler
                0x0800b1cc                CAN1_SCE_IRQHandler
                0x0800b1cc                FLASH_IRQHandler
                0x0800b1cc                DMA2_Stream4_IRQHandler
                0x0800b1cc                USART1_IRQHandler
                0x0800b1cc                OTG_FS_IRQHandler
                0x0800b1cc                SPI3_IRQHandler
                0x0800b1cc                DMA1_Stream4_IRQHandler
                0x0800b1cc                I2C1_ER_IRQHandler
                0x0800b1cc                DMA2_Stream6_IRQHandler
                0x0800b1cc                DMA1_Stream3_IRQHandler
 *fill*         0x0800b1ce        0x2 00
 .text.startup  0x0800b1d0      0x15c obj\.\src\main.o
                0x0800b1d0                main
 .text.atan2    0x0800b32c        0x4 d:/program files (x86)/gnu tools arm embedded/4.6 2012q4/bin/../lib/gcc/arm-none-eabi/4.6.2/../../../../arm-none-eabi/lib/armv7e-m/fpu\libm.a(lib_a-w_atan2.o)
                0x0800b32c                atan2
 .text.fmod     0x0800b330       0xd0 d:/program files (x86)/gnu tools arm embedded/4.6 2012q4/bin/../lib/gcc/arm-none-eabi/4.6.2/../../../../arm-none-eabi/lib/armv7e-m/fpu\libm.a(lib_a-w_fmod.o)
                0x0800b330                fmod
 .text.log      0x0800b400      0x10c d:/program files (x86)/gnu tools arm embedded/4.6 2012q4/bin/../lib/gcc/arm-none-eabi/4.6.2/../../../../arm-none-eabi/lib/armv7e-m/fpu\libm.a(lib_a-w_log.o)
                0x0800b400                log
 .text.sqrt     0x0800b50c       0xbc d:/program files (x86)/gnu tools arm embedded/4.6 2012q4/bin/../lib/gcc/arm-none-eabi/4.6.2/../../../../arm-none-eabi/lib/armv7e-m/fpu\libm.a(lib_a-w_sqrt.o)
                0x0800b50c                sqrt
 .text.__ieee754_atan2
                0x0800b5c8      0x200 d:/program files (x86)/gnu tools arm embedded/4.6 2012q4/bin/../lib/gcc/arm-none-eabi/4.6.2/../../../../arm-none-eabi/lib/armv7e-m/fpu\libm.a(lib_a-e_atan2.o)
                0x0800b5c8                __ieee754_atan2
 .text.__ieee754_fmod
                0x0800b7c8      0x2b8 d:/program files (x86)/gnu tools arm embedded/4.6 2012q4/bin/../lib/gcc/arm-none-eabi/4.6.2/../../../../arm-none-eabi/lib/armv7e-m/fpu\libm.a(lib_a-e_fmod.o)
                0x0800b7c8                __ieee754_fmod
 .text.__ieee754_log
                0x0800ba80      0x428 d:/program files (x86)/gnu tools arm embedded/4.6 2012q4/bin/../lib/gcc/arm-none-eabi/4.6.2/../../../../arm-none-eabi/lib/armv7e-m/fpu\libm.a(lib_a-e_log.o)
                0x0800ba80                __ieee754_log
 .text.__ieee754_sqrt
                0x0800bea8      0x1c4 d:/program files (x86)/gnu tools arm embedded/4.6 2012q4/bin/../lib/gcc/arm-none-eabi/4.6.2/../../../../arm-none-eabi/lib/armv7e-m/fpu\libm.a(lib_a-e_sqrt.o)
                0x0800bea8                __ieee754_sqrt
 *fill*         0x0800c06c        0x4 00
 .text.atan     0x0800c070      0x388 d:/program files (x86)/gnu tools arm embedded/4.6 2012q4/bin/../lib/gcc/arm-none-eabi/4.6.2/../../../../arm-none-eabi/lib/armv7e-m/fpu\libm.a(lib_a-s_atan.o)
                0x0800c070                atan
 .text.fabs     0x0800c3f8       0x14 d:/program files (x86)/gnu tools arm embedded/4.6 2012q4/bin/../lib/gcc/arm-none-eabi/4.6.2/../../../../arm-none-eabi/lib/armv7e-m/fpu\libm.a(lib_a-s_fabs.o)
                0x0800c3f8                fabs
 .text.__fpclassifyd
                0x0800c40c       0x70 d:/program files (x86)/gnu tools arm embedded/4.6 2012q4/bin/../lib/gcc/arm-none-eabi/4.6.2/../../../../arm-none-eabi/lib/armv7e-m/fpu\libm.a(lib_a-s_fpclassify.o)
                0x0800c40c                __fpclassifyd
 .text.matherr  0x0800c47c        0x4 d:/program files (x86)/gnu tools arm embedded/4.6 2012q4/bin/../lib/gcc/arm-none-eabi/4.6.2/../../../../arm-none-eabi/lib/armv7e-m/fpu\libm.a(lib_a-s_matherr.o)
                0x0800c47c                matherr
 .text.nan      0x0800c480       0x10 d:/program files (x86)/gnu tools arm embedded/4.6 2012q4/bin/../lib/gcc/arm-none-eabi/4.6.2/../../../../arm-none-eabi/lib/armv7e-m/fpu\libm.a(lib_a-s_nan.o)
                0x0800c480                nan
 .text.__errno  0x0800c490        0xc d:/program files (x86)/gnu tools arm embedded/4.6 2012q4/bin/../lib/gcc/arm-none-eabi/4.6.2/../../../../arm-none-eabi/lib/armv7e-m/fpu\libc.a(lib_a-errno.o)
                0x0800c490                __errno
 .text.memcpy   0x0800c49c       0x84 d:/program files (x86)/gnu tools arm embedded/4.6 2012q4/bin/../lib/gcc/arm-none-eabi/4.6.2/../../../../arm-none-eabi/lib/armv7e-m/fpu\libc.a(lib_a-memcpy.o)
                0x0800c49c                memcpy
 .text.memset   0x0800c520       0x90 d:/program files (x86)/gnu tools arm embedded/4.6 2012q4/bin/../lib/gcc/arm-none-eabi/4.6.2/../../../../arm-none-eabi/lib/armv7e-m/fpu\libc.a(lib_a-memset.o)
                0x0800c520                memset
 *(.rodata)
 .rodata        0x0800c5b0     0x2814 obj\.\src\AsciiLib.o
                0x0800cd1c                ASCII12x12
                0x0800dbf4                ASCII16x24
 .rodata        0x0800edc4        0xc obj\.\src\DMA_IRQ_Handler.o
                0x0800edc4                B
                0x0800edc8                A
                0x0800edcc                Amp0
 .rodata        0x0800edd0       0x10 obj\.\src\Encoder_1.o
 .rodata        0x0800ede0       0x10 obj\.\src\Encoder_2.o
 .rodata        0x0800edf0     0x207c obj\.\src\PSKMod.o
                0x0800edf0                PSKShapeTbl
                0x08010df4                PSKPhaseLookupTable
 .rodata        0x08010e6c      0x440 obj\.\src\PSK_Det.o
                0x08010e6c                VARICODE_TABLE
                0x0801126c                HALF_TBL
 .rodata        0x080112ac        0x8 obj\.\src\Si570.o
                0x080112ac                HS_DIV_VALUE_char
                0x080112b2                N1_VALUE_char
 .rodata        0x080112b4     0x4000 obj\.\src\Sine_table.o
                0x080112b4                Sine_table
 .rodata        0x080152b4       0x18 obj\.\src\uart.o
                0x080152b4                COM_RX_AF
                0x080152b6                COM_TX_AF
                0x080152b8                COM_RX_PIN_SOURCE
                0x080152ba                COM_TX_PIN_SOURCE
                0x080152bc                COM_RX_PIN
                0x080152be                COM_TX_PIN
                0x080152c0                COM_RX_PORT_CLK
                0x080152c4                COM_TX_PORT_CLK
                0x080152c8                COM_USART_CLK
 .rodata        0x080152cc     0x1000 .\externals\libs\libstm32f4xx_math.a(arm_cfft_radix4_init_q15.o)
 .rodata        0x080162cc      0x380 .\externals\libs\libstm32f4xx_math.a(arm_common_tables.o)
                0x080162cc                armRecipTableQ31
                0x080163cc                armRecipTableQ15
                0x0801644c                armBitRevTable
 *(.rodata*)
 .rodata.str1.1
                0x0801664c       0xbb obj\.\src\Encoder_1.o
 .rodata.str1.1
                0x08016707       0xc2 obj\.\src\Encoder_2.o
 .rodata.str1.1
                0x080167c9        0xd obj\.\src\ModeSelect.o
                                 0x1d (size before relaxing)
 .rodata.str1.1
                0x080167d6        0xb obj\.\src\TFT_Display.o
 .rodata.str1.1
                0x080167e1       0x32 obj\.\src\main.o
 .rodata.str1.1
                0x08016813       0x1d obj\.\src\touch_pad.o
                                 0x24 (size before relaxing)
 .rodata.str1.1
                0x08016830       0x1a obj\.\src\xprintf.o
 *fill*         0x0801684a        0x2 00
 .rodata.str1.4
                0x0801684c        0x5 d:/program files (x86)/gnu tools arm embedded/4.6 2012q4/bin/../lib/gcc/arm-none-eabi/4.6.2/../../../../arm-none-eabi/lib/armv7e-m/fpu\libm.a(lib_a-w_fmod.o)
                                  0x8 (size before relaxing)
 *fill*         0x08016851        0x3 00
 .rodata.str1.4
                0x08016854        0x4 d:/program files (x86)/gnu tools arm embedded/4.6 2012q4/bin/../lib/gcc/arm-none-eabi/4.6.2/../../../../arm-none-eabi/lib/armv7e-m/fpu\libm.a(lib_a-w_log.o)
                                  0x8 (size before relaxing)
 .rodata.str1.4
                0x08016858        0x5 d:/program files (x86)/gnu tools arm embedded/4.6 2012q4/bin/../lib/gcc/arm-none-eabi/4.6.2/../../../../arm-none-eabi/lib/armv7e-m/fpu\libm.a(lib_a-w_sqrt.o)
                                  0x8 (size before relaxing)
 *fill*         0x0801685d        0x3 00
 .rodata.Zero   0x08016860       0x10 d:/program files (x86)/gnu tools arm embedded/4.6 2012q4/bin/../lib/gcc/arm-none-eabi/4.6.2/../../../../arm-none-eabi/lib/armv7e-m/fpu\libm.a(lib_a-e_fmod.o)
 .rodata.atanlo
                0x08016870       0x20 d:/program files (x86)/gnu tools arm embedded/4.6 2012q4/bin/../lib/gcc/arm-none-eabi/4.6.2/../../../../arm-none-eabi/lib/armv7e-m/fpu\libm.a(lib_a-s_atan.o)
 .rodata.atanhi
                0x08016890       0x20 d:/program files (x86)/gnu tools arm embedded/4.6 2012q4/bin/../lib/gcc/arm-none-eabi/4.6.2/../../../../arm-none-eabi/lib/armv7e-m/fpu\libm.a(lib_a-s_atan.o)
 .rodata.str1.4
                0x080168b0        0x4 d:/program files (x86)/gnu tools arm embedded/4.6 2012q4/bin/../lib/gcc/arm-none-eabi/4.6.2/../../../../arm-none-eabi/lib/armv7e-m/fpu\libc.a(lib_a-impure.o)
 .rodata._global_impure_ptr
                0x080168b4        0x4 d:/program files (x86)/gnu tools arm embedded/4.6 2012q4/bin/../lib/gcc/arm-none-eabi/4.6.2/../../../../arm-none-eabi/lib/armv7e-m/fpu\libc.a(lib_a-impure.o)
                0x080168b4                _global_impure_ptr
 *(.glue_7)
 .glue_7        0x00000000        0x0 linker stubs
 *(.glue_7t)
 .glue_7t       0x00000000        0x0 linker stubs
 *(.eh_frame)
 *(.init)
 *(.fini)
                0x080168b8                . = ALIGN (0x4)
                0x080168b8                _end_of_code = .

.vfp11_veneer   0x080168b8        0x0
 .vfp11_veneer  0x00000000        0x0 linker stubs

.v4_bx          0x080168b8        0x0
 .v4_bx         0x00000000        0x0 linker stubs

.ARM.extab
 *(.ARM.extab* .gnu.linkonce.armextab.*)

.ARM            0x080168b8        0x0
                0x080168b8                __exidx_start = .
 *(.ARM.exidx*)
                0x080168b8                __exidx_end = .

.preinit_array  0x080168b8        0x0
                0x080168b8                PROVIDE (__preinit_array_start, .)
 *(.preinit_array*)
                0x080168b8                PROVIDE (__preinit_array_end, .)

.init_array     0x080168b8        0x0
                0x080168b8                PROVIDE (__init_array_start, .)
 *(SORT(.init_array.*))
 *(.init_array*)
                0x080168b8                PROVIDE (__init_array_end, .)

.fini_array     0x080168b8        0x0
                0x080168b8                PROVIDE (__fini_array_start, .)
 *(.fini_array*)
 *(SORT(.fini_array.*))
                0x080168b8                PROVIDE (__fini_array_end, .)
                0x080168b8                _sidata = .

.data           0x20000000      0x83c load address 0x080168b8
                0x20000000                . = ALIGN (0x4)
                0x20000000                _sdata = .
 *(.data)
 .data          0x20000000        0x0 obj\.\startup\startup_stm32f4xx.o
 .data          0x20000000        0x0 obj\.\src\AsciiLib.o
 .data          0x20000000        0x0 obj\.\src\CW_Mod.o
 .data          0x20000000        0x0 obj\.\src\ChangeOver.o
 .data          0x20000000        0x0 obj\.\src\Codec_Gains.o
 .data          0x20000000        0x0 obj\.\src\DMA_IRQ_Handler.o
 .data          0x20000000        0x0 obj\.\src\DMA_Test_Pins.o
 .data          0x20000000       0x7c obj\.\src\DSP_Processing.o
                0x20000000                S_FIR_I
                0x2000000c                S_FIR_Q
                0x20000018                FFT_Size
                0x2000001c                Filter_Q4
                0x20000028                Filter_Q3
                0x20000034                Filter_Q2
                0x20000040                Filter_Q1
                0x2000004c                Filter_I4
                0x20000058                Filter_I3
                0x20000064                Filter_I2
                0x20000070                Filter_I1
 .data          0x2000007c        0x0 obj\.\src\Encoder_1.o
 .data          0x2000007c        0x0 obj\.\src\Encoder_2.o
 .data          0x2000007c      0x34a obj\.\src\FIR_Coefficients.o
                0x2000007c                FIRFreqCoef
                0x200000fe                FIRBitCoef
                0x20000180                Dec4LPCoef
                0x200001c6                coeff_fir_Q
                0x200002c6                coeff_fir_I
 .data          0x200003c6        0x0 obj\.\src\Init_Codec.o
 .data          0x200003c6        0x0 obj\.\src\Init_DMA.o
 *fill*         0x200003c6        0x2 00
 .data          0x200003c8        0x4 obj\.\src\Init_I2C.o
                0x200003c8                Timeout
 .data          0x200003cc        0x0 obj\.\src\Init_I2S.o
 .data          0x200003cc        0x0 obj\.\src\ModeSelect.o
 .data          0x200003cc        0x0 obj\.\src\PSKMod.o
 .data          0x200003cc        0x0 obj\.\src\PSK_Det.o
 .data          0x200003cc        0x0 obj\.\src\Si570.o
 .data          0x200003cc        0x0 obj\.\src\Sine_table.o
 .data          0x200003cc        0x4 obj\.\src\TFT_Display.o
                0x200003cc                BackColor
                0x200003ce                asciisize
 .data          0x200003d0        0x0 obj\.\src\User_Button.o
 .data          0x200003d0        0x0 obj\.\src\eeprom.o
 .data          0x200003d0        0x8 obj\.\src\main.o
                0x200003d0                CodecFreq
                0x200003d4                Stop
                0x200003d5                Start
 .data          0x200003d8        0x0 obj\.\src\stm32f4xx_it.o
 .data          0x200003d8       0x14 obj\.\src\system_stm32f4xx.o
                0x200003d8                SystemCoreClock
                0x200003dc                AHBPrescTable
 .data          0x200003ec        0x0 obj\.\src\touch_pad.o
 .data          0x200003ec        0xc obj\.\src\uart.o
                0x200003ec                COM_TX_PORT
                0x200003f0                COM_RX_PORT
                0x200003f4                COM_USART
 .data          0x200003f8        0x0 obj\.\src\xprintf.o
 .data          0x200003f8        0x0 .\externals\libs\libstm32f4xx_peripherals.a(misc.o)
 .data          0x200003f8        0x0 .\externals\libs\libstm32f4xx_peripherals.a(stm32f4xx_dma.o)
 .data          0x200003f8        0x0 .\externals\libs\libstm32f4xx_peripherals.a(stm32f4xx_exti.o)
 .data          0x200003f8        0x0 .\externals\libs\libstm32f4xx_peripherals.a(stm32f4xx_fsmc.o)
 .data          0x200003f8        0x0 .\externals\libs\libstm32f4xx_peripherals.a(stm32f4xx_gpio.o)
 .data          0x200003f8        0x0 .\externals\libs\libstm32f4xx_peripherals.a(stm32f4xx_i2c.o)
 .data          0x200003f8       0x10 .\externals\libs\libstm32f4xx_peripherals.a(stm32f4xx_rcc.o)
 .data          0x20000408        0x0 .\externals\libs\libstm32f4xx_peripherals.a(stm32f4xx_spi.o)
 .data          0x20000408        0x0 .\externals\libs\libstm32f4xx_peripherals.a(stm32f4xx_syscfg.o)
 .data          0x20000408        0x0 .\externals\libs\libstm32f4xx_peripherals.a(stm32f4xx_tim.o)
 .data          0x20000408        0x0 .\externals\libs\libstm32f4xx_peripherals.a(stm32f4xx_usart.o)
 .data          0x20000408        0x0 .\externals\libs\libstm32f4xx_math.a(arm_cmplx_mag_squared_q15.o)
 .data          0x20000408        0x0 .\externals\libs\libstm32f4xx_math.a(arm_shift_q15.o)
 .data          0x20000408        0x0 .\externals\libs\libstm32f4xx_math.a(arm_fir_decimate_q15.o)
 .data          0x20000408        0x0 .\externals\libs\libstm32f4xx_math.a(arm_fir_q15.o)
 .data          0x20000408        0x0 .\externals\libs\libstm32f4xx_math.a(arm_cfft_radix4_q15.o)
 .data          0x20000408        0x0 .\externals\libs\libstm32f4xx_math.a(arm_cfft_radix4_init_q15.o)
 .data          0x20000408        0x0 .\externals\libs\libstm32f4xx_math.a(arm_common_tables.o)
 .data          0x20000408        0x0 d:/program files (x86)/gnu tools arm embedded/4.6 2012q4/bin/../lib/gcc/arm-none-eabi/4.6.2/../../../../arm-none-eabi/lib/armv7e-m/fpu\libm.a(lib_a-w_atan2.o)
 .data          0x20000408        0x0 d:/program files (x86)/gnu tools arm embedded/4.6 2012q4/bin/../lib/gcc/arm-none-eabi/4.6.2/../../../../arm-none-eabi/lib/armv7e-m/fpu\libm.a(lib_a-w_fmod.o)
 .data          0x20000408        0x0 d:/program files (x86)/gnu tools arm embedded/4.6 2012q4/bin/../lib/gcc/arm-none-eabi/4.6.2/../../../../arm-none-eabi/lib/armv7e-m/fpu\libm.a(lib_a-w_log.o)
 .data          0x20000408        0x0 d:/program files (x86)/gnu tools arm embedded/4.6 2012q4/bin/../lib/gcc/arm-none-eabi/4.6.2/../../../../arm-none-eabi/lib/armv7e-m/fpu\libm.a(lib_a-w_sqrt.o)
 .data          0x20000408        0x0 d:/program files (x86)/gnu tools arm embedded/4.6 2012q4/bin/../lib/gcc/arm-none-eabi/4.6.2/../../../../arm-none-eabi/lib/armv7e-m/fpu\libm.a(lib_a-e_atan2.o)
 .data          0x20000408        0x0 d:/program files (x86)/gnu tools arm embedded/4.6 2012q4/bin/../lib/gcc/arm-none-eabi/4.6.2/../../../../arm-none-eabi/lib/armv7e-m/fpu\libm.a(lib_a-e_fmod.o)
 .data          0x20000408        0x0 d:/program files (x86)/gnu tools arm embedded/4.6 2012q4/bin/../lib/gcc/arm-none-eabi/4.6.2/../../../../arm-none-eabi/lib/armv7e-m/fpu\libm.a(lib_a-e_log.o)
 .data          0x20000408        0x0 d:/program files (x86)/gnu tools arm embedded/4.6 2012q4/bin/../lib/gcc/arm-none-eabi/4.6.2/../../../../arm-none-eabi/lib/armv7e-m/fpu\libm.a(lib_a-e_sqrt.o)
 .data          0x20000408        0x0 d:/program files (x86)/gnu tools arm embedded/4.6 2012q4/bin/../lib/gcc/arm-none-eabi/4.6.2/../../../../arm-none-eabi/lib/armv7e-m/fpu\libm.a(lib_a-s_atan.o)
 .data          0x20000408        0x0 d:/program files (x86)/gnu tools arm embedded/4.6 2012q4/bin/../lib/gcc/arm-none-eabi/4.6.2/../../../../arm-none-eabi/lib/armv7e-m/fpu\libm.a(lib_a-s_fabs.o)
 .data          0x20000408        0x0 d:/program files (x86)/gnu tools arm embedded/4.6 2012q4/bin/../lib/gcc/arm-none-eabi/4.6.2/../../../../arm-none-eabi/lib/armv7e-m/fpu\libm.a(lib_a-s_fpclassify.o)
 .data          0x20000408        0x0 d:/program files (x86)/gnu tools arm embedded/4.6 2012q4/bin/../lib/gcc/arm-none-eabi/4.6.2/../../../../arm-none-eabi/lib/armv7e-m/fpu\libm.a(lib_a-s_lib_ver.o)
 .data          0x20000408        0x0 d:/program files (x86)/gnu tools arm embedded/4.6 2012q4/bin/../lib/gcc/arm-none-eabi/4.6.2/../../../../arm-none-eabi/lib/armv7e-m/fpu\libm.a(lib_a-s_matherr.o)
 .data          0x20000408        0x0 d:/program files (x86)/gnu tools arm embedded/4.6 2012q4/bin/../lib/gcc/arm-none-eabi/4.6.2/../../../../arm-none-eabi/lib/armv7e-m/fpu\libm.a(lib_a-s_nan.o)
 .data          0x20000408        0x0 d:/program files (x86)/gnu tools arm embedded/4.6 2012q4/bin/../lib/gcc/arm-none-eabi/4.6.2/armv7e-m/fpu\libgcc.a(_arm_addsubdf3.o)
 .data          0x20000408        0x0 d:/program files (x86)/gnu tools arm embedded/4.6 2012q4/bin/../lib/gcc/arm-none-eabi/4.6.2/armv7e-m/fpu\libgcc.a(_arm_muldivdf3.o)
 .data          0x20000408        0x0 d:/program files (x86)/gnu tools arm embedded/4.6 2012q4/bin/../lib/gcc/arm-none-eabi/4.6.2/armv7e-m/fpu\libgcc.a(_arm_cmpdf2.o)
 .data          0x20000408        0x0 d:/program files (x86)/gnu tools arm embedded/4.6 2012q4/bin/../lib/gcc/arm-none-eabi/4.6.2/armv7e-m/fpu\libgcc.a(_arm_fixdfsi.o)
 .data          0x20000408        0x0 d:/program files (x86)/gnu tools arm embedded/4.6 2012q4/bin/../lib/gcc/arm-none-eabi/4.6.2/armv7e-m/fpu\libgcc.a(_arm_fixunsdfsi.o)
 .data          0x20000408        0x0 d:/program files (x86)/gnu tools arm embedded/4.6 2012q4/bin/../lib/gcc/arm-none-eabi/4.6.2/armv7e-m/fpu\libgcc.a(_arm_truncdfsf2.o)
 .data          0x20000408        0x0 d:/program files (x86)/gnu tools arm embedded/4.6 2012q4/bin/../lib/gcc/arm-none-eabi/4.6.2/../../../../arm-none-eabi/lib/armv7e-m/fpu\libc.a(lib_a-errno.o)
 .data          0x20000408        0x0 d:/program files (x86)/gnu tools arm embedded/4.6 2012q4/bin/../lib/gcc/arm-none-eabi/4.6.2/../../../../arm-none-eabi/lib/armv7e-m/fpu\libc.a(lib_a-impure.o)
 .data          0x20000408        0x0 d:/program files (x86)/gnu tools arm embedded/4.6 2012q4/bin/../lib/gcc/arm-none-eabi/4.6.2/../../../../arm-none-eabi/lib/armv7e-m/fpu\libc.a(lib_a-memcpy.o)
 .data          0x20000408        0x0 d:/program files (x86)/gnu tools arm embedded/4.6 2012q4/bin/../lib/gcc/arm-none-eabi/4.6.2/../../../../arm-none-eabi/lib/armv7e-m/fpu\libc.a(lib_a-memset.o)
 *(.data*)
 .data.__fdlib_version
                0x20000408        0x1 d:/program files (x86)/gnu tools arm embedded/4.6 2012q4/bin/../lib/gcc/arm-none-eabi/4.6.2/../../../../arm-none-eabi/lib/armv7e-m/fpu\libm.a(lib_a-s_lib_ver.o)
                0x20000408                __fdlib_version
 *fill*         0x20000409        0x7 00
 .data.impure_data
                0x20000410      0x428 d:/program files (x86)/gnu tools arm embedded/4.6 2012q4/bin/../lib/gcc/arm-none-eabi/4.6.2/../../../../arm-none-eabi/lib/armv7e-m/fpu\libc.a(lib_a-impure.o)
 .data._impure_ptr
                0x20000838        0x4 d:/program files (x86)/gnu tools arm embedded/4.6 2012q4/bin/../lib/gcc/arm-none-eabi/4.6.2/../../../../arm-none-eabi/lib/armv7e-m/fpu\libc.a(lib_a-impure.o)
                0x20000838                _impure_ptr
                0x2000083c                . = ALIGN (0x4)
                0x2000083c                _edata = .
                0x2000083c                . = ALIGN (0x4)

.bss            0x20000840     0x66d4 load address 0x080170f8
                0x20000840                _sbss = .
                0x20000840                __bss_start__ = _sbss
 *(.bss)
 .bss           0x20000840        0x0 obj\.\startup\startup_stm32f4xx.o
 .bss           0x20000840        0x0 obj\.\src\AsciiLib.o
 .bss           0x20000840        0x0 obj\.\src\CW_Mod.o
 .bss           0x20000840        0x0 obj\.\src\ChangeOver.o
 .bss           0x20000840        0x0 obj\.\src\Codec_Gains.o
 .bss           0x20000840       0x18 obj\.\src\DMA_IRQ_Handler.o
 .bss           0x20000858        0x0 obj\.\src\DMA_Test_Pins.o
 .bss           0x20000858        0x0 obj\.\src\DSP_Processing.o
 .bss           0x20000858        0x2 obj\.\src\Encoder_1.o
 .bss           0x2000085a        0x2 obj\.\src\Encoder_2.o
 .bss           0x2000085c        0x0 obj\.\src\FIR_Coefficients.o
 .bss           0x2000085c        0x0 obj\.\src\Init_Codec.o
 .bss           0x2000085c        0x0 obj\.\src\Init_DMA.o
 .bss           0x2000085c        0x0 obj\.\src\Init_I2C.o
 .bss           0x2000085c        0x0 obj\.\src\Init_I2S.o
 .bss           0x2000085c        0x0 obj\.\src\ModeSelect.o
 .bss           0x2000085c       0x10 obj\.\src\PSKMod.o
 .bss           0x2000086c       0x34 obj\.\src\PSK_Det.o
 .bss           0x200008a0        0x0 obj\.\src\Si570.o
 .bss           0x200008a0        0x0 obj\.\src\Sine_table.o
 .bss           0x200008a0        0xc obj\.\src\TFT_Display.o
                0x200008a0                TextColor
                0x200008a2                TimerPeriod
                0x200008a4                Channel1Pulse
 .bss           0x200008ac        0x0 obj\.\src\User_Button.o
 .bss           0x200008ac        0x0 obj\.\src\eeprom.o
 .bss           0x200008ac        0x0 obj\.\src\main.o
 .bss           0x200008ac        0x0 obj\.\src\stm32f4xx_it.o
 .bss           0x200008ac        0x0 obj\.\src\system_stm32f4xx.o
 .bss           0x200008ac        0x6 obj\.\src\touch_pad.o
                0x200008ac                TouchCount
                0x200008ae                Mode_Test
                0x200008b0                DebounceCount
 .bss           0x200008b2        0x1 obj\.\src\uart.o
 *fill*         0x200008b3        0x1 00
 .bss           0x200008b4        0x4 obj\.\src\xprintf.o
 .bss           0x200008b8        0x0 .\externals\libs\libstm32f4xx_peripherals.a(misc.o)
 .bss           0x200008b8        0x0 .\externals\libs\libstm32f4xx_peripherals.a(stm32f4xx_dma.o)
 .bss           0x200008b8        0x0 .\externals\libs\libstm32f4xx_peripherals.a(stm32f4xx_exti.o)
 .bss           0x200008b8        0x0 .\externals\libs\libstm32f4xx_peripherals.a(stm32f4xx_fsmc.o)
 .bss           0x200008b8        0x0 .\externals\libs\libstm32f4xx_peripherals.a(stm32f4xx_gpio.o)
 .bss           0x200008b8        0x0 .\externals\libs\libstm32f4xx_peripherals.a(stm32f4xx_i2c.o)
 .bss           0x200008b8        0x0 .\externals\libs\libstm32f4xx_peripherals.a(stm32f4xx_rcc.o)
 .bss           0x200008b8        0x0 .\externals\libs\libstm32f4xx_peripherals.a(stm32f4xx_spi.o)
 .bss           0x200008b8        0x0 .\externals\libs\libstm32f4xx_peripherals.a(stm32f4xx_syscfg.o)
 .bss           0x200008b8        0x0 .\externals\libs\libstm32f4xx_peripherals.a(stm32f4xx_tim.o)
 .bss           0x200008b8        0x0 .\externals\libs\libstm32f4xx_peripherals.a(stm32f4xx_usart.o)
 .bss           0x200008b8        0x0 .\externals\libs\libstm32f4xx_math.a(arm_cmplx_mag_squared_q15.o)
 .bss           0x200008b8        0x0 .\externals\libs\libstm32f4xx_math.a(arm_shift_q15.o)
 .bss           0x200008b8        0x0 .\externals\libs\libstm32f4xx_math.a(arm_fir_decimate_q15.o)
 .bss           0x200008b8        0x0 .\externals\libs\libstm32f4xx_math.a(arm_fir_q15.o)
 .bss           0x200008b8        0x0 .\externals\libs\libstm32f4xx_math.a(arm_cfft_radix4_q15.o)
 .bss           0x200008b8        0x0 .\externals\libs\libstm32f4xx_math.a(arm_cfft_radix4_init_q15.o)
 .bss           0x200008b8        0x0 .\externals\libs\libstm32f4xx_math.a(arm_common_tables.o)
 .bss           0x200008b8        0x0 d:/program files (x86)/gnu tools arm embedded/4.6 2012q4/bin/../lib/gcc/arm-none-eabi/4.6.2/../../../../arm-none-eabi/lib/armv7e-m/fpu\libm.a(lib_a-w_atan2.o)
 .bss           0x200008b8        0x0 d:/program files (x86)/gnu tools arm embedded/4.6 2012q4/bin/../lib/gcc/arm-none-eabi/4.6.2/../../../../arm-none-eabi/lib/armv7e-m/fpu\libm.a(lib_a-w_fmod.o)
 .bss           0x200008b8        0x0 d:/program files (x86)/gnu tools arm embedded/4.6 2012q4/bin/../lib/gcc/arm-none-eabi/4.6.2/../../../../arm-none-eabi/lib/armv7e-m/fpu\libm.a(lib_a-w_log.o)
 .bss           0x200008b8        0x0 d:/program files (x86)/gnu tools arm embedded/4.6 2012q4/bin/../lib/gcc/arm-none-eabi/4.6.2/../../../../arm-none-eabi/lib/armv7e-m/fpu\libm.a(lib_a-w_sqrt.o)
 .bss           0x200008b8        0x0 d:/program files (x86)/gnu tools arm embedded/4.6 2012q4/bin/../lib/gcc/arm-none-eabi/4.6.2/../../../../arm-none-eabi/lib/armv7e-m/fpu\libm.a(lib_a-e_atan2.o)
 .bss           0x200008b8        0x0 d:/program files (x86)/gnu tools arm embedded/4.6 2012q4/bin/../lib/gcc/arm-none-eabi/4.6.2/../../../../arm-none-eabi/lib/armv7e-m/fpu\libm.a(lib_a-e_fmod.o)
 .bss           0x200008b8        0x0 d:/program files (x86)/gnu tools arm embedded/4.6 2012q4/bin/../lib/gcc/arm-none-eabi/4.6.2/../../../../arm-none-eabi/lib/armv7e-m/fpu\libm.a(lib_a-e_log.o)
 .bss           0x200008b8        0x0 d:/program files (x86)/gnu tools arm embedded/4.6 2012q4/bin/../lib/gcc/arm-none-eabi/4.6.2/../../../../arm-none-eabi/lib/armv7e-m/fpu\libm.a(lib_a-e_sqrt.o)
 .bss           0x200008b8        0x0 d:/program files (x86)/gnu tools arm embedded/4.6 2012q4/bin/../lib/gcc/arm-none-eabi/4.6.2/../../../../arm-none-eabi/lib/armv7e-m/fpu\libm.a(lib_a-s_atan.o)
 .bss           0x200008b8        0x0 d:/program files (x86)/gnu tools arm embedded/4.6 2012q4/bin/../lib/gcc/arm-none-eabi/4.6.2/../../../../arm-none-eabi/lib/armv7e-m/fpu\libm.a(lib_a-s_fabs.o)
 .bss           0x200008b8        0x0 d:/program files (x86)/gnu tools arm embedded/4.6 2012q4/bin/../lib/gcc/arm-none-eabi/4.6.2/../../../../arm-none-eabi/lib/armv7e-m/fpu\libm.a(lib_a-s_fpclassify.o)
 .bss           0x200008b8        0x0 d:/program files (x86)/gnu tools arm embedded/4.6 2012q4/bin/../lib/gcc/arm-none-eabi/4.6.2/../../../../arm-none-eabi/lib/armv7e-m/fpu\libm.a(lib_a-s_lib_ver.o)
 .bss           0x200008b8        0x0 d:/program files (x86)/gnu tools arm embedded/4.6 2012q4/bin/../lib/gcc/arm-none-eabi/4.6.2/../../../../arm-none-eabi/lib/armv7e-m/fpu\libm.a(lib_a-s_matherr.o)
 .bss           0x200008b8        0x0 d:/program files (x86)/gnu tools arm embedded/4.6 2012q4/bin/../lib/gcc/arm-none-eabi/4.6.2/../../../../arm-none-eabi/lib/armv7e-m/fpu\libm.a(lib_a-s_nan.o)
 .bss           0x200008b8        0x0 d:/program files (x86)/gnu tools arm embedded/4.6 2012q4/bin/../lib/gcc/arm-none-eabi/4.6.2/armv7e-m/fpu\libgcc.a(_arm_addsubdf3.o)
 .bss           0x200008b8        0x0 d:/program files (x86)/gnu tools arm embedded/4.6 2012q4/bin/../lib/gcc/arm-none-eabi/4.6.2/armv7e-m/fpu\libgcc.a(_arm_muldivdf3.o)
 .bss           0x200008b8        0x0 d:/program files (x86)/gnu tools arm embedded/4.6 2012q4/bin/../lib/gcc/arm-none-eabi/4.6.2/armv7e-m/fpu\libgcc.a(_arm_cmpdf2.o)
 .bss           0x200008b8        0x0 d:/program files (x86)/gnu tools arm embedded/4.6 2012q4/bin/../lib/gcc/arm-none-eabi/4.6.2/armv7e-m/fpu\libgcc.a(_arm_fixdfsi.o)
 .bss           0x200008b8        0x0 d:/program files (x86)/gnu tools arm embedded/4.6 2012q4/bin/../lib/gcc/arm-none-eabi/4.6.2/armv7e-m/fpu\libgcc.a(_arm_fixunsdfsi.o)
 .bss           0x200008b8        0x0 d:/program files (x86)/gnu tools arm embedded/4.6 2012q4/bin/../lib/gcc/arm-none-eabi/4.6.2/armv7e-m/fpu\libgcc.a(_arm_truncdfsf2.o)
 .bss           0x200008b8        0x0 d:/program files (x86)/gnu tools arm embedded/4.6 2012q4/bin/../lib/gcc/arm-none-eabi/4.6.2/../../../../arm-none-eabi/lib/armv7e-m/fpu\libc.a(lib_a-errno.o)
 .bss           0x200008b8        0x0 d:/program files (x86)/gnu tools arm embedded/4.6 2012q4/bin/../lib/gcc/arm-none-eabi/4.6.2/../../../../arm-none-eabi/lib/armv7e-m/fpu\libc.a(lib_a-impure.o)
 .bss           0x200008b8        0x0 d:/program files (x86)/gnu tools arm embedded/4.6 2012q4/bin/../lib/gcc/arm-none-eabi/4.6.2/../../../../arm-none-eabi/lib/armv7e-m/fpu\libc.a(lib_a-memcpy.o)
 .bss           0x200008b8        0x0 d:/program files (x86)/gnu tools arm embedded/4.6 2012q4/bin/../lib/gcc/arm-none-eabi/4.6.2/../../../../arm-none-eabi/lib/armv7e-m/fpu\libc.a(lib_a-memset.o)
 *(.bss*)
 *(COMMON)
 COMMON         0x200008b8      0x104 obj\.\src\ChangeOver.o
                0x200008b8                rgain
                0x200008bc                DataMax
                0x200008dc                phase_adjust
                0x200008e0                m_pTail
                0x200008e4                m_pHead
                0x200008e8                Tx_Flag
                0x200008ec                m_Ramp
                0x200008f0                IQ_Unit
                0x20000910                S1
                0x20000914                CW_Gain
                0x20000918                T_lgain
                0x20000920                m_SymbolRate
                0x20000928                x_NCOphzinc
                0x20000930                m_2PI
                0x20000938                DSP_Flag
                0x2000093c                m_AddEndingZero
                0x20000940                IQ_Disp
                0x20000944                m_RMSConstant
                0x20000948                R_lgain
                0x2000094c                DataMin
                0x2000096c                R_xgain
                0x20000970                EEProm_Value2
                0x20000972                read_SS2
                0x20000974                S2
                0x20000978                Key_Down
                0x2000097c                T_xgain
                0x20000980                IQData
                0x200009a0                XmitBuffer
                0x200009ba                m_TxShiftReg
 *fill*         0x200009bc        0x4 00
 COMMON         0x200009c0     0x508c obj\.\src\DMA_IRQ_Handler.o
                0x200009c0                Filter_delay_I4
                0x20000a48                m_FreqSignal
                0x20000a58                Filter_delay_Q3
                0x20000ae0                m_z2
                0x20000af0                FIR_I_Out
                0x20000ef0                m_z1
                0x20000f00                Sample_Frequency
                0x20000f04                m_IQPhzIndex
                0x20000f08                LCD_buffer
                0x20000f30                ADC_Buffer
                0x20001330                m_PSKmode
                0x20001334                m_ClkErrCounter
                0x20001338                m_BitPhaseInc
                0x20001340                FFT_Magnitude
                0x20001540                m_VcoPhz
                0x20001548                m_BitSignal
                0x20001558                Filter_delay_I3
                0x200015dc                m_IMDValid
                0x200015e0                NCO_Frequency
                0x200015e8                m_SquelchSpeed
                0x200015ec                USB_Out
                0x200019ec                FIR_I_In
                0x20001dec                m_AFCCaptureOn
                0x20001df0                PSK_Gain
                0x20001df8                m_SyncAve
                0x20001ea0                m_SQThresh
                0x20001ea8                IQ
                0x20001eb8                m_VaricodeDecTbl
                0x200026b8                DMA_RX_Memory
                0x200026bc                LSB_Out
                0x20002abc                m_OffCount
                0x20002ac0                PSK_Tx
                0x20002ac4                m_LastPkPos
                0x20002ac8                m_PkPos
                0x20002ad0                m_NCOphzinc
                0x20002ad8                m_AFClimit
                0x20002ae0                m_FastAFCMode
                0x20002ae4                Mode
                0x20002ae8                Samp
                0x20002af8                m_SampleFreq
                0x20002b00                i
                0x20002b02                FIR_Q_In
                0x20002f04                m_SampCnt
                0x20002f08                m_LastBitZero
                0x20002f0c                m_SQLevel
                0x20002f10                m_IQPhaseArray
                0x20002f60                Filter_delay_I2
                0x20002fac                DMA_TX_Memory
                0x20002fb0                m_BitAcc
                0x20002fb4                Tx1BufferDMA
                0x200037b4                Rx1BufferDMA
                0x20003fb8                m_I1
                0x20003fc0                Filter_delay_Q4
                0x20004048                m_QFreqError
                0x20004050                Tx0BufferDMA
                0x20004850                m_I0
                0x20004858                m_OnCount
                0x2000485c                FIR_Q_Out
                0x20004c60                newsamp
                0x20004c70                m_AGCave
                0x20004c78                key
                0x20004c7c                m_Pcnt
                0x20004c80                m_AFCmode
                0x20004c84                Filter_delay_Q2
                0x20004cd0                m_FperrAve
                0x20004cd8                m_Ncnt
                0x20004ce0                m_FferrAve
                0x20004ce8                m_SQOpen
                0x20004cf0                m_Q0
                0x20004cf8                m_NLPk
                0x20004d00                m_DevAve
                0x20004d08                m_AFCTimer
                0x20004d0c                Filter_delay_Q1
                0x20004d58                m_NewPkPos
                0x20004d60                m_AFCmin
                0x20004d68                m_BitPos
                0x20004d6c                m_SampleClkAdj
                0x20004d70                m_BitPhasePos
                0x20004d78                m_AFCmax
                0x20004d80                Filter_delay_I1
                0x20004dcc                m_ClkErrTimer
                0x20004dd0                m_Q1
                0x20004dd8                m_SyncArray
                0x20004e28                Rx0BufferDMA
                0x20005628                sample
                0x20005638                m_ClkError
                0x2000563c                FFT_Input
                0x20005a40                m_FreqError
                0x20005a48                Flag
 COMMON         0x20005a4c     0x1210 obj\.\src\DSP_Processing.o
                0x20005a4c                FFT_Test
                0x20005e4c                FIR_State_I
                0x2000634a                FFT_Scale
                0x2000674a                FFT_status
                0x2000674c                FIR_State_Q
                0x20006c4c                S_CFFT
 *fill*         0x20006c5c        0x4 00
 COMMON         0x20006c60       0xb5 obj\.\src\Encoder_1.o
                0x20006c60                RFREQ_FRAC
                0x20006c64                Freq_Max
                0x20006c68                si570_read
                0x20006c70                Freq_Disp
                0x20006c74                EEProm_Value1
                0x20006c78                N1
                0x20006c80                FXTAL
                0x20006c88                RFREQ
                0x20006c90                FOUT
                0x20006c98                F0
                0x20006ca0                HS_DIV
                0x20006ca4                EEProm_Value
                0x20006ca8                SI570_Chk
                0x20006cac                RFREQ_INT
                0x20006cb0                ENC_Sens1
                0x20006cb2                EEProm_Chk
                0x20006cb4                read_SS1
                0x20006cb8                Old_RFREQ
                0x20006cc0                Freq_Min
                0x20006cc4                Freq_Set
                0x20006d04                F_Mult
                0x20006d08                EXTI_InitStructure
                0x20006d10                F_Unit
                0x20006d14                DIR1
 *fill*         0x20006d15        0x1 00
 COMMON         0x20006d16        0x4 obj\.\src\Encoder_2.o
                0x20006d16                DIR2
                0x20006d18                ENC_Sens2
 *fill*         0x20006d1a        0x6 00
 COMMON         0x20006d20       0x3c obj\.\src\PSK_Det.o
                0x20006d20                m_PSKPeriodUpdate
                0x20006d28                BT_Flag
                0x20006d2c                char_count
                0x20006d30                count
                0x20006d34                received_string
 COMMON         0x20006d5c      0x126 obj\.\src\TFT_Display.o
                0x20006d5c                TIM_TimeBaseStructure
                0x20006d68                Y_Point
                0x20006d6a                X_Point
                0x20006d6c                TIM_OCInitStructure
                0x20006d80                FFT_Display
                0x20006e80                TouchFlag
 COMMON         0x20006e82        0x1 obj\.\src\User_Button.o
                0x20006e82                PB_State
 *fill*         0x20006e83        0x1 00
 COMMON         0x20006e84       0x88 obj\.\src\main.o
                0x20006e84                old_SS2_position
                0x20006e86                j
                0x20006e88                FFT_Output
                0x20006f08                old_SS1_position
                0x20006f0a                Display_Flag
 COMMON         0x20006f0c        0x4 obj\.\src\touch_pad.o
                0x20006f0c                screen
 COMMON         0x20006f10        0x4 obj\.\src\xprintf.o
                0x20006f10                xfunc_out
                0x20006f14                . = ALIGN (0x4)
                0x20006f14                _ebss = .
                0x20006f14                __bss_end__ = _ebss

._user_heap_stack
                0x20006f14      0x400 load address 0x0801d7cc
                0x20006f14                . = ALIGN (0x4)
                0x20006f14                PROVIDE (end, .)
                0x20006f14                PROVIDE (_end, .)
                0x20006f14                . = (. + Heap_Size)
                0x20007314                . = (. + Stack_Size)
 *fill*         0x20006f14      0x400 00
                0x20007314                . = ALIGN (0x4)

.ramccm
 *(.ccmtext)
 *(.ccmtext*)
 *(.ccmrodata)
 *(.ccmrodata*)

/DISCARD/
 libc.a(*)
 libm.a(*)
 libgcc.a(*)

.ARM.attributes
                0x00000000       0x37
 *(.ARM.attributes)
 .ARM.attributes
                0x00000000       0x27 obj\.\startup\startup_stm32f4xx.o
 .ARM.attributes
                0x00000027       0x3b obj\.\src\AsciiLib.o
 .ARM.attributes
                0x00000062       0x3b obj\.\src\CW_Mod.o
 .ARM.attributes
                0x0000009d       0x3b obj\.\src\ChangeOver.o
 .ARM.attributes
                0x000000d8       0x3b obj\.\src\Codec_Gains.o
 .ARM.attributes
                0x00000113       0x3b obj\.\src\DMA_IRQ_Handler.o
 .ARM.attributes
                0x0000014e       0x3b obj\.\src\DMA_Test_Pins.o
 .ARM.attributes
                0x00000189       0x3b obj\.\src\DSP_Processing.o
 .ARM.attributes
                0x000001c4       0x3b obj\.\src\Encoder_1.o
 .ARM.attributes
                0x000001ff       0x3b obj\.\src\Encoder_2.o
 .ARM.attributes
                0x0000023a       0x3b obj\.\src\FIR_Coefficients.o
 .ARM.attributes
                0x00000275       0x3b obj\.\src\Init_Codec.o
 .ARM.attributes
                0x000002b0       0x3b obj\.\src\Init_DMA.o
 .ARM.attributes
                0x000002eb       0x3b obj\.\src\Init_I2C.o
 .ARM.attributes
                0x00000326       0x3b obj\.\src\Init_I2S.o
 .ARM.attributes
                0x00000361       0x3b obj\.\src\ModeSelect.o
 .ARM.attributes
                0x0000039c       0x3b obj\.\src\PSKMod.o
 .ARM.attributes
                0x000003d7       0x3b obj\.\src\PSK_Det.o
 .ARM.attributes
                0x00000412       0x3b obj\.\src\Si570.o
 .ARM.attributes
                0x0000044d       0x3b obj\.\src\Sine_table.o
 .ARM.attributes
                0x00000488       0x3b obj\.\src\TFT_Display.o
 .ARM.attributes
                0x000004c3       0x3b obj\.\src\User_Button.o
 .ARM.attributes
                0x000004fe       0x3b obj\.\src\eeprom.o
 .ARM.attributes
                0x00000539       0x3b obj\.\src\main.o
 .ARM.attributes
                0x00000574       0x3b obj\.\src\stm32f4xx_it.o
 .ARM.attributes
                0x000005af       0x3b obj\.\src\system_stm32f4xx.o
 .ARM.attributes
                0x000005ea       0x3b obj\.\src\touch_pad.o
 .ARM.attributes
                0x00000625       0x3b obj\.\src\uart.o
 .ARM.attributes
                0x00000660       0x3b obj\.\src\xprintf.o
 .ARM.attributes
                0x0000069b       0x39 .\externals\libs\libstm32f4xx_peripherals.a(misc.o)
 .ARM.attributes
                0x000006d4       0x39 .\externals\libs\libstm32f4xx_peripherals.a(stm32f4xx_dma.o)
 .ARM.attributes
                0x0000070d       0x39 .\externals\libs\libstm32f4xx_peripherals.a(stm32f4xx_exti.o)
 .ARM.attributes
                0x00000746       0x39 .\externals\libs\libstm32f4xx_peripherals.a(stm32f4xx_fsmc.o)
 .ARM.attributes
                0x0000077f       0x39 .\externals\libs\libstm32f4xx_peripherals.a(stm32f4xx_gpio.o)
 .ARM.attributes
                0x000007b8       0x39 .\externals\libs\libstm32f4xx_peripherals.a(stm32f4xx_i2c.o)
 .ARM.attributes
                0x000007f1       0x39 .\externals\libs\libstm32f4xx_peripherals.a(stm32f4xx_rcc.o)
 .ARM.attributes
                0x0000082a       0x39 .\externals\libs\libstm32f4xx_peripherals.a(stm32f4xx_spi.o)
 .ARM.attributes
                0x00000863       0x39 .\externals\libs\libstm32f4xx_peripherals.a(stm32f4xx_syscfg.o)
 .ARM.attributes
                0x0000089c       0x39 .\externals\libs\libstm32f4xx_peripherals.a(stm32f4xx_tim.o)
 .ARM.attributes
                0x000008d5       0x39 .\externals\libs\libstm32f4xx_peripherals.a(stm32f4xx_usart.o)
 .ARM.attributes
                0x0000090e       0x39 .\externals\libs\libstm32f4xx_math.a(arm_cmplx_mag_squared_q15.o)
 .ARM.attributes
                0x00000947       0x39 .\externals\libs\libstm32f4xx_math.a(arm_shift_q15.o)
 .ARM.attributes
                0x00000980       0x39 .\externals\libs\libstm32f4xx_math.a(arm_fir_decimate_q15.o)
 .ARM.attributes
                0x000009b9       0x39 .\externals\libs\libstm32f4xx_math.a(arm_fir_q15.o)
 .ARM.attributes
                0x000009f2       0x39 .\externals\libs\libstm32f4xx_math.a(arm_cfft_radix4_q15.o)
 .ARM.attributes
                0x00000a2b       0x39 .\externals\libs\libstm32f4xx_math.a(arm_cfft_radix4_init_q15.o)
 .ARM.attributes
                0x00000a64       0x39 .\externals\libs\libstm32f4xx_math.a(arm_common_tables.o)
 .ARM.attributes
                0x00000a9d       0x36 d:/program files (x86)/gnu tools arm embedded/4.6 2012q4/bin/../lib/gcc/arm-none-eabi/4.6.2/../../../../arm-none-eabi/lib/armv7e-m/fpu\libm.a(lib_a-w_atan2.o)
 .ARM.attributes
                0x00000ad3       0x36 d:/program files (x86)/gnu tools arm embedded/4.6 2012q4/bin/../lib/gcc/arm-none-eabi/4.6.2/../../../../arm-none-eabi/lib/armv7e-m/fpu\libm.a(lib_a-w_fmod.o)
 .ARM.attributes
                0x00000b09       0x36 d:/program files (x86)/gnu tools arm embedded/4.6 2012q4/bin/../lib/gcc/arm-none-eabi/4.6.2/../../../../arm-none-eabi/lib/armv7e-m/fpu\libm.a(lib_a-w_log.o)
 .ARM.attributes
                0x00000b3f       0x36 d:/program files (x86)/gnu tools arm embedded/4.6 2012q4/bin/../lib/gcc/arm-none-eabi/4.6.2/../../../../arm-none-eabi/lib/armv7e-m/fpu\libm.a(lib_a-w_sqrt.o)
 .ARM.attributes
                0x00000b75       0x36 d:/program files (x86)/gnu tools arm embedded/4.6 2012q4/bin/../lib/gcc/arm-none-eabi/4.6.2/../../../../arm-none-eabi/lib/armv7e-m/fpu\libm.a(lib_a-e_atan2.o)
 .ARM.attributes
                0x00000bab       0x36 d:/program files (x86)/gnu tools arm embedded/4.6 2012q4/bin/../lib/gcc/arm-none-eabi/4.6.2/../../../../arm-none-eabi/lib/armv7e-m/fpu\libm.a(lib_a-e_fmod.o)
 .ARM.attributes
                0x00000be1       0x36 d:/program files (x86)/gnu tools arm embedded/4.6 2012q4/bin/../lib/gcc/arm-none-eabi/4.6.2/../../../../arm-none-eabi/lib/armv7e-m/fpu\libm.a(lib_a-e_log.o)
 .ARM.attributes
                0x00000c17       0x36 d:/program files (x86)/gnu tools arm embedded/4.6 2012q4/bin/../lib/gcc/arm-none-eabi/4.6.2/../../../../arm-none-eabi/lib/armv7e-m/fpu\libm.a(lib_a-e_sqrt.o)
 .ARM.attributes
                0x00000c4d       0x36 d:/program files (x86)/gnu tools arm embedded/4.6 2012q4/bin/../lib/gcc/arm-none-eabi/4.6.2/../../../../arm-none-eabi/lib/armv7e-m/fpu\libm.a(lib_a-s_atan.o)
 .ARM.attributes
                0x00000c83       0x36 d:/program files (x86)/gnu tools arm embedded/4.6 2012q4/bin/../lib/gcc/arm-none-eabi/4.6.2/../../../../arm-none-eabi/lib/armv7e-m/fpu\libm.a(lib_a-s_fabs.o)
 .ARM.attributes
                0x00000cb9       0x36 d:/program files (x86)/gnu tools arm embedded/4.6 2012q4/bin/../lib/gcc/arm-none-eabi/4.6.2/../../../../arm-none-eabi/lib/armv7e-m/fpu\libm.a(lib_a-s_fpclassify.o)
 .ARM.attributes
                0x00000cef       0x36 d:/program files (x86)/gnu tools arm embedded/4.6 2012q4/bin/../lib/gcc/arm-none-eabi/4.6.2/../../../../arm-none-eabi/lib/armv7e-m/fpu\libm.a(lib_a-s_lib_ver.o)
 .ARM.attributes