Archive member included because of file (symbol)

.\externals\libs\libstm32f4xx_peripherals.a(stm32f4xx_dma.o)
                              obj\.\src\Init_DMA.o (DMA_DeInit)
.\externals\libs\libstm32f4xx_peripherals.a(stm32f4xx_exti.o)
                              obj\.\externals\SM32F4-Discovery\STEmbeddedGUI\src\TscHal.o (EXTI_DeInit)
.\externals\libs\libstm32f4xx_peripherals.a(stm32f4xx_flash.o)
                              obj\.\externals\SM32F4-Discovery\STEmbeddedGUI\src\TscHal.o (FLASH_Unlock)
.\externals\libs\libstm32f4xx_peripherals.a(stm32f4xx_fsmc.o)
                              obj\.\externals\SM32F4-Discovery\STEmbeddedGUI\src\LcdDriver_ILI9320.o (FSMC_NORSRAMInit)
.\externals\libs\libstm32f4xx_peripherals.a(stm32f4xx_gpio.o)
                              obj\.\src\CW_Mod.o (GPIO_Init)
.\externals\libs\libstm32f4xx_peripherals.a(stm32f4xx_i2c.o)
                              obj\.\src\Init_I2C.o (I2C_DeInit)
.\externals\libs\libstm32f4xx_peripherals.a(stm32f4xx_rcc.o)
                              obj\.\externals\SM32F4-Discovery\STEmbeddedGUI\src\main_GUI.o (RCC_GetClocksFreq)
.\externals\libs\libstm32f4xx_peripherals.a(stm32f4xx_spi.o)
                              obj\.\src\touch_pad.o (SPI_I2S_DeInit)
.\externals\libs\libstm32f4xx_peripherals.a(stm32f4xx_syscfg.o)
                              obj\.\src\Encoder_1.o (SYSCFG_EXTILineConfig)
.\externals\libs\libstm32f4xx_peripherals.a(stm32f4xx_tim.o)
                              obj\.\src\usb_bsp.o (TIM_TimeBaseInit)
.\externals\libs\libstm32f4xx_peripherals.a(stm32f4xx_usart.o)
                              obj\.\src\uart.o (USART_Init)
.\externals\libs\libstm32f4xx_math.a(arm_cmplx_mag_squared_q15.o)
                              obj\.\src\DSP_Processing.o (arm_cmplx_mag_squared_q15)
.\externals\libs\libstm32f4xx_math.a(arm_shift_q15.o)
                              obj\.\src\DSP_Processing.o (arm_shift_q15)
.\externals\libs\libstm32f4xx_math.a(arm_fir_decimate_q15.o)
                              obj\.\src\PSK_Det.o (arm_fir_decimate_q15)
.\externals\libs\libstm32f4xx_math.a(arm_fir_q15.o)
                              obj\.\src\DSP_Processing.o (arm_fir_q15)
.\externals\libs\libstm32f4xx_math.a(arm_cfft_radix4_q15.o)
                              obj\.\src\DSP_Processing.o (arm_cfft_radix4_q15)
.\externals\libs\libstm32f4xx_math.a(arm_cfft_radix4_init_q15.o)
                              obj\.\src\DSP_Processing.o (arm_cfft_radix4_init_q15)
.\externals\libs\libstm32f4xx_math.a(arm_common_tables.o)
                              .\externals\libs\libstm32f4xx_math.a(arm_cfft_radix4_init_q15.o) (armBitRevTable)
d:/program files (x86)/gnu tools arm embedded/4.6 2012q4/bin/../lib/gcc/arm-none-eabi/4.6.2/../../../../arm-none-eabi/lib/armv7e-m/fpu\libm.a(lib_a-w_atan2.o)
                              obj\.\src\PSK_Det.o (atan2)
d:/program files (x86)/gnu tools arm embedded/4.6 2012q4/bin/../lib/gcc/arm-none-eabi/4.6.2/../../../../arm-none-eabi/lib/armv7e-m/fpu\libm.a(lib_a-w_fmod.o)
                              obj\.\src\PSK_Det.o (fmod)
d:/program files (x86)/gnu tools arm embedded/4.6 2012q4/bin/../lib/gcc/arm-none-eabi/4.6.2/../../../../arm-none-eabi/lib/armv7e-m/fpu\libm.a(lib_a-w_sqrt.o)
                              obj\.\src\PSK_Det.o (sqrt)
d:/program files (x86)/gnu tools arm embedded/4.6 2012q4/bin/../lib/gcc/arm-none-eabi/4.6.2/../../../../arm-none-eabi/lib/armv7e-m/fpu\libm.a(lib_a-e_atan2.o)
                              d:/program files (x86)/gnu tools arm embedded/4.6 2012q4/bin/../lib/gcc/arm-none-eabi/4.6.2/../../../../arm-none-eabi/lib/armv7e-m/fpu\libm.a(lib_a-w_atan2.o) (__ieee754_atan2)
d:/program files (x86)/gnu tools arm embedded/4.6 2012q4/bin/../lib/gcc/arm-none-eabi/4.6.2/../../../../arm-none-eabi/lib/armv7e-m/fpu\libm.a(lib_a-e_fmod.o)
                              d:/program files (x86)/gnu tools arm embedded/4.6 2012q4/bin/../lib/gcc/arm-none-eabi/4.6.2/../../../../arm-none-eabi/lib/armv7e-m/fpu\libm.a(lib_a-w_fmod.o) (__ieee754_fmod)
d:/program files (x86)/gnu tools arm embedded/4.6 2012q4/bin/../lib/gcc/arm-none-eabi/4.6.2/../../../../arm-none-eabi/lib/armv7e-m/fpu\libm.a(lib_a-e_sqrt.o)
                              d:/program files (x86)/gnu tools arm embedded/4.6 2012q4/bin/../lib/gcc/arm-none-eabi/4.6.2/../../../../arm-none-eabi/lib/armv7e-m/fpu\libm.a(lib_a-w_sqrt.o) (__ieee754_sqrt)
d:/program files (x86)/gnu tools arm embedded/4.6 2012q4/bin/../lib/gcc/arm-none-eabi/4.6.2/../../../../arm-none-eabi/lib/armv7e-m/fpu\libm.a(lib_a-s_atan.o)
                              d:/program files (x86)/gnu tools arm embedded/4.6 2012q4/bin/../lib/gcc/arm-none-eabi/4.6.2/../../../../arm-none-eabi/lib/armv7e-m/fpu\libm.a(lib_a-e_atan2.o) (atan)
d:/program files (x86)/gnu tools arm embedded/4.6 2012q4/bin/../lib/gcc/arm-none-eabi/4.6.2/../../../../arm-none-eabi/lib/armv7e-m/fpu\libm.a(lib_a-s_fabs.o)
[...]
Memory Configuration

Name             Origin             Length             Attributes
FLASH            0x08000000         0x00100000         xr
RAMCCM           0x10000000         0x00010000         xrw
RAM              0x20000000         0x00020000         xrw
*default*        0x00000000         0xffffffff

Linker script and memory map

LOAD obj\.\startup\startup_stm32f4xx.o
LOAD obj\.\src\AsciiLib.o
LOAD obj\.\src\CW_Mod.o
LOAD obj\.\src\ChangeOver.o
LOAD obj\.\src\Codec_Gains.o
LOAD obj\.\src\DMA_IRQ_Handler.o
LOAD obj\.\src\DMA_Test_Pins.o
LOAD obj\.\src\DSP_Processing.o
LOAD obj\.\src\Encoder_1.o
LOAD obj\.\src\Encoder_2.o
LOAD obj\.\src\FIR_Coefficients.o
LOAD obj\.\src\Init_Codec.o
LOAD obj\.\src\Init_DMA.o
LOAD obj\.\src\Init_I2C.o
LOAD obj\.\src\Init_I2S.o
LOAD obj\.\src\ModeSelect.o
LOAD obj\.\src\PSKMod.o
LOAD obj\.\src\PSK_Det.o
LOAD obj\.\src\Si570.o
LOAD obj\.\src\Sine_table.o
LOAD obj\.\src\TFT_Display.o
LOAD obj\.\src\User_Button.o
LOAD obj\.\src\eeprom.o
LOAD obj\.\src\main.o
LOAD obj\.\src\stm32f4_discovery.o
LOAD obj\.\src\stm32f4xx_it.o
LOAD obj\.\src\system_stm32f4xx.o
LOAD obj\.\src\touch_pad.o
LOAD obj\.\src\uart.o
LOAD obj\.\src\usb_bsp.o
LOAD obj\.\src\usbh_usr.o
LOAD obj\.\src\xprintf.o
LOAD obj\.\externals\SM32F4-Discovery\USB\src\misc.o
LOAD obj\.\externals\SM32F4-Discovery\USB\src\usb_core.o
LOAD obj\.\externals\SM32F4-Discovery\USB\src\usb_hcd.o
LOAD obj\.\externals\SM32F4-Discovery\USB\src\usb_hcd_int.o
LOAD obj\.\externals\SM32F4-Discovery\USB\src\usbh_core.o
LOAD obj\.\externals\SM32F4-Discovery\USB\src\usbh_hcs.o
LOAD obj\.\externals\SM32F4-Discovery\USB\src\usbh_hid_core.o
LOAD obj\.\externals\SM32F4-Discovery\USB\src\usbh_hid_keybd.o
LOAD obj\.\externals\SM32F4-Discovery\USB\src\usbh_ioreq.o
LOAD obj\.\externals\SM32F4-Discovery\USB\src\usbh_stdreq.o
LOAD obj\.\externals\SM32F4-Discovery\STEmbeddedGUI\src\JoyHal.o
LOAD obj\.\externals\SM32F4-Discovery\STEmbeddedGUI\src\LcdDriver_ILI9320.o
LOAD obj\.\externals\SM32F4-Discovery\STEmbeddedGUI\src\LcdHal.o
LOAD obj\.\externals\SM32F4-Discovery\STEmbeddedGUI\src\TscHal.o
LOAD obj\.\externals\SM32F4-Discovery\STEmbeddedGUI\src\cursor.o
LOAD obj\.\externals\SM32F4-Discovery\STEmbeddedGUI\src\gl_fonts.o
LOAD obj\.\externals\SM32F4-Discovery\STEmbeddedGUI\src\graphicObject.o
LOAD obj\.\externals\SM32F4-Discovery\STEmbeddedGUI\src\hw_config.o
LOAD obj\.\externals\SM32F4-Discovery\STEmbeddedGUI\src\images.o
LOAD obj\.\externals\SM32F4-Discovery\STEmbeddedGUI\src\main_GUI.o
LOAD obj\.\externals\SM32F4-Discovery\STEmbeddedGUI\src\pictures.o
LOAD obj\.\externals\SM32F4-Discovery\STEmbeddedGUI\src\smile_image.o
LOAD obj\.\externals\SM32F4-Discovery\STEmbeddedGUI\src\touchscreen.o
LOAD obj\.\externals\SM32F4-Discovery\STEmbeddedGUI\src\uiappuser.o
LOAD obj\.\externals\SM32F4-Discovery\STEmbeddedGUI\src\uiframework.o
LOAD .\externals\libs\libstm32f4xx_peripherals.a
LOAD .\externals\libs\libstm32f4xx_math.a
LOAD d:/program files (x86)/gnu tools arm embedded/4.6 2012q4/bin/../lib/gcc/arm-none-eabi/4.6.2/../../../../arm-none-eabi/lib/armv7e-m/fpu\libm.a
START GROUP
LOAD d:/program files (x86)/gnu tools arm embedded/4.6 2012q4/bin/../lib/gcc/arm-none-eabi/4.6.2/armv7e-m/fpu\libgcc.a
LOAD d:/program files (x86)/gnu tools arm embedded/4.6 2012q4/bin/../lib/gcc/arm-none-eabi/4.6.2/../../../../arm-none-eabi/lib/armv7e-m/fpu\libc.a
END GROUP
                0x20020000                top_of_stack = (ORIGIN (RAM) + 0x20000)
                0x00003e80                Heap_Size = 0x3e80
                0x00000400                Stack_Size = 0x400

.Vector_Table   0x08000000      0x188
                0x08000000                . = ALIGN (0x4)
 *(.Vector_Table)
 .Vector_Table  0x08000000      0x188 obj\.\startup\startup_stm32f4xx.o
                0x08000000                Vector_Table
                0x08000188                . = ALIGN (0x4)

.text           0x08000188    0x5e124
                0x08000188                . = ALIGN (0x4)
 *(.text)
 .text          0x08000188       0x14 obj\.\startup\startup_stm32f4xx.o
 .text          0x0800019c        0x0 obj\.\src\AsciiLib.o
 .text          0x0800019c       0x48 obj\.\src\CW_Mod.o
                0x0800019c                Init_CW_GPIO
 .text          0x080001e4      0x234 obj\.\src\ChangeOver.o
                0x080001e4                Receive_Sequence
                0x08000250                Xmit_SSB_Sequence
                0x080002b8                Xmit_CW_Sequence
                0x08000330                Xmit_PSK_Sequence
                0x08000398                Init_PTT_IO
 .text          0x08000418      0x36c obj\.\src\Codec_Gains.o
                0x08000418                Set_HP_Gain
                0x08000470                Set_LO_Gain
                0x080004c8                Set_PGA_Gain
                0x08000538                Set_DAC_DVC
                0x080005b8                Set_ADC_DVC
                0x08000638                Turn_On_Bias
                0x0800066c                Turn_Off_Bias
                0x080006a0                Disconnect_PGA
                0x080006ec                Mute_HP
                0x080006f8                Mute_LO
                0x08000704                Connect_IQ_Inputs
                0x08000750                Connect_Microphone_Input
 *fill*         0x08000784        0x4 00
 .text          0x08000788     0x1ad8 obj\.\src\DMA_IRQ_Handler.o
                0x08000788                DMA1_Stream0_IRQHandler
                0x08000894                Rcvr_DSP
                0x08000e00                Xmit_SSB
                0x08001354                Xmit_CW
                0x08001ae8                Xmit_PSK
 .text          0x08002260       0x4c obj\.\src\DMA_Test_Pins.o
                0x08002260                TEST_GPIO_Init
 .text          0x080022ac      0x188 obj\.\src\DSP_Processing.o
                0x080022ac                Process_FIR_I
                0x080022d0                Process_FIR_Q
                0x080022f4                Sideband_Demod
                0x080023b0                Process_FFT
 *fill*         0x08002434        0x4 00
 .text          0x08002438     0x2038 obj\.\src\Encoder_1.o
                0x08002438                Encoder1_GPIO_Config
                0x08002534                Set_Initial_SI570_Data
                0x08002654                init_encoder1
                0x080027b0                process_encoder1
                0x08003aa8                check_SS1
                0x08003ad4                process_SS1
                0x08004308                Increase_Step
                0x080043ac                Decrease_Step
                0x08004448                redrawFrequencyOnScreen
 .text          0x08004470     0x20f0 obj\.\src\Encoder_2.o
                0x08004470                Encoder2_GPIO_Config
                0x08004544                Set_Initial_IQ_Data
                0x08004628                Set_Minimums
                0x0800470c                Set_Maximums
                0x080047f0                Set_IQ_Units
                0x080048d4                init_encoder2
                0x08004a74                process_encoder2
                0x080060f0                check_SS2
                0x0800611c                process_SS2
                0x08006514                Store_Defaults
 .text          0x08006560        0x0 obj\.\src\FIR_Coefficients.o
 .text          0x08006560      0x4c0 obj\.\src\Init_Codec.o
                0x08006560                Codec_GPIO_Init
                0x080065ac                Codec_Reset
                0x080065e0                Codec_Init
 .text          0x08006a20      0x1f0 obj\.\src\Init_DMA.o
                0x08006a20                Audio_DMA_Init
                0x08006bf8                Audio_DMA_Start
 .text          0x08006c10      0xfa0 obj\.\src\Init_I2C.o
                0x08006c10                I2C_GPIO_Init
                0x08006c84                I2C_Cntrl_Init
                0x08006cf8                I2C_WriteRegister
                0x08006f20                I2C_WriteRegister_N
                0x08007170                I2C_ReadSlave
                0x080074f0                I2C_WriteEEProm
                0x08007794                I2C_ReadEEProm
                0x08007b84                Delay
 .text          0x08007bb0      0x13c obj\.\src\Init_I2S.o
                0x08007bb0                Codec_AudioInterface_Init
                0x08007c3c                I2S_GPIO_Init
 .text          0x08007cec       0xf4 obj\.\src\ModeSelect.o
                0x08007cec                Init_Mode
                0x08007d70                Set_Mode_Display
 .text          0x08007de0      0x3d8 obj\.\src\PSKMod.o
                0x08007de0                Update_PSK
                0x08007f08                InitPSKModulator
                0x08007fa0                GetNextBPSKSymbol
                0x0800806c                GetTxChar
                0x080080c4                PSK_addCharToTx
                0x08008144                PSK_isQueueFull
                0x08008194                PSK_isQueueEmpty
 .text          0x080081b8     0x2e40 obj\.\src\PSK_Det.o
                0x080081b8                ResetModem
                0x08008228                CPSKInitDet
                0x0800838c                InitPSK
                0x08008648                SetSampleClkAdj
                0x0800873c                SetRXFrequency
                0x080088b0                SetAFCLimit
                0x08008a78                ResetDetector
                0x08008b30                ProcPSKDet
                0x08009148                CalcFFreqError
                0x080095d8                CalcFreqError
                0x08009ac0                CalcAGC
                0x08009d10                SymbSync
                0x0800a188                DecodeSymb
                0x0800a6c0                CalcQuality
 .text          0x0800aff8      0xa18 obj\.\src\Si570.o
                0x0800aff8                Si570_StartUp
                0x0800b050                Output_Frequency
                0x0800b114                Compute_FXTAL
                0x0800b1a4                Recall_F0
                0x0800b214                Set_HS_DIV_N1
                0x0800b440                Pack_Si570_registers
                0x0800b670                Unpack_Si570_registers
                0x0800b7e8                Check_SI570
                0x0800b808                Read_Si570_registers
                0x0800b854                Write_Si570_registers
                0x0800b910                Large_RFREQ_Change
 .text          0x0800ba10        0x0 obj\.\src\Sine_table.o
 .text          0x0800ba10      0xe70 obj\.\src\TFT_Display.o
                0x0800ba10                LCD_SetColors
                0x0800ba44                LCD_GetColors
                0x0800ba70                LCD_CharSize
                0x0800ba8c                PutPixel
                0x0800bac4                Pixel
                0x0800bb14                LCD_StringLine
                0x0800bb40                LCD_DrawFFT
                0x0800bc84                LCD_DrawSquare
                0x0800bd68                LCD_DrawCircle
                0x0800bf58                LCD_DrawFullCircle
                0x0800c0d8                LCD_DrawFullRect
                0x0800c154                LCD_DrawFullSquare
                0x0800c1d4                LCD_DrawUniLine
                0x0800c408                LCD_PolyLine
                0x0800c548                LCD_ClosedPolyLine
                0x0800c59c                LCD_PolyLineRelative
                0x0800c5bc                LCD_ClosedPolyLineRelative
                0x0800c5dc                Plot_Integer
                0x0800c714                writeNumberToBuffer
                0x0800c794                numCharChangingByDial
                0x0800c7e4                Plot_Freq
 .text          0x0800c880      0x138 obj\.\src\User_Button.o
                0x0800c880                User_Button_Config
                0x0800c8d4                BT_Flag_Config
                0x0800c91c                Check_BT_Flag
                0x0800c940                IsBTConnected
                0x0800c958                EXTI0_IRQHandler
 .text          0x0800c9b8      0x32c obj\.\src\eeprom.o
                0x0800c9b8                Write_Int_EEProm
                0x0800ca3c                Read_Int_EEProm
                0x0800cabc                Write_Long_EEProm
                0x0800cb48                Read_Long_EEProm
                0x0800cbd4                Store_SI570_Data
                0x0800cc18                Read_SI570_Data
                0x0800cc5c                Store_IQ_Data
                0x0800cca0                Read_IQ_Data
 *fill*         0x0800cce4        0x4 00
 .text          0x0800cce8      0x220 obj\.\src\main.o
                0x0800cce8                main
                0x0800ccf4                initializeHardware
                0x0800ce90                displaySplashScreen
                0x0800cedc                main_delay
 .text          0x0800cf08      0x25c obj\.\src\stm32f4_discovery.o
                0x0800cf08                STM_EVAL_LEDInit
                0x0800cf7c                STM_EVAL_LEDOn
                0x0800cfac                STM_EVAL_LEDOff
                0x0800cfdc                STM_EVAL_LEDToggle
                0x0800d020                STM_EVAL_PBInit
                0x0800d128                STM_EVAL_PBGetState
 .text          0x0800d164       0x68 obj\.\src\stm32f4xx_it.o
                0x0800d164                NMI_Handler
                0x0800d168                HardFault_Handler
                0x0800d16c                MemManage_Handler
                0x0800d170                BusFault_Handler
                0x0800d174                UsageFault_Handler
                0x0800d178                SVC_Handler
                0x0800d17c                DebugMon_Handler
                0x0800d180                PendSV_Handler
                0x0800d184                SysTick_Handler
                0x0800d188                EXTI1_IRQHandler
                0x0800d1b4                TIM2_IRQHandler
                0x0800d1bc                OTG_FS_IRQHandler
 .text          0x0800d1cc      0x404 obj\.\src\system_stm32f4xx.o
                0x0800d1cc                SystemInit
                0x0800d294                SystemCoreClockUpdate
 .text          0x0800d5d0      0xd98 obj\.\src\touch_pad.o
                0x0800d5d0                touch_init
                0x0800d754                touch_interrupt_init
                0x0800d964                Read_X
                0x0800d9b0                Read_Y
                0x0800d9fc                TP_GetAdXY
                0x0800da2c                Read_Ads7846
                0x0800dd34                Draw_Touch_Point
                0x0800de4c                GetTouchPoint
                0x0800e2c8                EXTI9_5_IRQHandler
                0x0800e364                TouchPanel_Calibrate
 .text          0x0800e368      0x360 obj\.\src\uart.o
                0x0800e368                uart_init
                0x0800e568                uart_deinit
                0x0800e580                uart_putc
                0x0800e5bc                USART2_IRQHandler
                0x0800e5f4                uart_addRxCharacter
 .text          0x0800e6c8      0x3b0 obj\.\src\usb_bsp.o
                0x0800e6c8                BSP_Init
                0x0800e6d8                USB_OTG_BSP_Init
                0x0800e7c0                USB_OTG_BSP_EnableInterrupt
                0x0800e824                USB_OTG_BSP_DriveVBUS
                0x0800e860                USB_OTG_BSP_ConfigVBUS
                0x0800e914                USB_OTG_BSP_uDelay
                0x0800e928                USB_OTG_BSP_mDelay
                0x0800e93c                USB_OTG_BSP_TimerIRQ
 .text          0x0800ea78      0x174 obj\.\src\usbh_usr.o
                0x0800ea78                USB_debugEvent
                0x0800ea98                USBH_USR_Init
                0x0800eaa4                USBH_USR_DeviceAttached
                0x0800eab0                USBH_USR_UnrecoveredError
                0x0800eabc                USBH_USR_DeviceDisconnected
                0x0800eac8                USBH_USR_ResetDevice
                0x0800ead4                USBH_USR_DeviceSpeedDetected
                0x0800eaec                USBH_USR_Device_DescAvailable
                0x0800eb00                USBH_USR_DeviceAddressAssigned
                0x0800eb0c                USBH_USR_Configuration_DescAvailable
                0x0800eb24                USBH_USR_Manufacturer_String
                0x0800eb38                USBH_USR_Product_String
                0x0800eb4c                USBH_USR_SerialNum_String
                0x0800eb60                USBH_USR_EnumerationDone
                0x0800eb6c                USBH_USR_DeviceNotSupported
                0x0800eb78                USBH_USR_UserInput
                0x0800eba0                USBH_USR_OverCurrentDetected
                0x0800ebac                USR_KEYBRD_Init
                0x0800ebb8                USR_KEYBRD_ProcessData
                0x0800ebe0                USBH_USR_DeInit
 .text          0x0800ebec      0x664 obj\.\src\xprintf.o
                0x0800ebec                xputc
                0x0800ec58                xputs
                0x0800ec80                xfputs
                0x0800f098                xprintf
                0x0800f0b4                xsprintf
                0x0800f0fc                xfprintf
                0x0800f140                put_dump
 .text          0x0800f250      0x1d4 obj\.\externals\SM32F4-Discovery\USB\src\misc.o
                0x0800f250                NVIC_PriorityGroupConfig
                0x0800f26c                NVIC_Init
                0x0800f368                NVIC_SetVectorTable
                0x0800f38c                NVIC_SystemLPConfig
                0x0800f3e4                SysTick_CLKSourceConfig
 .text          0x0800f424     0x1260 obj\.\externals\SM32F4-Discovery\USB\src\usb_core.o
                0x0800f504                USB_OTG_WritePacket
                0x0800f58c                USB_OTG_ReadPacket
                0x0800f5ec                USB_OTG_SelectCore
                0x0800f7a0                USB_OTG_CoreInit
                0x0800f8ec                USB_OTG_EnableGlobalInt
                0x0800f924                USB_OTG_DisableGlobalInt
                0x0800f960                USB_OTG_FlushTxFifo
                0x0800f9dc                USB_OTG_FlushRxFifo
                0x0800fa44                USB_OTG_SetCurrentMode
                0x0800faac                USB_OTG_GetMode
                0x0800fac0                USB_OTG_IsDeviceMode
                0x0800fae0                USB_OTG_IsHostMode
                0x0800fb00                USB_OTG_ReadCoreItr
                0x0800fb28                USB_OTG_ReadOtgItr
                0x0800fb38                USB_OTG_CoreInitHost
                0x0800fc74                USB_OTG_IsEvenFrame
                0x0800fc94                USB_OTG_DriveVbus
                0x0800fd18                USB_OTG_EnableHostInt
                0x0800fda4                USB_OTG_InitFSLSPClkSel
                0x0800fdd4                USB_OTG_ReadHPRT0
                0x0800fe0c                USB_OTG_ReadHostAllChannels_intr
                0x0800fe1c                USB_OTG_ResetPort
                0x0800fe6c                USB_OTG_HC_Init
                0x08010160                USB_OTG_HC_StartXfer
                0x080104bc                USB_OTG_HC_Halt
                0x08010570                USB_OTG_HC_DoPing
                0x080105f8                USB_OTG_StopHost
 .text          0x08010684      0x1dc obj\.\externals\SM32F4-Discovery\USB\src\usb_hcd.o
                0x08010684                HCD_Init
                0x0801073c                HCD_GetCurrentSpeed
                0x08010758                HCD_ResetPort
                0x08010770                HCD_IsDeviceConnected
                0x08010780                HCD_GetCurrentFrame
                0x08010798                HCD_GetURB_State
                0x080107b8                HCD_GetXferCnt
                0x080107d8                HCD_GetHCState
                0x080107f8                HCD_HC_Init
                0x08010818                HCD_SubmitRequest
 .text          0x08010860     0x14f8 obj\.\externals\SM32F4-Discovery\USB\src\usb_hcd_int.o
                0x08010860                USBH_OTG_ISR_Handler
 .text          0x08011d58      0xb28 obj\.\externals\SM32F4-Discovery\USB\src\usbh_core.o
                0x08011d58                USBH_Connected
                0x08011d70                USBH_Disconnected
                0x08011d88                USBH_SOF
                0x08011d98                USBH_Init
                0x08011dec                USBH_DeInit
                0x08011e5c                USBH_Process
                0x08012128                USBH_ErrorHandle
                0x080124a4                USBH_HandleControl
 .text          0x08012880      0x31c obj\.\externals\SM32F4-Discovery\USB\src\usbh_hcs.o
                0x08012880                USBH_Open_Channel
                0x080129a8                USBH_Modify_Channel
                0x08012a60                USBH_Alloc_Channel
                0x08012ab4                USBH_Free_Channel
                0x08012b00                USBH_DeAllocate_AllChannel
 .text          0x08012b9c      0x810 obj\.\externals\SM32F4-Discovery\USB\src\usbh_hid_core.o
                0x08013274                USBH_Set_Report
 .text          0x080133ac      0x2dc obj\.\externals\SM32F4-Discovery\USB\src\usbh_hid_keybd.o
 .text          0x08013688      0x6f0 obj\.\externals\SM32F4-Discovery\USB\src\usbh_ioreq.o
                0x08013688                USBH_CtlReq
                0x08013730                USBH_CtlSendSetup
                0x080137b4                USBH_CtlSendData
                0x08013888                USBH_CtlReceiveData
                0x0801390c                USBH_BulkSendData
                0x080139c4                USBH_BulkReceiveData
                0x08013a7c                USBH_InterruptReceiveData
                0x08013b5c                USBH_InterruptSendData
                0x08013c78                USBH_IsocReceiveData
                0x08013cf8                USBH_IsocSendData
 .text          0x08013d78      0x794 obj\.\externals\SM32F4-Discovery\USB\src\usbh_stdreq.o
                0x08013d78                USBH_Get_DevDesc
                0x08013ddc                USBH_Get_CfgDesc
                0x08013e80                USBH_Get_StringDesc
                0x08013ee4                USBH_GetDescriptor
                0x08013f50                USBH_SetAddress
                0x08013fa0                USBH_SetCfg
                0x08013ff0                USBH_SetInterface
                0x08014044                USBH_ClrFeature
                0x080144e4                USBH_GetNextDesc
 .text          0x0801450c        0x0 obj\.\externals\SM32F4-Discovery\STEmbeddedGUI\src\JoyHal.o
 .text          0x0801450c     0x12d8 obj\.\externals\SM32F4-Discovery\STEmbeddedGUI\src\LcdDriver_ILI9320.o
                0x0801450c                __assert_func
                0x08014528                LCD_Init
                0x08014c44                LCD_BackLight
                0x08014de0                LCD_WriteRAMWord
                0x08014dfc                LCD_DrawColorBMP
                0x08014e10                LCD_WriteReg
                0x08014e3c                LCD_WriteRAM_Prepare
                0x08014e48                LCD_WriteRAM_PrepareDir
                0x08014ed8                LCD_WriteRAM
                0x08014efc                LCD_ReadReg
                0x08014f44                LCD_ReadRAM
                0x08014f54                LCD_SetDisplayWindow
                0x08015058                LCD_ResetDisplayWindow
                0x08015070                LCD_SetCursor
                0x080150a8                LCD_DisplayOn
                0x080150b8                LCD_DisplayOff
                0x080150c8                LCD_PutPixel
                0x08015100                LCD_GetPixel
                0x08015118                LCD_DrawBMP16Bit
                0x080151ac                LCD_DrawBMP1Bit
                0x080152d8                LCD_DrawBMP1BitTransparent
                0x080153ec                LCD_SetTextColor
                0x08015408                LCD_SetBackColor
                0x08015424                LCD_Clear
                0x08015488                LCD_DrawLine
                0x080154f0                LCD_DrawRect
                0x08015594                LCD_TestDisplayScreen
 .text          0x080157e4      0x6e0 obj\.\externals\SM32F4-Discovery\STEmbeddedGUI\src\LcdHal.o
                0x080157e4                NewLcdHwParamObj
                0x080157f0                GL_SetTextColor
                0x08015820                GL_SetBackColor
                0x08015850                GL_Clear
                0x08015868                GL_DisplayAdjStringLine
                0x08015898                GL_SetDisplayWindow
                0x080158c4                GL_DrawLine
                0x080158f0                GL_LCD_DrawRect
                0x08015920                GL_LCD_DrawCircle
                0x08015b3c                GL_BackLightSwitch
                0x08015b64                GL_LCD_Init
                0x08015b68                GL_LCD_WindowModeDisable
                0x08015b80                GL_LCD_CtrlLinesWrite
                0x08015b94                GL_SetFont
                0x08015c64                GL_GetFontLetterWidth
                0x08015c74                GL_GetFontLetterHeight
                0x08015c84                GL_PrintString
                0x08015cf0                GL_PrintChar
                0x08015dd0                GL_TestDisplayScreen
 .text          0x08015ec4      0x364 obj\.\externals\SM32F4-Discovery\STEmbeddedGUI\src\TscHal.o
                0x08015ec4                NewTscHwParamObj
                0x08015ed0                GL_GPIO_Init
                0x08015efc                GL_SPI_Init
                0x08015f5c                GL_NVIC_SetVectorTable
                0x08015f70                GL_NVIC_Init
                0x08015fa4                GL_NVIC_PriorityGroupConfig
                0x08015fb4                GL_NVIC_SystemHandlerPriorityConfig
                0x08015fc8                GL_EXTI_Init
                0x08015ff8                GL_GPIO_EXTILineConfig
                0x0801601c                GL_EXTI_DeInit
                0x08016024                GL_NVIC_DeInit
                0x08016028                GL_EXTI_TSC_IRQHandler
                0x0801602c                TSC_Init
                0x08016030                GL_TSC_Interface_Init
                0x08016038                TSC_NVIC_Configuration
                0x08016070                TSC_EXTI_Configuration
                0x080160c8                TSC_InterruptConfig
                0x0801614c                GL_RCC_APBPeriphClockCmd
                0x08016184                GL_RCC_AHBPeriphClockCmd
                0x08016194                TSC_WriteDataToNVM
                0x080161b0                TSC_FLASH_Unlock
                0x080161b8                TSC_FLASH_ClearFlag
                0x080161c8                TSC_FLASH_ErasePage
                0x080161e0                TSC_FLASH_ProgramWord
                0x080161f8                Set_LastFlashMemoryAddress
                0x08016224                TSC_Read
 .text          0x08016228       0x68 obj\.\externals\SM32F4-Discovery\STEmbeddedGUI\src\cursor.o
                0x08016228                CursorStepMove
                0x08016234                CursorPosition
                0x08016248                CursorReadJoystick
                0x08016254                CursorInit
                0x08016264                CursorShow
                0x08016278                CursorDraw
 .text          0x08016290        0x0 obj\.\externals\SM32F4-Discovery\STEmbeddedGUI\src\gl_fonts.o
 .text          0x08016290     0x6688 obj\.\externals\SM32F4-Discovery\STEmbeddedGUI\src\graphicObject.o
                0x08016444                GL_DrawFilledCircle
                0x0801685c                GL_Cross
                0x0801690c                GL_DrawButtonBMP
                0x080169c8                NewLabel
                0x08016a70                NewButton
                0x08016b10                NewCheckbox
                0x08016bb0                NewRadioButtonGrp
                0x08016be8                AddRadioOption
                0x08016cb0                NewComboBoxGrp
                0x08016d1c                AddComboOption
                0x08016db4                NewSwitch
                0x08016e68                NewIcon
                0x08016efc                NewSlidebar
                0x08016fe0                NewHistogram
                0x080170d4                NewGraphChart
                0x080171d0                AddPageControlObj
                0x080175c0                Set_Label
                0x08017650                Get_Label
                0x080176d8                Get_SlidebarValue
                0x080179bc                Create_PageObj
                0x08017a94                DestroyPageControl
                0x08018440                DestroyPage
                0x0801ae18                SetGraphChartPoints
                0x0801aef0                SetHistogramPoints
                0x0801b23c                GetObjStatus
                0x0801b348                GetComboOptionActive
                0x0801b3f0                ResetComboOptionActive
                0x0801b4a4                GetComboOptionLabel
                0x0801b550                SetComboOptionLabel
                0x0801b618                SetIconImage
                0x0801bb70                ShowPage
                0x0801bc60                RefreshPage
                0x0801bc80                RefreshPageControl
                0x0801bd0c                ChangePage
                0x0801c28c                ProcessInputData
                0x0801c5e8                NullFunc
                0x0801c718                CompareCoordinates
                0x0801c7b8                CompareJoyCoordinates
                0x0801c854                TimeOutCalculate
                0x0801c8cc                GL_Delay
                0x0801c8f0                TimingDelay_Decrement
 .text          0x0801c918        0x4 obj\.\externals\SM32F4-Discovery\STEmbeddedGUI\src\hw_config.o
                0x0801c918                HWConfig_SetHardwareParams
 .text          0x0801c91c        0x0 obj\.\externals\SM32F4-Discovery\STEmbeddedGUI\src\images.o
 .text          0x0801c91c      0x154 obj\.\externals\SM32F4-Discovery\STEmbeddedGUI\src\main_GUI.o
                0x0801c9d0                main_GUI
                0x0801ca60                CatchInputEvents
                0x0801ca6c                InputInterface_Init
 .text          0x0801ca70        0x0 obj\.\externals\SM32F4-Discovery\STEmbeddedGUI\src\pictures.o
 .text          0x0801ca70        0x0 obj\.\externals\SM32F4-Discovery\STEmbeddedGUI\src\smile_image.o
 .text          0x0801ca70     0x1a20 obj\.\externals\SM32F4-Discovery\STEmbeddedGUI\src\touchscreen.o
                0x0801ca70                TS_Calibration
                0x0801e27c                TS_CheckCalibration
                0x0801e350                getDisplayCoordinateX
                0x0801e3e0                getDisplayCoordinateY
                0x0801e470                TS_IsCalibrationDone
 .text          0x0801e490       0x70 obj\.\externals\SM32F4-Discovery\STEmbeddedGUI\src\uiappuser.o
                0x0801e490                LedControlExample_Start_button_Click
                0x0801e498                LedCtrlScreen_Led1_Switch_Toggle
                0x0801e49c                LedCtrlScreen_Led2_Switch_Toggle
                0x0801e4a0                LedCtrlScreen_Led3_Switch_Toggle
                0x0801e4a4                LedCtrlScreen_Led4_Switch_Toggle
                0x0801e4a8                LedCtrlScreen_Back_Button_Click
                0x0801e4b0                _sbrk
 .text          0x0801e500      0x24c obj\.\externals\SM32F4-Discovery\STEmbeddedGUI\src\uiframework.o
                0x0801e500                Create_LedControlExample
                0x0801e628                Create_LedCtrlScreen
                0x0801e62c                Show_LedControlExample
                0x0801e698                Show_LedCtrlScreen
                0x0801e704                Show_HomeScreen
 .text          0x0801e74c      0x330 .\externals\libs\libstm32f4xx_peripherals.a(stm32f4xx_dma.o)
                0x0801e74c                DMA_DeInit
                0x0801e864                DMA_Init
                0x0801e8b8                DMA_StructInit
                0x0801e8da                DMA_Cmd
                0x0801e8ec                DMA_PeriphIncOffsetSizeConfig
                0x0801e8fe                DMA_FlowControllerConfig
                0x0801e910                DMA_SetCurrDataCounter
                0x0801e914                DMA_GetCurrDataCounter
                0x0801e91a                DMA_DoubleBufferModeConfig
                0x0801e92e                DMA_DoubleBufferModeCmd
                0x0801e940                DMA_MemoryTargetConfig
                0x0801e94a                DMA_GetCurrentMemoryTarget
                0x0801e952                DMA_GetCmdStatus
                0x0801e95a                DMA_GetFIFOStatus
                0x0801e962                DMA_GetFlagStatus
                0x0801e998                DMA_ClearFlag
                0x0801e9c8                DMA_ITConfig
                0x0801e9f6                DMA_GetITStatus
                0x0801ea4c                DMA_ClearITPendingBit
 .text          0x0801ea7c       0xf8 .\externals\libs\libstm32f4xx_peripherals.a(stm32f4xx_exti.o)
                0x0801ea7c                EXTI_DeInit
                0x0801ea98                EXTI_Init
                0x0801eb10                EXTI_StructInit
                0x0801eb1e                EXTI_GenerateSWInterrupt
                0x0801eb2c                EXTI_GetFlagStatus
                0x0801eb40                EXTI_ClearFlag
                0x0801eb4c                EXTI_GetITStatus
                0x0801eb68                EXTI_ClearITPendingBit
 .text          0x0801eb74      0x3e0 .\externals\libs\libstm32f4xx_peripherals.a(stm32f4xx_flash.o)
                0x0801eb74                FLASH_SetLatency
                0x0801eb80                FLASH_PrefetchBufferCmd
                0x0801eb98                FLASH_InstructionCacheCmd
                0x0801ebb0                FLASH_DataCacheCmd
                0x0801ebc8                FLASH_InstructionCacheReset
                0x0801ebd8                FLASH_DataCacheReset
                0x0801ebe8                FLASH_Unlock
                0x0801ec04                FLASH_Lock
                0x0801ec14                FLASH_OB_Unlock
                0x0801ec30                FLASH_OB_Lock
                0x0801ec40                FLASH_OB_BORConfig
                0x0801ec58                FLASH_OB_GetUser
                0x0801ec68                FLASH_OB_GetWRP
                0x0801ec74                FLASH_OB_GetRDP
                0x0801ec84                FLASH_OB_GetBOR
                0x0801ec94                FLASH_ITConfig
                0x0801ecac                FLASH_GetFlagStatus
                0x0801ecc0                FLASH_ClearFlag
                0x0801eccc                FLASH_GetStatus
                0x0801ed00                FLASH_WaitForLastOperation
                0x0801ed1e                FLASH_OB_Launch
                0x0801ed30                FLASH_OB_UserConfig
                0x0801ed58                FLASH_OB_RDPConfig
                0x0801ed70                FLASH_OB_WRPConfig
                0x0801ed9c                FLASH_ProgramByte
                0x0801edd4                FLASH_ProgramHalfWord
                0x0801ee10                FLASH_ProgramWord
                0x0801ee4c                FLASH_ProgramDoubleWord
                0x0801ee8c                FLASH_EraseAllSectors
                0x0801eee8                FLASH_EraseSector
 .text          0x0801ef54      0x464 .\externals\libs\libstm32f4xx_peripherals.a(stm32f4xx_fsmc.o)
                0x0801ef54                FSMC_NORSRAMDeInit
                0x0801ef82                FSMC_NORSRAMInit
                0x0801f034                FSMC_NORSRAMStructInit
                0x0801f082                FSMC_NORSRAMCmd
                0x0801f0a4                FSMC_NANDDeInit
                0x0801f0cc                FSMC_NANDInit
                0x0801f134                FSMC_NANDStructInit
                0x0801f15e                FSMC_NANDCmd
                0x0801f190                FSMC_NANDECCCmd
                0x0801f1c4                FSMC_GetECC
                0x0801f1dc                FSMC_PCCARDDeInit
                0x0801f1f8                FSMC_PCCARDInit
                0x0801f260                FSMC_PCCARDStructInit
                0x0801f28a                FSMC_PCCARDCmd
                0x0801f2a8                FSMC_ITConfig
                0x0801f2f4                FSMC_GetFlagStatus
                0x0801f320                FSMC_ClearFlag
                0x0801f350                FSMC_GetITStatus
                0x0801f384                FSMC_ClearITPendingBit
 .text          0x0801f3b8      0x204 .\externals\libs\libstm32f4xx_peripherals.a(stm32f4xx_gpio.o)
                0x0801f3b8                GPIO_DeInit
                0x0801f490                GPIO_Init
                0x0801f518                GPIO_StructInit
                0x0801f52a                GPIO_PinLockConfig
                0x0801f54e                GPIO_ReadInputDataBit
                0x0801f55a                GPIO_ReadInputData
                0x0801f560                GPIO_ReadOutputDataBit
                0x0801f56c                GPIO_ReadOutputData
                0x0801f572                GPIO_SetBits
                0x0801f576                GPIO_ResetBits
                0x0801f57a                GPIO_WriteBit
                0x0801f584                GPIO_Write
                0x0801f588                GPIO_ToggleBits
                0x0801f590                GPIO_PinAFConfig
 .text          0x0801f5bc      0x3d4 .\externals\libs\libstm32f4xx_peripherals.a(stm32f4xx_i2c.o)
                0x0801f5bc                I2C_DeInit
                0x0801f618                I2C_Init
                0x0801f6e4                I2C_StructInit
                0x0801f700                I2C_Cmd
                0x0801f718                I2C_GenerateSTART
                0x0801f730                I2C_GenerateSTOP
                0x0801f748                I2C_Send7bitAddress
                0x0801f758                I2C_AcknowledgeConfig
                0x0801f770                I2C_OwnAddress2Config
                0x0801f782                I2C_DualAddressCmd
                0x0801f79a                I2C_GeneralCallCmd
                0x0801f7b2                I2C_SoftwareResetCmd
                0x0801f7ca                I2C_StretchClockCmd
                0x0801f7e2                I2C_FastModeDutyCycleConfig
                0x0801f7fe                I2C_NACKPositionConfig
                0x0801f81a                I2C_SMBusAlertConfig
                0x0801f836                I2C_ARPCmd
                0x0801f84e                I2C_SendData
                0x0801f852                I2C_ReceiveData
                0x0801f858                I2C_TransmitPEC
                0x0801f870                I2C_PECPositionConfig
                0x0801f88c                I2C_CalculatePEC
                0x0801f8a4                I2C_GetPEC
                0x0801f8ac                I2C_DMACmd
                0x0801f8c4                I2C_DMALastTransferCmd
                0x0801f8dc                I2C_ReadRegister
                0x0801f8f4                I2C_ITConfig
                0x0801f906                I2C_CheckEvent
                0x0801f920                I2C_GetLastEvent
                0x0801f930                I2C_GetFlagStatus
                0x0801f964                I2C_ClearFlag
                0x0801f96c                I2C_GetITStatus
                0x0801f988                I2C_ClearITPendingBit
 .text          0x0801f990      0x454 .\externals\libs\libstm32f4xx_peripherals.a(stm32f4xx_rcc.o)
                0x0801f990                RCC_DeInit
                0x0801f9c4                RCC_HSEConfig
                0x0801f9d4                RCC_AdjustHSICalibrationValue
                0x0801f9e8                RCC_HSICmd
                0x0801f9f4                RCC_LSEConfig
                0x0801fa14                RCC_LSICmd
                0x0801fa20                RCC_PLLConfig
                0x0801fa40                RCC_PLLCmd
                0x0801fa4c                RCC_PLLI2SConfig
                0x0801fa60                RCC_PLLI2SCmd
                0x0801fa6c                RCC_ClockSecuritySystemCmd
                0x0801fa78                RCC_MCO1Config
                0x0801fa8c                RCC_MCO2Config
                0x0801faa0                RCC_SYSCLKConfig
                0x0801fab4                RCC_GetSYSCLKSource
                0x0801fac4                RCC_HCLKConfig
                0x0801fad8                RCC_PCLK1Config
                0x0801faec                RCC_PCLK2Config
                0x0801fb00                RCC_GetClocksFreq
                0x0801fb8c                RCC_RTCCLKConfig
                0x0801fbbc                RCC_RTCCLKCmd
                0x0801fbc8                RCC_BackupResetCmd
                0x0801fbd4                RCC_I2SCLKConfig
                0x0801fbe0                RCC_AHB1PeriphClockCmd
                0x0801fbf8                RCC_AHB2PeriphClockCmd
                0x0801fc10                RCC_AHB3PeriphClockCmd
                0x0801fc28                RCC_APB1PeriphClockCmd
                0x0801fc40                RCC_APB2PeriphClockCmd
                0x0801fc58                RCC_AHB1PeriphResetCmd
                0x0801fc70                RCC_AHB2PeriphResetCmd
                0x0801fc88                RCC_AHB3PeriphResetCmd
                0x0801fca0                RCC_APB1PeriphResetCmd
                0x0801fcb8                RCC_APB2PeriphResetCmd
                0x0801fcd0                RCC_AHB1PeriphClockLPModeCmd
                0x0801fce8                RCC_AHB2PeriphClockLPModeCmd
                0x0801fd00                RCC_AHB3PeriphClockLPModeCmd
                0x0801fd18                RCC_APB1PeriphClockLPModeCmd
                0x0801fd30                RCC_APB2PeriphClockLPModeCmd
                0x0801fd48                RCC_ITConfig
                0x0801fd60                RCC_GetFlagStatus
                0x0801fd88                RCC_WaitForHSEStartUp
                0x0801fdb4                RCC_ClearFlag
                0x0801fdc4                RCC_GetITStatus
                0x0801fdd8                RCC_ClearITPendingBit
 .text          0x0801fde4      0x354 .\externals\libs\libstm32f4xx_peripherals.a(stm32f4xx_spi.o)
                0x0801fde4                SPI_I2S_DeInit
                0x0801fe48                SPI_Init
                0x0801fe86                I2S_Init
                0x0801ff54                SPI_StructInit
                0x0801ff6c                I2S_StructInit
                0x0801ff7e                SPI_Cmd
                0x0801ff96                I2S_Cmd
                0x0801ffae                SPI_DataSizeConfig
                0x0801ffc4                SPI_BiDirectionalLineConfig
                0x0801ffe0                SPI_NSSInternalSoftwareConfig
                0x0801fffe                SPI_SSOutputCmd
                0x08020016                SPI_TIModeCmd
                0x0802002e                I2S_FullDuplexConfig
                0x08020078                SPI_I2S_ReceiveData
                0x0802007e                SPI_I2S_SendData
                0x08020082                SPI_CalculateCRC
                0x0802009a                SPI_TransmitCRC
                0x080200a6                SPI_GetCRC
                0x080200b6                SPI_GetCRCPolynomial
                0x080200bc                SPI_I2S_DMACmd
                0x080200ce                SPI_I2S_ITConfig
                0x080200ec                SPI_I2S_GetFlagStatus
                0x080200f8                SPI_I2S_ClearFlag
                0x08020100                SPI_I2S_GetITStatus
                0x08020126                SPI_I2S_ClearITPendingBit
 .text          0x08020138       0x80 .\externals\libs\libstm32f4xx_peripherals.a(stm32f4xx_syscfg.o)
                0x08020138                SYSCFG_DeInit
                0x08020152                SYSCFG_MemoryRemapConfig
                0x0802015c                SYSCFG_EXTILineConfig
                0x08020190                SYSCFG_ETH_MediaInterfaceConfig
                0x0802019c                SYSCFG_CompensationCellCmd
                0x080201a8                SYSCFG_GetCompensationCellStatus
 .text          0x080201b8      0xb0c .\externals\libs\libstm32f4xx_peripherals.a(stm32f4xx_tim.o)
                0x08020224                TIM_DeInit
                0x08020378                TIM_TimeBaseInit
                0x080203f4                TIM_TimeBaseStructInit
                0x08020406                TIM_PrescalerConfig
                0x0802040c                TIM_CounterModeConfig
                0x0802041c                TIM_SetCounter
                0x08020420                TIM_SetAutoreload
                0x08020424                TIM_GetCounter
                0x08020428                TIM_GetPrescaler
                0x0802042e                TIM_UpdateDisableConfig
                0x08020446                TIM_UpdateRequestConfig
                0x0802045e                TIM_ARRPreloadConfig
                0x08020476                TIM_SelectOnePulseMode
                0x0802048c                TIM_SetClockDivision
                0x080204a2                TIM_Cmd
                0x080204ba                TIM_OC1Init
                0x0802052c                TIM_OC2Init
                0x080205b4                TIM_OC3Init
                0x08020638                TIM_OC4Init
                0x080206a0                TIM_OCStructInit
                0x080206b4                TIM_SelectOCxM
                0x080206fa                TIM_SetCompare1
                0x080206fe                TIM_SetCompare2
                0x08020702                TIM_SetCompare3
                0x08020706                TIM_SetCompare4
                0x0802070a                TIM_ForcedOC1Config
                0x0802071a                TIM_ForcedOC2Config
                0x0802072e                TIM_ForcedOC3Config
                0x0802073e                TIM_ForcedOC4Config
                0x08020752                TIM_OC1PreloadConfig
                0x08020762                TIM_OC2PreloadConfig
                0x08020776                TIM_OC3PreloadConfig
                0x08020786                TIM_OC4PreloadConfig
                0x0802079a                TIM_OC1FastConfig
                0x080207aa                TIM_OC2FastConfig
                0x080207be                TIM_OC3FastConfig
                0x080207ce                TIM_OC4FastConfig
                0x080207e2                TIM_ClearOC1Ref
                0x080207f2                TIM_ClearOC2Ref
                0x08020802                TIM_ClearOC3Ref
                0x08020812                TIM_ClearOC4Ref
                0x08020822                TIM_OC1PolarityConfig
                0x08020832                TIM_OC1NPolarityConfig
                0x08020842                TIM_OC2PolarityConfig
                0x08020856                TIM_OC2NPolarityConfig
                0x0802086a                TIM_OC3PolarityConfig
                0x0802087e                TIM_OC3NPolarityConfig
                0x08020892                TIM_OC4PolarityConfig
                0x080208a6                TIM_CCxCmd
                0x080208c4                TIM_CCxNCmd
                0x080208e2                TIM_ICStructInit
                0x080208f2                TIM_GetCapture1
                0x080208f6                TIM_GetCapture2
                0x080208fa                TIM_GetCapture3
                0x080208fe                TIM_GetCapture4
                0x08020902                TIM_SetIC1Prescaler
                0x08020918                TIM_SetIC2Prescaler
                0x08020932                TIM_PWMIConfig
                0x0802099c                TIM_SetIC3Prescaler
                0x080209b2                TIM_SetIC4Prescaler
                0x080209cc                TIM_ICInit
                0x08020a82                TIM_BDTRConfig
                0x08020aa4                TIM_BDTRStructInit
                0x08020ab6                TIM_CtrlPWMOutputs
                0x08020ad2                TIM_SelectCOM
                0x08020aea                TIM_CCPreloadControl
                0x08020b02                TIM_ITConfig
                0x08020b14                TIM_GenerateEvent
                0x08020b18                TIM_GetFlagStatus
                0x08020b24                TIM_ClearFlag
                0x08020b2c                TIM_GetITStatus
                0x08020b42                TIM_ClearITPendingBit
                0x08020b4a                TIM_DMAConfig
                0x08020b52                TIM_DMACmd
                0x08020b64                TIM_SelectCCDMA
                0x08020b7c                TIM_InternalClockConfig
                0x08020b8a                TIM_ITRxExternalClockConfig
                0x08020ba4                TIM_TIxExternalClockConfig
                0x08020bd6                TIM_SelectInputTrigger
                0x08020be6                TIM_SelectOutputTrigger
                0x08020bfc                TIM_SelectSlaveMode
                0x08020c12                TIM_SelectMasterSlaveMode
                0x08020c28                TIM_ETRConfig
                0x08020c3c                TIM_ETRClockMode2Config
                0x08020c50                TIM_ETRClockMode1Config
                0x08020c6a                TIM_EncoderInterfaceConfig
                0x08020ca6                TIM_SelectHallSensor
                0x08020cbe                TIM_RemapConfig
 .text          0x08020cc4      0x3b8 .\externals\libs\libstm32f4xx_peripherals.a(stm32f4xx_usart.o)
                0x08020cc4                USART_DeInit
                0x08020d6c                USART_Init
                0x08020e24                USART_StructInit
                0x08020e3a                USART_ClockInit
                0x08020e5a                USART_ClockStructInit
                0x08020e66                USART_Cmd
                0x08020e7e                USART_SetPrescaler
                0x08020e90                USART_OverSampling8Cmd
                0x08020ea8                USART_OneBitMethodCmd
                0x08020ec0                USART_SendData
                0x08020ec8                USART_ReceiveData
                0x08020ed0                USART_SetAddress
                0x08020ee6                USART_ReceiverWakeUpCmd
                0x08020efe                USART_WakeUpConfig
                0x08020f14                USART_LINBreakDetectLengthConfig
                0x08020f2a                USART_LINCmd
                0x08020f42                USART_SendBreak
                0x08020f4e                USART_HalfDuplexCmd
                0x08020f66                USART_SetGuardTime
                0x08020f78                USART_SmartCardCmd
                0x08020f90                USART_SmartCardNACKCmd
                0x08020fa8                USART_IrDAConfig
                0x08020fbe                USART_IrDACmd
                0x08020fd6                USART_DMACmd
                0x08020fe8                USART_ITConfig
                0x0802101a                USART_GetFlagStatus
                0x08021026                USART_ClearFlag
                0x0802102e                USART_GetITStatus
                0x0802106c                USART_ClearITPendingBit
 .text          0x0802107c       0xdc .\externals\libs\libstm32f4xx_math.a(arm_cmplx_mag_squared_q15.o)
                0x0802107c                arm_cmplx_mag_squared_q15
 .text          0x08021158      0x100 .\externals\libs\libstm32f4xx_math.a(arm_shift_q15.o)
                0x08021158                arm_shift_q15
 .text          0x08021258      0x164 .\externals\libs\libstm32f4xx_math.a(arm_fir_decimate_q15.o)
                0x08021258                arm_fir_decimate_q15
 .text          0x080213bc      0x376 .\externals\libs\libstm32f4xx_math.a(arm_fir_q15.o)
                0x080213bc                arm_fir_q15
 .text          0x08021732      0x7be .\externals\libs\libstm32f4xx_math.a(arm_cfft_radix4_q15.o)
                0x08021732                arm_radix4_butterfly_q15
                0x08021ac6                arm_radix4_butterfly_inverse_q15
                0x08021e5a                arm_bitreversal_q15
                0x08021ebc                arm_cfft_radix4_q15
 .text          0x08021ef0       0x6c .\externals\libs\libstm32f4xx_math.a(arm_cfft_radix4_init_q15.o)
                0x08021ef0                arm_cfft_radix4_init_q15
 .text          0x08021f5c        0x0 .\externals\libs\libstm32f4xx_math.a(arm_common_tables.o)
 .text          0x08021f5c        0x0 d:/program files (x86)/gnu tools arm embedded/4.6 2012q4/bin/../lib/gcc/arm-none-eabi/4.6.2/../../../../arm-none-eabi/lib/armv7e-m/fpu\libm.a(lib_a-w_atan2.o)
 .text          0x08021f5c        0x0 d:/program files (x86)/gnu tools arm embedded/4.6 2012q4/bin/../lib/gcc/arm-none-eabi/4.6.2/../../../../arm-none-eabi/lib/armv7e-m/fpu\libm.a(lib_a-w_fmod.o)
 .text          0x08021f5c        0x0 d:/program files (x86)/gnu tools arm embedded/4.6 2012q4/bin/../lib/gcc/arm-none-eabi/4.6.2/../../../../arm-none-eabi/lib/armv7e-m/fpu\libm.a(lib_a-w_sqrt.o)
 .text          0x08021f5c        0x0 d:/program files (x86)/gnu tools arm embedded/4.6 2012q4/bin/../lib/gcc/arm-none-eabi/4.6.2/../../../../arm-none-eabi/lib/armv7e-m/fpu\libm.a(lib_a-e_atan2.o)
 .text          0x08021f5c        0x0 d:/program files (x86)/gnu tools arm embedded/4.6 2012q4/bin/../lib/gcc/arm-none-eabi/4.6.2/../../../../arm-none-eabi/lib/armv7e-m/fpu\libm.a(lib_a-e_fmod.o)
 .text          0x08021f5c        0x0 d:/program files (x86)/gnu tools arm embedded/4.6 2012q4/bin/../lib/gcc/arm-none-eabi/4.6.2/../../../../arm-none-eabi/lib/armv7e-m/fpu\libm.a(lib_a-e_sqrt.o)
 .text          0x08021f5c        0x0 d:/program files (x86)/gnu tools arm embedded/4.6 2012q4/bin/../lib/gcc/arm-none-eabi/4.6.2/../../../../arm-none-eabi/lib/armv7e-m/fpu\libm.a(lib_a-s_atan.o)
 .text          0x08021f5c        0x0 d:/program files (x86)/gnu tools arm embedded/4.6 2012q4/bin/../lib/gcc/arm-none-eabi/4.6.2/../../../../arm-none-eabi/lib/armv7e-m/fpu\libm.a(lib_a-s_fabs.o)
 .text          0x08021f5c        0x0 d:/program files (x86)/gnu tools arm embedded/4.6 2012q4/bin/../lib/gcc/arm-none-eabi/4.6.2/../../../../arm-none-eabi/lib/armv7e-m/fpu\libm.a(lib_a-s_fpclassify.o)
 .text          0x08021f5c        0x0 d:/program files (x86)/gnu tools arm embedded/4.6 2012q4/bin/../lib/gcc/arm-none-eabi/4.6.2/../../../../arm-none-eabi/lib/armv7e-m/fpu\libm.a(lib_a-s_lib_ver.o)
 .text          0x08021f5c        0x0 d:/program files (x86)/gnu tools arm embedded/4.6 2012q4/bin/../lib/gcc/arm-none-eabi/4.6.2/../../../../arm-none-eabi/lib/armv7e-m/fpu\libm.a(lib_a-s_matherr.o)
 .text          0x08021f5c      0x370 d:/program files (x86)/gnu tools arm embedded/4.6 2012q4/bin/../lib/gcc/arm-none-eabi/4.6.2/armv7e-m/fpu\libgcc.a(_arm_addsubdf3.o)
                0x08021f5c                __aeabi_drsub
                0x08021f64                __aeabi_dsub
                0x08021f64                __subdf3
                0x08021f68                __aeabi_dadd
                0x08021f68                __adddf3
                0x080221e0                __floatunsidf
                0x080221e0                __aeabi_ui2d
                0x08022200                __floatsidf
                0x08022200                __aeabi_i2d
                0x08022224                __aeabi_f2d
                0x08022224                __extendsfdf2
                0x08022260                __floatundidf
                0x08022260                __aeabi_ul2d
                0x08022270                __floatdidf
                0x08022270                __aeabi_l2d
 .text          0x080222cc      0x424 d:/program files (x86)/gnu tools arm embedded/4.6 2012q4/bin/../lib/gcc/arm-none-eabi/4.6.2/armv7e-m/fpu\libgcc.a(_arm_muldivdf3.o)
                0x080222cc                __aeabi_dmul
                0x080222cc                __muldf3
                0x08022520                __divdf3
                0x08022520                __aeabi_ddiv
 .text          0x080226f0      0x110 d:/program files (x86)/gnu tools arm embedded/4.6 2012q4/bin/../lib/gcc/arm-none-eabi/4.6.2/armv7e-m/fpu\libgcc.a(_arm_cmpdf2.o)
                0x080226f0                __gtdf2
                0x080226f0                __gedf2
                0x080226f8                __ltdf2
                0x080226f8                __ledf2
                0x08022700                __nedf2
                0x08022700                __eqdf2
                0x08022700                __cmpdf2
                0x0802277c                __aeabi_cdrcmple
                0x0802278c                __aeabi_cdcmpeq
                0x0802278c                __aeabi_cdcmple
                0x0802279c                __aeabi_dcmpeq
                0x080227b0                __aeabi_dcmplt
                0x080227c4                __aeabi_dcmple
                0x080227d8                __aeabi_dcmpge
                0x080227ec                __aeabi_dcmpgt
 .text          0x08022800       0x50 d:/program files (x86)/gnu tools arm embedded/4.6 2012q4/bin/../lib/gcc/arm-none-eabi/4.6.2/armv7e-m/fpu\libgcc.a(_arm_fixdfsi.o)
                0x08022800                __aeabi_d2iz
                0x08022800                __fixdfsi
 .text          0x08022850       0x40 d:/program files (x86)/gnu tools arm embedded/4.6 2012q4/bin/../lib/gcc/arm-none-eabi/4.6.2/armv7e-m/fpu\libgcc.a(_arm_fixunsdfsi.o)
                0x08022850                __aeabi_d2uiz
                0x08022850                __fixunsdfsi
 .text          0x08022890       0xa0 d:/program files (x86)/gnu tools arm embedded/4.6 2012q4/bin/../lib/gcc/arm-none-eabi/4.6.2/armv7e-m/fpu\libgcc.a(_arm_truncdfsf2.o)
                0x08022890                __truncdfsf2
                0x08022890                __aeabi_d2f
 .text          0x08022930        0x0 d:/program files (x86)/gnu tools arm embedded/4.6 2012q4/bin/../lib/gcc/arm-none-eabi/4.6.2/../../../../arm-none-eabi/lib/armv7e-m/fpu\libc.a(lib_a-errno.o)
 .text          0x08022930        0x0 d:/program files (x86)/gnu tools arm embedded/4.6 2012q4/bin/../lib/gcc/arm-none-eabi/4.6.2/../../../../arm-none-eabi/lib/armv7e-m/fpu\libc.a(lib_a-impure.o)
 .text          0x08022930        0x0 d:/program files (x86)/gnu tools arm embedded/4.6 2012q4/bin/../lib/gcc/arm-none-eabi/4.6.2/../../../../arm-none-eabi/lib/armv7e-m/fpu\libc.a(lib_a-malloc.o)
 .text          0x08022930        0x0 d:/program files (x86)/gnu tools arm embedded/4.6 2012q4/bin/../lib/gcc/arm-none-eabi/4.6.2/../../../../arm-none-eabi/lib/armv7e-m/fpu\libc.a(lib_a-mallocr.o)
 .text          0x08022930        0x0 d:/program files (x86)/gnu tools arm embedded/4.6 2012q4/bin/../lib/gcc/arm-none-eabi/4.6.2/../../../../arm-none-eabi/lib/armv7e-m/fpu\libc.a(lib_a-memcpy.o)
 .text          0x08022930        0x0 d:/program files (x86)/gnu tools arm embedded/4.6 2012q4/bin/../lib/gcc/arm-none-eabi/4.6.2/../../../../arm-none-eabi/lib/armv7e-m/fpu\libc.a(lib_a-memset.o)
 .text          0x08022930        0x0 d:/program files (x86)/gnu tools arm embedded/4.6 2012q4/bin/../lib/gcc/arm-none-eabi/4.6.2/../../../../arm-none-eabi/lib/armv7e-m/fpu\libc.a(lib_a-mlock.o)
 .text          0x08022930        0x0 d:/program files (x86)/gnu tools arm embedded/4.6 2012q4/bin/../lib/gcc/arm-none-eabi/4.6.2/../../../../arm-none-eabi/lib/armv7e-m/fpu\libc.a(lib_a-sbrkr.o)
 .text          0x08022930        0x0 d:/program files (x86)/gnu tools arm embedded/4.6 2012q4/bin/../lib/gcc/arm-none-eabi/4.6.2/../../../../arm-none-eabi/lib/armv7e-m/fpu\libc.a(lib_a-sprintf.o)
 .text          0x08022930        0x0 d:/program files (x86)/gnu tools arm embedded/4.6 2012q4/bin/../lib/gcc/arm-none-eabi/4.6.2/../../../../arm-none-eabi/lib/armv7e-m/fpu\libc.a(lib_a-strlen.o)
 .text          0x08022930        0x0 d:/program files (x86)/gnu tools arm embedded/4.6 2012q4/bin/../lib/gcc/arm-none-eabi/4.6.2/../../../../arm-none-eabi/lib/armv7e-m/fpu\libc.a(lib_a-strncpy.o)
 .text          0x08022930        0x0 d:/program files (x86)/gnu tools arm embedded/4.6 2012q4/bin/../lib/gcc/arm-none-eabi/4.6.2/../../../../arm-none-eabi/lib/armv7e-m/fpu\libc.a(lib_a-svfprintf.o)
 .text          0x08022930        0x0 d:/program files (x86)/gnu tools arm embedded/4.6 2012q4/bin/../lib/gcc/arm-none-eabi/4.6.2/../../../../arm-none-eabi/lib/armv7e-m/fpu\libc.a(lib_a-dtoa.o)
 .text          0x08022930        0x0 d:/program files (x86)/gnu tools arm embedded/4.6 2012q4/bin/../lib/gcc/arm-none-eabi/4.6.2/../../../../arm-none-eabi/lib/armv7e-m/fpu\libc.a(lib_a-freer.o)
 .text          0x08022930        0x0 d:/program files (x86)/gnu tools arm embedded/4.6 2012q4/bin/../lib/gcc/arm-none-eabi/4.6.2/../../../../arm-none-eabi/lib/armv7e-m/fpu\libc.a(lib_a-locale.o)
 .text          0x08022930        0x0 d:/program files (x86)/gnu tools arm embedded/4.6 2012q4/bin/../lib/gcc/arm-none-eabi/4.6.2/../../../../arm-none-eabi/lib/armv7e-m/fpu\libc.a(lib_a-memchr.o)
 .text          0x08022930        0x0 d:/program files (x86)/gnu tools arm embedded/4.6 2012q4/bin/../lib/gcc/arm-none-eabi/4.6.2/../../../../arm-none-eabi/lib/armv7e-m/fpu\libc.a(lib_a-mprec.o)
 .text          0x08022930        0x0 d:/program files (x86)/gnu tools arm embedded/4.6 2012q4/bin/../lib/gcc/arm-none-eabi/4.6.2/../../../../arm-none-eabi/lib/armv7e-m/fpu\libc.a(lib_a-reent.o)
 .text          0x08022930        0x0 d:/program files (x86)/gnu tools arm embedded/4.6 2012q4/bin/../lib/gcc/arm-none-eabi/4.6.2/../../../../arm-none-eabi/lib/armv7e-m/fpu\libc.a(lib_a-strcmp.o)
 .text          0x08022930        0x0 d:/program files (x86)/gnu tools arm embedded/4.6 2012q4/bin/../lib/gcc/arm-none-eabi/4.6.2/../../../../arm-none-eabi/lib/armv7e-m/fpu\libc.a(lib_a-svfiprintf.o)
 .text          0x08022930        0x0 d:/program files (x86)/gnu tools arm embedded/4.6 2012q4/bin/../lib/gcc/arm-none-eabi/4.6.2/../../../../arm-none-eabi/lib/armv7e-m/fpu\libc.a(lib_a-callocr.o)
 .text          0x08022930        0x0 d:/program files (x86)/gnu tools arm embedded/4.6 2012q4/bin/../lib/gcc/arm-none-eabi/4.6.2/../../../../arm-none-eabi/lib/armv7e-m/fpu\libc.a(lib_a-memmove.o)
 .text          0x08022930        0x0 d:/program files (x86)/gnu tools arm embedded/4.6 2012q4/bin/../lib/gcc/arm-none-eabi/4.6.2/../../../../arm-none-eabi/lib/armv7e-m/fpu\libc.a(lib_a-reallocr.o)
 .text          0x08022930       0x2c d:/program files (x86)/gnu tools arm embedded/4.6 2012q4/bin/../lib/gcc/arm-none-eabi/4.6.2/armv7e-m/fpu\libgcc.a(_aeabi_uldivmod.o)
                0x08022930                __aeabi_uldivmod
 .text          0x0802295c       0x58 d:/program files (x86)/gnu tools arm embedded/4.6 2012q4/bin/../lib/gcc/arm-none-eabi/4.6.2/armv7e-m/fpu\libgcc.a(bpabi.o)
                0x0802295c                __gnu_ldivmod_helper
                0x08022988                __gnu_uldivmod_helper
 .text          0x080229b4        0x4 d:/program files (x86)/gnu tools arm embedded/4.6 2012q4/bin/../lib/gcc/arm-none-eabi/4.6.2/armv7e-m/fpu\libgcc.a(_dvmd_tls.o)
                0x080229b4                __aeabi_idiv0
                0x080229b4                __aeabi_ldiv0
 .text          0x080229b8      0x2c8 d:/program files (x86)/gnu tools arm embedded/4.6 2012q4/bin/../lib/gcc/arm-none-eabi/4.6.2/armv7e-m/fpu\libgcc.a(_divdi3.o)
                0x080229b8                __divdi3
 .text          0x08022c80      0x294 d:/program files (x86)/gnu tools arm embedded/4.6 2012q4/bin/../lib/gcc/arm-none-eabi/4.6.2/armv7e-m/fpu\libgcc.a(_udivdi3.o)
                0x08022c80                __udivdi3
 *(.text*)
 .text.Reset_Vector
                0x08022f14       0x44 obj\.\startup\startup_stm32f4xx.o
                0x08022f14                Reset_Vector
 .text.Default_Handler
                0x08022f58        0x2 obj\.\startup\startup_stm32f4xx.o
                0x08022f58                RTC_Alarm_IRQHandler
                0x08022f58                HASH_RNG_IRQHandler
                0x08022f58                EXTI2_IRQHandler
                0x08022f58                TIM8_CC_IRQHandler
                0x08022f58                TIM1_CC_IRQHandler
                0x08022f58                DMA2_Stream5_IRQHandler
                0x08022f58                DMA1_Stream5_IRQHandler
                0x08022f58                PVD_IRQHandler
                0x08022f58                SDIO_IRQHandler
                0x08022f58                TAMP_STAMP_IRQHandler
                0x08022f58                CAN2_RX1_IRQHandler
                0x08022f58                EXTI3_IRQHandler
                0x08022f58                TIM8_TRG_COM_TIM14_IRQHandler
                0x08022f58                TIM1_UP_TIM10_IRQHandler
                0x08022f58                TIM8_UP_TIM13_IRQHandler
                0x08022f58                I2C3_ER_IRQHandler
                0x08022f58                I2C2_EV_IRQHandler
                0x08022f58                DMA1_Stream2_IRQHandler
                0x08022f58                CAN1_RX0_IRQHandler
                0x08022f58                FPU_IRQHandler
                0x08022f58                OTG_HS_WKUP_IRQHandler
                0x08022f58                CAN2_SCE_IRQHandler
                0x08022f58                DMA2_Stream2_IRQHandler
                0x08022f58                SPI1_IRQHandler
                0x08022f58                TIM6_DAC_IRQHandler
                0x08022f58                TIM1_BRK_TIM9_IRQHandler
                0x08022f58                DCMI_IRQHandler
                0x08022f58                CAN2_RX0_IRQHandler
                0x08022f58                DMA2_Stream3_IRQHandler
                0x08022f58                USART6_IRQHandler
                0x08022f58                USART3_IRQHandler
                0x08022f58                CRYP_IRQHandler
                0x08022f58                CAN1_RX1_IRQHandler
                0x08022f58                UART5_IRQHandler
                0x08022f58                DMA2_Stream0_IRQHandler
                0x08022f58                TIM4_IRQHandler
                0x08022f58                I2C1_EV_IRQHandler
                0x08022f58                DMA1_Stream6_IRQHandler
                0x08022f58                DMA1_Stream1_IRQHandler
                0x08022f58                UART4_IRQHandler
                0x08022f58                TIM3_IRQHandler
                0x08022f58                RCC_IRQHandler
                0x08022f58                TIM8_BRK_TIM12_IRQHandler
                0x08022f58                EXTI15_10_IRQHandler
                0x08022f58                ADC_IRQHandler
                0x08022f58                DMA1_Stream7_IRQHandler
                0x08022f58                TIM7_IRQHandler
                0x08022f58                CAN2_TX_IRQHandler
                0x08022f58                TIM5_IRQHandler
                0x08022f58                DMA2_Stream7_IRQHandler
                0x08022f58                I2C3_EV_IRQHandler
                0x08022f58                RTC_WKUP_IRQHandler
                0x08022f58                ETH_WKUP_IRQHandler
                0x08022f58                SPI2_IRQHandler
                0x08022f58                OTG_HS_EP1_IN_IRQHandler
                0x08022f58                CAN1_TX_IRQHandler
                0x08022f58                EXTI4_IRQHandler
                0x08022f58                FSMC_IRQHandler
                0x08022f58                ETH_IRQHandler
                0x08022f58                OTG_HS_EP1_OUT_IRQHandler
                0x08022f58                WWDG_IRQHandler
                0x08022f58                OTG_FS_WKUP_IRQHandler
                0x08022f58                TIM1_TRG_COM_TIM11_IRQHandler
                0x08022f58                OTG_HS_IRQHandler
                0x08022f58                I2C2_ER_IRQHandler
                0x08022f58                DMA2_Stream1_IRQHandler
                0x08022f58                CAN1_SCE_IRQHandler
                0x08022f58                FLASH_IRQHandler
                0x08022f58                DMA2_Stream4_IRQHandler
                0x08022f58                USART1_IRQHandler
                0x08022f58                SPI3_IRQHandler
                0x08022f58                DMA1_Stream4_IRQHandler
                0x08022f58                I2C1_ER_IRQHandler
                0x08022f58                DMA2_Stream6_IRQHandler
                0x08022f58                DMA1_Stream3_IRQHandler
 *fill*         0x08022f5a        0x2 00
 .text.atan2    0x08022f5c        0x4 d:/program files (x86)/gnu tools arm embedded/4.6 2012q4/bin/../lib/gcc/arm-none-eabi/4.6.2/../../../../arm-none-eabi/lib/armv7e-m/fpu\libm.a(lib_a-w_atan2.o)
                0x08022f5c                atan2
 .text.fmod     0x08022f60       0xd0 d:/program files (x86)/gnu tools arm embedded/4.6 2012q4/bin/../lib/gcc/arm-none-eabi/4.6.2/../../../../arm-none-eabi/lib/armv7e-m/fpu\libm.a(lib_a-w_fmod.o)
                0x08022f60                fmod
 .text.sqrt     0x08023030       0xbc d:/program files (x86)/gnu tools arm embedded/4.6 2012q4/bin/../lib/gcc/arm-none-eabi/4.6.2/../../../../arm-none-eabi/lib/armv7e-m/fpu\libm.a(lib_a-w_sqrt.o)
                0x08023030                sqrt
 *fill*         0x080230ec        0x4 00
 .text.__ieee754_atan2
                0x080230f0      0x200 d:/program files (x86)/gnu tools arm embedded/4.6 2012q4/bin/../lib/gcc/arm-none-eabi/4.6.2/../../../../arm-none-eabi/lib/armv7e-m/fpu\libm.a(lib_a-e_atan2.o)
                0x080230f0                __ieee754_atan2
 .text.__ieee754_fmod
                0x080232f0      0x2b8 d:/program files (x86)/gnu tools arm embedded/4.6 2012q4/bin/../lib/gcc/arm-none-eabi/4.6.2/../../../../arm-none-eabi/lib/armv7e-m/fpu\libm.a(lib_a-e_fmod.o)
                0x080232f0                __ieee754_fmod
 .text.__ieee754_sqrt
                0x080235a8      0x1c4 d:/program files (x86)/gnu tools arm embedded/4.6 2012q4/bin/../lib/gcc/arm-none-eabi/4.6.2/../../../../arm-none-eabi/lib/armv7e-m/fpu\libm.a(lib_a-e_sqrt.o)
                0x080235a8                __ieee754_sqrt
 *fill*         0x0802376c        0x4 00
 .text.atan     0x08023770      0x388 d:/program files (x86)/gnu tools arm embedded/4.6 2012q4/bin/../lib/gcc/arm-none-eabi/4.6.2/../../../../arm-none-eabi/lib/armv7e-m/fpu\libm.a(lib_a-s_atan.o)
                0x08023770                atan
 .text.fabs     0x08023af8       0x14 d:/program files (x86)/gnu tools arm embedded/4.6 2012q4/bin/../lib/gcc/arm-none-eabi/4.6.2/../../../../arm-none-eabi/lib/armv7e-m/fpu\libm.a(lib_a-s_fabs.o)
                0x08023af8                fabs
 .text.__fpclassifyd
                0x08023b0c       0x70 d:/program files (x86)/gnu tools arm embedded/4.6 2012q4/bin/../lib/gcc/arm-none-eabi/4.6.2/../../../../arm-none-eabi/lib/armv7e-m/fpu\libm.a(lib_a-s_fpclassify.o)
                0x08023b0c                __fpclassifyd
 .text.matherr  0x08023b7c        0x4 d:/program files (x86)/gnu tools arm embedded/4.6 2012q4/bin/../lib/gcc/arm-none-eabi/4.6.2/../../../../arm-none-eabi/lib/armv7e-m/fpu\libm.a(lib_a-s_matherr.o)
                0x08023b7c                matherr
 .text.__errno  0x08023b80        0xc d:/program files (x86)/gnu tools arm embedded/4.6 2012q4/bin/../lib/gcc/arm-none-eabi/4.6.2/../../../../arm-none-eabi/lib/armv7e-m/fpu\libc.a(lib_a-errno.o)
                0x08023b80                __errno
 .text.malloc   0x08023b8c       0x10 d:/program files (x86)/gnu tools arm embedded/4.6 2012q4/bin/../lib/gcc/arm-none-eabi/4.6.2/../../../../arm-none-eabi/lib/armv7e-m/fpu\libc.a(lib_a-malloc.o)
                0x08023b8c                malloc
 .text.free     0x08023b9c       0x10 d:/program files (x86)/gnu tools arm embedded/4.6 2012q4/bin/../lib/gcc/arm-none-eabi/4.6.2/../../../../arm-none-eabi/lib/armv7e-m/fpu\libc.a(lib_a-malloc.o)
                0x08023b9c                free
 .text._malloc_r
                0x08023bac      0x540 d:/program files (x86)/gnu tools arm embedded/4.6 2012q4/bin/../lib/gcc/arm-none-eabi/4.6.2/../../../../arm-none-eabi/lib/armv7e-m/fpu\libc.a(lib_a-mallocr.o)
                0x08023bac                _malloc_r
 .text.memcpy   0x080240ec       0x84 d:/program files (x86)/gnu tools arm embedded/4.6 2012q4/bin/../lib/gcc/arm-none-eabi/4.6.2/../../../../arm-none-eabi/lib/armv7e-m/fpu\libc.a(lib_a-memcpy.o)
                0x080240ec                memcpy
 .text.memset   0x08024170       0x90 d:/program files (x86)/gnu tools arm embedded/4.6 2012q4/bin/../lib/gcc/arm-none-eabi/4.6.2/../../../../arm-none-eabi/lib/armv7e-m/fpu\libc.a(lib_a-memset.o)
                0x08024170                memset
 .text.__malloc_lock
                0x08024200        0x4 d:/program files (x86)/gnu tools arm embedded/4.6 2012q4/bin/../lib/gcc/arm-none-eabi/4.6.2/../../../../arm-none-eabi/lib/armv7e-m/fpu\libc.a(lib_a-mlock.o)
                0x08024200                __malloc_lock
 .text.__malloc_unlock
                0x08024204        0x4 d:/program files (x86)/gnu tools arm embedded/4.6 2012q4/bin/../lib/gcc/arm-none-eabi/4.6.2/../../../../arm-none-eabi/lib/armv7e-m/fpu\libc.a(lib_a-mlock.o)
                0x08024204                __malloc_unlock
 .text._sbrk_r  0x08024208       0x24 d:/program files (x86)/gnu tools arm embedded/4.6 2012q4/bin/../lib/gcc/arm-none-eabi/4.6.2/../../../../arm-none-eabi/lib/armv7e-m/fpu\libc.a(lib_a-sbrkr.o)
                0x08024208                _sbrk_r
 .text._sprintf_r
                0x0802422c       0x44 d:/program files (x86)/gnu tools arm embedded/4.6 2012q4/bin/../lib/gcc/arm-none-eabi/4.6.2/../../../../arm-none-eabi/lib/armv7e-m/fpu\libc.a(lib_a-sprintf.o)
                0x0802422c                _sprintf_r
 .text.sprintf  0x08024270       0x50 d:/program files (x86)/gnu tools arm embedded/4.6 2012q4/bin/../lib/gcc/arm-none-eabi/4.6.2/../../../../arm-none-eabi/lib/armv7e-m/fpu\libc.a(lib_a-sprintf.o)
                0x08024270                sprintf
 .text.strlen   0x080242c0       0x60 d:/program files (x86)/gnu tools arm embedded/4.6 2012q4/bin/../lib/gcc/arm-none-eabi/4.6.2/../../../../arm-none-eabi/lib/armv7e-m/fpu\libc.a(lib_a-strlen.o)
                0x080242c0                strlen
 .text.strncpy  0x08024320       0x68 d:/program files (x86)/gnu tools arm embedded/4.6 2012q4/bin/../lib/gcc/arm-none-eabi/4.6.2/../../../../arm-none-eabi/lib/armv7e-m/fpu\libc.a(lib_a-strncpy.o)
                0x08024320                strncpy
 .text._svfprintf_r
                0x08024388     0x1428 d:/program files (x86)/gnu tools arm embedded/4.6 2012q4/bin/../lib/gcc/arm-none-eabi/4.6.2/../../../../arm-none-eabi/lib/armv7e-m/fpu\libc.a(lib_a-svfprintf.o)
                0x08024388                _svfprintf_r
 .text.quorem   0x080257b0      0x14c d:/program files (x86)/gnu tools arm embedded/4.6 2012q4/bin/../lib/gcc/arm-none-eabi/4.6.2/../../../../arm-none-eabi/lib/armv7e-m/fpu\libc.a(lib_a-dtoa.o)
 *fill*         0x080258fc        0x4 00
 .text._dtoa_r  0x08025900      0xe68 d:/program files (x86)/gnu tools arm embedded/4.6 2012q4/bin/../lib/gcc/arm-none-eabi/4.6.2/../../../../arm-none-eabi/lib/armv7e-m/fpu\libc.a(lib_a-dtoa.o)
                0x08025900                _dtoa_r
 .text._malloc_trim_r
                0x08026768       0xa0 d:/program files (x86)/gnu tools arm embedded/4.6 2012q4/bin/../lib/gcc/arm-none-eabi/4.6.2/../../../../arm-none-eabi/lib/armv7e-m/fpu\libc.a(lib_a-freer.o)
                0x08026768                _malloc_trim_r
 .text._free_r  0x08026808      0x190 d:/program files (x86)/gnu tools arm embedded/4.6 2012q4/bin/../lib/gcc/arm-none-eabi/4.6.2/../../../../arm-none-eabi/lib/armv7e-m/fpu\libc.a(lib_a-freer.o)
                0x08026808                _free_r
 .text._setlocale_r
                0x08026998       0x44 d:/program files (x86)/gnu tools arm embedded/4.6 2012q4/bin/../lib/gcc/arm-none-eabi/4.6.2/../../../../arm-none-eabi/lib/armv7e-m/fpu\libc.a(lib_a-locale.o)
                0x08026998                _setlocale_r
 .text.__locale_charset
                0x080269dc        0xc d:/program files (x86)/gnu tools arm embedded/4.6 2012q4/bin/../lib/gcc/arm-none-eabi/4.6.2/../../../../arm-none-eabi/lib/armv7e-m/fpu\libc.a(lib_a-locale.o)
                0x080269dc                __locale_charset
 .text.__locale_mb_cur_max
                0x080269e8        0xc d:/program files (x86)/gnu tools arm embedded/4.6 2012q4/bin/../lib/gcc/arm-none-eabi/4.6.2/../../../../arm-none-eabi/lib/armv7e-m/fpu\libc.a(lib_a-locale.o)
                0x080269e8                __locale_mb_cur_max
 .text.__locale_msgcharset
                0x080269f4        0xc d:/program files (x86)/gnu tools arm embedded/4.6 2012q4/bin/../lib/gcc/arm-none-eabi/4.6.2/../../../../arm-none-eabi/lib/armv7e-m/fpu\libc.a(lib_a-locale.o)
                0x080269f4                __locale_msgcharset
 .text.__locale_cjk_lang
                0x08026a00        0x4 d:/program files (x86)/gnu tools arm embedded/4.6 2012q4/bin/../lib/gcc/arm-none-eabi/4.6.2/../../../../arm-none-eabi/lib/armv7e-m/fpu\libc.a(lib_a-locale.o)
                0x08026a00                __locale_cjk_lang
 .text._localeconv_r
                0x08026a04        0xc d:/program files (x86)/gnu tools arm embedded/4.6 2012q4/bin/../lib/gcc/arm-none-eabi/4.6.2/../../../../arm-none-eabi/lib/armv7e-m/fpu\libc.a(lib_a-locale.o)
                0x08026a04                _localeconv_r
 .text.setlocale
                0x08026a10       0x14 d:/program files (x86)/gnu tools arm embedded/4.6 2012q4/bin/../lib/gcc/arm-none-eabi/4.6.2/../../../../arm-none-eabi/lib/armv7e-m/fpu\libc.a(lib_a-locale.o)
                0x08026a10                setlocale
 .text.localeconv
                0x08026a24        0xc d:/program files (x86)/gnu tools arm embedded/4.6 2012q4/bin/../lib/gcc/arm-none-eabi/4.6.2/../../../../arm-none-eabi/lib/armv7e-m/fpu\libc.a(lib_a-locale.o)
                0x08026a24                localeconv
 .text.memchr   0x08026a30       0x84 d:/program files (x86)/gnu tools arm embedded/4.6 2012q4/bin/../lib/gcc/arm-none-eabi/4.6.2/../../../../arm-none-eabi/lib/armv7e-m/fpu\libc.a(lib_a-memchr.o)
                0x08026a30                memchr
 .text._Balloc  0x08026ab4       0x4c d:/program files (x86)/gnu tools arm embedded/4.6 2012q4/bin/../lib/gcc/arm-none-eabi/4.6.2/../../../../arm-none-eabi/lib/armv7e-m/fpu\libc.a(lib_a-mprec.o)
                0x08026ab4                _Balloc
 .text._Bfree   0x08026b00       0x14 d:/program files (x86)/gnu tools arm embedded/4.6 2012q4/bin/../lib/gcc/arm-none-eabi/4.6.2/../../../../arm-none-eabi/lib/armv7e-m/fpu\libc.a(lib_a-mprec.o)
                0x08026b00                _Bfree
 .text.__multadd
                0x08026b14       0x84 d:/program files (x86)/gnu tools arm embedded/4.6 2012q4/bin/../lib/gcc/arm-none-eabi/4.6.2/../../../../arm-none-eabi/lib/armv7e-m/fpu\libc.a(lib_a-mprec.o)
                0x08026b14                __multadd
 .text.__s2b    0x08026b98       0x98 d:/program files (x86)/gnu tools arm embedded/4.6 2012q4/bin/../lib/gcc/arm-none-eabi/4.6.2/../../../../arm-none-eabi/lib/armv7e-m/fpu\libc.a(lib_a-mprec.o)
                0x08026b98                __s2b
 .text.__hi0bits
                0x08026c30       0x3c d:/program files (x86)/gnu tools arm embedded/4.6 2012q4/bin/../lib/gcc/arm-none-eabi/4.6.2/../../../../arm-none-eabi/lib/armv7e-m/fpu\libc.a(lib_a-mprec.o)
                0x08026c30                __hi0bits
 .text.__lo0bits
                0x08026c6c       0x5c d:/program files (x86)/gnu tools arm embedded/4.6 2012q4/bin/../lib/gcc/arm-none-eabi/4.6.2/../../../../arm-none-eabi/lib/armv7e-m/fpu\libc.a(lib_a-mprec.o)
                0x08026c6c                __lo0bits
 .text.__i2b    0x08026cc8       0x14 d:/program files (x86)/gnu tools arm embedded/4.6 2012q4/bin/../lib/gcc/arm-none-eabi/4.6.2/../../../../arm-none-eabi/lib/armv7e-m/fpu\libc.a(lib_a-mprec.o)
                0x08026cc8                __i2b
 .text.__multiply
                0x08026cdc      0x144 d:/program files (x86)/gnu tools arm embedded/4.6 2012q4/bin/../lib/gcc/arm-none-eabi/4.6.2/../../../../arm-none-eabi/lib/armv7e-m/fpu\libc.a(lib_a-mprec.o)
                0x08026cdc                __multiply
 .text.__pow5mult
                0x08026e20       0x98 d:/program files (x86)/gnu tools arm embedded/4.6 2012q4/bin/../lib/gcc/arm-none-eabi/4.6.2/../../../../arm-none-eabi/lib/armv7e-m/fpu\libc.a(lib_a-mprec.o)
                0x08026e20                __pow5mult
 .text.__lshift
                0x08026eb8       0xc0 d:/program files (x86)/gnu tools arm embedded/4.6 2012q4/bin/../lib/gcc/arm-none-eabi/4.6.2/../../../../arm-none-eabi/lib/armv7e-m/fpu\libc.a(lib_a-mprec.o)
                0x08026eb8                __lshift
 .text.__mcmp   0x08026f78       0x3c d:/program files (x86)/gnu tools arm embedded/4.6 2012q4/bin/../lib/gcc/arm-none-eabi/4.6.2/../../../../arm-none-eabi/lib/armv7e-m/fpu\libc.a(lib_a-mprec.o)
                0x08026f78                __mcmp
 .text.__mdiff  0x08026fb4       0xd8 d:/program files (x86)/gnu tools arm embedded/4.6 2012q4/bin/../lib/gcc/arm-none-eabi/4.6.2/../../../../arm-none-eabi/lib/armv7e-m/fpu\libc.a(lib_a-mprec.o)
                0x08026fb4                __mdiff
 .text.__ulp    0x0802708c       0x54 d:/program files (x86)/gnu tools arm embedded/4.6 2012q4/bin/../lib/gcc/arm-none-eabi/4.6.2/../../../../arm-none-eabi/lib/armv7e-m/fpu\libc.a(lib_a-mprec.o)
                0x0802708c                __ulp
 .text.__b2d    0x080270e0       0xb8 d:/program files (x86)/gnu tools arm embedded/4.6 2012q4/bin/../lib/gcc/arm-none-eabi/4.6.2/../../../../arm-none-eabi/lib/armv7e-m/fpu\libc.a(lib_a-mprec.o)
                0x080270e0                __b2d
 .text.__d2b    0x08027198       0xc8 d:/program files (x86)/gnu tools arm embedded/4.6 2012q4/bin/../lib/gcc/arm-none-eabi/4.6.2/../../../../arm-none-eabi/lib/armv7e-m/fpu\libc.a(lib_a-mprec.o)
                0x08027198                __d2b
 .text.__ratio  0x08027260       0x58 d:/program files (x86)/gnu tools arm embedded/4.6 2012q4/bin/../lib/gcc/arm-none-eabi/4.6.2/../../../../arm-none-eabi/lib/armv7e-m/fpu\libc.a(lib_a-mprec.o)
                0x08027260                __ratio
 .text._mprec_log10
                0x080272b8       0x3c d:/program files (x86)/gnu tools arm embedded/4.6 2012q4/bin/../lib/gcc/arm-none-eabi/4.6.2/../../../../arm-none-eabi/lib/armv7e-m/fpu\libc.a(lib_a-mprec.o)
                0x080272b8                _mprec_log10
 .text.__copybits
                0x080272f4       0x48 d:/program files (x86)/gnu tools arm embedded/4.6 2012q4/bin/../lib/gcc/arm-none-eabi/4.6.2/../../../../arm-none-eabi/lib/armv7e-m/fpu\libc.a(lib_a-mprec.o)
                0x080272f4                __copybits
 .text.__any_on
                0x0802733c       0x60 d:/program files (x86)/gnu tools arm embedded/4.6 2012q4/bin/../lib/gcc/arm-none-eabi/4.6.2/../../../../arm-none-eabi/lib/armv7e-m/fpu\libc.a(lib_a-mprec.o)
                0x0802733c                __any_on
 .text.cleanup_glue
                0x0802739c       0x1c d:/program files (x86)/gnu tools arm embedded/4.6 2012q4/bin/../lib/gcc/arm-none-eabi/4.6.2/../../../../arm-none-eabi/lib/armv7e-m/fpu\libc.a(lib_a-reent.o)
                0x0802739c                cleanup_glue
 .text._reclaim_reent
                0x080273b8       0x90 d:/program files (x86)/gnu tools arm embedded/4.6 2012q4/bin/../lib/gcc/arm-none-eabi/4.6.2/../../../../arm-none-eabi/lib/armv7e-m/fpu\libc.a(lib_a-reent.o)
                0x080273b8                _reclaim_reent
 .text._wrapup_reent
                0x08027448       0x40 d:/program files (x86)/gnu tools arm embedded/4.6 2012q4/bin/../lib/gcc/arm-none-eabi/4.6.2/../../../../arm-none-eabi/lib/armv7e-m/fpu\libc.a(lib_a-reent.o)
                0x08027448                _wrapup_reent
 .text.strcmp   0x08027488       0x80 d:/program files (x86)/gnu tools arm embedded/4.6 2012q4/bin/../lib/gcc/arm-none-eabi/4.6.2/../../../../arm-none-eabi/lib/armv7e-m/fpu\libc.a(lib_a-strcmp.o)
                0x08027488                strcmp
 .text.strcmp_unaligned
                0x08027508      0x15c d:/program files (x86)/gnu tools arm embedded/4.6 2012q4/bin/../lib/gcc/arm-none-eabi/4.6.2/../../../../arm-none-eabi/lib/armv7e-m/fpu\libc.a(lib_a-strcmp.o)
 .text.__ssprint_r
                0x08027664       0xfc d:/program files (x86)/gnu tools arm embedded/4.6 2012q4/bin/../lib/gcc/arm-none-eabi/4.6.2/../../../../arm-none-eabi/lib/armv7e-m/fpu\libc.a(lib_a-svfiprintf.o)
                0x08027664                __ssprint_r
 .text._svfiprintf_r
                0x08027760      0xa38 d:/program files (x86)/gnu tools arm embedded/4.6 2012q4/bin/../lib/gcc/arm-none-eabi/4.6.2/../../../../arm-none-eabi/lib/armv7e-m/fpu\libc.a(lib_a-svfiprintf.o)
                0x08027760                _svfiprintf_r
 .text._calloc_r
                0x08028198       0x60 d:/program files (x86)/gnu tools arm embedded/4.6 2012q4/bin/../lib/gcc/arm-none-eabi/4.6.2/../../../../arm-none-eabi/lib/armv7e-m/fpu\libc.a(lib_a-callocr.o)
                0x08028198                _calloc_r
 .text.memmove  0x080281f8       0xb0 d:/program files (x86)/gnu tools arm embedded/4.6 2012q4/bin/../lib/gcc/arm-none-eabi/4.6.2/../../../../arm-none-eabi/lib/armv7e-m/fpu\libc.a(lib_a-memmove.o)
                0x080281f8                memmove
 .text._realloc_r
                0x080282a8      0x3e0 d:/program files (x86)/gnu tools arm embedded/4.6 2012q4/bin/../lib/gcc/arm-none-eabi/4.6.2/../../../../arm-none-eabi/lib/armv7e-m/fpu\libc.a(lib_a-reallocr.o)
                0x080282a8                _realloc_r
 *(.rodata)
 .rodata        0x08028688        0xc obj\.\src\DMA_IRQ_Handler.o
                0x08028688                Amp0
                0x0802868c                A
                0x08028690                B
 .rodata        0x08028694       0xcc obj\.\src\Encoder_1.o
 .rodata        0x08028760       0xd4 obj\.\src\Encoder_2.o
 .rodata        0x08028834       0x28 obj\.\src\ModeSelect.o
 .rodata        0x0802885c     0x207c obj\.\src\PSKMod.o
                0x0802885c                PSKShapeTbl
                0x0802a860                PSKPhaseLookupTable
 .rodata        0x0802a8d8      0x440 obj\.\src\PSK_Det.o
                0x0802a8d8                HALF_TBL
                0x0802a918                VARICODE_TABLE
 .rodata        0x0802ad18        0xc obj\.\src\Si570.o
                0x0802ad18                HS_DIV_VALUE_char
                0x0802ad20                N1_VALUE_char
 .rodata        0x0802ad24     0x4000 obj\.\src\Sine_table.o
                0x0802ad24                Sine_table
 .rodata        0x0802ed24        0xc obj\.\src\TFT_Display.o
 .rodata        0x0802ed30       0x2c obj\.\src\main.o
                0x0802ed30                CODEC_FREQUENCY
 .rodata        0x0802ed5c       0x30 obj\.\src\stm32f4_discovery.o
                0x0802ed5c                GPIO_PIN
                0x0802ed64                GPIO_CLK
                0x0802ed74                BUTTON_PIN
                0x0802ed78                BUTTON_CLK
                0x0802ed7c                BUTTON_EXTI_LINE
                0x0802ed80                BUTTON_PORT_SOURCE
                0x0802ed84                BUTTON_PIN_SOURCE
                0x0802ed88                BUTTON_IRQn
 .rodata        0x0802ed8c       0x28 obj\.\src\touch_pad.o
 .rodata        0x0802edb4       0x18 obj\.\src\uart.o
                0x0802edb4                COM_USART_CLK
                0x0802edb8                COM_TX_PORT_CLK
                0x0802edbc                COM_RX_PORT_CLK
                0x0802edc0                COM_TX_PIN
                0x0802edc2                COM_RX_PIN
                0x0802edc4                COM_TX_PIN_SOURCE
                0x0802edc6                COM_RX_PIN_SOURCE
                0x0802edc8                COM_TX_AF
                0x0802edca                COM_RX_AF
 .rodata        0x0802edcc       0x20 obj\.\src\xprintf.o
 .rodata        0x0802edec        0x4 obj\.\externals\SM32F4-Discovery\USB\src\usbh_core.o
 .rodata        0x0802edf0      0x1f0 obj\.\externals\SM32F4-Discovery\USB\src\usbh_hid_keybd.o
 .rodata        0x0802efe0       0x9c obj\.\externals\SM32F4-Discovery\STEmbeddedGUI\src\LcdDriver_ILI9320.o
 .rodata        0x0802f07c       0x64 obj\.\externals\SM32F4-Discovery\STEmbeddedGUI\src\LcdHal.o
 .rodata        0x0802f0e0     0x4ab0 obj\.\externals\SM32F4-Discovery\STEmbeddedGUI\src\gl_fonts.o
                0x0802f0e0                GL_ASCII16x24_Table
                0x080302b0                GL_ASCII8x16_Table
                0x08030e90                GL_ASCII12x12_Table
                0x08031790                GL_ASCII8x12_Table
                0x08032090                GL_ASCII8x8_Table
                0x08032690                GL_ASCII8x12_bold_Table
 .rodata        0x08033b90       0x64 obj\.\externals\SM32F4-Discovery\STEmbeddedGUI\src\graphicObject.o
 .rodata        0x08033bf4     0x3820 obj\.\externals\SM32F4-Discovery\STEmbeddedGUI\src\images.o
                0x08033bf4                RButtonA
                0x08033f58                RButtonB
                0x080342bc                CheckBox1
                0x08034620                CheckBox2
                0x08034984                ArrowUpUntouched
                0x08034d90                ArrowUpTouched
                0x0803519c                ArrowDownUntouched
                0x080355a8                ArrowDownTouched
                0x080359b4                BtnNormalLeft
                0x08035b98                BtnNormalRight
                0x08035d7c                BtnNormal
                0x08035f60                BtnPressedLeft
                0x08036144                BtnPressedRight
                0x08036328                BtnPressed
                0x0803650c                SwitchNormalLeft
                0x080366f0                SwitchNormalRight
                0x080368d4                SwitchNormal
                0x08036ab8                SwitchPressedLeft
                0x08036c9c                SwitchPressedRight
                0x08036e80                SwitchPressed
                0x08037064                SlidebarLeft
                0x08037138                SlidebarRight
                0x0803720c                SlidebarCentral
                0x080372e0                SlidebarCursor
 .rodata        0x08037414    0x25828 obj\.\externals\SM32F4-Discovery\STEmbeddedGUI\src\smile_image.o
                0x08037428                gimp_image
 .rodata        0x0805cc3c       0x50 obj\.\externals\SM32F4-Discovery\STEmbeddedGUI\src\touchscreen.o
 .rodata        0x0805cc8c       0x70 obj\.\externals\SM32F4-Discovery\STEmbeddedGUI\src\uiframework.o
 .rodata        0x0805ccfc     0x1000 .\externals\libs\libstm32f4xx_math.a(arm_cfft_radix4_init_q15.o)
 .rodata        0x0805dcfc      0x380 .\externals\libs\libstm32f4xx_math.a(arm_common_tables.o)
                0x0805dcfc                armRecipTableQ31
                0x0805ddfc                armRecipTableQ15
                0x0805de7c                armBitRevTable
 *(.rodata*)
 .rodata.str1.4
                0x0805e07c        0x5 d:/program files (x86)/gnu tools arm embedded/4.6 2012q4/bin/../lib/gcc/arm-none-eabi/4.6.2/../../../../arm-none-eabi/lib/armv7e-m/fpu\libm.a(lib_a-w_fmod.o)
                                  0x8 (size before relaxing)
 *fill*         0x0805e081        0x3 00
 .rodata.str1.4